
Gurobi 13.0.3 (mac64[arm]) logging started Sat Sep 26 12:20:23 2026

Set parameter LogFile to value "/Users/ashutosh/Desktop/Two-stage-Model/certainty_results/full/solves/nnw_5_10_20M_phase2.log"
Gurobi Optimizer version 13.0.3 build v13.0.3rc0 (mac64[arm] - Darwin 27.0.0 26A428)

CPU model: Apple M1 Pro
Thread count: 10 physical cores, 10 logical processors, using up to 10 threads

Non-default parameters:
TimeLimit  21600
MIPGap  0.005
Method  2
LogToConsole  0

Optimize a model with 13550 rows, 5548 columns and 38816 nonzeros (Min)
Model fingerprint: 0x96b42fdc
Model has 724 linear objective coefficients
Variable types: 3498 continuous, 2050 integer (1688 binary)
Coefficient statistics:
  Matrix range     [1e-03, 1e+05]
  Objective range  [2e+04, 1e+05]
  Bounds range     [1e+00, 3e+00]
  RHS range        [1e-02, 2e+07]

Loaded user MIP start with objective 2e+07
MIP start from previous solve did not produce a new incumbent solution

Presolve removed 11413 rows and 3805 columns
Presolve time: 0.06s
Presolved: 2137 rows, 1743 columns, 8335 nonzeros
Variable types: 1489 continuous, 254 integer (254 binary)
Root barrier log...

Ordering time: 0.00s

Barrier statistics:
 AA' NZ     : 2.930e+04
 Factor NZ  : 8.940e+04 (roughly 2 MB of memory)
 Factor Ops : 7.012e+06 (less than 1 second per iteration)
 Threads    : 10

                  Objective                Residual
Iter       Primal          Dual         Primal    Dual     Compl     Time
   0   2.11871644e+08 -1.12394518e+08  1.42e+05 4.55e-13  4.89e+06     0s
   1   8.94277830e+07 -1.25384439e+08  5.83e+04 2.07e+03  2.05e+06     0s
   2   9.14619664e+06 -1.22587424e+08  1.20e+03 1.59e-11  7.03e+04     0s
   3   3.11831601e+06 -1.72980771e+07  1.06e+02 1.36e-11  6.99e+03     0s
   4   1.40838211e+06 -5.00968734e+06  4.28e+01 2.26e-10  2.15e+03     0s
   5   6.81728910e+05 -2.02740227e+06  2.01e+01 4.44e-10  9.01e+02     0s
   6   3.96097066e+05 -5.94621414e+05  1.14e+01 3.13e-10  4.03e+02     0s
   7   3.17236515e+05 -2.01837897e+05  8.47e+00 1.75e-10  2.80e+02     0s
   8   3.20175014e+05  5.53503414e+05  7.51e+00 6.40e-10  2.29e+02     0s
   9   3.39892678e+05  7.35613323e+05  6.94e+00 4.07e-10  2.10e+02     0s
  10   3.71622507e+05  8.70905603e+05  6.56e+00 4.95e-10  1.98e+02     0s
  11   3.96193400e+05  1.00321304e+06  6.35e+00 1.11e-09  1.90e+02     0s
  12   4.30756691e+05  1.08615651e+06  6.10e+00 4.66e-10  1.83e+02     0s
  13   4.79273359e+05  1.30327996e+06  5.79e+00 5.82e-10  1.73e+02     0s
  14   5.23484362e+05  1.50758730e+06  5.52e+00 1.51e-09  1.66e+02     0s
  15   6.88240811e+05  1.69773667e+06  4.84e+00 2.10e-09  1.49e+02     0s
  16   7.15960799e+05  1.81207552e+06  4.74e+00 5.06e-09  1.43e+02     0s
  17   7.32889051e+05  2.30874964e+06  4.67e+00 2.68e-09  1.39e+02     0s
  18   7.89687625e+05  2.40158071e+06  4.51e+00 3.38e-09  1.34e+02     0s
  19   8.41919717e+05  2.54478771e+06  4.37e+00 3.84e-09  1.29e+02     0s
  20   8.86724666e+05  2.72935169e+06  4.25e+00 4.54e-09  1.25e+02     0s
  21   9.29404871e+05  2.78476158e+06  4.17e+00 4.77e-09  1.24e+02     0s
  22   9.44317186e+05  2.82487485e+06  4.14e+00 4.66e-09  1.22e+02     0s
  23   9.52557526e+05  2.89113638e+06  4.12e+00 8.27e-09  1.21e+02     0s
  24   1.01112713e+06  3.11724778e+06  4.00e+00 1.46e-08  1.18e+02     0s
  25   1.08296891e+06  3.18818108e+06  3.85e+00 1.66e-08  1.12e+02     0s
  26   1.11031585e+06  3.21750226e+06  3.81e+00 2.33e-08  1.11e+02     0s
  27   1.16966282e+06  3.26677833e+06  3.71e+00 2.00e-08  1.08e+02     0s
  28   1.18220279e+06  3.32726371e+06  3.68e+00 1.35e-08  1.07e+02     0s
  29   1.28984892e+06  3.21996513e+06  3.52e+00 1.71e-08  1.05e+02     0s
  30   1.37092769e+06  3.29022821e+06  3.41e+00 2.13e-08  1.05e+02     0s
  31   1.37849802e+06  3.52400132e+06  3.40e+00 2.78e-08  1.02e+02     0s
  32   1.40627338e+06  3.74296580e+06  3.35e+00 3.46e-08  1.00e+02     0s
  33   1.44892662e+06  3.98583607e+06  3.29e+00 3.88e-08  9.77e+01     0s
  34   1.46843755e+06  4.18341872e+06  3.27e+00 3.55e-08  9.64e+01     0s
  35   1.55197619e+06  4.23363492e+06  3.18e+00 3.46e-08  9.45e+01     0s
  36   1.62607355e+06  4.29437368e+06  3.10e+00 3.31e-08  9.25e+01     0s
  37   1.66700191e+06  4.58621179e+06  3.06e+00 5.58e-08  9.04e+01     0s
  38   1.69191268e+06  4.85895401e+06  3.03e+00 6.05e-08  8.81e+01     0s
  39   1.79172667e+06  5.11499342e+06  2.94e+00 6.00e-08  8.50e+01     0s
  40   1.85988525e+06  5.22401990e+06  2.89e+00 1.98e-08  8.25e+01     0s
  41   1.91009360e+06  5.42429365e+06  2.84e+00 6.92e-08  8.09e+01     0s
  42   1.99158088e+06  5.42413322e+06  2.78e+00 2.68e-08  8.50e+01     0s
  43   2.03955323e+06  5.79311069e+06  2.75e+00 2.37e-08  8.33e+01     0s
  44   2.07465683e+06  6.08356401e+06  2.72e+00 6.94e-08  8.17e+01     0s
  45   2.24918961e+06  6.14928077e+06  2.61e+00 2.08e-08  7.86e+01     0s
  46   2.26143054e+06  6.23951769e+06  2.60e+00 3.29e-08  7.76e+01     0s
  47   2.35956403e+06  6.38474500e+06  2.55e+00 2.05e-08  7.66e+01     0s
  48   2.51732903e+06  6.50692592e+06  2.45e+00 5.82e-08  7.65e+01     0s
  49   2.56821096e+06  6.52453960e+06  2.43e+00 4.25e-08  7.94e+01     0s
  50   2.79859828e+06  6.64515151e+06  2.30e+00 2.93e-07  7.84e+01     0s
  51   2.83866889e+06  6.90244063e+06  2.27e+00 2.49e-08  7.72e+01     0s
  52   2.96103939e+06  7.42648504e+06  2.21e+00 1.36e-07  7.47e+01     0s
  53   2.98137792e+06  7.68285928e+06  2.20e+00 8.99e-08  7.41e+01     0s
  54   3.01928466e+06  7.86031143e+06  2.18e+00 1.25e-07  7.34e+01     0s
  55   3.04951427e+06  7.88255011e+06  2.17e+00 6.10e-08  7.30e+01     0s
  56   3.13176347e+06  8.22106922e+06  2.15e+00 1.19e-07  7.69e+01     0s
  57   1.93478612e+09 -3.07853043e+08  1.42e+06 1.36e-12  1.18e+08     0s
  58   1.13270698e+09 -3.80024384e+08  8.60e+05 5.88e+03  7.72e+07     0s
  59   5.80831030e+07 -4.67226863e+08  4.07e+04 9.09e-12  3.95e+06     0s
  60   1.21092334e+07 -3.96409537e+08  8.33e+02 1.73e-11  1.67e+05     0s
  61   9.31634481e+06 -1.15227090e+08  1.64e+02 1.64e-11  3.88e+04     0s
  62   5.11312016e+06 -1.70698377e+07  4.24e+01 1.46e-11  6.78e+03     0s
  63   2.44746117e+06 -4.95345440e+06  1.85e+01 6.26e-10  2.36e+03     0s
  64   1.46107809e+06 -1.36881861e+06  1.05e+01 4.51e-10  1.07e+03     0s
  65   1.16349625e+06 -3.49022344e+05  7.39e+00 7.57e-10  7.16e+02     0s
  66   1.21281821e+06  7.14664446e+05  6.23e+00 3.26e-09  5.69e+02     0s
  67   1.22897119e+06  1.17034073e+06  5.74e+00 3.84e-09  5.22e+02     0s
  68   1.27789675e+06  1.42880407e+06  5.21e+00 3.32e-09  4.63e+02     0s
  69   1.39959241e+06  2.12794932e+06  4.63e+00 5.94e-09  4.09e+02     0s
  70   1.46012439e+06  2.51948055e+06  4.36e+00 1.02e-08  3.76e+02     0s
  71   1.49679668e+06  2.68343457e+06  4.24e+00 1.12e-08  3.64e+02     0s
  72   1.56384870e+06  2.92655620e+06  4.04e+00 1.13e-08  3.44e+02     0s
  73   1.61250839e+06  2.96771370e+06  3.92e+00 1.05e-08  3.35e+02     0s
  74   1.69265926e+06  3.03431668e+06  3.74e+00 8.85e-09  3.17e+02     0s
  75   1.85108818e+06  3.54287873e+06  3.38e+00 1.82e-08  2.76e+02     0s
  76   1.97693912e+06  3.80160754e+06  3.18e+00 1.63e-08  2.62e+02     0s
  77   1.99779841e+06  3.87630790e+06  3.15e+00 1.59e-08  2.59e+02     0s
  78   2.01481525e+06  4.02698215e+06  3.13e+00 1.32e-08  2.55e+02     0s
  79   2.03153227e+06  4.18645798e+06  3.10e+00 1.12e-08  2.53e+02     0s
  80   2.18370436e+06  4.69149261e+06  2.92e+00 2.24e-08  2.39e+02     0s
  81   2.23460893e+06  5.50856721e+06  2.87e+00 2.13e-07  2.32e+02     0s
  82   2.42544372e+06  5.87896046e+06  2.70e+00 4.09e-07  2.16e+02     0s
  83   2.47318905e+06  5.76222216e+06  2.67e+00 4.13e-07  2.16e+02     0s
  84   2.60779753e+06  5.89092023e+06  2.57e+00 3.10e-07  2.11e+02     0s
  85   2.72329589e+06  6.21870617e+06  2.51e+00 1.42e-07  1.95e+02     0s
  86   2.89650915e+06  6.27769509e+06  2.40e+00 1.19e-07  1.91e+02     0s
  87   2.97205446e+06  6.46305537e+06  2.35e+00 4.63e-07  1.84e+02     0s
  88   3.12961631e+06  6.87823037e+06  2.26e+00 6.05e-07  1.77e+02     0s
  89   3.18470133e+06  7.63082373e+06  2.23e+00 3.91e-07  1.75e+02     0s
  90   3.27324694e+06  7.74279245e+06  2.19e+00 2.55e-07  1.72e+02     0s
  91   3.34573606e+06  8.13759508e+06  2.15e+00 8.50e-08  1.67e+02     0s
  92   3.52908309e+06  8.25064597e+06  2.08e+00 8.20e-08  1.63e+02     0s
  93   3.76560287e+06  8.19559682e+06  1.98e+00 8.30e-07  1.58e+02     0s
  94   3.78262716e+06  8.61591051e+06  1.97e+00 1.37e-06  1.57e+02     0s
  95   3.92911274e+06  8.71398889e+06  1.92e+00 1.17e-06  1.53e+02     0s
  96   4.06471089e+06  8.99335061e+06  1.87e+00 2.72e-07  1.49e+02     0s
  97   4.08051621e+06  9.04507444e+06  1.87e+00 3.07e-07  1.49e+02     0s
  98   4.15208359e+06  9.08426880e+06  1.84e+00 2.09e-07  1.47e+02     0s
  99   4.22490408e+06  9.06368468e+06  1.82e+00 1.22e-06  1.46e+02     0s
 100   4.27442303e+06  9.31195824e+06  1.80e+00 8.76e-07  1.44e+02     0s
 101   4.39148163e+06  9.30310067e+06  1.76e+00 9.17e-07  1.43e+02     0s
 102   4.56178564e+06  9.95543600e+06  1.71e+00 3.00e-06  1.36e+02     0s
 103   4.69803808e+06  9.96572762e+06  1.67e+00 2.21e-06  1.34e+02     0s
 104   4.74511385e+06  1.04339563e+07  1.66e+00 1.34e-06  1.31e+02     0s
 105   5.24704642e+06  1.06626777e+07  1.52e+00 1.91e-06  1.24e+02     0s
 106   5.35286784e+06  1.07186961e+07  1.50e+00 1.41e-05  1.17e+02     0s
 107   5.38762892e+06  1.08743305e+07  1.49e+00 1.16e-05  1.15e+02     0s
 108   5.54251950e+06  1.11788872e+07  1.46e+00 1.21e-05  1.21e+02     0s
 109   6.32360874e+06  1.17219502e+07  1.29e+00 1.21e-05  1.13e+02     0s
 110   6.41273004e+06  1.18170223e+07  1.27e+00 1.98e-06  1.06e+02     0s
 111   6.45012864e+06  1.22109350e+07  1.26e+00 2.09e-06  1.06e+02     0s
 112   6.47903070e+06  1.22494040e+07  1.25e+00 3.59e-06  1.05e+02     0s
 113   6.64925676e+06  1.24367574e+07  1.22e+00 2.33e-07  1.05e+02     0s
 114   7.03268152e+06  1.26329085e+07  1.14e+00 6.85e-06  9.73e+01     0s
 115   7.22485041e+06  1.26757847e+07  1.10e+00 8.87e-07  9.40e+01     0s
 116   7.43656219e+06  1.27081334e+07  1.06e+00 1.57e-07  9.03e+01     0s
 117   7.50709969e+06  1.27291170e+07  1.05e+00 1.05e-06  8.84e+01     0s
 118   7.54728806e+06  1.27787114e+07  1.04e+00 1.09e-06  8.68e+01     0s
 119   7.60746385e+06  1.29415516e+07  1.03e+00 8.34e-07  8.58e+01     0s
 120   7.79462414e+06  1.33447878e+07  9.91e-01 8.23e-07  8.19e+01     0s
 121   7.85367956e+06  1.35500967e+07  9.81e-01 9.02e-07  8.08e+01     0s
 122   7.99789226e+06  1.36417796e+07  9.57e-01 6.04e-07  7.83e+01     0s
 123   8.01768472e+06  1.37459188e+07  9.54e-01 6.09e-07  7.80e+01     0s
 124   8.05098943e+06  1.38894823e+07  9.49e-01 5.86e-07  7.77e+01     0s
 125   8.14949643e+06  1.42650216e+07  9.34e-01 4.56e-08  7.61e+01     0s
 126   8.36994901e+06  1.42518060e+07  9.01e-01 2.49e-06  7.55e+01     0s
 127   8.72597163e+06  1.42684889e+07  8.50e-01 1.62e-06  7.35e+01     0s
 128   8.85884306e+06  1.43923689e+07  8.30e-01 2.82e-06  6.95e+01     0s
 129   8.88399010e+06  1.44677667e+07  8.26e-01 1.02e-05  6.84e+01     0s
 130   8.91279209e+06  1.46392438e+07  8.22e-01 6.44e-06  6.77e+01     0s
 131   9.00111206e+06  1.47881825e+07  8.10e-01 2.67e-06  6.64e+01     0s
 132   9.30366096e+06  1.47105261e+07  7.69e-01 9.68e-07  6.53e+01     0s
 133   9.81950777e+06  1.46936589e+07  6.99e-01 5.93e-05  6.05e+01     0s
 134   9.84322134e+06  1.49671506e+07  6.96e-01 5.76e-05  5.99e+01     0s
 135   9.86008520e+06  1.51155183e+07  6.93e-01 5.84e-05  5.99e+01     0s
 136   9.91006521e+06  1.54131160e+07  6.87e-01 5.68e-05  5.94e+01     0s
 137   1.00229774e+07  1.57974878e+07  6.74e-01 7.84e-07  5.72e+01     0s
 138   1.02501095e+07  1.59420462e+07  6.48e-01 4.34e-07  5.54e+01     0s
 139   1.03943616e+07  1.62123644e+07  6.33e-01 4.34e-07  5.35e+01     0s
 140   1.04911753e+07  1.62773450e+07  6.22e-01 8.54e-07  5.29e+01     0s
 141   1.05989771e+07  1.63934001e+07  6.11e-01 3.59e-07  5.17e+01     0s
 142   1.06509596e+07  1.64265676e+07  6.06e-01 4.00e-07  5.14e+01     0s
 143   1.07835703e+07  1.64399629e+07  5.92e-01 4.09e-07  5.16e+01     0s
 144   1.09496800e+07  1.63980790e+07  5.76e-01 1.36e-06  5.16e+01     0s
 145   1.16302105e+07  1.64825798e+07  5.07e-01 3.78e-07  4.77e+01     0s
 146   1.16836310e+07  1.66035313e+07  5.01e-01 5.78e-05  4.28e+01     0s
 147   1.17972717e+07  1.66668316e+07  4.90e-01 4.96e-05  4.14e+01     0s
 148   1.18221490e+07  1.68229517e+07  4.87e-01 5.24e-05  4.10e+01     0s
 149   1.19654187e+07  1.68985182e+07  4.74e-01 5.19e-05  4.02e+01     0s
 150   1.21677027e+07  1.69148157e+07  4.55e-01 1.56e-06  3.86e+01     0s
 151   1.21704395e+07  1.70182429e+07  4.54e-01 1.60e-06  3.82e+01     0s
 152   1.23343925e+07  1.71634231e+07  4.41e-01 1.68e-06  4.04e+01     0s
 153   1.25579687e+07  1.71238013e+07  4.21e-01 5.35e-06  3.90e+01     0s
 154   1.25873519e+07  1.71809308e+07  4.18e-01 1.60e-06  3.82e+01     0s
 155   1.27211394e+07  1.71976256e+07  4.06e-01 1.69e-06  3.72e+01     0s
 156   1.28144158e+07  1.72764602e+07  3.98e-01 2.40e-06  3.62e+01     0s
 157   1.31804255e+07  1.72260163e+07  3.66e-01 1.72e-05  3.50e+01     0s
 158   1.33398514e+07  1.73040926e+07  3.52e-01 1.66e-05  3.20e+01     0s
 159   1.35853092e+07  1.72815192e+07  3.31e-01 4.74e-05  3.06e+01     0s
 160   1.36937236e+07  1.73265325e+07  3.21e-01 4.66e-05  2.93e+01     0s
 161   1.37232092e+07  1.73790217e+07  3.19e-01 4.79e-05  2.85e+01     0s
 162   1.37542644e+07  1.74365074e+07  3.16e-01 4.87e-05  2.84e+01     0s
 163   1.39776599e+07  1.75204634e+07  2.98e-01 5.71e-05  2.91e+01     0s
 164   1.43847210e+07  1.75316117e+07  2.65e-01 1.62e-06  2.71e+01     0s
 165   1.44754496e+07  1.75183215e+07  2.57e-01 2.10e-06  2.67e+01     0s
 166   1.44972618e+07  1.76181045e+07  2.55e-01 2.81e-06  2.65e+01     0s
 167   1.45321550e+07  1.76697847e+07  2.53e-01 3.43e-06  2.65e+01     0s
 168   1.46400079e+07  1.76746227e+07  2.44e-01 1.51e-07  2.58e+01     0s
 169   1.47119086e+07  1.76688335e+07  2.38e-01 6.52e-05  2.46e+01     0s
 170   1.47428263e+07  1.77305230e+07  2.36e-01 3.98e-05  2.42e+01     0s
 171   1.51233179e+07  1.77378546e+07  2.06e-01 4.24e-05  2.22e+01     0s
 172   1.51807132e+07  1.77485351e+07  2.02e-01 5.84e-05  2.07e+01     0s
 173   1.51888070e+07  1.77955763e+07  2.01e-01 4.23e-05  2.04e+01     0s
 174   1.63845984e+07  1.77986311e+07  1.10e-01 7.30e-05  1.46e+01     0s
 175   1.64738056e+07  1.78015258e+07  1.04e-01 5.67e-05  1.36e+01     0s
 176   1.65680611e+07  1.78139371e+07  9.64e-02 1.07e-04  1.08e+01     0s
 177   1.65956654e+07  1.78217492e+07  9.43e-02 6.50e-06  9.04e+00     0s
 178   1.67962867e+07  1.78251482e+07  7.90e-02 1.12e-05  7.55e+00     0s
 179   1.71433165e+07  1.78314441e+07  5.27e-02 1.44e-05  4.62e+00     0s
 180   1.73000807e+07  1.78353141e+07  4.08e-02 9.92e-06  3.32e+00     0s
 181   1.73541913e+07  1.78365772e+07  3.67e-02 1.78e-05  2.87e+00     0s
 182   1.74868284e+07  1.78381978e+07  2.67e-02 9.60e-06  2.03e+00     0s
 183   1.76181629e+07  1.78392263e+07  1.68e-02 1.94e-05  1.24e+00     1s
 184   1.78093749e+07  1.78397130e+07  2.33e-03 2.69e-05  2.51e-01     1s
 185   1.78170715e+07  1.78398817e+07  1.74e-03 8.10e-06  1.66e-01     1s
 186   1.78200102e+07  1.78399708e+07  1.52e-03 4.57e-06  1.44e-01     1s
 187   1.78237664e+07  1.78410126e+07  1.23e-03 1.81e-05  1.32e-01     1s
 188   1.78261005e+07  1.78412619e+07  1.06e-03 1.68e-05  8.93e-02     1s
 189   1.78353074e+07  1.78412239e+07  4.23e-04 1.70e-05  6.93e-02     1s
 190   1.78414083e+07  1.78414388e+07  2.68e-06 2.23e-05  2.07e-03     1s
 191   1.78414128e+07  1.78414395e+07  2.33e-06 1.94e-05  1.75e-03     1s
 192   1.78414199e+07  1.78414404e+07  1.78e-06 1.47e-05  1.30e-03     1s
 193   1.78414411e+07  1.78414424e+07  1.09e-07 3.85e-06  5.99e-05     1s
 194   1.78414413e+07  1.78414425e+07  5.29e-06 3.03e-06  4.97e-05     1s
 195   1.78414425e+07  1.78414425e+07  4.33e-09 6.01e-06  5.10e-08     1s
 196   1.78414425e+07  1.78414425e+07  3.22e-08 3.20e-07  6.87e-11     1s

Barrier solved model in 196 iterations and 0.54 seconds (0.31 work units)
Optimal objective 1.78414425e+07

Crossover time: 0.01 seconds (0.02 work units)

Root relaxation: objective 1.784144e+07, 238 iterations, 0.47 seconds (0.25 work units)

    Nodes    |    Current Node    |     Objective Bounds      |     Work
 Expl Unexpl |  Obj  Depth IntInf | Incumbent    BestBd   Gap | It/Node Time

     0     0 1.7841e+07    0   36 2.0000e+07 1.7841e+07  10.8%     -    0s
     0     0 1.7841e+07    0   36 2.0000e+07 1.7841e+07  10.8%     -    0s
     0     0 1.8053e+07    0   42 2.0000e+07 1.8053e+07  9.73%     -    0s
     0     0 1.8059e+07    0   42 2.0000e+07 1.8059e+07  9.70%     -    0s
     0     0 1.8098e+07    0   29 2.0000e+07 1.8098e+07  9.51%     -    0s
     0     0 1.8100e+07    0   29 2.0000e+07 1.8100e+07  9.50%     -    0s
     0     0 1.8103e+07    0   31 2.0000e+07 1.8103e+07  9.49%     -    0s
     0     0 1.8105e+07    0   31 2.0000e+07 1.8105e+07  9.48%     -    0s
     0     0 1.8116e+07    0   31 2.0000e+07 1.8116e+07  9.42%     -    0s
     0     0 1.8152e+07    0   30 2.0000e+07 1.8152e+07  9.24%     -    0s
     0     0 1.8155e+07    0   30 2.0000e+07 1.8155e+07  9.22%     -    0s
     0     0 1.8156e+07    0   31 2.0000e+07 1.8156e+07  9.22%     -    0s
     0     0 1.8158e+07    0   31 2.0000e+07 1.8158e+07  9.21%     -    0s
     0     0 1.8158e+07    0   31 2.0000e+07 1.8158e+07  9.21%     -    0s
     0     0 1.8158e+07    0   31 2.0000e+07 1.8158e+07  9.21%     -    0s
     0     2 1.8158e+07    0   31 2.0000e+07 1.8158e+07  9.21%     -    1s

Cutting planes:
  Cover: 3
  Implied bound: 43
  MIR: 48
  Flow cover: 23
  RLT: 2
  Relax-and-lift: 2

Explored 781 nodes (70065 simplex iterations) in 2.80 seconds (6.04 work units)
Thread count was 10 (of 10 available processors)

Solution count 1: 2e+07 

Optimal solution found (tolerance 5.00e-03)
Best objective 2.000000000000e+07, best bound 2.000000000000e+07, gap 0.0000%
