
Gurobi 13.0.3 (mac64[arm]) logging started Sat Sep 26 12:20:28 2026

Set parameter LogFile to value "/Users/ashutosh/Desktop/Two-stage-Model/certainty_results/full/solves/nnw_5_10_30M_phase2.log"
Gurobi Optimizer version 13.0.3 build v13.0.3rc0 (mac64[arm] - Darwin 27.0.0 26A428)

CPU model: Apple M1 Pro
Thread count: 10 physical cores, 10 logical processors, using up to 10 threads

Non-default parameters:
TimeLimit  21600
MIPGap  0.005
Method  2
LogToConsole  0

Optimize a model with 13550 rows, 5548 columns and 38816 nonzeros (Min)
Model fingerprint: 0x44f3336d
Model has 724 linear objective coefficients
Variable types: 3498 continuous, 2050 integer (1688 binary)
Coefficient statistics:
  Matrix range     [1e-03, 1e+05]
  Objective range  [2e+04, 1e+05]
  Bounds range     [1e+00, 3e+00]
  RHS range        [1e-02, 3e+07]

Loaded user MIP start with objective 2.985e+07
MIP start from previous solve did not produce a new incumbent solution

Presolve removed 11413 rows and 3805 columns
Presolve time: 0.06s
Presolved: 2137 rows, 1743 columns, 8359 nonzeros
Variable types: 1489 continuous, 254 integer (254 binary)
Root barrier log...

Ordering time: 0.00s

Barrier statistics:
 AA' NZ     : 3.025e+04
 Factor NZ  : 9.406e+04 (roughly 2 MB of memory)
 Factor Ops : 7.756e+06 (less than 1 second per iteration)
 Threads    : 10

                  Objective                Residual
Iter       Primal          Dual         Primal    Dual     Compl     Time
   0   1.02381932e+08 -1.13551760e+08  5.38e+04 4.55e-13  1.89e+06     0s
   1   5.26919527e+07 -1.07498820e+08  2.15e+04 2.23e+03  7.77e+05     0s
   2   7.23127639e+06 -9.55746848e+07  1.46e+03 6.92e+01  7.16e+04     0s
   3   2.27427557e+06 -1.80211759e+07  2.59e+02 6.44e-01  1.07e+04     0s
   4   2.29725714e+06 -1.06369866e+07  2.36e+02 3.22e-01  8.14e+03     0s
   5   2.38048014e+06 -9.67732021e+06  2.11e+02 2.97e-01  7.38e+03     0s
   6   2.21699815e+06 -3.08790579e+06  5.38e+01 5.65e-02  2.16e+03     0s
   7   2.12517224e+06  3.61530242e+05  2.02e+01 1.08e-02  7.14e+02     0s
   8   2.09004010e+06  1.62938354e+06  9.76e+00 1.52e-03  2.71e+02     0s
   9   2.08793504e+06  2.03686793e+06  7.68e+00 8.09e-04  1.86e+02     0s
  10   2.09073856e+06  2.29482557e+06  6.75e+00 6.27e-04  1.67e+02     0s
  11   2.09578290e+06  2.41797284e+06  6.48e+00 5.94e-04  1.59e+02     0s
  12   2.10616008e+06  2.65367931e+06  6.04e+00 5.50e-04  1.45e+02     0s
  13   2.14818559e+06  2.79826270e+06  5.60e+00 4.99e-04  1.32e+02     0s
  14   2.17208648e+06  3.04445731e+06  5.40e+00 4.84e-04  1.29e+02     0s
  15   2.20272077e+06  3.04184247e+06  5.23e+00 4.78e-04  1.24e+02     0s
  16   2.25887100e+06  3.17302078e+06  4.94e+00 4.56e-04  1.17e+02     0s
  17   2.30034912e+06  3.26037430e+06  4.76e+00 4.19e-04  1.11e+02     0s
  18   2.32004644e+06  3.49915706e+06  4.68e+00 3.87e-04  1.07e+02     0s
  19   2.43875247e+06  3.49368003e+06  4.29e+00 3.33e-04  9.90e+01     0s
  20   2.47927052e+06  3.74750253e+06  4.17e+00 2.90e-04  9.40e+01     0s
  21   2.49544895e+06  3.92830250e+06  4.11e+00 2.81e-04  9.27e+01     0s
  22   2.51032713e+06  4.13962819e+06  4.06e+00 2.75e-04  9.17e+01     0s
  23   2.54159833e+06  4.41246235e+06  3.96e+00 2.70e-04  8.76e+01     0s
  24   2.57693363e+06  4.59239593e+06  3.89e+00 2.63e-04  8.60e+01     0s
  25   2.60259158e+06  4.93288092e+06  3.83e+00 2.57e-04  8.46e+01     0s
  26   2.63898945e+06  4.86002764e+06  3.79e+00 2.56e-04  8.59e+01     0s
  27   7.55797446e+08 -1.13551760e+08  5.38e+05 4.55e-13  1.86e+07     0s
  28   6.99068731e+07 -1.40529475e+08  1.07e+05 1.50e+03  3.82e+06     0s
  29   7.79107876e+06 -1.41043694e+08  1.32e+03 6.37e-12  7.83e+04     0s
  30   4.35127978e+06 -1.06973064e+08  4.07e+02 4.09e-12  3.75e+04     0s
  31   3.39700514e+06 -2.08438325e+07  2.44e+02 4.09e-12  1.08e+04     0s
  32   4.14353698e+06 -1.54585522e+07  8.21e+01 3.98e-12  6.16e+03     0s
  33   2.72748971e+06 -2.43637657e+06  2.41e+01 1.97e-11  1.55e+03     0s
  34   2.34080223e+06  1.06987842e+06  9.79e+00 3.86e-10  4.55e+02     0s
  35   2.27657696e+06  1.97235447e+06  7.32e+00 5.97e-10  2.48e+02     0s
  36   2.28071925e+06  2.48396783e+06  6.08e+00 1.67e-10  2.10e+02     0s
  37   2.29645134e+06  2.65828756e+06  5.79e+00 2.47e-10  1.98e+02     0s
  38   2.30173264e+06  2.73019093e+06  5.70e+00 2.33e-10  1.95e+02     0s
  39   2.33149820e+06  3.01348875e+06  5.36e+00 4.66e-10  1.81e+02     0s
  40   2.37300319e+06  2.96649849e+06  5.11e+00 1.40e-09  1.73e+02     0s
  41   2.41721252e+06  3.15890550e+06  4.86e+00 1.51e-09  1.60e+02     0s
  42   2.43146160e+06  3.39723113e+06  4.78e+00 1.46e-09  1.56e+02     0s
  43   2.51045576e+06  3.48102495e+06  4.46e+00 2.44e-09  1.47e+02     0s
  44   2.57435331e+06  3.54717318e+06  4.23e+00 1.05e-09  1.38e+02     0s
  45   2.58908592e+06  3.57848955e+06  4.18e+00 8.73e-10  1.36e+02     0s
  46   2.61613163e+06  3.74693586e+06  4.07e+00 1.11e-09  1.30e+02     0s
  47   2.62675655e+06  4.01416575e+06  4.03e+00 1.11e-09  1.29e+02     0s
  48   2.63159125e+06  4.15991444e+06  4.02e+00 1.11e-09  1.29e+02     0s
  49   2.66063763e+06  4.38038066e+06  3.94e+00 1.75e-09  1.26e+02     0s
  50   2.69976147e+06  4.76368286e+06  3.84e+00 2.39e-09  1.22e+02     0s
  51   2.73895905e+06  4.90056597e+06  3.77e+00 1.28e-09  1.19e+02     0s
  52   2.75495294e+06  4.86389034e+06  3.75e+00 1.40e-09  1.19e+02     0s
  53   2.80970650e+06  5.05644930e+06  3.67e+00 4.37e-09  1.15e+02     0s
  54   2.90664534e+06  5.14442726e+06  3.53e+00 3.73e-09  1.12e+02     0s
  55   2.94195527e+06  5.30182685e+06  3.48e+00 6.75e-09  1.10e+02     0s
  56   3.02096322e+06  5.42796874e+06  3.38e+00 1.50e-08  1.07e+02     0s
  57   3.02835548e+06  5.62575760e+06  3.37e+00 1.54e-08  1.04e+02     0s
  58   3.08563849e+06  5.72111053e+06  3.30e+00 1.49e-08  1.02e+02     0s
  59   3.13593706e+06  6.01201743e+06  3.24e+00 1.22e-08  9.92e+01     0s
  60   3.22102007e+06  5.99001014e+06  3.15e+00 9.55e-09  9.83e+01     0s
  61   3.24269030e+06  6.04876728e+06  3.13e+00 1.11e-08  9.79e+01     0s
  62   3.27136085e+06  6.54378477e+06  3.10e+00 9.66e-09  9.59e+01     0s
  63   3.34208968e+06  6.65781749e+06  3.05e+00 1.07e-08  9.49e+01     0s
  64   3.36958717e+06  6.88853410e+06  3.02e+00 1.14e-08  9.35e+01     0s
  65   3.45931978e+06  7.23732478e+06  2.95e+00 1.07e-08  9.05e+01     0s
  66   3.54796159e+06  7.36596841e+06  2.89e+00 1.12e-08  8.89e+01     0s
  67   3.57001225e+06  7.53811334e+06  2.87e+00 1.70e-08  8.74e+01     0s
  68   3.65795615e+06  7.66500346e+06  2.81e+00 2.44e-08  8.48e+01     0s
  69   3.80007177e+06  7.73642587e+06  2.72e+00 2.79e-08  8.28e+01     0s
  70   4.04172573e+06  7.82333426e+06  2.56e+00 2.65e-08  7.95e+01     0s
  71   4.09267458e+06  7.93165019e+06  2.53e+00 1.51e-07  7.54e+01     0s
  72   4.11188995e+06  8.05257304e+06  2.52e+00 1.47e-07  7.51e+01     0s
  73   4.18939739e+06  8.31469320e+06  2.48e+00 1.72e-07  7.39e+01     0s
  74   4.21959208e+06  8.50227714e+06  2.46e+00 1.36e-07  7.32e+01     0s
  75   4.24895896e+06  8.75883801e+06  2.44e+00 1.38e-07  7.31e+01     0s
  76   4.29010670e+06  8.87678485e+06  2.42e+00 1.29e-07  7.32e+01     0s
  77   4.33724884e+06  8.93848481e+06  2.40e+00 1.25e-07  7.29e+01     0s
  78   4.34868244e+06  9.10421239e+06  2.39e+00 1.21e-07  7.29e+01     0s
  79   4.39328118e+06  9.54915965e+06  2.37e+00 9.97e-08  7.42e+01     0s
  80   4.71834311e+06  1.02730533e+07  2.25e+00 1.09e-07  7.86e+01     0s
  81   4.84294364e+06  1.00190551e+07  2.21e+00 1.09e-07  8.18e+01     0s
  82   4.90067912e+06  1.09831250e+07  2.19e+00 8.64e-08  8.42e+01     0s
  83   4.94904661e+06  1.10512880e+07  2.17e+00 1.13e-07  8.26e+01     0s
  84   5.05103703e+06  1.12216484e+07  2.14e+00 5.17e-08  8.13e+01     0s
  85   5.11852034e+06  1.13644260e+07  2.12e+00 4.13e-07  7.74e+01     0s
  86   5.32478802e+06  1.14832820e+07  2.05e+00 5.77e-07  7.62e+01     0s
  87   5.38780788e+06  1.19994847e+07  2.03e+00 2.58e-06  7.53e+01     0s
  88   5.49182421e+06  1.20351501e+07  2.00e+00 2.39e-06  7.49e+01     0s
  89   5.69745207e+06  1.22840236e+07  1.94e+00 2.97e-06  7.10e+01     0s
  90   5.74262498e+06  1.24633150e+07  1.93e+00 2.44e-07  6.92e+01     0s
  91   5.74816178e+06  1.26455438e+07  1.93e+00 2.46e-07  6.92e+01     0s
  92   5.76815212e+06  1.27892122e+07  1.92e+00 2.16e-07  6.92e+01     0s
  93   5.91192662e+06  1.26226339e+07  1.88e+00 1.90e-07  6.91e+01     0s
  94   6.33441885e+06  1.27250870e+07  1.77e+00 4.77e-06  6.73e+01     0s
  95   6.45246768e+06  1.39286138e+07  1.74e+00 2.45e-07  6.42e+01     0s
  96   6.55007208e+06  1.30552164e+07  1.73e+00 2.91e-07  7.31e+01     0s
  97   6.64210249e+06  1.35447353e+07  1.71e+00 3.23e-07  7.27e+01     0s
  98   6.66571134e+06  1.39362446e+07  1.70e+00 4.04e-07  7.21e+01     0s
  99   7.03536937e+06  1.43819259e+07  1.64e+00 2.45e-07  8.34e+01     0s
 100   7.09180492e+06  1.49788757e+07  1.62e+00 8.78e-07  7.54e+01     0s
 101   7.13292769e+06  1.50512088e+07  1.62e+00 6.57e-08  7.49e+01     0s
 102   7.21092667e+06  1.52896098e+07  1.60e+00 1.84e-07  7.41e+01     0s
 103   7.25544630e+06  1.53579805e+07  1.59e+00 4.05e-07  7.30e+01     0s
 104   7.28363345e+06  1.54600495e+07  1.59e+00 1.90e-07  7.22e+01     0s
 105   7.58222752e+06  1.54868730e+07  1.53e+00 6.15e-07  6.88e+01     0s
 106   7.60102902e+06  1.64255606e+07  1.53e+00 8.49e-07  7.04e+01     0s
 107   7.61716005e+06  1.65139768e+07  1.52e+00 8.35e-07  7.03e+01     0s
 108   7.78892327e+06  1.68567869e+07  1.50e+00 1.66e-07  7.35e+01     0s
 109   7.99301994e+06  1.66816445e+07  1.46e+00 4.32e-07  7.60e+01     0s
 110   8.13508510e+06  1.68858317e+07  1.44e+00 1.38e-07  7.54e+01     0s
 111   8.22581277e+06  1.73543149e+07  1.43e+00 2.45e-07  7.27e+01     0s
 112   8.34342593e+06  1.78448581e+07  1.41e+00 1.08e-06  6.85e+01     0s
 113   8.72977585e+06  1.83823472e+07  1.36e+00 2.31e-06  6.88e+01     0s
 114   8.82035214e+06  1.81595823e+07  1.34e+00 2.20e-06  6.90e+01     0s
 115   9.00127550e+06  1.86208225e+07  1.32e+00 9.79e-07  6.97e+01     0s
 116   9.67348409e+06  1.84541091e+07  1.23e+00 1.36e-05  6.56e+01     0s
 117   9.70296693e+06  1.91844564e+07  1.23e+00 1.09e-06  6.49e+01     0s
 118   9.79625117e+06  2.01732334e+07  1.21e+00 1.15e-06  6.33e+01     0s
 119   9.97804661e+06  2.03326159e+07  1.19e+00 9.61e-07  6.35e+01     0s
 120   1.02331478e+07  2.06784997e+07  1.16e+00 1.33e-06  6.13e+01     0s
 121   1.03720510e+07  2.07572655e+07  1.15e+00 8.25e-07  6.06e+01     0s
 122   1.03819219e+07  2.08724530e+07  1.15e+00 2.34e-06  6.07e+01     0s
 123   1.04523776e+07  2.13382475e+07  1.14e+00 3.55e-06  6.02e+01     0s
 124   1.10625064e+07  2.15468153e+07  1.08e+00 5.03e-07  5.92e+01     0s
 125   1.10966285e+07  2.15626416e+07  1.07e+00 7.23e-07  5.87e+01     0s
 126   1.11375234e+07  2.15690767e+07  1.07e+00 6.37e-07  5.85e+01     0s
 127   1.11867542e+07  2.15789983e+07  1.07e+00 1.73e-07  5.84e+01     0s
 128   1.12213381e+07  2.16387505e+07  1.06e+00 7.73e-07  5.82e+01     0s
 129   1.14215714e+07  2.17289935e+07  1.04e+00 1.99e-06  5.77e+01     0s
 130   1.16411099e+07  2.19608477e+07  1.02e+00 5.55e-06  5.57e+01     0s
 131   1.18048955e+07  2.22970869e+07  1.00e+00 8.98e-07  5.47e+01     0s
 132   1.20330178e+07  2.22485863e+07  9.83e-01 7.00e-07  5.53e+01     0s
 133   1.20706178e+07  2.26017035e+07  9.79e-01 1.95e-06  5.44e+01     0s
 134   1.21442144e+07  2.27638620e+07  9.72e-01 2.10e-07  5.39e+01     0s
 135   1.23386362e+07  2.28065705e+07  9.55e-01 1.60e-07  5.41e+01     0s
 136   1.26212982e+07  2.23555033e+07  9.30e-01 1.50e-05  5.61e+01     0s
 137   1.26297764e+07  2.25413977e+07  9.29e-01 1.79e-06  5.55e+01     0s
 138   1.26891745e+07  2.30513908e+07  9.24e-01 9.16e-07  5.53e+01     0s
 139   1.27368380e+07  2.30091128e+07  9.20e-01 9.33e-07  5.55e+01     0s
 140   1.28412632e+07  2.30534787e+07  9.11e-01 3.93e-07  5.56e+01     0s
 141   1.31449270e+07  2.31871807e+07  8.84e-01 1.36e-06  5.44e+01     0s
 142   1.33843646e+07  2.32294499e+07  8.64e-01 2.04e-06  5.29e+01     0s
 143   1.36889939e+07  2.32500159e+07  8.37e-01 5.18e-06  5.08e+01     0s
 144   1.37071831e+07  2.32731637e+07  8.36e-01 6.74e-06  5.02e+01     0s
 145   1.37249188e+07  2.34310567e+07  8.34e-01 7.23e-06  5.00e+01     0s
 146   1.37300827e+07  2.34242525e+07  8.34e-01 7.26e-06  5.01e+01     0s
 147   1.37620796e+07  2.36066844e+07  8.31e-01 1.34e-06  5.02e+01     0s
 148   1.40232516e+07  2.38849675e+07  8.10e-01 5.29e-07  5.10e+01     0s
 149   1.44977459e+07  2.37645514e+07  7.72e-01 1.25e-05  4.95e+01     0s
 150   1.45445834e+07  2.40171847e+07  7.68e-01 4.52e-06  4.75e+01     0s
 151   1.48620229e+07  2.41485553e+07  7.43e-01 5.71e-06  4.85e+01     0s
 152   1.49988056e+07  2.42329396e+07  7.33e-01 9.46e-06  4.82e+01     0s
 153   1.57886023e+07  2.42950013e+07  6.73e-01 1.46e-05  4.72e+01     0s
 154   1.59288169e+07  2.44694568e+07  6.63e-01 3.18e-06  4.43e+01     0s
 155   1.67882495e+07  2.42282744e+07  5.98e-01 8.02e-06  5.55e+01     0s
 156   1.69017317e+07  2.44849797e+07  5.89e-01 1.95e-05  4.42e+01     0s
 157   1.69458502e+07  2.45564074e+07  5.86e-01 2.89e-07  4.39e+01     0s
 158   1.70109316e+07  2.45804130e+07  5.81e-01 4.73e-07  4.34e+01     0s
 159   1.73909516e+07  2.46080015e+07  5.52e-01 2.13e-07  4.15e+01     0s
 160   1.76913998e+07  2.46285655e+07  5.29e-01 4.54e-06  4.03e+01     0s
 161   1.77808087e+07  2.46361687e+07  5.22e-01 4.05e-06  3.98e+01     0s
 162   1.78095699e+07  2.46495351e+07  5.20e-01 4.68e-06  3.93e+01     0s
 163   1.78254766e+07  2.46993711e+07  5.19e-01 3.44e-06  3.88e+01     0s
 164   1.78445847e+07  2.47738636e+07  5.18e-01 3.65e-06  3.87e+01     0s
 165   1.78602939e+07  2.48317445e+07  5.16e-01 3.39e-06  3.86e+01     0s
 166   1.79310240e+07  2.49210291e+07  5.12e-01 1.68e-07  3.97e+01     0s
 167   1.80403705e+07  2.51310299e+07  5.06e-01 8.42e-07  4.42e+01     0s
 168   1.84793884e+07  2.51801889e+07  4.75e-01 7.46e-06  4.11e+01     0s
 169   1.91345062e+07  2.53470798e+07  4.31e-01 7.31e-05  3.87e+01     0s
 170   1.93335472e+07  2.58631797e+07  4.17e-01 6.71e-05  3.58e+01     0s
 171   1.99419390e+07  2.59682484e+07  3.80e-01 6.93e-05  3.44e+01     0s
 172   2.02943438e+07  2.59393464e+07  3.58e-01 8.54e-05  3.51e+01     0s
 173   2.02971872e+07  2.59793351e+07  3.58e-01 8.40e-05  3.50e+01     0s
 174   2.03601274e+07  2.60597430e+07  3.54e-01 1.03e-06  3.47e+01     0s
 175   2.04815146e+07  2.63120059e+07  3.47e-01 2.84e-05  3.23e+01     0s
 176   2.05748758e+07  2.64164712e+07  3.41e-01 8.93e-06  3.17e+01     0s
 177   2.06823593e+07  2.64472186e+07  3.36e-01 1.05e-05  3.43e+01     0s
 178   2.09096996e+07  2.64832183e+07  3.23e-01 1.29e-05  3.33e+01     0s
 179   2.11703264e+07  2.65370239e+07  3.09e-01 2.32e-05  3.34e+01     0s
 180   2.14833759e+07  2.66399033e+07  2.92e-01 6.91e-05  3.03e+01     0s
 181   2.16352219e+07  2.66985587e+07  2.83e-01 2.28e-05  2.85e+01     1s
 182   2.17811845e+07  2.67355158e+07  2.75e-01 2.32e-05  2.55e+01     1s
 183   2.19296697e+07  2.67454017e+07  2.67e-01 2.85e-05  2.52e+01     1s
 184   2.19783347e+07  2.67897754e+07  2.64e-01 2.67e-05  2.44e+01     1s
 185   2.20303764e+07  2.68905623e+07  2.62e-01 2.46e-05  2.38e+01     1s
 186   2.20332075e+07  2.70348277e+07  2.61e-01 2.52e-05  2.41e+01     1s
 187   2.20591977e+07  2.72948983e+07  2.60e-01 2.48e-05  2.37e+01     1s
 188   2.20700663e+07  2.75014227e+07  2.59e-01 1.31e-06  2.41e+01     1s
 189   2.21126793e+07  2.75788607e+07  2.58e-01 1.12e-06  2.62e+01     1s
 190   2.37645221e+07  2.70617083e+07  1.87e-01 7.85e-05  7.72e+01     1s
 191   2.38471056e+07  2.75108236e+07  1.83e-01 3.32e-05  5.06e+01     1s
 192   2.39439141e+07  2.77148144e+07  1.78e-01 2.38e-06  4.88e+01     1s
 193   2.42578156e+07  2.77667035e+07  1.64e-01 1.66e-05  5.04e+01     1s
 194   2.44845238e+07  2.80106010e+07  1.55e-01 2.61e-05  4.51e+01     1s
 195   2.47180243e+07  2.80781696e+07  1.45e-01 2.28e-05  4.02e+01     1s
 196   2.49001624e+07  2.80764869e+07  1.38e-01 2.32e-05  3.96e+01     1s
 197   2.52222724e+07  2.81578151e+07  1.25e-01 5.44e-05  2.98e+01     1s
 198   2.57002023e+07  2.81704696e+07  1.05e-01 5.13e-05  2.68e+01     1s
 199   2.58679853e+07  2.81969904e+07  9.82e-02 4.58e-05  2.25e+01     1s
 200   2.58841804e+07  2.82045168e+07  9.75e-02 4.25e-05  2.19e+01     1s
 201   2.59109533e+07  2.82150550e+07  9.62e-02 4.30e-05  2.03e+01     1s
 202   2.63042112e+07  2.82408991e+07  8.05e-02 4.27e-05  1.92e+01     1s
 203   2.69045477e+07  2.82716532e+07  5.65e-02 1.06e-04  1.27e+01     1s
 204   2.72396331e+07  2.82843353e+07  4.30e-02 4.56e-05  8.95e+00     1s
 205   2.74057380e+07  2.82900304e+07  3.63e-02 4.23e-05  7.23e+00     1s
 206   2.74715733e+07  2.82919042e+07  3.36e-02 4.11e-05  6.59e+00     1s
 207   2.76204465e+07  2.83002759e+07  2.76e-02 3.82e-05  5.28e+00     1s
 208   2.81376087e+07  2.83082040e+07  7.01e-03 5.69e-05  1.79e+00     1s
 209   2.82688608e+07  2.83123023e+07  1.78e-03 7.86e-05  4.13e-01     1s
 210   2.83043943e+07  2.83132641e+07  3.59e-04 4.75e-05  6.35e-02     1s
 211   2.83133251e+07  2.83133874e+07  2.76e-06 4.44e-05  1.78e-03     1s
 212   2.83133934e+07  2.83133934e+07  2.64e-09 7.60e-06  4.76e-07     1s
 213   2.83133934e+07  2.83133934e+07  1.82e-12 6.62e-06  2.93e-11     1s

Barrier solved model in 213 iterations and 0.57 seconds (0.39 work units)
Optimal objective 2.83133934e+07

Crossover time: 0.01 seconds (0.02 work units)

Root relaxation: objective 2.831339e+07, 257 iterations, 0.50 seconds (0.33 work units)

    Nodes    |    Current Node    |     Objective Bounds      |     Work
 Expl Unexpl |  Obj  Depth IntInf | Incumbent    BestBd   Gap | It/Node Time

     0     0 2.8313e+07    0   30 2.9850e+07 2.8313e+07  5.15%     -    0s
     0     0 2.8693e+07    0   33 2.9850e+07 2.8693e+07  3.87%     -    0s
     0     0 2.8695e+07    0   33 2.9850e+07 2.8695e+07  3.87%     -    0s
     0     0 2.8695e+07    0   35 2.9850e+07 2.8695e+07  3.87%     -    0s
     0     0 2.8696e+07    0   36 2.9850e+07 2.8696e+07  3.87%     -    0s
     0     0 2.8696e+07    0   36 2.9850e+07 2.8696e+07  3.87%     -    0s
     0     0 2.8835e+07    0   36 2.9850e+07 2.8835e+07  3.40%     -    1s
     0     0 2.8835e+07    0   36 2.9850e+07 2.8835e+07  3.40%     -    1s
     0     2 2.8835e+07    0   36 2.9850e+07 2.8835e+07  3.40%     -    1s

Cutting planes:
  Cover: 2
  Implied bound: 4
  MIR: 22
  Flow cover: 10
  RLT: 7

Explored 23 nodes (3108 simplex iterations) in 1.25 seconds (1.30 work units)
Thread count was 10 (of 10 available processors)

Solution count 1: 2.985e+07 

Optimal solution found (tolerance 5.00e-03)
Best objective 2.985000000000e+07, best bound 2.972500000000e+07, gap 0.4188%
