
Gurobi 13.0.3 (mac64[arm]) logging started Sat Sep 26 12:20:44 2026

Set parameter LogFile to value "/Users/ashutosh/Desktop/Two-stage-Model/certainty_results/full/solves/nnw_5_15_20M_phase2.log"
Gurobi Optimizer version 13.0.3 build v13.0.3rc0 (mac64[arm] - Darwin 27.0.0 26A428)

CPU model: Apple M1 Pro
Thread count: 10 physical cores, 10 logical processors, using up to 10 threads

Non-default parameters:
TimeLimit  21600
MIPGap  0.005
Method  2
LogToConsole  0

Optimize a model with 13542 rows, 5548 columns and 38792 nonzeros (Min)
Model fingerprint: 0xab756030
Model has 724 linear objective coefficients
Variable types: 3498 continuous, 2050 integer (1688 binary)
Coefficient statistics:
  Matrix range     [1e-03, 1e+05]
  Objective range  [2e+04, 1e+05]
  Bounds range     [1e+00, 3e+00]
  RHS range        [1e-02, 2e+07]

Loaded user MIP start with objective 1.99e+07
MIP start from previous solve did not produce a new incumbent solution

Presolve removed 11492 rows and 3821 columns
Presolve time: 0.06s
Presolved: 2050 rows, 1727 columns, 8097 nonzeros
Variable types: 1480 continuous, 247 integer (247 binary)
Root barrier log...

Ordering time: 0.00s

Barrier statistics:
 AA' NZ     : 2.808e+04
 Factor NZ  : 8.572e+04 (roughly 2 MB of memory)
 Factor Ops : 6.589e+06 (less than 1 second per iteration)
 Threads    : 10

                  Objective                Residual
Iter       Primal          Dual         Primal    Dual     Compl     Time
   0   1.47082268e+08 -1.06720889e+08  1.10e+05 4.55e-13  3.79e+06     0s
   1   6.55552187e+07 -1.15480938e+08  4.57e+04 2.02e+03  1.61e+06     0s
   2   6.88141365e+06 -1.08614023e+08  8.97e+02 5.46e-12  5.66e+04     0s
   3   2.36777574e+06 -1.42120023e+07  1.02e+02 1.36e-11  6.03e+03     0s
   4   9.74007541e+05 -3.90902687e+06  4.00e+01 5.46e-12  1.76e+03     0s
   5   4.71419084e+05 -1.51859425e+06  1.89e+01 2.18e-11  7.24e+02     0s
   6   2.88540888e+05 -4.29583129e+05  1.14e+01 5.68e-10  3.36e+02     0s
   7   2.00260684e+05 -5.07027117e+04  7.49e+00 4.66e-10  2.09e+02     0s
   8   1.93994904e+05  4.08715585e+05  6.17e+00 1.25e-09  1.62e+02     0s
   9   2.53855798e+05  6.16754367e+05  5.37e+00 1.46e-10  1.43e+02     0s
  10   2.70847021e+05  6.79369970e+05  5.21e+00 2.33e-10  1.38e+02     0s
  11   2.88367993e+05  7.31328591e+05  5.11e+00 2.33e-10  1.36e+02     0s
  12   3.11694038e+05  7.67095974e+05  4.92e+00 3.20e-10  1.31e+02     0s
  13   3.40594627e+05  9.03227803e+05  4.70e+00 3.96e-09  1.23e+02     0s
  14   3.61154156e+05  1.12190578e+06  4.52e+00 3.26e-09  1.20e+02     0s
  15   4.00427632e+05  1.81861149e+06  4.15e+00 1.08e-08  1.03e+02     0s
  16   4.23708488e+05  2.04571523e+06  4.07e+00 1.12e-08  1.01e+02     0s
  17   4.73962849e+05  2.36001289e+06  3.94e+00 1.21e-08  9.58e+01     0s
  18   4.97606852e+05  2.50907909e+06  3.90e+00 7.33e-08  9.41e+01     0s
  19   5.32848486e+05  2.76005600e+06  3.83e+00 1.19e-07  9.21e+01     0s
  20   5.85294423e+05  2.85443080e+06  3.75e+00 1.31e-07  9.06e+01     0s
  21   6.25602737e+05  2.96671888e+06  3.69e+00 1.32e-07  8.89e+01     0s
  22   6.84611514e+05  2.99515677e+06  3.60e+00 1.24e-07  8.75e+01     0s
  23   7.41308502e+05  2.97239101e+06  3.53e+00 1.70e-07  8.71e+01     0s
  24   7.98023936e+05  3.07363542e+06  3.45e+00 3.41e-07  8.46e+01     0s
  25   8.17459594e+05  3.07810143e+06  3.42e+00 3.59e-07  8.49e+01     0s
  26   9.11866891e+05  3.15366508e+06  3.29e+00 2.27e-07  8.14e+01     0s
  27   9.71465076e+05  3.31147460e+06  3.21e+00 3.23e-07  7.85e+01     0s
  28   9.97658649e+05  3.36968017e+06  3.17e+00 3.94e-07  7.74e+01     0s
  29   1.06285001e+06  3.40091041e+06  3.09e+00 8.92e-08  7.50e+01     0s
  30   1.08980688e+06  3.40174755e+06  3.06e+00 9.17e-08  7.46e+01     0s
  31   1.09695106e+06  3.41539336e+06  3.05e+00 7.80e-08  7.43e+01     0s
  32   1.11976351e+06  3.53325000e+06  3.02e+00 3.70e-07  7.32e+01     0s
  33   1.16834770e+06  3.54005430e+06  2.97e+00 3.71e-07  7.16e+01     0s
  34   1.20864205e+06  3.58751090e+06  2.92e+00 3.74e-07  7.08e+01     0s
  35   1.26230682e+06  3.77102205e+06  2.86e+00 3.40e-07  7.07e+01     0s
  36   1.33383788e+06  3.82167301e+06  2.80e+00 2.74e-07  7.35e+01     0s
  37   1.28849625e+09 -2.19243130e+08  1.10e+06 9.09e-13  7.05e+07     0s
  38   5.24075831e+08 -2.62415044e+08  4.97e+05 3.57e+03  3.24e+07     0s
  39   4.83374556e+07 -3.00917611e+08  2.59e+04 4.64e-11  1.79e+06     0s
  40   1.16416183e+07 -2.33742387e+08  5.13e+02 5.25e-11  8.83e+04     0s
  41   8.25233736e+06 -5.80765860e+07  1.82e+02 1.18e-11  2.29e+04     0s
  42   2.82356243e+06 -1.30131647e+07  3.77e+01 8.19e-12  4.73e+03     0s
  43   1.20486617e+06 -2.59986575e+06  1.36e+01 1.09e-10  1.25e+03     0s
  44   7.72688185e+05 -3.75434948e+05  8.49e+00 1.75e-10  5.62e+02     0s
  45   6.78605470e+05  1.30787708e+05  6.42e+00 3.49e-10  4.33e+02     0s
  46   6.77116913e+05  2.71436910e+05  6.16e+00 7.86e-10  4.11e+02     0s
  47   6.82788232e+05  5.14764344e+05  5.62e+00 1.86e-09  3.69e+02     0s
  48   7.28234878e+05  1.32770467e+06  4.66e+00 5.41e-09  2.86e+02     0s
  49   7.80839840e+05  2.30537676e+06  4.14e+00 5.01e-09  2.41e+02     0s
  50   8.95662918e+05  2.61087180e+06  3.85e+00 5.70e-09  2.23e+02     0s
  51   9.18319860e+05  2.71387582e+06  3.80e+00 5.47e-09  2.20e+02     0s
  52   1.09877106e+06  2.88155497e+06  3.47e+00 5.70e-09  2.02e+02     0s
  53   1.16061902e+06  2.93505797e+06  3.37e+00 5.94e-09  1.95e+02     0s
  54   1.19065366e+06  3.06409025e+06  3.32e+00 4.54e-09  1.91e+02     0s
  55   1.23846489e+06  3.10636594e+06  3.25e+00 5.01e-09  1.88e+02     0s
  56   1.32185576e+06  3.29186415e+06  3.13e+00 2.68e-09  1.80e+02     0s
  57   1.40289110e+06  3.45821228e+06  3.01e+00 6.29e-09  1.72e+02     0s
  58   1.44590866e+06  3.60875032e+06  2.95e+00 5.70e-09  1.68e+02     0s
  59   1.49724543e+06  3.75728449e+06  2.89e+00 5.82e-09  1.64e+02     0s
  60   1.50643094e+06  4.05332417e+06  2.88e+00 5.82e-09  1.63e+02     0s
  61   1.63540752e+06  4.14778241e+06  2.76e+00 6.52e-09  1.58e+02     0s
  62   1.81158932e+06  4.49407948e+06  2.58e+00 3.26e-09  1.49e+02     0s
  63   1.88736236e+06  4.59434449e+06  2.52e+00 1.12e-08  1.43e+02     0s
  64   1.90105781e+06  4.83075404e+06  2.51e+00 8.38e-09  1.42e+02     0s
  65   1.96436606e+06  5.26349510e+06  2.45e+00 1.65e-08  1.38e+02     0s
  66   2.11850221e+06  5.38083492e+06  2.34e+00 3.03e-09  1.32e+02     0s
  67   2.35927268e+06  5.49325147e+06  2.18e+00 3.70e-08  1.24e+02     0s
  68   2.35988021e+06  5.61180686e+06  2.18e+00 3.77e-08  1.25e+02     0s
  69   2.38277594e+06  5.64832982e+06  2.16e+00 3.80e-08  1.21e+02     0s
  70   2.40291957e+06  6.36505064e+06  2.14e+00 1.86e-08  1.23e+02     0s
  71   2.46809270e+06  6.59067094e+06  2.10e+00 2.10e-08  1.20e+02     0s
  72   2.51956236e+06  6.95496817e+06  2.08e+00 1.30e-08  1.19e+02     0s
  73   2.55063150e+06  8.05434745e+06  2.06e+00 1.44e-08  1.19e+02     0s
  74   2.55347992e+06  7.95316432e+06  2.06e+00 8.85e-09  1.19e+02     0s
  75   2.60578155e+06  8.14450244e+06  2.04e+00 1.88e-07  1.19e+02     0s
  76   2.71678877e+06  6.47021041e+06  2.01e+00 4.24e-08  1.36e+02     0s
  77   2.72488740e+06  7.96132761e+06  2.00e+00 2.05e-08  1.36e+02     0s
  78   2.78363078e+06  7.58588531e+06  1.98e+00 7.45e-09  1.35e+02     0s
  79   3.00200313e+06  8.72296548e+06  1.90e+00 1.93e-07  1.24e+02     0s
  80   3.30290007e+06  8.84419291e+06  1.81e+00 6.45e-07  1.18e+02     0s
  81   3.61921496e+06  8.88209545e+06  1.71e+00 4.20e-07  1.14e+02     0s
  82   3.65239403e+06  8.95751096e+06  1.70e+00 8.95e-07  1.11e+02     0s
  83   3.84422953e+06  9.18311344e+06  1.64e+00 7.74e-07  1.09e+02     0s
  84   3.96390714e+06  9.30203923e+06  1.61e+00 3.11e-07  1.05e+02     0s
  85   4.03172304e+06  9.54968553e+06  1.59e+00 8.99e-08  1.02e+02     0s
  86   4.12301049e+06  9.79522484e+06  1.57e+00 1.27e-06  1.00e+02     0s
  87   4.21690561e+06  9.81464495e+06  1.54e+00 7.73e-07  9.86e+01     0s
  88   4.30826308e+06  9.84848773e+06  1.52e+00 1.36e-06  9.58e+01     0s
  89   4.41619246e+06  9.86400616e+06  1.49e+00 1.50e-06  9.30e+01     0s
  90   4.47976292e+06  9.95448364e+06  1.47e+00 1.70e-06  9.15e+01     0s
  91   4.72107628e+06  1.00405677e+07  1.41e+00 1.99e-06  9.01e+01     0s
  92   4.80654878e+06  1.03513369e+07  1.39e+00 2.00e-06  8.79e+01     0s
  93   4.92123465e+06  1.04952353e+07  1.36e+00 2.49e-06  8.72e+01     0s
  94   5.09356955e+06  1.05453442e+07  1.32e+00 2.27e-06  8.60e+01     0s
  95   5.28366115e+06  1.06480858e+07  1.28e+00 1.98e-06  8.17e+01     0s
  96   5.31719006e+06  1.08288014e+07  1.27e+00 6.25e-07  8.00e+01     0s
  97   5.37940094e+06  1.09156002e+07  1.26e+00 2.73e-07  7.87e+01     0s
  98   5.41212182e+06  1.09559183e+07  1.25e+00 4.16e-07  7.83e+01     0s
  99   5.48836842e+06  1.09880175e+07  1.24e+00 5.37e-07  7.80e+01     0s
 100   5.49356552e+06  1.11207542e+07  1.24e+00 1.27e-08  7.79e+01     0s
 101   5.53484244e+06  1.11748091e+07  1.23e+00 1.25e-08  7.92e+01     0s
 102   5.65519947e+06  1.13656681e+07  1.20e+00 1.21e-08  7.86e+01     0s
 103   5.68389940e+06  1.18361053e+07  1.20e+00 1.10e-06  7.86e+01     0s
 104   5.82973882e+06  1.24403566e+07  1.17e+00 8.88e-07  7.57e+01     0s
 105   5.92614126e+06  1.24831777e+07  1.16e+00 3.44e-06  7.64e+01     0s
 106   6.04936187e+06  1.29662612e+07  1.14e+00 3.40e-06  7.28e+01     0s
 107   6.41858147e+06  1.30634299e+07  1.08e+00 1.07e-06  7.21e+01     0s
 108   6.67233175e+06  1.31637279e+07  1.04e+00 8.62e-06  6.51e+01     0s
 109   6.80245878e+06  1.31867973e+07  1.02e+00 1.08e-06  6.28e+01     0s
 110   6.91324165e+06  1.32466889e+07  1.00e+00 7.69e-07  6.11e+01     0s
 111   6.96370024e+06  1.35763396e+07  9.94e-01 1.30e-06  5.98e+01     0s
 112   7.11954342e+06  1.37875958e+07  9.72e-01 1.26e-06  5.92e+01     0s
 113   7.22034871e+06  1.39485385e+07  9.58e-01 9.92e-07  5.77e+01     0s
 114   7.32193850e+06  1.41225792e+07  9.44e-01 8.93e-07  5.66e+01     0s
 115   7.49185165e+06  1.41348520e+07  9.21e-01 5.25e-06  5.49e+01     0s
 116   7.59030939e+06  1.41765858e+07  9.08e-01 5.32e-06  5.45e+01     0s
 117   8.01193887e+06  1.42278455e+07  8.51e-01 6.96e-06  5.10e+01     0s
 118   8.37574229e+06  1.42710442e+07  8.02e-01 1.94e-06  4.61e+01     0s
 119   8.41806001e+06  1.46317232e+07  7.96e-01 6.77e-07  4.44e+01     0s
 120   8.57639800e+06  1.47847749e+07  7.77e-01 6.58e-07  4.31e+01     0s
 121   8.59115612e+06  1.50101152e+07  7.75e-01 6.60e-07  4.29e+01     0s
 122   8.59277158e+06  1.50263458e+07  7.75e-01 6.61e-07  4.29e+01     0s
 123   8.62462170e+06  1.50877749e+07  7.71e-01 3.64e-08  4.30e+01     0s
 124   8.75379271e+06  1.52260147e+07  7.56e-01 4.72e-06  4.21e+01     0s
 125   8.82633773e+06  1.55473025e+07  7.47e-01 3.58e-07  4.25e+01     0s
 126   8.94424864e+06  1.56182919e+07  7.35e-01 3.07e-06  4.21e+01     0s
 127   9.35662464e+06  1.54673141e+07  6.91e-01 6.02e-07  4.43e+01     0s
 128   9.37693768e+06  1.56460933e+07  6.89e-01 3.50e-07  4.36e+01     0s
 129   9.44348251e+06  1.59230222e+07  6.82e-01 1.62e-07  4.40e+01     0s
 130   9.59722586e+06  1.65204504e+07  6.67e-01 3.32e-06  4.36e+01     0s
 131   1.01214332e+07  1.64151985e+07  6.18e-01 5.79e-07  4.55e+01     0s
 132   1.02335392e+07  1.65693583e+07  6.08e-01 5.95e-07  4.31e+01     0s
 133   1.03446704e+07  1.66976533e+07  5.97e-01 1.95e-06  3.85e+01     0s
 134   1.05026878e+07  1.67195182e+07  5.83e-01 1.64e-06  3.66e+01     0s
 135   1.05659744e+07  1.68225594e+07  5.77e-01 1.45e-06  3.57e+01     0s
 136   1.06815126e+07  1.69236990e+07  5.66e-01 1.37e-06  3.49e+01     0s
 137   1.21490854e+07  1.69371975e+07  4.34e-01 1.42e-06  2.93e+01     0s
 138   1.23309017e+07  1.69562294e+07  4.18e-01 3.24e-06  2.56e+01     0s
 139   1.23592902e+07  1.69981571e+07  4.15e-01 3.02e-06  2.34e+01     0s
 140   1.24804870e+07  1.70805219e+07  4.05e-01 2.85e-06  2.24e+01     0s
 141   1.26659241e+07  1.70896790e+07  3.88e-01 2.83e-06  2.15e+01     0s
 142   1.26887674e+07  1.71134910e+07  3.86e-01 3.37e-06  2.10e+01     0s
 143   1.33389714e+07  1.71154661e+07  3.30e-01 2.97e-06  1.89e+01     0s
 144   1.34112377e+07  1.71453387e+07  3.24e-01 3.17e-05  1.70e+01     0s
 145   1.34294628e+07  1.74579011e+07  3.22e-01 3.08e-05  1.74e+01     0s
 146   1.36089234e+07  1.75291289e+07  3.08e-01 3.04e-05  1.76e+01     0s
 147   1.37297753e+07  1.75754039e+07  2.99e-01 1.52e-07  1.73e+01     0s
 148   1.39703509e+07  1.76223460e+07  2.81e-01 5.44e-07  1.64e+01     0s
 149   1.41145520e+07  1.76477023e+07  2.70e-01 4.05e-06  1.52e+01     0s
 150   1.41567751e+07  1.76559459e+07  2.67e-01 4.07e-06  1.50e+01     0s
 151   1.45099708e+07  1.76569324e+07  2.41e-01 4.59e-06  1.52e+01     0s
 152   1.45977117e+07  1.76724940e+07  2.34e-01 3.14e-06  1.44e+01     0s
 153   1.48848487e+07  1.76777590e+07  2.13e-01 3.39e-07  1.50e+01     0s
 154   1.50593583e+07  1.77044115e+07  2.00e-01 5.15e-06  1.23e+01     0s
 155   1.55677949e+07  1.77114759e+07  1.62e-01 5.67e-06  1.02e+01     0s
 156   1.56384903e+07  1.77164019e+07  1.56e-01 2.06e-05  9.10e+00     0s
 157   1.56620630e+07  1.77201347e+07  1.55e-01 1.38e-05  8.81e+00     0s
 158   1.57628729e+07  1.77400085e+07  1.47e-01 2.98e-05  7.96e+00     0s
 159   1.58428963e+07  1.77603354e+07  1.41e-01 3.38e-05  7.70e+00     0s
 160   1.59156873e+07  1.78257804e+07  1.35e-01 3.98e-05  7.92e+00     0s
 161   1.59522737e+07  1.79902031e+07  1.33e-01 4.47e-05  9.01e+00     0s
 162   1.59887738e+07  1.80602248e+07  1.30e-01 4.77e-07  8.31e+00     0s
 163   1.61441004e+07  1.80103553e+07  1.20e-01 1.51e-06  9.13e+00     0s
 164   1.62363284e+07  1.80391822e+07  1.15e-01 7.92e-07  1.02e+01     0s
 165   1.64629954e+07  1.78700085e+07  1.01e-01 1.17e-04  1.70e+01     0s
 166   1.64818912e+07  1.80085124e+07  9.96e-02 1.94e-05  1.06e+01     0s
 167   1.64840817e+07  1.80109694e+07  9.94e-02 1.49e-08  1.05e+01     0s
 168   1.64879598e+07  1.80329368e+07  9.91e-02 1.70e-06  1.06e+01     0s
 169   1.65228663e+07  1.81068638e+07  9.66e-02 3.87e-06  9.68e+00     0s
 170   1.65902389e+07  1.80864599e+07  9.28e-02 5.81e-07  1.03e+01     0s
 171   1.66374908e+07  1.81122726e+07  9.00e-02 4.23e-05  9.62e+00     0s
 172   1.67114021e+07  1.81381133e+07  8.56e-02 1.49e-05  9.01e+00     0s
 173   1.68062750e+07  1.81497765e+07  8.02e-02 7.24e-06  9.47e+00     0s
 174   1.68708172e+07  1.81652561e+07  7.64e-02 2.42e-05  8.65e+00     0s
 175   1.69494974e+07  1.81957748e+07  7.18e-02 5.64e-06  7.60e+00     0s
 176   1.69742194e+07  1.81823264e+07  7.04e-02 5.42e-06  7.57e+00     0s
 177   1.70095118e+07  1.82054007e+07  6.84e-02 1.04e-05  7.05e+00     0s
 178   1.70282160e+07  1.82197224e+07  6.73e-02 2.21e-06  6.89e+00     0s
 179   1.70620252e+07  1.82185013e+07  6.55e-02 1.84e-06  6.91e+00     0s
 180   1.71762854e+07  1.82302822e+07  5.91e-02 2.17e-05  6.21e+00     0s
 181   1.72519908e+07  1.82237943e+07  5.49e-02 8.75e-06  6.13e+00     0s
 182   1.73168707e+07  1.82192487e+07  5.14e-02 3.56e-06  6.17e+00     0s
 183   1.73831399e+07  1.82410244e+07  4.77e-02 5.65e-06  4.44e+00     0s
 184   1.73908526e+07  1.82476059e+07  4.73e-02 3.16e-06  4.38e+00     0s
 185   1.74168834e+07  1.82483266e+07  4.58e-02 4.14e-06  4.28e+00     1s
 186   1.74589944e+07  1.82490242e+07  4.36e-02 9.50e-06  4.19e+00     1s
 187   1.75321625e+07  1.82478836e+07  3.96e-02 2.91e-06  3.96e+00     1s
 188   1.75601781e+07  1.82490610e+07  3.80e-02 6.40e-06  3.86e+00     1s
 189   1.76104241e+07  1.82492366e+07  3.53e-02 8.79e-06  3.80e+00     1s
 190   1.76644670e+07  1.82474912e+07  3.24e-02 1.18e-05  3.77e+00     1s
 191   1.77026587e+07  1.82486957e+07  3.03e-02 1.28e-05  3.59e+00     1s
 192   1.77755107e+07  1.82513333e+07  2.64e-02 1.18e-05  3.38e+00     1s
 193   1.78457110e+07  1.82576857e+07  2.25e-02 5.35e-05  2.59e+00     1s
 194   1.78821926e+07  1.82610548e+07  2.06e-02 5.87e-05  2.27e+00     1s
 195   1.79418496e+07  1.82619727e+07  1.74e-02 2.63e-05  1.96e+00     1s
 196   1.80452791e+07  1.82619407e+07  1.19e-02 1.72e-05  1.72e+00     1s
 197   1.80857100e+07  1.82658678e+07  9.73e-03 1.81e-05  1.27e+00     1s
 198   1.80901575e+07  1.82668795e+07  9.49e-03 2.02e-05  1.17e+00     1s
 199   1.80929951e+07  1.82676673e+07  9.34e-03 1.91e-05  1.15e+00     1s
 200   1.81033530e+07  1.82677406e+07  8.78e-03 1.88e-05  1.09e+00     1s
 201   1.81658332e+07  1.82678638e+07  5.46e-03 1.96e-05  7.29e-01     1s
 202   1.81962163e+07  1.82685758e+07  3.85e-03 1.89e-04  4.23e-01     1s
 203   1.82118542e+07  1.82687156e+07  3.02e-03 1.23e-04  3.19e-01     1s
 204   1.82139012e+07  1.82689986e+07  2.92e-03 7.35e-05  2.92e-01     1s
 205   1.82145753e+07  1.82690611e+07  2.88e-03 7.30e-05  2.89e-01     1s
 206   1.82148795e+07  1.82700524e+07  2.86e-03 6.44e-05  3.35e-01     1s
 207   1.82150452e+07  1.82713198e+07  2.85e-03 6.42e-05  3.37e-01     1s
 208   1.82160371e+07  1.82730408e+07  2.80e-03 3.58e-07  3.11e-01     1s
 209   1.82179235e+07  1.82698611e+07  2.71e-03 8.34e-07  3.29e-01     1s
 210   1.82181262e+07  1.82715843e+07  2.70e-03 2.14e-06  3.20e-01     1s
 211   1.82219578e+07  1.82733341e+07  2.51e-03 2.05e-06  2.78e-01     1s
 212   1.82703658e+07  1.82727571e+07  1.58e-04 6.06e-05  1.96e-01     1s
 213   1.82735498e+07  1.82734717e+07  2.09e-06 2.31e-05  2.75e-02     1s
 214   1.82735838e+07  1.82735905e+07  4.07e-07 9.88e-06  4.04e-04     1s
 215   1.82735916e+07  1.82735917e+07  4.36e-08 1.89e-06  3.24e-06     1s
 216   1.82735918e+07  1.82735918e+07  1.95e-11 2.66e-06  3.30e-09     1s

Barrier solved model in 216 iterations and 0.56 seconds (0.33 work units)
Optimal objective 1.82735918e+07

Crossover time: 0.01 seconds (0.02 work units)

Root relaxation: objective 1.827359e+07, 239 iterations, 0.49 seconds (0.26 work units)

    Nodes    |    Current Node    |     Objective Bounds      |     Work
 Expl Unexpl |  Obj  Depth IntInf | Incumbent    BestBd   Gap | It/Node Time

     0     0 1.8274e+07    0   26 1.9900e+07 1.8274e+07  8.17%     -    0s
     0     0 1.8638e+07    0   27 1.9900e+07 1.8638e+07  6.34%     -    0s
     0     0 1.8653e+07    0   28 1.9900e+07 1.8653e+07  6.27%     -    0s
     0     0 1.8727e+07    0   40 1.9900e+07 1.8727e+07  5.89%     -    0s
     0     0 1.8728e+07    0   40 1.9900e+07 1.8728e+07  5.89%     -    0s
     0     0 1.8730e+07    0   44 1.9900e+07 1.8730e+07  5.88%     -    0s
     0     0 1.8748e+07    0   36 1.9900e+07 1.8748e+07  5.79%     -    0s
     0     0 1.8748e+07    0   37 1.9900e+07 1.8748e+07  5.79%     -    0s
     0     0 1.8757e+07    0   36 1.9900e+07 1.8757e+07  5.74%     -    0s
     0     0 1.8757e+07    0   36 1.9900e+07 1.8757e+07  5.74%     -    0s
     0     0 1.8786e+07    0   34 1.9900e+07 1.8786e+07  5.60%     -    0s
     0     0 1.8786e+07    0   35 1.9900e+07 1.8786e+07  5.60%     -    0s
     0     0 1.8812e+07    0   33 1.9900e+07 1.8812e+07  5.47%     -    0s
     0     0 1.8815e+07    0   32 1.9900e+07 1.8815e+07  5.45%     -    0s
     0     0 1.8815e+07    0   36 1.9900e+07 1.8815e+07  5.45%     -    0s
     0     0 1.8815e+07    0   38 1.9900e+07 1.8815e+07  5.45%     -    1s
     0     0 1.8815e+07    0   40 1.9900e+07 1.8815e+07  5.45%     -    1s
     0     0 1.8815e+07    0   39 1.9900e+07 1.8815e+07  5.45%     -    1s
     0     0 1.8852e+07    0   40 1.9900e+07 1.8852e+07  5.26%     -    1s
     0     0 1.8852e+07    0   42 1.9900e+07 1.8852e+07  5.26%     -    1s
     0     0 1.8852e+07    0   43 1.9900e+07 1.8852e+07  5.26%     -    1s
     0     0 1.8852e+07    0   43 1.9900e+07 1.8852e+07  5.26%     -    1s
     0     0 1.8852e+07    0   42 1.9900e+07 1.8852e+07  5.26%     -    1s
     0     0 1.8852e+07    0   42 1.9900e+07 1.8852e+07  5.26%     -    1s
     0     0 1.8852e+07    0   35 1.9900e+07 1.8852e+07  5.26%     -    1s
     0     2 1.8852e+07    0   35 1.9900e+07 1.8852e+07  5.26%     -    1s

Cutting planes:
  Gomory: 1
  Cover: 2
  Implied bound: 17
  MIR: 34
  Flow cover: 10
  RLT: 5
  Relax-and-lift: 1

Explored 56 nodes (6137 simplex iterations) in 1.40 seconds (1.42 work units)
Thread count was 10 (of 10 available processors)

Solution count 1: 1.99e+07 

Optimal solution found (tolerance 5.00e-03)
Best objective 1.990000000000e+07, best bound 1.990000000000e+07, gap 0.0000%
