
Gurobi 13.0.3 (mac64[arm]) logging started Sat Sep 26 12:20:39 2026

Set parameter LogFile to value "/Users/ashutosh/Desktop/Two-stage-Model/certainty_results/full/solves/nnw_5_15_10M_phase2.log"
Gurobi Optimizer version 13.0.3 build v13.0.3rc0 (mac64[arm] - Darwin 27.0.0 26A428)

CPU model: Apple M1 Pro
Thread count: 10 physical cores, 10 logical processors, using up to 10 threads

Non-default parameters:
TimeLimit  21600
MIPGap  0.005
Method  2
LogToConsole  0

Optimize a model with 13542 rows, 5548 columns and 38792 nonzeros (Min)
Model fingerprint: 0x89d4cb6a
Model has 724 linear objective coefficients
Variable types: 3498 continuous, 2050 integer (1688 binary)
Coefficient statistics:
  Matrix range     [1e-03, 1e+05]
  Objective range  [2e+04, 1e+05]
  Bounds range     [1e+00, 3e+00]
  RHS range        [1e-02, 1e+07]

Loaded user MIP start with objective 9.9e+06
MIP start from previous solve did not produce a new incumbent solution

Presolve removed 11492 rows and 3821 columns
Presolve time: 0.05s
Presolved: 2050 rows, 1727 columns, 8097 nonzeros
Variable types: 1480 continuous, 247 integer (247 binary)
Root barrier log...

Ordering time: 0.00s

Barrier statistics:
 AA' NZ     : 2.808e+04
 Factor NZ  : 8.572e+04 (roughly 2 MB of memory)
 Factor Ops : 6.589e+06 (less than 1 second per iteration)
 Threads    : 10

                  Objective                Residual
Iter       Primal          Dual         Primal    Dual     Compl     Time
   0   1.84933301e+08 -1.06838603e+08  1.51e+05 4.55e-13  5.19e+06     0s
   1   7.59761845e+07 -1.25355607e+08  6.32e+04 1.70e+03  2.21e+06     0s
   2   7.69154078e+06 -1.16224012e+08  9.63e+02 4.55e-12  6.09e+04     0s
   3   2.62784393e+06 -2.00770690e+07  1.05e+02 3.46e-11  7.66e+03     0s
   4   1.08590516e+06 -4.25057230e+06  4.10e+01 7.28e-12  1.89e+03     0s
   5   4.99565376e+05 -1.51644679e+06  1.84e+01 7.28e-11  7.17e+02     0s
   6   2.59888195e+05 -4.40056381e+05  9.40e+00 3.02e-10  2.92e+02     0s
   7   1.72808023e+05 -9.44039654e+04  6.15e+00 2.18e-10  1.78e+02     0s
   8   1.56010655e+05  1.70920100e+05  4.77e+00 4.95e-10  1.44e+02     0s
   9   1.74450835e+05  4.01145466e+05  4.29e+00 4.39e-09  1.27e+02     0s
  10   1.82844499e+05  4.25960126e+05  4.20e+00 5.62e-09  1.25e+02     0s
  11   2.49678313e+05  4.94958441e+05  3.93e+00 3.90e-09  1.25e+02     0s
  12   2.65806792e+05  5.63177591e+05  3.79e+00 1.22e-09  1.18e+02     0s
  13   2.82360192e+05  6.79507328e+05  3.65e+00 5.24e-10  1.17e+02     0s
  14   3.00825815e+05  8.44512272e+05  3.47e+00 6.40e-10  1.12e+02     0s
  15   3.29403411e+05  1.22443216e+06  3.23e+00 6.11e-09  1.02e+02     0s
  16   3.56275037e+05  1.52151946e+06  3.12e+00 5.36e-09  9.69e+01     0s
  17   3.77608952e+05  1.79969187e+06  3.06e+00 5.24e-09  9.47e+01     0s
  18   4.05740650e+05  1.83369975e+06  3.00e+00 3.03e-09  9.30e+01     0s
  19   4.37529941e+05  1.93904792e+06  2.94e+00 2.21e-09  9.03e+01     0s
  20   4.71705316e+05  2.02449232e+06  2.88e+00 1.27e-08  8.82e+01     0s
  21   5.32850578e+05  2.09009803e+06  2.78e+00 1.22e-08  8.73e+01     0s
  22   5.47982148e+05  2.14664167e+06  2.76e+00 1.20e-08  8.58e+01     0s
  23   5.67696873e+05  2.17890843e+06  2.73e+00 1.76e-08  8.45e+01     0s
  24   5.89486394e+05  2.21701984e+06  2.69e+00 2.03e-08  8.31e+01     0s
  25   6.40032213e+05  2.28242711e+06  2.61e+00 2.27e-08  8.03e+01     0s
  26   7.06606248e+05  2.37040882e+06  2.52e+00 3.00e-08  7.89e+01     0s
  27   7.32978775e+05  2.42098820e+06  2.48e+00 1.85e-08  7.67e+01     0s
  28   7.62384879e+05  2.48084003e+06  2.44e+00 2.04e-08  7.52e+01     0s
  29   7.83710465e+05  2.49528710e+06  2.41e+00 2.00e-08  7.44e+01     0s
  30   8.03329610e+05  2.50249708e+06  2.39e+00 2.07e-08  7.38e+01     0s
  31   8.68222396e+05  2.53221484e+06  2.30e+00 2.78e-08  7.19e+01     0s
  32   9.56580278e+05  2.63035000e+06  2.20e+00 2.00e-08  6.98e+01     0s
  33   1.01474478e+06  2.73046367e+06  2.12e+00 1.76e-08  6.66e+01     0s
  34   1.02286413e+06  2.72383907e+06  2.11e+00 1.76e-08  6.63e+01     0s
  35   1.06092198e+06  2.75419393e+06  2.06e+00 1.72e-08  6.49e+01     0s
  36   1.10204559e+06  2.79911234e+06  2.01e+00 1.56e-08  6.33e+01     0s
  37   1.14923264e+06  2.92641069e+06  1.96e+00 5.22e-08  6.11e+01     0s
  38   1.19872964e+06  3.09538461e+06  1.91e+00 8.44e-08  6.05e+01     0s
  39   1.24194436e+06  3.23291513e+06  1.87e+00 1.93e-08  5.93e+01     0s
  40   1.30493187e+06  3.29990162e+06  1.82e+00 1.29e-08  5.72e+01     0s
  41   1.40079620e+06  3.32509458e+06  1.73e+00 1.28e-08  5.45e+01     0s
  42   1.48611976e+06  3.34429016e+06  1.66e+00 2.72e-07  4.85e+01     0s
  43   1.49146315e+06  3.37902192e+06  1.66e+00 2.72e-07  4.83e+01     0s
  44   1.53161115e+06  3.43743238e+06  1.62e+00 2.41e-07  4.74e+01     0s
  45   1.64038311e+06  3.48666372e+06  1.54e+00 1.07e-07  4.47e+01     0s
  46   1.66121677e+06  3.65656645e+06  1.52e+00 2.86e-07  4.32e+01     0s
  47   1.68556379e+06  3.77692072e+06  1.51e+00 2.69e-07  4.57e+01     0s
  48   1.71100951e+06  3.73823128e+06  1.49e+00 2.72e-07  4.55e+01     0s
  49   1.75040203e+09 -3.09250164e+08  1.51e+06 1.36e-12  1.33e+08     0s
  50   8.92561804e+07 -4.03320984e+08  2.62e+05 3.14e+03  2.38e+07     0s
  51   7.41888879e+06 -4.03974214e+08  5.63e+02 1.46e-11  1.43e+05     0s
  52   5.06148203e+06 -6.95726937e+07  6.55e+01 1.41e-11  2.09e+04     0s
  53   2.45952994e+06 -2.10864344e+07  2.03e+01 6.55e-11  6.22e+03     0s
  54   1.39433926e+06 -3.94848287e+06  1.04e+01 8.44e-10  1.64e+03     0s
  55   8.71621731e+05 -1.76939326e+06  6.15e+00 2.91e-10  8.65e+02     0s
  56   7.49938129e+05 -8.33932567e+05  4.70e+00 7.86e-10  6.42e+02     0s
  57   7.28066265e+05 -4.18115842e+05  3.98e+00 5.53e-10  5.29e+02     0s
  58   7.20647818e+05  1.32721631e+04  3.75e+00 6.40e-10  4.73e+02     0s
  59   7.18098983e+05  9.28578081e+05  3.31e+00 1.16e-09  3.81e+02     0s
  60   7.54160902e+05  1.31796088e+06  3.13e+00 1.16e-09  3.54e+02     0s
  61   8.04481720e+05  1.43102556e+06  2.97e+00 1.28e-09  3.38e+02     0s
  62   8.57205712e+05  1.52964008e+06  2.86e+00 1.63e-09  3.24e+02     0s
  63   9.27281121e+05  1.77217016e+06  2.69e+00 3.55e-09  3.02e+02     0s
  64   1.01305783e+06  1.86235232e+06  2.53e+00 1.98e-09  2.88e+02     0s
  65   1.12103984e+06  1.96782227e+06  2.35e+00 4.07e-09  2.69e+02     0s
  66   1.24309941e+06  2.09353428e+06  2.21e+00 3.03e-09  2.59e+02     0s
  67   1.26684929e+06  2.28229383e+06  2.18e+00 1.09e-08  2.36e+02     0s
  68   1.31223876e+06  2.35703818e+06  2.11e+00 1.02e-08  2.29e+02     0s
  69   1.35631369e+06  2.71013835e+06  2.03e+00 1.23e-08  2.17e+02     0s
  70   1.50495578e+06  2.92029783e+06  1.87e+00 8.38e-09  2.01e+02     0s
  71   1.57574789e+06  3.07051181e+06  1.79e+00 8.21e-08  1.88e+02     0s
  72   1.64216883e+06  3.16790147e+06  1.73e+00 7.37e-08  1.80e+02     0s
  73   1.70346283e+06  3.24112698e+06  1.66e+00 6.12e-08  1.73e+02     0s
  74   1.75456932e+06  3.21260303e+06  1.62e+00 6.31e-08  1.67e+02     0s
  75   1.80214534e+06  3.14979400e+06  1.57e+00 3.35e-08  1.62e+02     0s
  76   1.81156944e+06  3.42224193e+06  1.56e+00 2.44e-08  1.59e+02     0s
  77   1.87157152e+06  3.56335330e+06  1.51e+00 2.37e-08  1.53e+02     0s
  78   1.97012003e+06  3.65933162e+06  1.43e+00 1.68e-08  1.44e+02     0s
  79   2.09982095e+06  3.63501864e+06  1.34e+00 1.84e-08  1.39e+02     0s
  80   2.13663855e+06  3.83848741e+06  1.31e+00 2.56e-08  1.30e+02     0s
  81   2.18160377e+06  3.81511158e+06  1.28e+00 2.65e-08  1.29e+02     0s
  82   2.26914815e+06  3.92296729e+06  1.23e+00 2.76e-08  1.23e+02     0s
  83   2.27602426e+06  4.10082059e+06  1.22e+00 1.63e-09  1.23e+02     0s
  84   2.33813512e+06  4.33758531e+06  1.18e+00 1.56e-08  1.17e+02     0s
  85   2.42500721e+06  4.53515918e+06  1.14e+00 4.55e-08  1.12e+02     0s
  86   2.42655545e+06  4.80934487e+06  1.13e+00 3.57e-08  1.12e+02     0s
  87   2.46900689e+06  5.01016610e+06  1.12e+00 8.36e-08  1.11e+02     0s
  88   2.59135032e+06  5.02006503e+06  1.08e+00 1.46e-07  1.16e+02     0s
  89   2.81394296e+06  5.63879084e+06  1.01e+00 1.30e-07  1.13e+02     0s
  90   2.95550889e+06  5.21154789e+06  9.68e-01 1.63e-06  1.23e+02     0s
  91   3.24156528e+06  5.74442875e+06  8.74e-01 2.17e-06  9.85e+01     0s
  92   3.58388138e+06  5.74434380e+06  7.69e-01 7.79e-07  9.02e+01     0s
  93   3.61556134e+06  5.94686688e+06  7.59e-01 3.71e-07  8.04e+01     0s
  94   3.67102486e+06  6.02114211e+06  7.43e-01 2.53e-07  7.23e+01     0s
  95   3.84809542e+06  6.04192842e+06  6.91e-01 3.33e-07  6.78e+01     0s
  96   3.85957898e+06  6.06495293e+06  6.88e-01 3.36e-07  6.69e+01     0s
  97   3.88556727e+06  6.11005024e+06  6.81e-01 3.30e-07  6.56e+01     0s
  98   3.90944930e+06  6.18667158e+06  6.74e-01 8.31e-07  6.40e+01     0s
  99   4.04694422e+06  6.22581894e+06  6.37e-01 7.09e-07  6.26e+01     0s
 100   4.12652921e+06  6.25448971e+06  6.17e-01 3.15e-06  5.70e+01     0s
 101   4.45727109e+06  6.26406348e+06  5.27e-01 3.33e-06  4.90e+01     0s
 102   4.51951000e+06  6.31917451e+06  5.10e-01 3.04e-06  4.51e+01     0s
 103   4.57153268e+06  6.42047137e+06  4.96e-01 2.72e-06  4.27e+01     0s
 104   4.61934423e+06  6.52994887e+06  4.83e-01 2.75e-06  4.11e+01     0s
 105   4.63042624e+06  6.58055233e+06  4.80e-01 2.67e-06  4.08e+01     0s
 106   4.66321221e+06  6.60364380e+06  4.73e-01 2.54e-06  4.08e+01     0s
 107   5.02753742e+06  6.58951782e+06  3.89e-01 2.40e-07  3.54e+01     0s
 108   5.05545659e+06  6.62858766e+06  3.83e-01 5.22e-08  3.43e+01     0s
 109   5.08114043e+06  6.66629267e+06  3.77e-01 5.40e-08  3.37e+01     0s
 110   5.11833793e+06  6.74268352e+06  3.68e-01 1.04e-07  3.27e+01     0s
 111   5.11930397e+06  6.75760824e+06  3.68e-01 1.70e-07  3.27e+01     0s
 112   5.12196916e+06  6.76869973e+06  3.67e-01 1.97e-07  3.27e+01     0s
 113   5.14815386e+06  6.67102760e+06  3.62e-01 3.54e-08  3.37e+01     0s
 114   5.23188518e+06  6.75968654e+06  3.44e-01 3.93e-06  3.10e+01     0s
 115   5.30750201e+06  6.79074338e+06  3.28e-01 1.74e-07  2.92e+01     0s
 116   5.34576493e+06  6.81228052e+06  3.20e-01 1.85e-07  2.85e+01     0s
 117   5.42700875e+06  6.87837401e+06  3.02e-01 1.63e-07  2.70e+01     0s
 118   5.46459042e+06  6.91643645e+06  2.95e-01 1.74e-07  2.60e+01     0s
 119   5.54397331e+06  6.86641867e+06  2.79e-01 1.80e-07  2.53e+01     0s
 120   5.59763036e+06  6.96577484e+06  2.70e-01 2.06e-07  2.59e+01     0s
 121   5.61623970e+06  7.07125305e+06  2.66e-01 3.13e-07  2.71e+01     0s
 122   5.63797618e+06  7.10346065e+06  2.62e-01 2.39e-07  2.67e+01     0s
 123   5.71200881e+06  7.12546497e+06  2.49e-01 4.75e-08  2.52e+01     0s
 124   5.72488254e+06  7.14035451e+06  2.47e-01 5.47e-07  2.47e+01     0s
 125   5.76534983e+06  7.15285637e+06  2.40e-01 5.81e-07  2.39e+01     0s
 126   5.78005265e+06  7.17145643e+06  2.38e-01 9.71e-07  2.36e+01     0s
 127   5.79414538e+06  7.18775428e+06  2.35e-01 1.15e-06  2.33e+01     0s
 128   5.83424060e+06  7.19721603e+06  2.29e-01 7.43e-07  2.27e+01     0s
 129   5.98347646e+06  7.20864810e+06  2.04e-01 4.91e-07  2.08e+01     0s
 130   6.20223921e+06  7.20617382e+06  1.69e-01 1.17e-06  1.86e+01     0s
 131   6.43598332e+06  7.22471410e+06  1.31e-01 1.35e-06  1.38e+01     0s
 132   6.44607023e+06  7.23998288e+06  1.30e-01 1.03e-06  1.15e+01     0s
 133   6.44906126e+06  7.23898900e+06  1.29e-01 1.03e-06  1.14e+01     0s
 134   6.52014234e+06  7.24130094e+06  1.18e-01 1.07e-06  1.06e+01     0s
 135   6.64109643e+06  7.24163226e+06  9.85e-02 1.39e-07  9.27e+00     0s
 136   6.80354874e+06  7.25108650e+06  7.25e-02 5.02e-06  5.62e+00     0s
 137   6.81560748e+06  7.25254791e+06  7.05e-02 3.98e-06  5.31e+00     0s
 138   6.82084990e+06  7.25633027e+06  6.97e-02 3.42e-06  5.18e+00     0s
 139   6.82662181e+06  7.30081776e+06  6.87e-02 3.31e-06  5.33e+00     0s
 140   6.83995369e+06  7.27176802e+06  6.69e-02 3.03e-06  5.29e+00     0s
 141   6.84191535e+06  7.29911690e+06  6.66e-02 1.93e-07  5.26e+00     0s
 142   6.93584866e+06  7.30270372e+06  5.30e-02 1.48e-07  4.10e+00     0s
 143   6.95091978e+06  7.30339820e+06  5.08e-02 6.02e-07  3.90e+00     0s
 144   6.96873896e+06  7.30333308e+06  4.82e-02 6.75e-07  3.71e+00     0s
 145   6.98290847e+06  7.30439981e+06  4.62e-02 5.04e-07  3.56e+00     0s
 146   6.99460400e+06  7.30596637e+06  4.45e-02 6.25e-07  3.35e+00     0s
 147   7.00150223e+06  7.30959378e+06  4.35e-02 5.90e-07  3.26e+00     0s
 148   7.00375591e+06  7.31280851e+06  4.32e-02 5.30e-07  3.21e+00     0s
 149   7.07137221e+06  7.31306335e+06  3.38e-02 4.05e-07  2.59e+00     0s
 150   7.21229432e+06  7.31419905e+06  1.43e-02 2.22e-06  1.08e+00     0s
 151   7.21507916e+06  7.31450647e+06  1.39e-02 1.36e-06  1.01e+00     0s
 152   7.21832802e+06  7.31478756e+06  1.34e-02 1.19e-06  9.76e-01     0s
 153   7.22380530e+06  7.31488629e+06  1.27e-02 1.19e-06  9.25e-01     0s
 154   7.22934509e+06  7.31507271e+06  1.19e-02 1.11e-06  8.76e-01     0s
 155   7.23468133e+06  7.31466218e+06  1.12e-02 1.10e-06  8.52e-01     0s
 156   7.23873155e+06  7.31514286e+06  1.06e-02 1.09e-06  8.27e-01     0s
 157   7.25544064e+06  7.31576672e+06  8.34e-03 1.40e-06  6.43e-01     0s
 158   7.29632431e+06  7.31600733e+06  2.75e-03 4.09e-06  2.50e-01     0s
 159   7.31583381e+06  7.31635924e+06  7.88e-05 2.03e-06  1.64e-02     0s
 160   7.31634108e+06  7.31640063e+06  8.59e-06 1.26e-06  1.28e-03     0s
 161   7.31640286e+06  7.31640315e+06  4.13e-08 7.09e-07  4.68e-06     0s
 162   7.31640315e+06  7.31640315e+06  5.68e-14 1.71e-06  9.05e-12     0s

Barrier solved model in 162 iterations and 0.39 seconds (0.27 work units)
Optimal objective 7.31640315e+06

Crossover time: 0.01 seconds (0.01 work units)

Root relaxation: objective 7.316403e+06, 270 iterations, 0.33 seconds (0.20 work units)

    Nodes    |    Current Node    |     Objective Bounds      |     Work
 Expl Unexpl |  Obj  Depth IntInf | Incumbent    BestBd   Gap | It/Node Time

     0     0 7316403.15    0   39 9900000.00 7316403.15  26.1%     -    0s
     0     0 7431345.36    0   48 9900000.00 7431345.36  24.9%     -    0s
     0     0 7550579.51    0   38 9900000.00 7550579.51  23.7%     -    0s
     0     0 7550579.51    0   38 9900000.00 7550579.51  23.7%     -    0s
     0     0 7616676.58    0   42 9900000.00 7616676.58  23.1%     -    0s
     0     0 7637846.22    0   52 9900000.00 7637846.22  22.9%     -    0s
     0     0 7637846.22    0   52 9900000.00 7637846.22  22.9%     -    0s
     0     0 7685695.58    0   50 9900000.00 7685695.58  22.4%     -    0s
     0     0 7685695.58    0   51 9900000.00 7685695.58  22.4%     -    0s
     0     0 7685695.58    0   52 9900000.00 7685695.58  22.4%     -    0s
     0     0 7685695.58    0   52 9900000.00 7685695.58  22.4%     -    0s
     0     0 7685695.58    0   52 9900000.00 7685695.58  22.4%     -    0s
     0     0 7717342.42    0   52 9900000.00 7717342.42  22.0%     -    0s
     0     0 7717342.42    0   51 9900000.00 7717342.42  22.0%     -    0s
     0     2 7717342.42    0   51 9900000.00 7717342.42  22.0%     -    0s

Cutting planes:
  Gomory: 1
  Cover: 5
  Implied bound: 58
  MIR: 55
  Flow cover: 23
  RLT: 2

Explored 1223 nodes (130080 simplex iterations) in 3.34 seconds (8.02 work units)
Thread count was 10 (of 10 available processors)

Solution count 1: 9.9e+06 

Optimal solution found (tolerance 5.00e-03)
Best objective 9.900000000000e+06, best bound 9.900000000000e+06, gap 0.0000%
