
Gurobi 13.0.3 (mac64[arm]) logging started Sat Sep 26 12:20:57 2026

Set parameter LogFile to value "/Users/ashutosh/Desktop/Two-stage-Model/certainty_results/full/solves/nnw_5_25_20M_phase2.log"
Gurobi Optimizer version 13.0.3 build v13.0.3rc0 (mac64[arm] - Darwin 27.0.0 26A428)

CPU model: Apple M1 Pro
Thread count: 10 physical cores, 10 logical processors, using up to 10 threads

Non-default parameters:
TimeLimit  21600
MIPGap  0.005
Method  2
LogToConsole  0

Optimize a model with 13524 rows, 5548 columns and 38738 nonzeros (Min)
Model fingerprint: 0x04722ecc
Model has 724 linear objective coefficients
Variable types: 3498 continuous, 2050 integer (1688 binary)
Coefficient statistics:
  Matrix range     [1e-03, 1e+05]
  Objective range  [2e+04, 1e+05]
  Bounds range     [1e+00, 3e+00]
  RHS range        [1e-02, 2e+07]

Loaded user MIP start with objective 1.98e+07
MIP start from previous solve did not produce a new incumbent solution

Presolve removed 11590 rows and 3848 columns
Presolve time: 0.05s
Presolved: 1934 rows, 1700 columns, 7830 nonzeros
Variable types: 1458 continuous, 242 integer (242 binary)
Root barrier log...

Ordering time: 0.00s

Barrier statistics:
 AA' NZ     : 2.700e+04
 Factor NZ  : 8.513e+04 (roughly 2 MB of memory)
 Factor Ops : 6.983e+06 (less than 1 second per iteration)
 Threads    : 10

                  Objective                Residual
Iter       Primal          Dual         Primal    Dual     Compl     Time
   0   5.58566364e+07 -1.01372681e+08  3.88e+04 4.55e-13  1.33e+06     0s
   1   2.58896440e+07 -9.24520452e+07  1.09e+04 2.20e+03  3.91e+05     0s
   2   4.75176234e+06 -6.38254086e+07  9.58e+02 2.78e+02  4.63e+04     0s
   3   2.61095588e+06 -1.59258345e+07  4.45e+02 7.68e+00  1.47e+04     0s
   4   1.75581966e+06 -8.96775410e+06  2.43e+02 2.46e+00  7.44e+03     0s
   5   1.24421700e+06 -5.17308057e+06  7.65e+01 1.07e+00  2.87e+03     0s
   6   1.06494717e+06 -1.02537470e+06  2.63e+01 1.97e-01  8.57e+02     0s
   7   9.99684707e+05  4.22171988e+05  1.08e+01 4.22e-02  2.78e+02     0s
   8   9.77962233e+05  8.94715136e+05  5.84e+00 1.04e-02  1.20e+02     0s
   9   9.73226314e+05  1.22986231e+06  4.60e+00 5.32e-03  8.20e+01     0s
  10   9.73286118e+05  1.57029263e+06  4.17e+00 4.49e-03  7.09e+01     0s
  11   9.78499551e+05  1.77502053e+06  3.98e+00 4.36e-03  6.41e+01     0s
  12   9.90094600e+05  1.93512102e+06  3.92e+00 4.27e-03  6.29e+01     0s
  13   1.08753459e+06  1.88035340e+06  3.56e+00 3.84e-03  5.88e+01     0s
  14   1.09634763e+06  2.19051978e+06  3.53e+00 3.47e-03  5.85e+01     0s
  15   1.18816106e+06  2.31512152e+06  3.38e+00 3.43e-03  6.60e+01     0s
  16   1.21807277e+06  2.36559498e+06  3.29e+00 3.33e-03  6.42e+01     0s
  17   1.28062352e+06  2.41057271e+06  3.13e+00 3.21e-03  6.08e+01     0s
  18   1.31564805e+06  2.44317176e+06  3.04e+00 3.06e-03  5.86e+01     0s
  19   1.31875092e+06  2.48603273e+06  3.03e+00 2.90e-03  5.75e+01     0s
  20   1.35752432e+06  2.55434892e+06  2.93e+00 2.82e-03  5.55e+01     0s
  21   1.36696490e+06  2.77581776e+06  2.90e+00 2.75e-03  5.56e+01     0s
  22   1.37414632e+06  2.80732356e+06  2.89e+00 2.73e-03  5.55e+01     0s
  23   1.40443068e+06  3.04868030e+06  2.79e+00 2.68e-03  5.02e+01     0s
  24   1.42182704e+06  3.09084027e+06  2.76e+00 2.66e-03  4.98e+01     0s
  25   1.43813814e+06  3.12138359e+06  2.74e+00 2.63e-03  4.96e+01     0s
  26   1.45620509e+06  3.14256266e+06  2.71e+00 2.58e-03  4.90e+01     0s
  27   1.47170779e+06  2.75108686e+06  2.69e+00 2.39e-03  5.10e+01     0s
  28   3.79045402e+08 -1.01372681e+08  3.88e+05 4.55e-13  1.30e+07     0s
  29   2.87442896e+07 -1.28617276e+08  6.16e+04 9.92e+02  2.14e+06     0s
  30   3.26885607e+06 -1.06874467e+08  5.80e+02 4.55e-12  4.47e+04     0s
  31   3.04496713e+06 -3.01785289e+07  5.07e+02 5.46e-12  2.04e+04     0s
  32   2.93186400e+06 -3.01240757e+07  4.78e+02 1.18e-11  1.95e+04     0s
  33   2.57283544e+06 -2.49537002e+07  2.46e+02 1.82e-11  1.22e+04     0s
  34   2.13874653e+06 -1.01159414e+07  7.88e+01 3.64e-12  4.37e+03     0s
  35   1.33754613e+06 -2.01156870e+06  2.43e+01 1.09e-11  1.15e+03     0s
  36   1.14961578e+06 -2.52877333e+05  1.22e+01 1.82e-11  5.01e+02     0s
  37   1.06888654e+06  5.58124695e+05  7.14e+00 3.93e-10  2.27e+02     0s
  38   1.03846382e+06  9.04221784e+05  5.23e+00 1.12e-09  1.50e+02     0s
  39   1.03056400e+06  1.49063794e+06  4.32e+00 1.05e-09  1.11e+02     0s
  40   1.04910040e+06  1.71349511e+06  4.18e+00 1.22e-09  1.12e+02     0s
  41   1.15449669e+06  1.82286002e+06  4.02e+00 9.31e-10  1.26e+02     0s
  42   1.16351587e+06  1.92521946e+06  3.97e+00 5.01e-09  1.23e+02     0s
  43   1.17301898e+06  2.18990578e+06  3.72e+00 3.20e-10  1.11e+02     0s
  44   1.18323189e+06  2.25718713e+06  3.67e+00 2.91e-10  1.09e+02     0s
  45   1.25743387e+06  2.24575674e+06  3.47e+00 2.15e-09  1.04e+02     0s
  46   1.32550854e+06  2.35396621e+06  3.27e+00 5.76e-09  9.71e+01     0s
  47   1.36045268e+06  2.38569505e+06  3.17e+00 7.45e-09  9.40e+01     0s
  48   1.39116263e+06  2.44066795e+06  3.08e+00 1.18e-08  9.39e+01     0s
  49   1.40889406e+06  2.56405497e+06  3.02e+00 8.50e-09  9.23e+01     0s
  50   1.42774309e+06  2.71448349e+06  2.94e+00 2.56e-09  8.83e+01     0s
  51   1.44507297e+06  2.85967101e+06  2.88e+00 3.49e-09  8.54e+01     0s
  52   1.48764608e+06  3.04721760e+06  2.77e+00 6.98e-10  8.00e+01     0s
  53   1.53509526e+06  2.96460520e+06  2.70e+00 6.64e-09  7.93e+01     0s
  54   1.58309092e+06  3.16248083e+06  2.62e+00 4.66e-09  7.64e+01     0s
  55   1.68874900e+06  3.24897848e+06  2.51e+00 1.49e-09  8.13e+01     0s
  56   1.69280788e+06  3.40247996e+06  2.50e+00 1.51e-09  8.13e+01     0s
  57   1.71192568e+06  3.51280066e+06  2.47e+00 2.56e-09  8.00e+01     0s
  58   1.72067551e+06  3.67467516e+06  2.46e+00 4.66e-10  7.97e+01     0s
  59   1.75746036e+06  3.87675945e+06  2.41e+00 2.20e-08  7.81e+01     0s
  60   1.81490734e+06  3.91823830e+06  2.34e+00 3.03e-09  7.61e+01     0s
  61   1.82917616e+06  4.04034403e+06  2.33e+00 4.66e-09  7.56e+01     0s
  62   1.85595209e+06  4.08220016e+06  2.30e+00 1.40e-09  7.46e+01     0s
  63   1.97883921e+06  4.09230870e+06  2.18e+00 2.12e-08  7.20e+01     0s
  64   2.06989589e+06  4.25000803e+06  2.09e+00 5.12e-09  6.85e+01     0s
  65   2.17908623e+06  4.41279979e+06  1.99e+00 1.02e-07  6.38e+01     0s
  66   2.20998570e+06  4.44556264e+06  1.96e+00 1.18e-07  6.29e+01     0s
  67   2.23550535e+06  4.47695342e+06  1.94e+00 1.14e-07  6.22e+01     0s
  68   2.25939011e+06  4.48852023e+06  1.92e+00 1.12e-07  6.14e+01     0s
  69   2.27163314e+06  4.62355852e+06  1.90e+00 9.85e-08  6.20e+01     0s
  70   2.28832963e+06  4.78886437e+06  1.88e+00 9.31e-08  6.12e+01     0s
  71   2.36510307e+06  5.03823388e+06  1.82e+00 2.47e-08  5.79e+01     0s
  72   2.61076602e+06  5.17342230e+06  1.65e+00 2.12e-08  5.05e+01     0s
  73   2.65535618e+06  5.19088747e+06  1.62e+00 2.58e-08  4.93e+01     0s
  74   2.66222204e+06  5.59450682e+06  1.62e+00 3.98e-08  4.93e+01     0s
  75   2.68472453e+06  5.67419818e+06  1.61e+00 5.82e-08  4.89e+01     0s
  76   2.72795123e+06  5.67294848e+06  1.58e+00 1.63e-09  4.83e+01     0s
  77   2.76927002e+06  6.03586942e+06  1.56e+00 4.66e-09  5.06e+01     0s
  78   2.79597037e+06  6.27160477e+06  1.55e+00 5.12e-09  4.96e+01     0s
  79   2.82555313e+06  6.53365336e+06  1.53e+00 1.82e-08  4.84e+01     0s
  80   2.87010289e+06  6.79971597e+06  1.51e+00 2.25e-08  4.77e+01     0s
  81   2.87151131e+06  6.84774531e+06  1.51e+00 2.28e-08  4.77e+01     0s
  82   2.88159741e+06  7.03969477e+06  1.51e+00 9.05e-09  4.79e+01     0s
  83   2.91703424e+06  7.23416269e+06  1.50e+00 3.91e-08  4.87e+01     0s
  84   3.17934974e+06  7.10064497e+06  1.42e+00 4.81e-08  5.40e+01     0s
  85   3.28532785e+06  7.12350512e+06  1.38e+00 4.03e-07  5.47e+01     0s
  86   3.30825425e+06  7.69212181e+06  1.37e+00 1.80e-08  5.38e+01     0s
  87   3.54487581e+06  7.23198992e+06  1.30e+00 2.47e-08  6.22e+01     0s
  88   3.55619712e+06  7.68345897e+06  1.30e+00 3.86e-08  5.76e+01     0s
  89   3.59538317e+06  8.47334633e+06  1.29e+00 1.35e-08  5.74e+01     0s
  90   3.61851596e+06  8.43852618e+06  1.29e+00 1.40e-08  5.75e+01     0s
  91   3.72431513e+06  8.08096802e+06  1.26e+00 1.19e-06  5.69e+01     0s
  92   3.72954893e+06  8.13068692e+06  1.26e+00 1.22e-09  5.60e+01     0s
  93   3.74578893e+06  8.60417559e+06  1.25e+00 9.59e-08  5.64e+01     0s
  94   3.79748586e+06  8.75808767e+06  1.24e+00 1.05e-07  5.50e+01     0s
  95   3.85083158e+06  8.70589324e+06  1.23e+00 8.91e-09  5.59e+01     0s
  96   3.94197993e+06  9.58934533e+06  1.21e+00 4.33e-08  6.17e+01     0s
  97   4.04829458e+06  1.00903099e+07  1.19e+00 3.24e-07  6.32e+01     0s
  98   4.65564915e+06  1.00359204e+07  1.08e+00 1.40e-07  6.05e+01     0s
  99   4.70319333e+06  1.02796382e+07  1.07e+00 9.31e-08  5.84e+01     0s
 100   4.78340953e+06  1.06881777e+07  1.05e+00 1.85e-07  5.63e+01     0s
 101   4.94209625e+06  1.07367723e+07  1.03e+00 1.99e-07  5.72e+01     0s
 102   5.11842688e+06  1.10061189e+07  9.96e-01 1.19e-06  5.26e+01     0s
 103   5.21612576e+06  1.12736650e+07  9.82e-01 3.07e-08  5.40e+01     0s
 104   5.42430144e+06  1.12111575e+07  9.49e-01 5.76e-07  5.18e+01     0s
 105   5.46669708e+06  1.14256882e+07  9.42e-01 7.75e-07  4.91e+01     0s
 106   5.70338904e+06  1.16471161e+07  9.05e-01 4.58e-07  4.57e+01     0s
 107   5.72062786e+06  1.17415531e+07  9.02e-01 2.90e-07  4.55e+01     0s
 108   5.75088800e+06  1.19980976e+07  8.97e-01 2.26e-07  4.58e+01     0s
 109   5.81009789e+06  1.21966132e+07  8.88e-01 8.74e-08  4.53e+01     0s
 110   5.85746224e+06  1.29094456e+07  8.80e-01 4.94e-08  4.34e+01     0s
 111   6.14437978e+06  1.29725698e+07  8.46e-01 1.20e-07  4.51e+01     0s
 112   6.31175395e+06  1.31248487e+07  8.26e-01 6.93e-07  4.29e+01     0s
 113   6.62328541e+06  1.31770204e+07  7.90e-01 1.47e-07  4.22e+01     0s
 114   6.92259778e+06  1.31216415e+07  7.54e-01 2.55e-06  4.19e+01     0s
 115   6.97904367e+06  1.31779260e+07  7.48e-01 1.61e-06  4.00e+01     0s
 116   7.03785283e+06  1.35660686e+07  7.40e-01 4.36e-07  3.93e+01     0s
 117   7.36703341e+06  1.35038864e+07  7.09e-01 4.41e-07  4.91e+01     0s
 118   7.43941852e+06  1.36576608e+07  7.00e-01 2.55e-07  4.69e+01     0s
 119   7.45392376e+06  1.37529265e+07  6.99e-01 1.23e-07  4.68e+01     0s
 120   7.95448247e+06  1.38283076e+07  6.43e-01 7.08e-08  4.21e+01     0s
 121   8.01187192e+06  1.38393710e+07  6.37e-01 9.37e-07  4.32e+01     0s
 122   8.04916704e+06  1.41393571e+07  6.32e-01 8.35e-07  4.34e+01     0s
 123   8.12117018e+06  1.49681506e+07  6.22e-01 7.01e-08  3.94e+01     0s
 124   8.20947204e+06  1.50300946e+07  6.14e-01 1.30e-08  3.86e+01     0s
 125   8.76882530e+06  1.51810549e+07  5.65e-01 2.68e-07  3.58e+01     0s
 126   8.95759900e+06  1.49608059e+07  5.48e-01 9.39e-07  3.93e+01     0s
 127   8.98218103e+06  1.53433882e+07  5.46e-01 1.47e-06  3.69e+01     0s
 128   9.00160502e+06  1.54464799e+07  5.44e-01 1.15e-07  3.64e+01     0s
 129   9.02671634e+06  1.54374991e+07  5.43e-01 1.23e-07  3.73e+01     0s
 130   9.06464554e+06  1.57635345e+07  5.39e-01 6.28e-07  3.80e+01     0s
 131   9.33229990e+06  1.58094533e+07  5.20e-01 2.24e-07  4.31e+01     0s
 132   9.61657900e+06  1.51389637e+07  5.00e-01 5.85e-06  6.35e+01     0s
 133   1.01851304e+07  1.59803163e+07  4.59e-01 1.76e-05  5.22e+01     0s
 134   1.02773320e+07  1.62803191e+07  4.52e-01 6.51e-06  4.59e+01     0s
 135   1.04384844e+07  1.63555502e+07  4.40e-01 7.18e-06  4.44e+01     0s
 136   1.05315336e+07  1.65026211e+07  4.33e-01 8.92e-06  4.47e+01     0s
 137   1.08803972e+07  1.67086889e+07  4.08e-01 8.04e-06  4.41e+01     0s
 138   1.11602606e+07  1.65946336e+07  3.88e-01 7.15e-07  4.55e+01     0s
 139   1.12140447e+07  1.66247483e+07  3.84e-01 7.32e-07  4.38e+01     0s
 140   1.13124652e+07  1.66618173e+07  3.77e-01 5.96e-07  4.32e+01     0s
 141   1.13996676e+07  1.66934693e+07  3.71e-01 9.31e-07  4.28e+01     0s
 142   1.14266730e+07  1.67290633e+07  3.70e-01 9.20e-07  4.25e+01     0s
 143   1.17091943e+07  1.68452948e+07  3.51e-01 3.17e-06  3.97e+01     0s
 144   1.18033297e+07  1.69107492e+07  3.44e-01 1.13e-06  3.88e+01     0s
 145   1.18055062e+07  1.70730988e+07  3.44e-01 6.61e-07  3.88e+01     0s
 146   1.18235467e+07  1.71879292e+07  3.43e-01 6.46e-07  3.89e+01     0s
 147   1.22298736e+07  1.69808322e+07  3.18e-01 6.98e-06  4.25e+01     0s
 148   1.22682937e+07  1.71884758e+07  3.16e-01 1.37e-06  4.17e+01     0s
 149   1.23640805e+07  1.75627453e+07  3.09e-01 1.54e-06  3.96e+01     0s
 150   1.24842925e+07  1.78474113e+07  3.03e-01 4.81e-06  4.30e+01     0s
 151   1.25064016e+07  1.79618456e+07  3.02e-01 4.30e-06  4.27e+01     0s
 152   1.27055899e+07  1.79508925e+07  2.91e-01 2.71e-06  4.32e+01     0s
 153   1.29264295e+07  1.81585772e+07  2.80e-01 2.18e-06  4.11e+01     0s
 154   1.30829812e+07  1.81624812e+07  2.72e-01 3.72e-06  3.95e+01     0s
 155   1.37078547e+07  1.81920348e+07  2.39e-01 3.87e-06  3.86e+01     0s
 156   1.40028045e+07  1.82314605e+07  2.24e-01 1.15e-05  3.57e+01     0s
 157   1.41300449e+07  1.82436926e+07  2.18e-01 9.78e-06  3.43e+01     0s
 158   1.44490996e+07  1.82488612e+07  2.01e-01 8.52e-06  3.14e+01     0s
 159   1.44964739e+07  1.82942806e+07  1.99e-01 6.45e-06  2.89e+01     0s
 160   1.45570173e+07  1.83395413e+07  1.96e-01 6.24e-06  2.80e+01     0s
 161   1.45648616e+07  1.83602142e+07  1.95e-01 6.18e-06  2.80e+01     0s
 162   1.45888226e+07  1.84236065e+07  1.94e-01 6.13e-06  2.77e+01     0s
 163   1.46548912e+07  1.85064310e+07  1.90e-01 3.09e-07  2.69e+01     0s
 164   1.51920892e+07  1.85480724e+07  1.64e-01 7.93e-07  2.32e+01     0s
 165   1.56231080e+07  1.85497728e+07  1.43e-01 6.86e-06  2.04e+01     0s
 166   1.56935658e+07  1.85564180e+07  1.40e-01 6.05e-06  1.91e+01     0s
 167   1.57308223e+07  1.86027553e+07  1.38e-01 5.75e-06  1.82e+01     0s
 168   1.58664681e+07  1.86059228e+07  1.32e-01 5.90e-06  1.77e+01     0s
 169   1.62504739e+07  1.86116886e+07  1.14e-01 5.83e-06  1.61e+01     0s
 170   1.68290814e+07  1.86074290e+07  8.61e-02 9.78e-06  1.35e+01     0s
 171   1.74216266e+07  1.86263505e+07  5.81e-02 9.95e-06  8.92e+00     0s
 172   1.75297885e+07  1.86293993e+07  5.29e-02 8.15e-06  7.90e+00     0s
 173   1.75737889e+07  1.86426873e+07  5.08e-02 1.10e-05  6.74e+00     0s
 174   1.75825237e+07  1.86690941e+07  5.04e-02 1.11e-05  6.69e+00     0s
 175   1.76112327e+07  1.86454248e+07  4.91e-02 1.14e-05  6.65e+00     0s
 176   1.76569217e+07  1.86713881e+07  4.70e-02 1.38e-06  6.15e+00     0s
 177   1.80882855e+07  1.86628269e+07  2.72e-02 1.15e-05  5.10e+00     0s
 178   1.85612389e+07  1.86635260e+07  5.57e-03 5.35e-05  4.53e+00     0s
 179   1.86426711e+07  1.86786775e+07  1.82e-03 1.45e-05  9.80e-01     0s
 180   1.86789609e+07  1.86805727e+07  1.42e-04 6.77e-06  3.58e-01     0s
 181   1.86810627e+07  1.86816621e+07  4.47e-05 6.26e-06  9.09e-02     0s
 182   1.86819264e+07  1.86820060e+07  4.41e-06 5.16e-06  4.22e-03     0s
 183   1.86820185e+07  1.86820189e+07  2.13e-08 2.42e-06  1.87e-05     0s
 184   1.86820189e+07  1.86820189e+07  2.12e-10 9.95e-07  2.20e-09     0s

Barrier solved model in 184 iterations and 0.45 seconds (0.31 work units)
Optimal objective 1.86820189e+07

Crossover time: 0.01 seconds (0.02 work units)

Root relaxation: objective 1.868202e+07, 194 iterations, 0.38 seconds (0.24 work units)

    Nodes    |    Current Node    |     Objective Bounds      |     Work
 Expl Unexpl |  Obj  Depth IntInf | Incumbent    BestBd   Gap | It/Node Time

     0     0 1.8682e+07    0    7 1.9800e+07 1.8682e+07  5.65%     -    0s
     0     0 1.8995e+07    0    6 1.9800e+07 1.8995e+07  4.07%     -    0s
     0     0 1.8996e+07    0    6 1.9800e+07 1.8996e+07  4.06%     -    0s
     0     0 1.8996e+07    0    6 1.9800e+07 1.8996e+07  4.06%     -    0s
     0     2 1.8996e+07    0    6 1.9800e+07 1.8996e+07  4.06%     -    0s

Cutting planes:
  Implied bound: 4
  MIR: 2
  Flow cover: 2
  RLT: 3
  Relax-and-lift: 2

Explored 10 nodes (747 simplex iterations) in 0.79 seconds (0.68 work units)
Thread count was 10 (of 10 available processors)

Solution count 1: 1.98e+07 

Optimal solution found (tolerance 5.00e-03)
Best objective 1.980000000000e+07, best bound 1.980000000000e+07, gap 0.0000%
