
Gurobi 13.0.3 (mac64[arm]) logging started Sat Sep 26 12:20:07 2026

Set parameter LogFile to value "/Users/ashutosh/Desktop/Two-stage-Model/certainty_results/full/solves/nnw_5_05_20M_phase2.log"
Gurobi Optimizer version 13.0.3 build v13.0.3rc0 (mac64[arm] - Darwin 27.0.0 26A428)

CPU model: Apple M1 Pro
Thread count: 10 physical cores, 10 logical processors, using up to 10 threads

Non-default parameters:
TimeLimit  21600
MIPGap  0.005
Method  2
LogToConsole  0

Optimize a model with 13537 rows, 5548 columns and 38777 nonzeros (Min)
Model fingerprint: 0x097be177
Model has 724 linear objective coefficients
Variable types: 3498 continuous, 2050 integer (1688 binary)
Coefficient statistics:
  Matrix range     [1e-03, 1e+05]
  Objective range  [2e+04, 1e+05]
  Bounds range     [1e+00, 3e+00]
  RHS range        [1e-02, 2e+07]

Loaded user MIP start with objective 1.9925e+07
MIP start from previous solve did not produce a new incumbent solution

Presolve removed 11473 rows and 3825 columns
Presolve time: 0.05s
Presolved: 2064 rows, 1723 columns, 8151 nonzeros
Variable types: 1471 continuous, 252 integer (252 binary)
Root barrier log...

Ordering time: 0.00s

Barrier statistics:
 AA' NZ     : 2.751e+04
 Factor NZ  : 8.793e+04 (roughly 2 MB of memory)
 Factor Ops : 7.293e+06 (less than 1 second per iteration)
 Threads    : 10

                  Objective                Residual
Iter       Primal          Dual         Primal    Dual     Compl     Time
   0   1.53994616e+08 -1.08110745e+08  1.09e+05 4.55e-13  3.75e+06     0s
   1   4.68821148e+07 -1.17883443e+08  2.96e+04 2.05e+03  1.05e+06     0s
   2   6.20224513e+06 -1.08441451e+08  5.63e+02 4.55e-12  4.42e+04     0s
   3   2.60643998e+06 -1.32086165e+07  9.32e+01 2.36e-10  5.48e+03     0s
   4   1.23775880e+06 -3.22415065e+06  4.08e+01 5.83e-12  1.63e+03     0s
   5   5.95303716e+05 -1.61077252e+06  1.93e+01 8.73e-10  7.66e+02     0s
   6   3.68287970e+05 -5.13215152e+05  1.18e+01 6.55e-11  3.74e+02     0s
   7   2.62883821e+05 -3.17618628e+04  8.20e+00 1.46e-10  2.30e+02     0s
   8   2.42774761e+05  5.44398554e+05  6.51e+00 3.49e-10  1.83e+02     0s
   9   2.52237902e+05  6.27961007e+05  6.36e+00 5.82e-10  1.78e+02     0s
  10   2.55246705e+05  8.46560037e+05  6.27e+00 9.90e-10  1.76e+02     0s
  11   2.69708906e+05  1.39720323e+06  5.97e+00 1.28e-09  1.65e+02     0s
  12   2.99531302e+05  1.81951107e+06  5.77e+00 2.44e-09  1.58e+02     0s
  13   3.57220494e+05  1.88824310e+06  5.56e+00 1.80e-09  1.51e+02     0s
  14   4.30386740e+05  2.14120078e+06  5.37e+00 5.01e-09  1.49e+02     0s
  15   6.32873244e+05  2.28192590e+06  4.88e+00 6.11e-09  1.40e+02     0s
  16   7.37585307e+05  2.15971320e+06  4.62e+00 6.58e-09  1.41e+02     0s
  17   7.99661526e+05  2.32521348e+06  4.46e+00 3.96e-09  1.34e+02     0s
  18   8.43848066e+05  2.44618575e+06  4.36e+00 4.42e-09  1.30e+02     0s
  19   8.97353845e+05  2.56465558e+06  4.24e+00 8.61e-09  1.24e+02     0s
  20   9.74953251e+05  3.01792162e+06  4.08e+00 5.70e-09  1.19e+02     0s
  21   1.11493026e+06  3.18130356e+06  3.86e+00 7.80e-09  1.16e+02     0s
  22   1.23163805e+06  3.65606727e+06  3.67e+00 7.33e-09  1.07e+02     0s
  23   1.31174939e+06  3.73535612e+06  3.56e+00 1.41e-08  1.03e+02     0s
  24   1.41143252e+06  3.82268408e+06  3.42e+00 1.68e-08  9.87e+01     0s
  25   1.45274990e+06  3.96008385e+06  3.37e+00 1.44e-08  9.57e+01     0s
  26   1.54434286e+06  4.21747986e+06  3.26e+00 8.96e-09  9.16e+01     0s
  27   1.58886848e+06  4.50761351e+06  3.21e+00 9.90e-09  9.03e+01     0s
  28   1.68097816e+06  4.61240241e+06  3.11e+00 1.55e-08  8.76e+01     0s
  29   1.74839943e+06  4.67426106e+06  3.05e+00 1.63e-08  8.61e+01     0s
  30   1.86966885e+06  4.86659630e+06  2.93e+00 2.24e-08  8.31e+01     0s
  31   1.92915856e+06  4.91653080e+06  2.88e+00 4.73e-08  8.06e+01     0s
  32   1.95030043e+06  4.93948595e+06  2.86e+00 3.57e-08  7.99e+01     0s
  33   2.03267061e+06  5.08372079e+06  2.78e+00 4.81e-08  7.75e+01     0s
  34   2.13447758e+06  5.12181634e+06  2.69e+00 5.82e-08  7.53e+01     0s
  35   2.21752108e+06  5.20615208e+06  2.62e+00 1.05e-07  7.32e+01     0s
  36   2.24571817e+06  5.25961286e+06  2.60e+00 2.22e-08  7.19e+01     0s
  37   2.35968002e+06  5.32991605e+06  2.51e+00 2.17e-08  6.94e+01     0s
  38   2.37477215e+06  5.38318613e+06  2.50e+00 2.17e-08  7.01e+01     0s
  39   2.41421211e+06  5.49171948e+06  2.47e+00 6.29e-08  6.92e+01     0s
  40   2.44156378e+06  5.59966692e+06  2.45e+00 5.84e-08  6.82e+01     0s
  41   1.35767526e+09 -2.18800804e+08  1.09e+06 9.09e-13  6.89e+07     0s
  42   3.25027000e+08 -2.63347557e+08  3.25e+05 3.71e+03  2.10e+07     0s
  43   2.95880539e+07 -3.01373584e+08  9.64e+03 1.18e-11  7.06e+05     0s
  44   1.39276989e+07 -1.82110734e+08  9.64e+02 1.27e-11  1.02e+05     0s
  45   8.50843213e+06 -4.38704609e+07  1.77e+02 1.11e-11  1.97e+04     0s
  46   2.51358801e+06 -1.06491525e+07  3.65e+01 1.09e-11  4.08e+03     0s
  47   1.24792041e+06 -3.54869835e+06  1.67e+01 2.40e-10  1.56e+03     0s
  48   7.80789930e+05 -1.18940420e+06  1.01e+01 5.82e-10  7.49e+02     0s
  49   6.37839270e+05 -3.53236542e+05  7.60e+00 5.97e-10  5.10e+02     0s
  50   6.03387229e+05  2.61296978e+05  6.68e+00 7.28e-10  4.23e+02     0s
  51   6.33621810e+05  8.46018071e+05  6.36e+00 2.15e-09  3.99e+02     0s
  52   7.08642151e+05  1.77830478e+06  5.49e+00 1.66e-08  3.25e+02     0s
  53   8.97273873e+05  1.95053229e+06  4.92e+00 1.39e-08  2.96e+02     0s
  54   1.03453864e+06  2.23539236e+06  4.53e+00 3.97e-08  2.64e+02     0s
  55   1.06270138e+06  2.32798692e+06  4.45e+00 3.85e-08  2.58e+02     0s
  56   1.08339464e+06  2.37934696e+06  4.39e+00 3.82e-08  2.54e+02     0s
  57   1.11151494e+06  2.44060438e+06  4.32e+00 3.38e-08  2.50e+02     0s
  58   1.19001763e+06  2.71095066e+06  4.13e+00 4.13e-08  2.36e+02     0s
  59   1.30919800e+06  2.95162533e+06  3.91e+00 9.43e-09  2.22e+02     0s
  60   1.35239697e+06  3.20285960e+06  3.83e+00 4.54e-09  2.15e+02     0s
  61   1.56985617e+06  3.47484127e+06  3.47e+00 5.24e-09  1.96e+02     0s
  62   1.62217045e+06  3.54844164e+06  3.39e+00 7.45e-09  1.91e+02     0s
  63   1.68876779e+06  3.76550050e+06  3.30e+00 6.29e-09  1.84e+02     0s
  64   1.77846765e+06  4.31409103e+06  3.19e+00 2.28e-08  1.76e+02     0s
  65   1.90167581e+06  4.44457443e+06  3.06e+00 2.54e-08  1.70e+02     0s
  66   2.13461342e+06  4.51701750e+06  2.83e+00 1.58e-08  1.64e+02     0s
  67   2.15226523e+06  4.60180702e+06  2.81e+00 4.77e-08  1.61e+02     0s
  68   2.21143748e+06  4.74272366e+06  2.75e+00 7.15e-08  1.56e+02     0s
  69   2.27988382e+06  4.89693333e+06  2.69e+00 1.46e-07  1.51e+02     0s
  70   2.41068918e+06  5.06512354e+06  2.57e+00 1.39e-07  1.41e+02     0s
  71   2.48215339e+06  5.24359531e+06  2.51e+00 9.87e-08  1.40e+02     0s
  72   2.54706024e+06  5.31789408e+06  2.46e+00 1.02e-07  1.38e+02     0s
  73   2.59173894e+06  5.58415711e+06  2.42e+00 3.00e-08  1.36e+02     0s
  74   2.63060723e+06  5.75071501e+06  2.39e+00 3.17e-08  1.34e+02     0s
  75   2.66956208e+06  6.03795085e+06  2.36e+00 3.49e-08  1.32e+02     0s
  76   2.70050984e+06  6.40863296e+06  2.34e+00 3.96e-08  1.30e+02     0s
  77   2.74016906e+06  7.08860960e+06  2.31e+00 5.31e-08  1.30e+02     0s
  78   2.83212306e+06  7.90641803e+06  2.27e+00 1.24e-07  1.27e+02     0s
  79   2.91021201e+06  8.02658815e+06  2.24e+00 4.24e-08  1.25e+02     0s
  80   3.06975680e+06  8.23230154e+06  2.17e+00 6.94e-08  1.21e+02     0s
  81   3.27845118e+06  8.28872798e+06  2.09e+00 6.85e-08  1.21e+02     0s
  82   3.46916754e+06  8.37802360e+06  2.02e+00 3.80e-07  1.19e+02     0s
  83   3.64404927e+06  8.53362138e+06  1.95e+00 2.82e-07  1.15e+02     0s
  84   3.72128461e+06  8.69183628e+06  1.92e+00 3.49e-07  1.12e+02     0s
  85   3.74912213e+06  8.93266527e+06  1.91e+00 3.54e-07  1.11e+02     0s
  86   3.91916837e+06  8.92011479e+06  1.85e+00 4.63e-07  1.09e+02     0s
  87   3.94565453e+06  9.36439589e+06  1.84e+00 4.41e-07  1.08e+02     0s
  88   4.09016400e+06  9.90688933e+06  1.80e+00 7.69e-07  1.06e+02     0s
  89   4.15244274e+06  1.00350858e+07  1.78e+00 5.38e-07  1.05e+02     0s
  90   4.17567506e+06  1.02290790e+07  1.77e+00 9.30e-07  1.04e+02     0s
  91   4.21271100e+06  1.03036869e+07  1.76e+00 7.87e-08  1.03e+02     0s
  92   4.31623398e+06  1.00745106e+07  1.74e+00 1.22e-07  1.05e+02     0s
  93   4.58366993e+06  1.03622755e+07  1.66e+00 6.43e-08  1.03e+02     0s
  94   4.75250795e+06  1.04906352e+07  1.62e+00 1.30e-06  1.01e+02     0s
  95   4.78300166e+06  1.08405966e+07  1.61e+00 1.59e-06  9.92e+01     0s
  96   4.90166444e+06  1.09688714e+07  1.58e+00 1.15e-06  9.80e+01     0s
  97   5.17594092e+06  1.10567636e+07  1.51e+00 3.84e-07  9.59e+01     0s
  98   5.59983642e+06  1.10508615e+07  1.41e+00 7.71e-07  9.32e+01     0s
  99   5.82444996e+06  1.10821221e+07  1.36e+00 4.34e-07  9.07e+01     0s
 100   5.99517699e+06  1.11040153e+07  1.31e+00 6.99e-07  9.03e+01     0s
 101   6.06507252e+06  1.11730032e+07  1.30e+00 7.12e-07  8.93e+01     0s
 102   6.19477411e+06  1.16442387e+07  1.27e+00 5.63e-07  8.36e+01     0s
 103   6.52057567e+06  1.16789734e+07  1.20e+00 4.96e-07  8.02e+01     0s
 104   6.63868887e+06  1.17435363e+07  1.17e+00 5.95e-06  7.49e+01     0s
 105   6.70589164e+06  1.18806994e+07  1.15e+00 4.81e-06  7.30e+01     0s
 106   6.73119277e+06  1.20389204e+07  1.15e+00 3.14e-06  7.10e+01     0s
 107   6.83389056e+06  1.22124218e+07  1.13e+00 3.25e-06  7.01e+01     0s
 108   6.93990155e+06  1.22135144e+07  1.11e+00 3.51e-06  6.88e+01     0s
 109   7.03285505e+06  1.25455866e+07  1.09e+00 3.13e-06  6.72e+01     0s
 110   7.05916595e+06  1.25817929e+07  1.08e+00 3.61e-06  6.76e+01     0s
 111   7.30482594e+06  1.25472493e+07  1.04e+00 1.57e-06  6.61e+01     0s
 112   7.42980000e+06  1.25715535e+07  1.01e+00 4.23e-07  6.47e+01     0s
 113   7.55715543e+06  1.27393030e+07  9.88e-01 1.20e-06  6.04e+01     0s
 114   7.57006437e+06  1.28945230e+07  9.85e-01 1.17e-06  6.02e+01     0s
 115   7.58864872e+06  1.31317155e+07  9.82e-01 1.17e-06  6.01e+01     0s
 116   7.62532366e+06  1.36053137e+07  9.76e-01 7.10e-07  5.91e+01     0s
 117   7.72288624e+06  1.37129593e+07  9.61e-01 1.08e-07  5.88e+01     0s
 118   7.75052357e+06  1.38597895e+07  9.57e-01 1.48e-07  5.84e+01     0s
 119   7.81991311e+06  1.43909380e+07  9.47e-01 1.47e-06  5.61e+01     0s
 120   7.95023303e+06  1.42537766e+07  9.29e-01 1.58e-06  5.78e+01     0s
 121   7.99680145e+06  1.47530341e+07  9.23e-01 2.92e-06  5.57e+01     0s
 122   8.05812398e+06  1.50345269e+07  9.15e-01 6.10e-07  5.45e+01     0s
 123   8.43777403e+06  1.50677594e+07  8.67e-01 6.15e-07  5.51e+01     0s
 124   8.52423909e+06  1.53733024e+07  8.56e-01 3.24e-06  5.20e+01     0s
 125   8.57159233e+06  1.60907016e+07  8.53e-01 2.46e-07  5.52e+01     0s
 126   8.68613979e+06  1.61571000e+07  8.41e-01 5.05e-07  5.55e+01     0s
 127   8.89992641e+06  1.62819658e+07  8.17e-01 2.83e-06  5.33e+01     0s
 128   9.02398851e+06  1.62970135e+07  8.04e-01 1.29e-06  5.18e+01     0s
 129   9.06239301e+06  1.64185976e+07  7.99e-01 1.31e-06  5.12e+01     0s
 130   9.41795069e+06  1.64561600e+07  7.61e-01 1.04e-06  4.89e+01     0s
 131   9.58228575e+06  1.64799712e+07  7.44e-01 3.43e-06  4.71e+01     0s
 132   9.63850086e+06  1.66030050e+07  7.38e-01 2.49e-06  4.68e+01     0s
 133   1.02222351e+07  1.66028907e+07  6.77e-01 4.32e-06  4.44e+01     0s
 134   1.02565141e+07  1.66640193e+07  6.73e-01 8.71e-07  4.29e+01     0s
 135   1.02674546e+07  1.69177701e+07  6.72e-01 8.73e-07  4.31e+01     0s
 136   1.08069992e+07  1.68269868e+07  6.20e-01 9.16e-07  4.63e+01     0s
 137   1.08746052e+07  1.69966654e+07  6.13e-01 1.57e-06  4.15e+01     0s
 138   1.09122174e+07  1.71312091e+07  6.09e-01 1.21e-07  4.05e+01     0s
 139   1.10542280e+07  1.72959757e+07  5.94e-01 1.44e-06  3.88e+01     0s
 140   1.11914701e+07  1.72768162e+07  5.82e-01 3.55e-06  3.78e+01     0s
 141   1.13476559e+07  1.73193596e+07  5.67e-01 2.33e-06  3.64e+01     0s
 142   1.13862924e+07  1.73893723e+07  5.63e-01 2.64e-06  3.60e+01     0s
 143   1.19153918e+07  1.73361907e+07  5.14e-01 1.03e-05  3.51e+01     0s
 144   1.19982924e+07  1.74005962e+07  5.07e-01 1.32e-05  3.28e+01     0s
 145   1.20028346e+07  1.74365876e+07  5.06e-01 1.29e-05  3.29e+01     0s
 146   1.20137213e+07  1.75428232e+07  5.05e-01 1.24e-05  3.30e+01     0s
 147   1.22450402e+07  1.75458598e+07  4.86e-01 1.81e-07  3.57e+01     0s
 148   1.24087119e+07  1.75353019e+07  4.71e-01 1.15e-06  3.41e+01     0s
 149   1.24488955e+07  1.76220022e+07  4.67e-01 2.83e-06  3.36e+01     0s
 150   1.25331019e+07  1.81209250e+07  4.59e-01 3.67e-06  3.31e+01     0s
 151   1.27130946e+07  1.83468071e+07  4.46e-01 3.53e-06  3.58e+01     0s
 152   1.30313929e+07  1.84017443e+07  4.22e-01 2.68e-05  3.72e+01     0s
 153   1.35023449e+07  1.82033262e+07  3.86e-01 5.35e-06  4.23e+01     0s
 154   1.41269056e+07  1.82107674e+07  3.38e-01 2.02e-05  4.21e+01     0s
 155   1.43428654e+07  1.83568685e+07  3.21e-01 1.62e-05  4.77e+01     0s
 156   1.44737271e+07  1.84446630e+07  3.11e-01 2.82e-06  4.59e+01     0s
 157   1.53652828e+07  1.84512602e+07  2.43e-01 6.98e-07  4.13e+01     0s
 158   1.61645929e+07  1.84821093e+07  1.83e-01 8.22e-06  3.13e+01     0s
 159   1.63199662e+07  1.85222304e+07  1.71e-01 1.41e-05  2.20e+01     0s
 160   1.63762572e+07  1.85851492e+07  1.67e-01 1.57e-05  1.97e+01     0s
 161   1.64330985e+07  1.86208079e+07  1.62e-01 1.56e-05  1.90e+01     0s
 162   1.65048866e+07  1.87021565e+07  1.57e-01 1.59e-05  1.77e+01     0s
 163   1.65638306e+07  1.87163536e+07  1.53e-01 1.56e-05  1.73e+01     0s
 164   1.66106813e+07  1.87375865e+07  1.49e-01 1.57e-05  1.68e+01     0s
 165   1.67296300e+07  1.87548141e+07  1.41e-01 1.42e-05  1.58e+01     0s
 166   1.67469533e+07  1.87673566e+07  1.40e-01 1.20e-05  1.54e+01     0s
 167   1.68076298e+07  1.87733082e+07  1.36e-01 1.24e-05  1.50e+01     0s
 168   1.68237712e+07  1.87835586e+07  1.35e-01 1.23e-05  1.47e+01     0s
 169   1.68773063e+07  1.88090941e+07  1.31e-01 8.96e-06  1.39e+01     0s
 170   1.69424496e+07  1.88113824e+07  1.27e-01 8.92e-06  1.37e+01     0s
 171   1.70003242e+07  1.88154008e+07  1.23e-01 8.08e-06  1.32e+01     0s
 172   1.70251777e+07  1.88092688e+07  1.21e-01 8.37e-06  1.27e+01     0s
 173   1.70635460e+07  1.88375980e+07  1.19e-01 1.41e-05  1.17e+01     0s
 174   1.70937152e+07  1.88455688e+07  1.17e-01 1.42e-05  1.14e+01     0s
 175   1.71810363e+07  1.88467711e+07  1.11e-01 1.41e-05  1.10e+01     0s
 176   1.73101741e+07  1.88459798e+07  1.03e-01 1.46e-05  1.03e+01     0s
 177   1.73702732e+07  1.88653817e+07  9.87e-02 1.81e-05  9.27e+00     0s
 178   1.74208041e+07  1.88734448e+07  9.53e-02 1.65e-05  8.82e+00     0s
 179   1.75351026e+07  1.88827879e+07  8.81e-02 1.97e-05  8.54e+00     0s
 180   1.75521365e+07  1.88844071e+07  8.70e-02 2.00e-05  8.38e+00     0s
 181   1.76275801e+07  1.88867856e+07  8.21e-02 1.54e-05  7.99e+00     0s
 182   1.76958193e+07  1.88889983e+07  7.77e-02 1.25e-05  7.48e+00     0s
 183   1.77774748e+07  1.88946523e+07  7.25e-02 7.38e-06  6.87e+00     0s
 184   1.78903980e+07  1.89019567e+07  6.53e-02 1.56e-05  6.01e+00     0s
 185   1.79202838e+07  1.89046045e+07  6.33e-02 2.47e-05  5.48e+00     0s
 186   1.79311125e+07  1.89023809e+07  6.27e-02 2.46e-05  5.50e+00     0s
 187   1.79366167e+07  1.89090518e+07  6.23e-02 2.09e-05  5.42e+00     0s
 188   1.79483397e+07  1.89122417e+07  6.16e-02 5.33e-07  5.34e+00     0s
 189   1.79500834e+07  1.89089265e+07  6.15e-02 4.15e-07  5.33e+00     0s
 190   1.79680911e+07  1.89124378e+07  6.03e-02 3.11e-07  5.21e+00     0s
 191   1.80016544e+07  1.89144061e+07  5.82e-02 2.13e-06  5.08e+00     1s
 192   1.80035237e+07  1.89174962e+07  5.81e-02 2.47e-06  5.07e+00     1s
 193   1.80097979e+07  1.89205448e+07  5.77e-02 2.64e-06  4.99e+00     1s
 194   1.80219851e+07  1.89215303e+07  5.69e-02 1.15e-06  4.94e+00     1s
 195   1.80794984e+07  1.89257317e+07  5.33e-02 1.11e-06  4.67e+00     1s
 196   1.81213224e+07  1.89262507e+07  5.07e-02 2.91e-07  4.50e+00     1s
 197   1.81300826e+07  1.89268399e+07  5.01e-02 1.68e-06  4.42e+00     1s
 198   1.82237226e+07  1.89274511e+07  4.43e-02 6.70e-06  3.95e+00     1s
 199   1.82964147e+07  1.89280316e+07  3.98e-02 7.19e-06  3.51e+00     1s
 200   1.83809332e+07  1.89292772e+07  3.45e-02 1.09e-05  3.08e+00     1s
 201   1.83825635e+07  1.89297163e+07  3.44e-02 1.20e-05  3.06e+00     1s
 202   1.84009626e+07  1.89302298e+07  3.33e-02 1.35e-05  2.98e+00     1s
 203   1.84031604e+07  1.89505565e+07  3.31e-02 1.40e-06  3.03e+00     1s
 204   1.84066677e+07  1.89651687e+07  3.29e-02 1.58e-06  3.06e+00     1s
 205   1.84101916e+07  1.89757293e+07  3.26e-02 1.83e-07  2.90e+00     1s
 206   1.84127077e+07  1.89443541e+07  3.25e-02 2.40e-07  2.92e+00     1s
 207   1.84141087e+07  1.89553663e+07  3.24e-02 1.83e-07  2.92e+00     1s
 208   1.84142485e+07  1.89615458e+07  3.24e-02 8.20e-08  2.94e+00     1s
 209   1.84170815e+07  1.89640989e+07  3.24e-02 2.98e-08  3.31e+00     1s

Barrier performed 209 iterations in 0.54 seconds (0.32 work units)
Sub-optimal termination - objective 1.84170815e+07

Crossover time: 0.07 seconds (0.11 work units)
Crossover changed status from Sub-Optimal to Optimal

Extra simplex iterations after uncrush: 4

Root relaxation: objective 1.909541e+07, 2307 iterations, 0.54 seconds (0.36 work units)

    Nodes    |    Current Node    |     Objective Bounds      |     Work
 Expl Unexpl |  Obj  Depth IntInf | Incumbent    BestBd   Gap | It/Node Time

     0     0 1.9095e+07    0    8 1.9925e+07 1.9095e+07  4.16%     -    0s
     0     0 1.9413e+07    0   12 1.9925e+07 1.9413e+07  2.57%     -    0s
     0     0 1.9413e+07    0   12 1.9925e+07 1.9413e+07  2.57%     -    0s
     0     0 1.9413e+07    0   11 1.9925e+07 1.9413e+07  2.57%     -    0s
     0     0 1.9415e+07    0   11 1.9925e+07 1.9415e+07  2.56%     -    0s
     0     0 1.9415e+07    0   11 1.9925e+07 1.9415e+07  2.56%     -    0s
     0     2 1.9435e+07    0   11 1.9925e+07 1.9435e+07  2.46%     -    1s

Cutting planes:
  Implied bound: 7
  MIR: 5
  Flow cover: 5
  RLT: 7
  Relax-and-lift: 3

Explored 7 nodes (2967 simplex iterations) in 1.06 seconds (0.91 work units)
Thread count was 10 (of 10 available processors)

Solution count 1: 1.9925e+07 

Optimal solution found (tolerance 5.00e-03)
Best objective 1.992500000000e+07, best bound 1.992500000000e+07, gap 0.0000%
