
Gurobi 13.0.3 (mac64[arm]) logging started Sat Sep 26 12:20:52 2026

Set parameter LogFile to value "/Users/ashutosh/Desktop/Two-stage-Model/certainty_results/full/solves/nnw_5_25_0M_phase1.log"
Gurobi Optimizer version 13.0.3 build v13.0.3rc0 (mac64[arm] - Darwin 27.0.0 26A428)

CPU model: Apple M1 Pro
Thread count: 10 physical cores, 10 logical processors, using up to 10 threads

Non-default parameters:
TimeLimit  21600
MIPGap  0.005
Method  2
LogToConsole  0

Optimize a model with 13523 rows, 5548 columns and 38075 nonzeros (Min)
Model fingerprint: 0x204e7526
Model has 663 linear objective coefficients and an objective constant of 396.859633
Variable types: 3498 continuous, 2050 integer (1688 binary)
Coefficient statistics:
  Matrix range     [1e-03, 1e+05]
  Objective range  [1e+00, 1e+00]
  Bounds range     [1e+00, 3e+00]
  RHS range        [1e-02, 2e+04]

Presolve removed 12778 rows and 4404 columns
Presolve time: 0.02s
Presolved: 745 rows, 1144 columns, 3817 nonzeros
Variable types: 1007 continuous, 137 integer (137 binary)
Found heuristic solution: objective 86.6049000
Root barrier log...

Ordering time: 0.00s

Barrier statistics:
 AA' NZ     : 5.182e+03
 Factor NZ  : 2.064e+04 (roughly 1 MB of memory)
 Factor Ops : 8.315e+05 (less than 1 second per iteration)
 Threads    : 1

                  Objective                Residual
Iter       Primal          Dual         Primal    Dual     Compl     Time
   0  -1.58326548e+04 -1.27934741e+05  7.85e+01 2.69e+00  3.03e+02     0s
   1  -1.04723949e+03 -4.64357975e+04  5.92e+00 1.78e-14  3.44e+01     0s
   2   9.70038792e+01 -8.81393751e+03  5.01e-01 6.61e-13  4.38e+00     0s
   3   1.64677275e+02 -1.89523443e+03  1.39e-02 4.23e-13  8.52e-01     0s
   4   1.06295072e+02 -1.45387696e+02  2.29e-05 6.39e-14  1.03e-01     0s
   5   5.68362465e+01 -1.25605931e+01  3.64e-06 1.07e-14  2.84e-02     0s
   6   4.58722853e+01  1.70266755e+01  1.48e-06 7.11e-15  1.18e-02     0s
   7   4.11007098e+01  2.94979608e+01  4.94e-07 3.55e-15  4.75e-03     0s
   8   3.91697102e+01  3.22610098e+01  1.34e-07 3.55e-15  2.83e-03     0s
   9   3.86362002e+01  3.58534631e+01  5.47e-08 3.67e-15  1.14e-03     0s
  10   3.85975285e+01  3.71485700e+01  3.62e-08 3.55e-15  5.93e-04     0s
  11   3.82608624e+01  3.79541615e+01  1.99e-10 3.55e-15  1.25e-04     0s
  12   3.82194275e+01  3.81443306e+01  1.09e-10 3.55e-15  3.07e-05     0s
  13   3.82116559e+01  3.81840672e+01  7.91e-11 3.55e-15  1.13e-05     0s
  14   3.82101893e+01  3.81886378e+01  1.04e-08 3.55e-15  8.81e-06     0s
  15   3.81948540e+01  3.81936657e+01  1.05e-09 3.55e-15  4.86e-07     0s
  16   3.81944340e+01  3.81944288e+01  6.26e-09 7.11e-15  2.15e-09     0s
  17   3.81944308e+01  3.81944308e+01  4.10e-09 3.55e-15  1.20e-12     0s

Barrier solved model in 17 iterations and 0.06 seconds (0.06 work units)
Optimal objective 3.81944308e+01

Crossover time: 0.00 seconds (0.00 work units)

Root relaxation: objective 3.819443e+01, 50 iterations, 0.02 seconds (0.02 work units)

    Nodes    |    Current Node    |     Objective Bounds      |     Work
 Expl Unexpl |  Obj  Depth IntInf | Incumbent    BestBd   Gap | It/Node Time

     0     0   38.19443    0    2   86.60490   38.19443  55.9%     -    0s
H    0     0                      86.5188600   38.19443  55.9%     -    0s
H    0     0                      38.2042559   38.19443  0.03%     -    0s
H    0     0                      38.1960820   38.19443  0.00%     -    0s

Explored 1 nodes (50 simplex iterations) in 0.09 seconds (0.08 work units)
Thread count was 10 (of 10 available processors)

Solution count 4: 38.1961 38.2043 86.5189 86.6049 

Optimal solution found (tolerance 5.00e-03)
Best objective 3.819608196849e+01, best bound 3.819443078338e+01, gap 0.0043%
