
Gurobi 13.0.3 (mac64[arm]) logging started Sat Sep 26 12:20:58 2026

Set parameter LogFile to value "/Users/ashutosh/Desktop/Two-stage-Model/certainty_results/full/solves/nnw_5_25_40M_phase1.log"
Gurobi Optimizer version 13.0.3 build v13.0.3rc0 (mac64[arm] - Darwin 27.0.0 26A428)

CPU model: Apple M1 Pro
Thread count: 10 physical cores, 10 logical processors, using up to 10 threads

Non-default parameters:
TimeLimit  21600
MIPGap  0.005
Method  2
LogToConsole  0

Optimize a model with 13523 rows, 5548 columns and 38075 nonzeros (Min)
Model fingerprint: 0x49baa3d9
Model has 663 linear objective coefficients and an objective constant of 396.859633
Variable types: 3498 continuous, 2050 integer (1688 binary)
Coefficient statistics:
  Matrix range     [1e-03, 1e+05]
  Objective range  [1e+00, 1e+00]
  Bounds range     [1e+00, 3e+00]
  RHS range        [1e-02, 4e+07]

Loaded user MIP start with objective 0.38925
MIP start from previous solve did not produce a new incumbent solution

Presolve removed 12137 rows and 3948 columns
Presolve time: 0.05s
Presolved: 1386 rows, 1600 columns, 5918 nonzeros
Variable types: 1382 continuous, 218 integer (218 binary)
Root barrier log...

Ordering time: 0.00s

Barrier statistics:
 AA' NZ     : 1.297e+04
 Factor NZ  : 4.996e+04 (roughly 2 MB of memory)
 Factor Ops : 3.366e+06 (less than 1 second per iteration)
 Threads    : 1

                  Objective                Residual
Iter       Primal          Dual         Primal    Dual     Compl     Time
   0  -5.95593549e+04 -2.10091064e+05  2.56e+02 2.76e+00  8.75e+02     0s
   1  -5.81197686e+03 -1.49323021e+05  2.51e+01 2.31e+00  1.16e+02     0s
   2  -5.10166498e+02 -7.65381317e+04  2.69e+00 7.32e-01  2.80e+01     0s
   3  -2.56676596e+01 -2.74028623e+04  5.60e-01 1.45e-01  8.50e+00     0s
   4   6.16801315e+01 -3.56972653e+03  2.87e-02 9.73e-03  1.02e+00     0s
   5   4.96297018e+01 -5.78048010e+02  5.52e-04 9.39e-04  1.72e-01     0s
   6   1.49749142e+01 -8.29999832e+01  3.08e-05 7.11e-15  2.67e-02     0s
   7   3.22956692e+00 -3.19875296e+01  5.96e-06 3.55e-15  9.59e-03     0s
   8   4.76262272e-01 -8.01260940e+00  1.09e-07 3.55e-15  2.31e-03     0s
   9   6.94585337e-02 -1.20726591e+00  4.55e-10 3.55e-15  3.46e-04     0s
  10   5.38772010e-03 -5.12839728e-02  2.33e-11 7.11e-15  1.53e-05     0s
  11   2.52634294e-04 -1.68754886e-03  1.17e-11 3.55e-15  5.24e-07     0s
  12   9.20860145e-07 -1.86058929e-06  1.56e-11 3.55e-15  7.49e-10     0s
  13   3.97903932e-13 -1.13686838e-12  8.38e-12 7.11e-15  1.19e-15     0s

Barrier solved model in 13 iterations and 0.09 seconds (0.10 work units)
Optimal objective 3.97903932e-13


Restart crossover...

Crossover time: 0.02 seconds (0.02 work units)

Root relaxation: objective -3.410605e-13, 408 iterations, 0.04 seconds (0.05 work units)

    Nodes    |    Current Node    |     Objective Bounds      |     Work
 Expl Unexpl |  Obj  Depth IntInf | Incumbent    BestBd   Gap | It/Node Time

     0     0    0.00000    0    1    0.38925    0.00000   100%     -    0s
     0     0    0.00000    0    4    0.38925    0.00000   100%     -    0s
     0     0    0.00000    0    4    0.38925    0.00000   100%     -    0s
     0     0    0.00000    0    4    0.38925    0.00000   100%     -    0s
     0     0    0.00000    0    4    0.38925    0.00000   100%     -    0s
     0     2    0.00000    0    4    0.38925    0.00000   100%     -    0s
*    2     1               1      -0.0000000   -0.00000  0.00%   240    0s

Cutting planes:
  Implied bound: 1
  MIR: 6

Explored 3 nodes (1123 simplex iterations) in 0.35 seconds (0.46 work units)
Thread count was 10 (of 10 available processors)

Solution count 2: -3.41061e-13 0.38925 

Optimal solution found (tolerance 5.00e-03)
Best objective -3.410605131648e-13, best bound -3.410605131648e-13, gap 0.0000%
