
Gurobi 13.0.3 (mac64[arm]) logging started Sat Sep 26 12:20:46 2026

Set parameter LogFile to value "/Users/ashutosh/Desktop/Two-stage-Model/certainty_results/full/solves/nnw_5_15_30M_phase1.log"
Gurobi Optimizer version 13.0.3 build v13.0.3rc0 (mac64[arm] - Darwin 27.0.0 26A428)

CPU model: Apple M1 Pro
Thread count: 10 physical cores, 10 logical processors, using up to 10 threads

Non-default parameters:
TimeLimit  21600
MIPGap  0.005
Method  2
LogToConsole  0

Optimize a model with 13541 rows, 5548 columns and 38129 nonzeros (Min)
Model fingerprint: 0x58a00086
Model has 663 linear objective coefficients and an objective constant of 396.859633
Variable types: 3498 continuous, 2050 integer (1688 binary)
Coefficient statistics:
  Matrix range     [1e-03, 1e+05]
  Objective range  [1e+00, 1e+00]
  Bounds range     [1e+00, 3e+00]
  RHS range        [1e-02, 3e+07]

Loaded user MIP start with objective 5.3236
MIP start from previous solve did not produce a new incumbent solution

Presolve removed 11493 rows and 3822 columns
Presolve time: 0.05s
Presolved: 2048 rows, 1726 columns, 7743 nonzeros
Variable types: 1479 continuous, 247 integer (247 binary)
Root barrier log...

Ordering time: 0.00s

Barrier statistics:
 AA' NZ     : 2.770e+04
 Factor NZ  : 8.127e+04 (roughly 2 MB of memory)
 Factor Ops : 5.870e+06 (less than 1 second per iteration)
 Threads    : 10

                  Objective                Residual
Iter       Primal          Dual         Primal    Dual     Compl     Time
   0  -9.27043031e+05 -5.55121150e+05  2.69e+04 2.69e+00  1.38e+04     0s
   1  -4.31185095e+05 -5.57882220e+05  1.25e+04 8.33e+00  6.55e+03     0s
   2  -5.53800642e+03 -5.08927645e+05  1.69e+02 2.13e-14  2.02e+02     0s
   3  -4.57447869e+02 -9.03976150e+04  1.93e+01 1.22e-12  2.70e+01     0s
   4   1.35786328e+02 -2.50075630e+04  1.63e+00 3.30e-13  5.98e+00     0s
   5   1.66375542e+02 -5.11932236e+03  2.74e-02 6.75e-14  1.20e+00     0s
   6   1.24312968e+02 -1.71274149e+03  7.07e-03 2.02e-14  4.15e-01     0s
   7   8.17653378e+01 -5.91453537e+02  2.50e-03 6.22e-15  1.52e-01     0s
   8   4.02652306e+01 -2.08365657e+02  8.76e-04 5.33e-15  5.62e-02     0s
   9   1.42480956e+01 -6.54477212e+01  1.97e-04 3.55e-15  1.80e-02     0s
  10   6.02711610e+00 -1.20794669e+01  4.21e-05 7.11e-15  4.09e-03     0s
  11   3.42198760e+00 -2.47597566e+00  1.44e-05 3.55e-15  1.33e-03     0s
  12   2.45408521e+00 -9.10293583e-02  6.60e-06 3.55e-15  5.75e-04     0s
  13   1.85184376e+00  1.08644911e+00  2.20e-06 3.55e-15  1.73e-04     0s
  14   1.69847019e+00  1.38268851e+00  1.10e-06 3.55e-15  7.13e-05     0s
  15   1.62960688e+00  1.47244199e+00  5.55e-07 7.11e-15  3.55e-05     0s
  16   1.58261207e+00  1.53374839e+00  2.00e-07 3.55e-15  1.10e-05     0s
  17   1.56045441e+00  1.54646973e+00  3.12e-08 3.55e-15  3.16e-06     0s
  18   1.55849551e+00  1.55213444e+00  1.82e-08 3.55e-15  1.44e-06     0s
  19   1.55708672e+00  1.55369221e+00  1.02e-08 3.55e-15  7.67e-07     0s
  20   1.55624661e+00  1.55476723e+00  5.13e-09 3.55e-15  3.34e-07     0s
  21   1.55562436e+00  1.55506904e+00  1.40e-09 3.55e-15  1.25e-07     0s
  22   1.55541629e+00  1.55529709e+00  2.57e-10 7.11e-15  2.69e-08     0s
  23   1.55538057e+00  1.55537174e+00  2.62e-10 7.11e-15  1.99e-09     0s
  24   1.55537748e+00  1.55537723e+00  5.29e-10 1.01e-14  5.84e-11     0s

Barrier solved model in 24 iterations and 0.12 seconds (0.11 work units)
Optimal objective 1.55537748e+00

Crossover time: 0.02 seconds (0.03 work units)

Root relaxation: objective 1.555377e+00, 445 iterations, 0.07 seconds (0.06 work units)

    Nodes    |    Current Node    |     Objective Bounds      |     Work
 Expl Unexpl |  Obj  Depth IntInf | Incumbent    BestBd   Gap | It/Node Time

     0     0    1.55538    0   28    5.32360    1.55538  70.8%     -    0s
H    0     0                       4.7189137    1.55538  67.0%     -    0s
     0     0    1.60340    0   29    4.71891    1.60340  66.0%     -    0s
     0     0    1.62217    0   32    4.71891    1.62217  65.6%     -    0s
     0     0    1.62245    0   31    4.71891    1.62245  65.6%     -    0s
     0     0    1.62496    0   30    4.71891    1.62496  65.6%     -    0s
H    0     0                       4.4531598    1.62496  63.5%     -    0s
     0     0    1.63110    0   30    4.45316    1.63110  63.4%     -    0s
     0     0    1.63444    0   30    4.45316    1.63444  63.3%     -    0s
H    0     0                       4.4403930    1.63444  63.2%     -    0s
     0     0    1.63444    0   31    4.44039    1.63444  63.2%     -    0s
H    0     0                       4.4397735    1.63444  63.2%     -    0s
     0     0    1.63451    0   33    4.43977    1.63451  63.2%     -    0s
     0     0    1.63528    0   32    4.43977    1.63528  63.2%     -    0s
     0     0    1.64037    0   30    4.43977    1.64037  63.1%     -    0s
     0     0    1.64108    0   31    4.43977    1.64108  63.0%     -    0s
     0     0    1.64144    0   31    4.43977    1.64144  63.0%     -    0s
     0     0    1.64306    0   36    4.43977    1.64306  63.0%     -    0s
H    0     0                       4.3466976    1.64306  62.2%     -    0s
H    0     0                       4.1482317    1.64447  60.4%     -    0s
H    0     0                       4.1482316    1.64447  60.4%     -    0s
H    0     0                       4.1482316    1.64447  60.4%     -    0s
     0     0    1.64447    0   29    4.14823    1.64447  60.4%     -    0s
     0     0    1.64448    0   29    4.14823    1.64448  60.4%     -    0s
     0     0    1.64449    0   29    4.14823    1.64449  60.4%     -    0s
     0     0    1.64449    0   29    4.14823    1.64449  60.4%     -    0s
     0     0    1.64449    0   27    4.14823    1.64449  60.4%     -    0s
     0     2    1.64449    0   27    4.14823    1.64449  60.4%     -    0s
H   10    16                       4.1482314    1.64781  60.3%   161    0s
H   29    40                       2.5518881    1.64903  35.4%   168    1s
H   85    77                       2.5462666    1.64988  35.2%   100    1s
H  126   123                       2.5462665    1.64988  35.2%  98.9    1s
H  159   138                       2.5462665    1.64992  35.2%   104    1s
H  186   154                       2.0877600    1.64992  21.0%   114    1s
*  233   131               9       2.0605200    1.64992  19.9%   116    1s
H  268   122                       1.9648909    1.71568  12.7%   123    1s
*  324    96              10       1.9459200    1.75079  10.0%   120    1s

Cutting planes:
  Learned: 1
  Cover: 7
  Implied bound: 9
  MIR: 37
  StrongCG: 4
  Flow cover: 20
  Relax-and-lift: 3

Explored 422 nodes (44702 simplex iterations) in 1.70 seconds (3.72 work units)
Thread count was 10 (of 10 available processors)

Solution count 10: 1.94592 1.96489 2.06052 ... 4.14823

Optimal solution found (tolerance 5.00e-03)
Best objective 1.945920000000e+00, best bound 1.945920000000e+00, gap 0.0000%
