
Gurobi 13.0.3 (mac64[arm]) logging started Sat Sep 26 12:20:04 2026

Set parameter LogFile to value "/Users/ashutosh/Desktop/Two-stage-Model/certainty_results/full/solves/nnw_5_05_10M_phase2.log"
Gurobi Optimizer version 13.0.3 build v13.0.3rc0 (mac64[arm] - Darwin 27.0.0 26A428)

CPU model: Apple M1 Pro
Thread count: 10 physical cores, 10 logical processors, using up to 10 threads

Non-default parameters:
TimeLimit  21600
MIPGap  0.005
Method  2
LogToConsole  0

Optimize a model with 13537 rows, 5548 columns and 38777 nonzeros (Min)
Model fingerprint: 0x6f2d7b1f
Model has 724 linear objective coefficients
Variable types: 3498 continuous, 2050 integer (1688 binary)
Coefficient statistics:
  Matrix range     [1e-03, 1e+05]
  Objective range  [2e+04, 1e+05]
  Bounds range     [1e+00, 3e+00]
  RHS range        [1e-02, 1e+07]

Loaded user MIP start with objective 1e+07
MIP start from previous solve did not produce a new incumbent solution

Presolve removed 11473 rows and 3825 columns
Presolve time: 0.05s
Presolved: 2064 rows, 1723 columns, 8151 nonzeros
Variable types: 1471 continuous, 252 integer (252 binary)
Root barrier log...

Ordering time: 0.00s

Barrier statistics:
 AA' NZ     : 2.751e+04
 Factor NZ  : 8.793e+04 (roughly 2 MB of memory)
 Factor Ops : 7.293e+06 (less than 1 second per iteration)
 Threads    : 10

                  Objective                Residual
Iter       Primal          Dual         Primal    Dual     Compl     Time
   0   1.96248554e+08 -1.08128959e+08  1.50e+05 4.55e-13  5.18e+06     0s
   1   5.29106977e+07 -1.27846711e+08  4.25e+04 1.76e+03  1.50e+06     0s
   2   6.76048357e+06 -1.12136036e+08  6.22e+02 4.55e-12  4.76e+04     0s
   3   2.60277556e+06 -1.63290791e+07  8.08e+01 1.36e-11  6.04e+03     0s
   4   1.16098216e+06 -3.74478501e+06  3.23e+01 7.28e-12  1.62e+03     0s
   5   5.85109512e+05 -1.79575852e+06  1.61e+01 1.20e-10  7.68e+02     0s
   6   3.60561669e+05 -5.97711526e+05  9.77e+00 1.31e-10  3.57e+02     0s
   7   2.67443107e+05 -5.06288412e+04  7.11e+00 2.18e-10  2.09e+02     0s
   8   2.31843938e+05  4.56385355e+05  5.43e+00 5.24e-10  1.50e+02     0s
   9   2.43666261e+05  5.28350967e+05  5.13e+00 6.69e-10  1.40e+02     0s
  10   2.46847386e+05  7.12112429e+05  5.05e+00 9.02e-10  1.38e+02     0s
  11   2.54036488e+05  1.11776958e+06  4.84e+00 2.50e-09  1.32e+02     0s
  12   2.68958144e+05  1.56593129e+06  4.72e+00 9.90e-10  1.29e+02     0s
  13   3.07440023e+05  1.54921686e+06  4.59e+00 1.34e-09  1.24e+02     0s
  14   3.85802315e+05  1.74204239e+06  4.36e+00 2.62e-09  1.19e+02     0s
  15   4.47517256e+05  1.86730069e+06  4.18e+00 4.42e-09  1.14e+02     0s
  16   5.57533201e+05  2.02000591e+06  3.90e+00 2.68e-09  1.05e+02     0s
  17   6.60904926e+05  2.07408860e+06  3.65e+00 8.27e-09  9.75e+01     0s
  18   7.30860345e+05  2.10428818e+06  3.49e+00 1.19e-08  9.28e+01     0s
  19   7.49173139e+05  2.11454752e+06  3.44e+00 1.37e-08  9.15e+01     0s
  20   7.88516148e+05  2.18991450e+06  3.35e+00 1.12e-08  8.74e+01     0s
  21   8.15231659e+05  2.25461092e+06  3.29e+00 1.92e-08  8.52e+01     0s
  22   8.20396459e+05  2.30421706e+06  3.28e+00 1.79e-08  8.48e+01     0s
  23   8.26094481e+05  2.35573476e+06  3.27e+00 1.53e-08  8.43e+01     0s
  24   8.51018866e+05  2.39170461e+06  3.21e+00 9.90e-09  8.29e+01     0s
  25   8.91971997e+05  2.54695735e+06  3.13e+00 9.20e-09  8.07e+01     0s
  26   9.75649472e+05  2.70971375e+06  3.00e+00 7.57e-09  7.85e+01     0s
  27   1.05616951e+06  2.76481175e+06  2.87e+00 8.50e-09  7.56e+01     0s
  28   1.07953864e+06  2.81905259e+06  2.84e+00 4.05e-08  7.48e+01     0s
  29   1.15027836e+06  2.86019070e+06  2.75e+00 5.98e-08  7.42e+01     0s
  30   1.20722013e+06  2.94972664e+06  2.67e+00 4.37e-08  7.09e+01     0s
  31   1.28073705e+06  3.06662428e+06  2.57e+00 8.73e-08  6.69e+01     0s
  32   1.39212423e+06  3.15524997e+06  2.42e+00 1.07e-07  6.26e+01     0s
  33   1.44443198e+06  3.38854432e+06  2.36e+00 2.72e-07  5.87e+01     0s
  34   1.50854122e+06  3.60545443e+06  2.28e+00 2.60e-07  5.64e+01     0s
  35   1.58633205e+06  3.76748640e+06  2.20e+00 2.15e-07  5.39e+01     0s
  36   1.69923549e+06  3.83830506e+06  2.10e+00 2.43e-07  5.19e+01     0s
  37   1.76463444e+06  3.87239188e+06  2.04e+00 2.54e-07  5.02e+01     0s
  38   1.78760625e+06  3.81832293e+06  2.02e+00 2.44e-07  5.14e+01     0s
  39   1.87562421e+06  3.91486975e+06  1.94e+00 5.57e-07  4.80e+01     0s
  40   1.92892685e+06  4.07256239e+06  1.89e+00 7.60e-07  4.57e+01     0s
  41   1.99716476e+06  4.12174161e+06  1.83e+00 1.25e-06  4.41e+01     0s
  42   2.01808405e+06  4.13631969e+06  1.81e+00 1.26e-06  4.37e+01     0s
  43   2.09637954e+06  4.18758893e+06  1.75e+00 1.26e-06  4.16e+01     0s
  44   2.19945886e+06  4.22340548e+06  1.67e+00 9.10e-07  3.92e+01     0s
  45   2.24473531e+06  4.30550693e+06  1.63e+00 9.82e-07  3.87e+01     0s
  46   2.36987641e+06  4.36296343e+06  1.54e+00 6.89e-07  3.84e+01     0s
  47   2.38949921e+06  4.39005891e+06  1.53e+00 6.71e-07  3.79e+01     0s
  48   2.40861003e+06  4.44956006e+06  1.52e+00 9.02e-07  3.67e+01     0s
  49   2.41972318e+06  4.51138119e+06  1.51e+00 7.89e-07  3.64e+01     0s
  50   2.46454803e+06  4.57788249e+06  1.48e+00 8.87e-07  3.55e+01     0s
  51   2.49695187e+06  4.66689757e+06  1.45e+00 8.57e-07  3.47e+01     0s
  52   2.51270818e+06  4.79930982e+06  1.45e+00 7.47e-07  3.58e+01     0s
  53   1.86358698e+09 -3.11600270e+08  1.50e+06 1.36e-12  1.32e+08     0s
  54   4.46406590e+08 -3.87009883e+08  4.58e+05 5.11e+03  4.10e+07     0s
  55   1.12694446e+07 -4.37258132e+08  1.09e+04 1.46e-11  1.10e+06     0s
  56   4.18251549e+06 -1.95188822e+08  3.31e+02 1.48e-09  7.14e+04     0s
  57   2.67643624e+06 -4.38900695e+07  9.66e+01 2.21e-10  1.56e+04     0s
  58   1.62391656e+06 -2.63795536e+07  4.31e+01 1.19e-10  8.23e+03     0s
  59   9.57842613e+05 -1.26783166e+07  2.01e+01 5.25e-11  3.81e+03     0s
  60   6.23888988e+05 -5.92587149e+06  1.17e+01 1.31e-10  1.91e+03     0s
  61   4.29507115e+05 -1.92712827e+06  7.81e+00 5.82e-10  8.88e+02     0s
  62   3.73868194e+05 -1.21454313e+06  5.94e+00 5.24e-10  6.97e+02     0s
  63   4.26973928e+05 -4.92523216e+04  5.11e+00 2.27e-09  5.62e+02     0s
  64   5.11856354e+05  4.52491910e+05  4.50e+00 2.62e-09  4.92e+02     0s
  65   5.64251699e+05  6.84984017e+05  4.32e+00 1.98e-09  4.68e+02     0s
  66   7.58618873e+05  9.43688604e+05  3.78e+00 4.26e-09  4.12e+02     0s
  67   8.33588258e+05  1.14704741e+06  3.57e+00 4.98e-09  3.79e+02     0s
  68   8.95958777e+05  1.36847060e+06  3.40e+00 4.25e-09  3.53e+02     0s
  69   9.92027880e+05  1.85887162e+06  3.17e+00 4.19e-09  3.22e+02     0s
  70   1.12791303e+06  1.97769314e+06  2.95e+00 5.36e-09  3.05e+02     0s
  71   1.15583768e+06  2.01549651e+06  2.92e+00 7.33e-09  2.94e+02     0s
  72   1.28459873e+06  2.23538487e+06  2.70e+00 6.64e-09  2.75e+02     0s
  73   1.30121459e+06  2.42933336e+06  2.68e+00 7.68e-09  2.64e+02     0s
  74   1.48149257e+06  2.68752731e+06  2.43e+00 1.33e-08  2.41e+02     0s
  75   1.57088608e+06  2.95988383e+06  2.32e+00 1.82e-08  2.31e+02     0s
  76   1.79202295e+06  3.23901801e+06  2.10e+00 9.31e-09  2.16e+02     0s
  77   1.93787717e+06  3.03189906e+06  1.96e+00 1.71e-08  2.14e+02     0s
  78   2.02787205e+06  3.59725111e+06  1.87e+00 1.48e-07  1.85e+02     0s
  79   2.14989906e+06  3.65643038e+06  1.76e+00 6.15e-08  1.76e+02     0s
  80   2.30812204e+06  3.85843608e+06  1.63e+00 6.12e-08  1.65e+02     0s
  81   2.41863081e+06  3.86136682e+06  1.55e+00 7.73e-08  1.59e+02     0s
  82   2.47947938e+06  3.94990845e+06  1.50e+00 7.19e-08  1.58e+02     0s
  83   2.52018483e+06  4.01912901e+06  1.47e+00 6.52e-08  1.56e+02     0s
  84   2.54730436e+06  4.26547296e+06  1.45e+00 2.26e-08  1.52e+02     0s
  85   2.59815468e+06  4.80179310e+06  1.42e+00 1.73e-07  1.46e+02     0s
  86   2.64259881e+06  5.39153518e+06  1.39e+00 1.02e-07  1.43e+02     0s
  87   2.69520268e+06  5.31203461e+06  1.37e+00 1.41e-07  1.42e+02     0s
  88   2.81048372e+06  5.51509004e+06  1.33e+00 1.04e-07  1.38e+02     0s
  89   2.91846244e+06  5.58616968e+06  1.28e+00 1.97e-07  1.35e+02     0s
  90   3.12461681e+06  5.79001274e+06  1.20e+00 6.25e-07  1.25e+02     0s
  91   3.22760370e+06  5.81324080e+06  1.16e+00 7.25e-07  1.21e+02     0s
  92   3.43030682e+06  5.94494726e+06  1.09e+00 9.23e-07  1.12e+02     0s
  93   3.58558128e+06  6.02596908e+06  1.03e+00 2.17e-06  1.03e+02     0s
  94   3.65591501e+06  6.19501389e+06  1.00e+00 1.53e-06  9.89e+01     0s
  95   3.86172571e+06  6.10366871e+06  9.32e-01 1.12e-06  9.03e+01     0s
  96   3.87267173e+06  6.25083830e+06  9.29e-01 1.07e-06  8.90e+01     0s
  97   3.90544425e+06  6.58780861e+06  9.18e-01 8.84e-07  8.68e+01     0s
  98   4.02857337e+06  6.70029826e+06  8.85e-01 9.40e-07  8.73e+01     0s
  99   4.21936989e+06  6.73267217e+06  8.33e-01 1.39e-06  8.63e+01     0s
 100   4.29324770e+06  6.87490070e+06  8.12e-01 3.80e-07  8.30e+01     0s
 101   4.35939278e+06  6.94518065e+06  7.95e-01 5.13e-07  8.21e+01     0s
 102   4.44739011e+06  6.99455946e+06  7.71e-01 6.15e-07  7.96e+01     0s
 103   4.60332236e+06  7.11910558e+06  7.30e-01 4.75e-06  7.18e+01     0s
 104   4.64433846e+06  7.28543796e+06  7.18e-01 5.37e-06  6.98e+01     0s
 105   4.97470840e+06  7.32951918e+06  6.37e-01 5.31e-06  6.74e+01     0s
 106   5.27024097e+06  7.36006132e+06  5.65e-01 6.67e-06  6.32e+01     0s
 107   5.88146532e+06  7.42346183e+06  4.17e-01 7.92e-06  4.45e+01     0s
 108   5.91785352e+06  7.52528175e+06  4.09e-01 7.13e-06  4.07e+01     0s
 109   6.03974325e+06  7.60679755e+06  3.80e-01 6.32e-06  3.85e+01     0s
 110   6.20431574e+06  7.63771964e+06  3.44e-01 5.57e-06  3.60e+01     0s
 111   6.54584961e+06  7.59489874e+06  2.69e-01 2.87e-06  3.34e+01     0s
 112   6.57922646e+06  7.63265000e+06  2.62e-01 2.19e-06  3.02e+01     0s
 113   6.60298567e+06  7.66196209e+06  2.56e-01 2.08e-06  2.94e+01     0s
 114   6.65988158e+06  7.67859184e+06  2.44e-01 2.49e-06  2.74e+01     0s
 115   6.67734753e+06  7.75890127e+06  2.40e-01 3.01e-06  2.66e+01     0s
 116   6.70893333e+06  7.77333886e+06  2.34e-01 2.72e-06  2.61e+01     0s
 117   6.73671279e+06  7.78187469e+06  2.28e-01 2.52e-06  2.46e+01     0s
 118   6.85843678e+06  7.78652040e+06  2.04e-01 2.05e-06  2.30e+01     0s
 119   6.87688328e+06  7.81229684e+06  2.00e-01 2.64e-06  2.02e+01     0s
 120   6.90168023e+06  7.84138196e+06  1.95e-01 2.39e-06  1.96e+01     0s
 121   6.97732016e+06  7.83462056e+06  1.81e-01 2.46e-06  1.91e+01     0s
 122   7.05625685e+06  7.85029833e+06  1.66e-01 2.40e-06  1.76e+01     0s
 123   7.07802587e+06  7.88046728e+06  1.61e-01 3.91e-06  1.11e+01     0s
 124   7.08656399e+06  7.88234265e+06  1.60e-01 3.89e-06  1.10e+01     0s
 125   7.19932309e+06  7.89121958e+06  1.39e-01 3.81e-06  1.01e+01     0s
 126   7.46886054e+06  7.90651360e+06  8.69e-02 3.95e-06  5.74e+00     0s
 127   7.48797462e+06  7.90678670e+06  8.31e-02 3.92e-06  5.49e+00     0s
 128   7.49818262e+06  7.92554681e+06  8.11e-02 4.14e-06  4.29e+00     0s
 129   7.50680176e+06  7.93479328e+06  7.94e-02 4.13e-06  4.12e+00     0s
 130   7.52010045e+06  7.92461994e+06  7.70e-02 4.13e-06  4.17e+00     0s
 131   7.52072785e+06  7.96048924e+06  7.69e-02 3.98e-06  4.25e+00     0s
 132   7.52667793e+06  7.99666264e+06  7.58e-02 8.38e-08  4.11e+00     0s
 133   7.54440108e+06  7.98471013e+06  7.31e-02 3.91e-08  4.25e+00     0s
 134   7.59632079e+06  8.01356526e+06  6.53e-02 7.51e-07  3.98e+00     0s
 135   7.59856601e+06  8.02226495e+06  6.49e-02 4.27e-07  3.84e+00     0s
 136   7.61151661e+06  8.02832532e+06  6.30e-02 5.12e-07  3.73e+00     0s
 137   7.63002140e+06  8.03039669e+06  6.03e-02 1.03e-06  3.56e+00     0s
 138   7.63610089e+06  8.03759041e+06  5.95e-02 8.90e-07  3.42e+00     0s
 139   7.64837168e+06  8.04520728e+06  5.77e-02 1.13e-06  3.25e+00     0s
 140   7.65292334e+06  8.04888207e+06  5.71e-02 1.10e-06  3.22e+00     0s
 141   7.67535251e+06  8.04709959e+06  5.39e-02 1.32e-06  3.19e+00     0s
 142   7.67662615e+06  8.04869504e+06  5.37e-02 1.01e-06  3.14e+00     0s
 143   7.69432816e+06  8.05559690e+06  5.13e-02 4.00e-07  2.95e+00     0s
 144   7.71181072e+06  8.06817962e+06  4.88e-02 7.40e-07  2.86e+00     0s
 145   7.71452399e+06  8.06668596e+06  4.85e-02 7.26e-07  2.85e+00     0s
 146   7.72768315e+06  8.06981526e+06  4.67e-02 8.11e-07  2.73e+00     0s
 147   7.72929417e+06  8.07203217e+06  4.65e-02 5.96e-08  2.82e+00     0s
 148   7.76719549e+06  8.07342712e+06  4.15e-02 4.85e-06  2.46e+00     0s
 149   7.79819245e+06  8.07774310e+06  3.73e-02 4.14e-06  2.23e+00     0s
 150   7.80058866e+06  8.08187939e+06  3.70e-02 4.06e-06  2.20e+00     0s
 151   7.80580651e+06  8.08383351e+06  3.63e-02 4.10e-06  2.16e+00     0s
 152   7.82031908e+06  8.08417654e+06  3.45e-02 3.70e-06  2.05e+00     0s
 153   7.84709616e+06  8.08451760e+06  3.10e-02 4.51e-06  1.86e+00     0s
 154   7.91915862e+06  8.08571340e+06  2.18e-02 3.36e-06  1.36e+00     0s
 155   7.96281269e+06  8.08667830e+06  1.61e-02 7.28e-06  9.93e-01     0s
 156   8.01467295e+06  8.08765113e+06  9.48e-03 1.46e-05  5.50e-01     0s
 157   8.04839189e+06  8.08820424e+06  5.16e-03 7.66e-06  2.65e-01     0s
 158   8.07531308e+06  8.08856808e+06  1.71e-03 5.36e-06  7.32e-02     0s
 159   8.07958710e+06  8.08862440e+06  1.17e-03 6.12e-06  5.38e-02     0s
 160   8.08362202e+06  8.08864824e+06  6.46e-04 3.51e-06  2.88e-02     0s
 161   8.08494748e+06  8.08865486e+06  4.77e-04 4.43e-06  2.01e-02     0s
 162   8.08778452e+06  8.08866299e+06  1.13e-04 2.40e-06  4.78e-03     0s
 163   8.08866568e+06  8.08866583e+06  3.79e-08 5.04e-06  3.35e-05     0s
 164   8.08866593e+06  8.08866593e+06  1.13e-09 2.34e-07  3.55e-08     0s
 165   8.08866593e+06  8.08866593e+06  1.14e-12 4.56e-08  3.90e-11     0s

Barrier solved model in 165 iterations and 0.43 seconds (0.27 work units)
Optimal objective 8.08866593e+06

Crossover time: 0.01 seconds (0.01 work units)

Root relaxation: objective 8.088666e+06, 286 iterations, 0.37 seconds (0.21 work units)

    Nodes    |    Current Node    |     Objective Bounds      |     Work
 Expl Unexpl |  Obj  Depth IntInf | Incumbent    BestBd   Gap | It/Node Time

     0     0 8088665.93    0   29 1.0000e+07 8088665.93  19.1%     -    0s
     0     0 8327808.52    0   35 1.0000e+07 8327808.52  16.7%     -    0s
     0     0 8345149.81    0   35 1.0000e+07 8345149.81  16.5%     -    0s
     0     0 8350781.12    0   38 1.0000e+07 8350781.12  16.5%     -    0s
     0     0 8353569.75    0   38 1.0000e+07 8353569.75  16.5%     -    0s
     0     0 8368846.67    0   39 1.0000e+07 8368846.67  16.3%     -    0s
     0     0 8373803.86    0   39 1.0000e+07 8373803.86  16.3%     -    0s
     0     0 8407795.67    0   39 1.0000e+07 8407795.67  15.9%     -    0s
     0     0 8540497.35    0   41 1.0000e+07 8540497.35  14.6%     -    0s
     0     0 8558706.51    0   41 1.0000e+07 8558706.51  14.4%     -    0s
     0     0 8562275.49    0   41 1.0000e+07 8562275.49  14.4%     -    0s
     0     0 8570372.04    0   36 1.0000e+07 8570372.04  14.3%     -    0s
     0     0 8591681.72    0   41 1.0000e+07 8591681.72  14.1%     -    0s
     0     0 8594865.95    0   40 1.0000e+07 8594865.95  14.1%     -    0s
     0     0 8594865.95    0   40 1.0000e+07 8594865.95  14.1%     -    0s
     0     2 8594865.95    0   40 1.0000e+07 8594865.95  14.1%     -    1s

Cutting planes:
  Gomory: 1
  Implied bound: 33
  MIR: 28
  Flow cover: 21

Explored 436 nodes (41905 simplex iterations) in 2.36 seconds (4.38 work units)
Thread count was 10 (of 10 available processors)

Solution count 1: 1e+07 

Optimal solution found (tolerance 5.00e-03)
Best objective 1.000000000000e+07, best bound 1.000000000000e+07, gap 0.0000%
