
Gurobi 13.0.3 (mac64[arm]) logging started Sat Sep 26 12:20:58 2026

Set parameter LogFile to value "/Users/ashutosh/Desktop/Two-stage-Model/certainty_results/full/solves/nnw_5_25_30M_phase2.log"
Gurobi Optimizer version 13.0.3 build v13.0.3rc0 (mac64[arm] - Darwin 27.0.0 26A428)

CPU model: Apple M1 Pro
Thread count: 10 physical cores, 10 logical processors, using up to 10 threads

Non-default parameters:
TimeLimit  21600
MIPGap  0.005
Method  2
LogToConsole  0

Optimize a model with 13524 rows, 5548 columns and 38738 nonzeros (Min)
Model fingerprint: 0xe1e1691c
Model has 724 linear objective coefficients
Variable types: 3498 continuous, 2050 integer (1688 binary)
Coefficient statistics:
  Matrix range     [1e-03, 1e+05]
  Objective range  [2e+04, 1e+05]
  Bounds range     [1e+00, 3e+00]
  RHS range        [1e-02, 3e+07]

Loaded user MIP start with objective 3e+07
MIP start from previous solve did not produce a new incumbent solution

Presolve removed 12210 rows and 3974 columns
Presolve time: 0.05s
Presolved: 1314 rows, 1574 columns, 6118 nonzeros
Variable types: 1361 continuous, 213 integer (213 binary)
Root barrier log...

Ordering time: 0.00s

Barrier statistics:
 AA' NZ     : 1.373e+04
 Factor NZ  : 5.177e+04 (roughly 2 MB of memory)
 Factor Ops : 3.667e+06 (less than 1 second per iteration)
 Threads    : 1

                  Objective                Residual
Iter       Primal          Dual         Primal    Dual     Compl     Time
   0   4.48961374e+07 -3.67833045e+07  5.30e+04 4.55e-13  1.63e+06     0s
   1   3.26014912e+07 -3.48157837e+07  1.73e+04 1.26e+03  5.43e+05     0s
   2   2.58739567e+07 -2.12710876e+07  4.27e+02 2.73e+01  2.54e+04     0s
   3   2.52204638e+07  1.67612490e+07  9.23e+01 1.12e+00  4.10e+03     0s
   4   2.50511016e+07  2.13158414e+07  5.07e+01 3.34e-01  1.84e+03     0s
   5   2.50953633e+07  2.28336185e+07  3.42e+01 1.40e-01  1.10e+03     0s
   6   2.53778012e+07  2.31351741e+07  2.35e+01 1.25e-01  9.63e+02     0s
   7   2.53528657e+07  2.37603675e+07  1.42e+01 7.96e-02  6.40e+02     0s
   8   2.55935260e+07  2.44431442e+07  4.33e+00 4.10e-02  3.74e+02     0s
   9   2.54397327e+07  2.52245268e+07  1.93e+00 5.82e-11  8.18e+01     0s
  10   2.54183397e+07  2.53463999e+07  1.43e+00 4.73e-11  3.94e+01     0s
  11   2.54008514e+07  2.53465859e+07  6.63e-01 6.34e-11  2.40e+01     0s
  12   2.53873639e+07  2.53627082e+07  3.51e-01 5.78e-11  1.30e+01     0s
  13   2.53867551e+07  2.53681830e+07  3.34e-01 4.09e-11  1.21e+01     0s
  14   2.53861087e+07  2.53828338e+07  3.15e-01 3.78e-10  1.12e+01     0s
  15   2.53859942e+07  2.53990174e+07  3.08e-01 8.73e-11  1.12e+01     0s
  16   2.53855103e+07  2.54579521e+07  2.86e-01 7.97e-09  1.06e+01     0s
  17   2.53863391e+07  2.55691331e+07  2.82e-01 9.31e-10  1.21e+01     0s
  18   2.53880459e+07  2.55847644e+07  2.76e-01 9.31e-10  1.13e+01     0s
  19   2.53894925e+07  2.56140101e+07  2.73e-01 1.51e-09  1.12e+01     0s
  20   1.77298818e+08 -3.67833045e+07  5.30e+05 4.55e-13  1.61e+07     0s
  21   3.02065121e+07 -5.40490741e+07  5.70e+04 7.28e-12  1.82e+06     0s
  22   2.54922015e+07 -3.99180697e+07  3.60e+02 5.46e-12  2.92e+04     0s
  23   2.51705849e+07  1.65931265e+07  5.34e+01 1.46e-11  3.40e+03     0s
  24   2.51418032e+07  2.27103825e+07  4.59e+01 1.09e-11  1.31e+03     0s
  25   2.51103439e+07  2.31711362e+07  3.15e+01 1.32e-11  9.41e+02     0s
  26   2.59219272e+07  2.35346755e+07  2.71e+01 2.64e-11  1.06e+03     0s
  27   2.55839933e+07  2.41980860e+07  1.37e+01 7.28e-12  5.65e+02     0s
  28   2.55199089e+07  2.42600680e+07  1.10e+01 8.58e-12  4.90e+02     0s
  29   2.56553347e+07  2.44223378e+07  9.45e+00 4.45e-11  4.66e+02     0s
  30   2.55710506e+07  2.51045288e+07  7.10e+00 1.46e-11  2.13e+02     0s
  31   2.54596176e+07  2.52976500e+07  1.67e+00 5.11e-11  6.32e+01     0s
  32   2.54486075e+07  2.53400691e+07  1.48e+00 2.18e-11  4.88e+01     0s
  33   2.53936549e+07  2.53419815e+07  4.41e-01 4.69e-11  1.95e+01     0s
  34   2.53887383e+07  2.53644179e+07  3.56e-01 4.37e-11  1.39e+01     0s
  35   2.53880893e+07  2.53688049e+07  3.40e-01 7.28e-11  1.35e+01     0s
  36   2.53870187e+07  2.54132382e+07  3.07e-01 1.75e-10  1.29e+01     0s
  37   2.53863704e+07  2.54653886e+07  2.86e-01 3.49e-10  1.20e+01     0s
  38   2.53864106e+07  2.55004156e+07  2.82e-01 2.33e-10  1.20e+01     0s
  39   2.53930512e+07  2.56129645e+07  2.75e-01 1.05e-09  1.35e+01     0s
  40   2.53943735e+07  2.56411126e+07  2.73e-01 8.15e-10  1.35e+01     0s
  41   2.54004654e+07  2.56548452e+07  2.67e-01 1.63e-09  1.31e+01     0s
  42   2.54043697e+07  2.56749080e+07  2.62e-01 6.98e-10  1.30e+01     0s
  43   2.54125782e+07  2.56826019e+07  2.58e-01 3.49e-09  1.36e+01     0s
  44   2.54350186e+07  2.56678422e+07  2.38e-01 8.15e-09  1.28e+01     0s
  45   2.55058870e+07  2.56745308e+07  1.80e-01 4.89e-08  1.14e+01     0s
  46   2.55061976e+07  2.57450426e+07  1.78e-01 4.12e-08  9.23e+00     0s
  47   2.55548018e+07  2.57125278e+07  1.49e-01 4.21e-08  1.12e+01     0s
  48   2.55778751e+07  2.57605903e+07  1.30e-01 2.26e-08  6.91e+00     0s
  49   2.55808926e+07  2.57716632e+07  1.28e-01 7.73e-08  6.53e+00     0s
  50   2.55872597e+07  2.57646335e+07  1.26e-01 7.71e-08  7.19e+00     0s
  51   2.55877689e+07  2.57940680e+07  1.26e-01 6.10e-08  8.55e+00     0s
  52   2.55969915e+07  2.59885347e+07  1.20e-01 2.79e-09  9.04e+00     0s
  53   2.55996172e+07  2.60432227e+07  1.19e-01 2.79e-09  9.16e+00     0s
  54   2.56012266e+07  2.60547071e+07  1.18e-01 3.26e-09  9.17e+00     0s
  55   2.56031253e+07  2.60997999e+07  1.18e-01 5.59e-09  9.43e+00     0s
  56   2.56087836e+07  2.61717308e+07  1.16e-01 2.79e-09  8.97e+00     0s
  57   2.56129694e+07  2.61811740e+07  1.15e-01 1.40e-08  9.00e+00     0s
  58   2.56209470e+07  2.62263439e+07  1.13e-01 1.58e-08  8.93e+00     0s
  59   2.56352295e+07  2.62385779e+07  1.10e-01 1.68e-08  8.79e+00     0s
  60   2.56395522e+07  2.62526642e+07  1.10e-01 4.66e-09  8.79e+00     0s
  61   2.56400898e+07  2.63060872e+07  1.09e-01 7.45e-09  8.92e+00     0s
  62   2.56436777e+07  2.62447543e+07  1.09e-01 9.31e-10  8.95e+00     0s
  63   2.56451505e+07  2.62600715e+07  1.09e-01 2.79e-09  9.01e+00     0s
  64   2.56541586e+07  2.62957107e+07  1.07e-01 3.45e-08  9.06e+00     0s
  65   2.56584087e+07  2.63795778e+07  1.05e-01 4.66e-09  7.22e+00     0s
  66   2.56650959e+07  2.63511321e+07  1.04e-01 6.52e-08  7.77e+00     0s
  67   2.56860884e+07  2.63042995e+07  1.02e-01 1.37e-07  1.09e+01     0s
  68   2.56939420e+07  2.63653759e+07  1.01e-01 2.05e-08  1.11e+01     0s
  69   2.57066752e+07  2.64012244e+07  9.89e-02 1.58e-08  1.20e+01     0s
  70   2.57219585e+07  2.65999797e+07  9.68e-02 9.69e-08  1.26e+01     0s
  71   2.57458929e+07  2.66722476e+07  9.38e-02 5.40e-08  1.21e+01     0s
  72   2.57462101e+07  2.66822567e+07  9.38e-02 3.73e-09  1.21e+01     0s
  73   2.57645242e+07  2.67242372e+07  9.19e-02 1.30e-08  1.17e+01     0s
  74   2.57669089e+07  2.67404170e+07  9.17e-02 2.98e-08  1.17e+01     0s
  75   2.57779394e+07  2.67526511e+07  9.07e-02 5.22e-08  1.15e+01     0s
  76   2.57793309e+07  2.67810289e+07  9.06e-02 1.49e-08  1.15e+01     0s
  77   2.57877553e+07  2.69539521e+07  8.92e-02 1.68e-08  9.25e+00     0s
  78   2.57904169e+07  2.71795860e+07  8.91e-02 1.86e-08  9.22e+00     0s
  79   2.61149251e+07  2.68595288e+07  6.87e-02 1.70e-06  2.96e+01     0s
  80   2.62279825e+07  2.69084393e+07  6.16e-02 5.22e-07  3.21e+01     0s
  81   2.62844931e+07  2.72035905e+07  5.80e-02 2.66e-06  5.92e+00     0s
  82   2.62864169e+07  2.74021518e+07  5.79e-02 1.15e-06  6.02e+00     0s
  83   2.62876540e+07  2.75614711e+07  5.78e-02 1.13e-06  6.22e+00     0s
  84   2.62877510e+07  2.75787277e+07  5.78e-02 7.45e-09  6.26e+00     0s
  85   2.62884667e+07  2.78164359e+07  5.77e-02 6.71e-08  6.72e+00     0s
  86   2.62961812e+07  2.79725142e+07  5.75e-02 6.33e-08  7.71e+00     0s
  87   2.63169466e+07  2.79957919e+07  5.71e-02 3.54e-07  9.99e+00     0s
  88   2.63312606e+07  2.83710727e+07  5.67e-02 3.95e-07  9.79e+00     0s
  89   2.63592697e+07  2.84453044e+07  5.61e-02 2.24e-07  1.15e+01     0s
  90   2.65959756e+07  2.84692282e+07  5.11e-02 1.25e-06  2.36e+01     0s
  91   2.71239026e+07  2.80005527e+07  3.99e-02 1.54e-05  8.94e+01     0s
  92   2.75660713e+07  2.84149017e+07  3.05e-02 8.93e-06  8.07e+01     0s
  93   2.76596507e+07  2.84942906e+07  2.84e-02 5.22e-06  7.38e+01     0s
  94   2.77080811e+07  2.86072296e+07  2.73e-02 5.48e-06  6.04e+01     0s
  95   2.77359131e+07  2.86697641e+07  2.67e-02 5.22e-06  5.42e+01     0s
  96   2.77503487e+07  2.87288499e+07  2.63e-02 5.02e-06  5.21e+01     0s
  97   2.77675764e+07  2.87760851e+07  2.59e-02 5.12e-06  5.14e+01     0s
  98   2.77938497e+07  2.88787691e+07  2.53e-02 5.10e-06  4.98e+01     0s
  99   2.78185750e+07  2.88987639e+07  2.47e-02 5.04e-06  4.90e+01     0s
 100   2.78283463e+07  2.89524494e+07  2.45e-02 4.64e-06  4.83e+01     0s
 101   2.78741962e+07  2.89825512e+07  2.37e-02 4.87e-06  4.73e+01     0s
 102   2.80993042e+07  2.89996026e+07  1.94e-02 4.95e-06  4.41e+01     0s
 103   2.83109221e+07  2.90220677e+07  1.55e-02 6.86e-06  3.62e+01     0s
 104   2.84886223e+07  2.90553435e+07  1.21e-02 1.79e-05  2.60e+01     0s
 105   2.85092831e+07  2.90630021e+07  1.17e-02 1.41e-05  2.38e+01     0s
 106   2.85296413e+07  2.90753670e+07  1.14e-02 1.08e-05  2.11e+01     0s
 107   2.85328051e+07  2.90782614e+07  1.13e-02 1.08e-05  2.09e+01     0s
 108   2.85374792e+07  2.90844092e+07  1.12e-02 1.07e-05  2.08e+01     0s
 109   2.85447322e+07  2.90976019e+07  1.11e-02 4.54e-07  2.06e+01     0s
 110   2.85611419e+07  2.91228915e+07  1.08e-02 1.27e-06  1.98e+01     0s
 111   2.85697702e+07  2.91516694e+07  1.06e-02 1.27e-06  1.97e+01     0s
 112   2.85922238e+07  2.91558386e+07  1.03e-02 1.46e-06  1.97e+01     0s
 113   2.86653924e+07  2.91594021e+07  9.07e-03 1.39e-06  1.91e+01     0s
 114   2.87381431e+07  2.91602185e+07  7.88e-03 5.96e-07  1.85e+01     0s
 115   2.88023444e+07  2.91630060e+07  6.83e-03 7.56e-06  1.74e+01     0s
 116   2.88752276e+07  2.91711743e+07  5.63e-03 2.51e-05  1.47e+01     0s
 117   2.89380910e+07  2.91865370e+07  4.60e-03 2.29e-05  1.03e+01     0s
 118   2.89415496e+07  2.91870876e+07  4.54e-03 2.26e-05  1.02e+01     0s
 119   2.89995524e+07  2.91876436e+07  3.59e-03 2.21e-05  9.66e+00     0s
 120   2.90480588e+07  2.91988825e+07  2.79e-03 1.99e-05  6.31e+00     0s
 121   2.91784640e+07  2.92041991e+07  6.60e-04 1.95e-05  4.23e+00     0s
 122   2.91919195e+07  2.92077694e+07  4.39e-04 1.49e-05  3.16e+00     0s
 123   2.91968808e+07  2.92132807e+07  3.58e-04 1.12e-05  1.62e+00     0s
 124   2.92121838e+07  2.92186090e+07  1.07e-04 3.11e-05  7.18e-02     0s
 125   2.92186967e+07  2.92187194e+07  5.61e-07 2.32e-05  3.38e-03     0s
 126   2.92187308e+07  2.92187308e+07  4.14e-11 1.24e-05  1.61e-06     0s
 127   2.92187308e+07  2.92187308e+07  3.10e-12 2.24e-08  4.64e-12     0s

Barrier solved model in 127 iterations and 0.24 seconds (0.27 work units)
Optimal objective 2.92187308e+07

Crossover time: 0.01 seconds (0.01 work units)

Root relaxation: objective 2.921873e+07, 133 iterations, 0.18 seconds (0.21 work units)

    Nodes    |    Current Node    |     Objective Bounds      |     Work
 Expl Unexpl |  Obj  Depth IntInf | Incumbent    BestBd   Gap | It/Node Time

     0     0 2.9219e+07    0   10 3.0000e+07 2.9219e+07  2.60%     -    0s
     0     0 2.9883e+07    0   12 3.0000e+07 2.9883e+07  0.39%     -    0s

Cutting planes:
  Cover: 1
  Implied bound: 4
  MIR: 5
  Flow cover: 3
  Relax-and-lift: 1

Explored 1 nodes (166 simplex iterations) in 0.30 seconds (0.32 work units)
Thread count was 10 (of 10 available processors)

Solution count 1: 3e+07 

Optimal solution found (tolerance 5.00e-03)
Best objective 3.000000000000e+07, best bound 2.990000000000e+07, gap 0.3333%
