
Gurobi 13.0.3 (mac64[arm]) logging started Sat Sep 26 12:20:06 2026

Set parameter LogFile to value "/Users/ashutosh/Desktop/Two-stage-Model/certainty_results/full/solves/nnw_5_05_20M_phase1.log"
Gurobi Optimizer version 13.0.3 build v13.0.3rc0 (mac64[arm] - Darwin 27.0.0 26A428)

CPU model: Apple M1 Pro
Thread count: 10 physical cores, 10 logical processors, using up to 10 threads

Non-default parameters:
TimeLimit  21600
MIPGap  0.005
Method  2
LogToConsole  0

Optimize a model with 13536 rows, 5548 columns and 38114 nonzeros (Min)
Model fingerprint: 0xf49da5aa
Model has 663 linear objective coefficients and an objective constant of 396.859633
Variable types: 3498 continuous, 2050 integer (1688 binary)
Coefficient statistics:
  Matrix range     [1e-03, 1e+05]
  Objective range  [1e+00, 1e+00]
  Bounds range     [1e+00, 3e+00]
  RHS range        [1e-02, 2e+07]

Loaded user MIP start with objective 12.471
MIP start from previous solve did not produce a new incumbent solution

Presolve removed 11471 rows and 3823 columns
Presolve time: 0.05s
Presolved: 2065 rows, 1725 columns, 7803 nonzeros
Variable types: 1473 continuous, 252 integer (252 binary)
Root barrier log...

Ordering time: 0.00s

Barrier statistics:
 AA' NZ     : 2.708e+04
 Factor NZ  : 8.049e+04 (roughly 2 MB of memory)
 Factor Ops : 5.720e+06 (less than 1 second per iteration)
 Threads    : 10

                  Objective                Residual
Iter       Primal          Dual         Primal    Dual     Compl     Time
   0  -1.08209499e+06 -5.59743106e+05  3.35e+04 2.69e+00  1.61e+04     0s
   1  -3.33448232e+05 -5.99376505e+05  1.04e+04 8.26e+00  5.12e+03     0s
   2  -2.10141620e+03 -4.95375988e+05  7.14e+01 5.15e-14  1.44e+02     0s
   3   4.10246304e+01 -5.97907323e+04  4.98e+00 6.04e-14  1.46e+01     0s
   4   1.67626118e+02 -8.43508853e+03  6.50e-01 7.82e-14  1.97e+00     0s
   5   1.44421793e+02 -2.89427494e+03  1.05e-01 3.55e-14  6.79e-01     0s
   6   9.89276708e+01 -1.24402781e+03  2.25e-02 1.42e-14  2.99e-01     0s
   7   4.63660568e+01 -4.06086568e+02  5.82e-04 7.11e-15  1.00e-01     0s
   8   2.81917441e+01 -1.51605087e+02  2.80e-04 3.55e-15  3.99e-02     0s
   9   1.19515453e+01 -5.01475921e+01  4.10e-05 3.55e-15  1.38e-02     0s
  10   6.15519053e+00 -2.01032329e+00  1.91e-06 3.55e-15  1.81e-03     0s
  11   5.05710287e+00  2.89726320e+00  1.67e-07 3.55e-15  4.79e-04     0s
  12   4.89992152e+00  4.38706653e+00  4.63e-08 3.55e-15  1.14e-04     0s
  13   4.86198081e+00  4.70877431e+00  2.14e-08 3.55e-15  3.40e-05     0s
  14   4.84199940e+00  4.77803618e+00  8.30e-09 7.11e-15  1.42e-05     0s
  15   4.83287810e+00  4.81283158e+00  3.39e-09 3.55e-15  4.45e-06     0s
  16   4.82961391e+00  4.82234797e+00  1.63e-09 3.55e-15  1.61e-06     0s
  17   4.82680685e+00  4.82586548e+00  1.39e-10 3.55e-15  2.09e-07     0s
  18   4.82649763e+00  4.82635410e+00  1.90e-10 7.11e-15  3.18e-08     0s
  19   4.82647375e+00  4.82644297e+00  1.35e-10 3.55e-15  6.83e-09     0s
  20   4.82646380e+00  4.82646343e+00  1.13e-10 3.55e-15  8.19e-11     0s

Barrier solved model in 20 iterations and 0.12 seconds (0.11 work units)
Optimal objective 4.82646380e+00

Crossover time: 0.02 seconds (0.03 work units)

Root relaxation: objective 4.826464e+00, 416 iterations, 0.07 seconds (0.06 work units)

    Nodes    |    Current Node    |     Objective Bounds      |     Work
 Expl Unexpl |  Obj  Depth IntInf | Incumbent    BestBd   Gap | It/Node Time

     0     0    4.82646    0   11   12.47096    4.82646  61.3%     -    0s
H    0     0                      11.1084899    4.82646  56.6%     -    0s
     0     0    4.95035    0   10   11.10849    4.95035  55.4%     -    0s
H    0     0                       6.2635413    4.95072  21.0%     -    0s
H    0     0                       6.2543653    4.95187  20.8%     -    0s
     0     0    4.95187    0   15    6.25437    4.95187  20.8%     -    0s
     0     0    4.95188    0   16    6.25437    4.95188  20.8%     -    0s
     0     0    4.95196    0   16    6.25437    4.95196  20.8%     -    0s
     0     0    4.95497    0   16    6.25437    4.95497  20.8%     -    0s
     0     0    4.95497    0   15    6.25437    4.95497  20.8%     -    0s
     0     2    4.95497    0   15    6.25437    4.95497  20.8%     -    0s
H   24    28                       6.2543653    5.11024  18.3%   206    0s
H   33    53                       6.2000597    5.14522  17.0%   193    0s
H   59    53                       6.1813353    5.14724  16.7%   137    0s
H  171   159                       5.1691300    5.15839  0.21%  85.4    0s

Cutting planes:
  Gomory: 1
  Cover: 3
  Implied bound: 28
  MIR: 9
  StrongCG: 1
  Flow cover: 4
  RLT: 1

Explored 185 nodes (16052 simplex iterations) in 0.90 seconds (1.84 work units)
Thread count was 10 (of 10 available processors)

Solution count 8: 5.16913 6.18134 6.20006 ... 12.471

Optimal solution found (tolerance 5.00e-03)
Best objective 5.169130000000e+00, best bound 5.158393698630e+00, gap 0.2077%
