
Gurobi 13.0.3 (mac64[arm]) logging started Sat Sep 26 12:20:33 2026

Set parameter LogFile to value "/Users/ashutosh/Desktop/Two-stage-Model/certainty_results/full/solves/nnw_5_10_50M_phase1.log"
Gurobi Optimizer version 13.0.3 build v13.0.3rc0 (mac64[arm] - Darwin 27.0.0 26A428)

CPU model: Apple M1 Pro
Thread count: 10 physical cores, 10 logical processors, using up to 10 threads

Non-default parameters:
TimeLimit  21600
MIPGap  0.005
Method  2
LogToConsole  0

Optimize a model with 13549 rows, 5548 columns and 38153 nonzeros (Min)
Model fingerprint: 0x342dbe5c
Model has 663 linear objective coefficients and an objective constant of 396.859633
Variable types: 3498 continuous, 2050 integer (1688 binary)
Coefficient statistics:
  Matrix range     [1e-03, 1e+05]
  Objective range  [1e+00, 1e+00]
  Bounds range     [1e+00, 3e+00]
  RHS range        [1e-02, 5e+07]

Loaded user MIP start with objective 0.77544
MIP start from previous solve did not produce a new incumbent solution

Presolve removed 11719 rows and 3860 columns
Presolve time: 0.05s
Presolved: 1830 rows, 1688 columns, 7116 nonzeros
Variable types: 1448 continuous, 240 integer (240 binary)
Root barrier log...

Ordering time: 0.00s

Barrier statistics:
 AA' NZ     : 2.168e+04
 Factor NZ  : 7.267e+04 (roughly 2 MB of memory)
 Factor Ops : 5.624e+06 (less than 1 second per iteration)
 Threads    : 10

                  Objective                Residual
Iter       Primal          Dual         Primal    Dual     Compl     Time
   0  -6.20687666e+04 -2.65177848e+05  2.79e+02 2.69e+00  9.60e+02     0s
   1  -1.36264556e+04 -1.96512206e+05  6.16e+01 2.36e+00  2.26e+02     0s
   2  -1.39757763e+03 -8.74946929e+04  6.93e+00 2.22e-01  3.71e+01     0s
   3   1.73602049e+01 -2.51357666e+04  5.95e-01 1.42e-14  6.85e+00     0s
   4   1.07224465e+02 -4.01469398e+03  4.64e-02 1.07e-14  1.01e+00     0s
   5   8.33225306e+01 -1.76449284e+03  6.11e-04 7.11e-15  4.39e-01     0s
   6   5.59921794e+01 -5.28370653e+02  1.40e-04 7.11e-15  1.39e-01     0s
   7   1.61150101e+01 -1.02753498e+02  1.37e-05 3.55e-15  2.82e-02     0s
   8   5.42170238e+00 -2.28537244e+01  3.12e-06 3.55e-15  6.69e-03     0s
   9   4.16186509e-01 -3.02424447e+00  5.60e-08 3.55e-15  8.14e-04     0s
  10   4.29787146e-02 -1.30334607e-01  4.08e-09 3.55e-15  4.10e-05     0s
  11   3.25168261e-03 -6.62716134e-03  2.65e-10 3.55e-15  2.33e-06     0s
  12   2.19435985e-04 -2.30362938e-04  4.49e-11 3.55e-15  1.06e-07     0s
  13   1.21694370e-08 -2.23939196e-08  1.18e-11 7.11e-15  8.17e-12     0s

Barrier solved model in 13 iterations and 0.11 seconds (0.09 work units)
Optimal objective 1.21694370e-08

Crossover time: 0.01 seconds (0.01 work units)

Root relaxation: objective -3.410605e-13, 340 iterations, 0.05 seconds (0.03 work units)

    Nodes    |    Current Node    |     Objective Bounds      |     Work
 Expl Unexpl |  Obj  Depth IntInf | Incumbent    BestBd   Gap | It/Node Time

     0     0    0.00000    0    5    0.77544    0.00000   100%     -    0s
H    0     0                       0.7711368    0.00000   100%     -    0s
     0     0    0.00000    0   19    0.77114    0.00000   100%     -    0s
H    0     0                       0.7400026    0.00000   100%     -    0s
     0     0    0.00000    0   19    0.74000    0.00000   100%     -    0s
     0     0    0.00000    0    5    0.74000    0.00000   100%     -    0s
     0     0    0.00000    0    5    0.74000    0.00000   100%     -    0s
     0     0    0.00000    0    5    0.74000    0.00000   100%     -    0s
     0     0    0.00000    0    5    0.74000    0.00000   100%     -    0s
     0     2    0.00000    0    5    0.74000    0.00000   100%     -    0s
*    5     4               2      -0.0000000   -0.00000  0.00%   509    0s

Cutting planes:
  Implied bound: 4
  MIR: 9
  RLT: 1

Explored 7 nodes (4383 simplex iterations) in 0.62 seconds (1.19 work units)
Thread count was 10 (of 10 available processors)

Solution count 4: -3.41061e-13 0.740003 0.771137 0.77544 

Optimal solution found (tolerance 5.00e-03)
Best objective -3.410605131648e-13, best bound -3.410605131648e-13, gap 0.0000%
