
Gurobi 13.0.3 (mac64[arm]) logging started Sat Sep 26 12:20:32 2026

Set parameter LogFile to value "/Users/ashutosh/Desktop/Two-stage-Model/certainty_results/full/solves/nnw_5_10_40M_phase2.log"
Gurobi Optimizer version 13.0.3 build v13.0.3rc0 (mac64[arm] - Darwin 27.0.0 26A428)

CPU model: Apple M1 Pro
Thread count: 10 physical cores, 10 logical processors, using up to 10 threads

Non-default parameters:
TimeLimit  21600
MIPGap  0.005
Method  2
LogToConsole  0

Optimize a model with 13550 rows, 5548 columns and 38816 nonzeros (Min)
Model fingerprint: 0x0f36b51a
Model has 724 linear objective coefficients
Variable types: 3498 continuous, 2050 integer (1688 binary)
Coefficient statistics:
  Matrix range     [1e-03, 1e+05]
  Objective range  [2e+04, 1e+05]
  Bounds range     [1e+00, 3e+00]
  RHS range        [1e-02, 4e+07]

Loaded user MIP start with objective 3.9925e+07
MIP start from previous solve did not produce a new incumbent solution

Presolve removed 11872 rows and 3891 columns
Presolve time: 0.06s
Presolved: 1678 rows, 1657 columns, 7160 nonzeros
Variable types: 1425 continuous, 232 integer (232 binary)
Root barrier log...

Ordering time: 0.00s

Barrier statistics:
 AA' NZ     : 2.238e+04
 Factor NZ  : 7.536e+04 (roughly 2 MB of memory)
 Factor Ops : 6.431e+06 (less than 1 second per iteration)
 Threads    : 10

                  Objective                Residual
Iter       Primal          Dual         Primal    Dual     Compl     Time
   0   1.09139618e+08 -6.81189665e+07  9.03e+04 4.55e-13  2.97e+06     0s
   1   5.87780541e+07 -6.58253809e+07  3.56e+04 1.81e+03  1.19e+06     0s
   2   2.26701818e+07 -5.98098152e+07  9.12e+02 4.55e-12  4.98e+04     0s
   3   2.02007652e+07  4.23099378e+06  3.26e+02 3.91e-11  1.14e+04     0s
   4   2.17535692e+07  6.02080312e+06  2.82e+02 2.91e-11  1.04e+04     0s
   5   2.06993348e+07  1.33210763e+07  1.69e+02 2.50e-11  5.08e+03     0s
   6   2.06061980e+07  1.60353566e+07  1.41e+02 3.23e-11  3.83e+03     0s
   7   2.07828490e+07  1.76712167e+07  9.28e+01 2.00e-11  2.53e+03     0s
   8   2.12039256e+07  1.84714903e+07  5.77e+01 3.87e-11  1.74e+03     0s
   9   2.12469044e+07  1.99050056e+07  5.31e+01 2.24e-11  1.35e+03     0s
  10   2.17318150e+07  2.06261413e+07  4.52e+01 1.77e-10  1.24e+03     0s
  11   2.20081938e+07  2.18604455e+07  3.70e+01 3.56e-11  8.78e+02     0s
  12   2.26178392e+07  2.20015731e+07  1.81e+01 5.25e-11  5.66e+02     0s
  13   2.27390687e+07  2.27979548e+07  1.41e+01 4.66e-11  3.01e+02     0s
  14   2.29090732e+07  2.29232437e+07  9.60e+00 3.85e-11  2.11e+02     0s
  15   2.30059890e+07  2.30850516e+07  6.75e+00 6.99e-11  1.39e+02     0s
  16   2.30306497e+07  2.31311094e+07  6.16e+00 4.33e-11  1.27e+02     0s
  17   2.30758962e+07  2.31939967e+07  5.18e+00 1.08e-10  1.07e+02     0s
  18   2.31854913e+07  2.33126589e+07  2.81e+00 1.79e-10  5.33e+01     0s
  19   2.32099551e+07  2.33682841e+07  2.31e+00 1.38e-10  4.19e+01     0s
  20   2.32249267e+07  2.34452188e+07  2.08e+00 4.22e-10  3.75e+01     0s
  21   2.32316221e+07  2.35441593e+07  1.99e+00 1.46e-10  3.60e+01     0s
  22   2.32389508e+07  2.35907723e+07  1.91e+00 2.62e-10  3.40e+01     0s
  23   2.32505682e+07  2.36156669e+07  1.86e+00 2.91e-10  3.39e+01     0s
  24   2.32708319e+07  2.36488688e+07  1.76e+00 6.40e-10  3.16e+01     0s
  25   2.32731978e+07  2.36612076e+07  1.75e+00 8.00e-10  3.12e+01     0s
  26   2.32744685e+07  2.36668834e+07  1.75e+00 1.05e-09  3.10e+01     0s
  27   2.32781207e+07  2.36753019e+07  1.73e+00 1.25e-09  3.07e+01     0s
  28   2.32807577e+07  2.36843518e+07  1.72e+00 7.86e-10  3.03e+01     0s
  29   2.32841261e+07  2.36938853e+07  1.70e+00 7.28e-10  3.01e+01     0s
  30   2.32905909e+07  2.37201142e+07  1.67e+00 7.57e-10  2.87e+01     0s
  31   2.32938342e+07  2.37696376e+07  1.65e+00 1.28e-09  2.83e+01     0s
  32   2.33167558e+07  2.38435945e+07  1.59e+00 7.10e-09  2.73e+01     0s
  33   2.33422529e+07  2.38534560e+07  1.52e+00 4.37e-09  2.61e+01     0s
  34   2.33548832e+07  2.38644825e+07  1.48e+00 8.93e-09  2.52e+01     0s
  35   2.33839803e+07  2.38899210e+07  1.40e+00 7.44e-08  2.32e+01     0s
  36   2.34186972e+07  2.39181574e+07  1.31e+00 4.28e-08  2.11e+01     0s
  37   2.34395162e+07  2.39242131e+07  1.25e+00 3.75e-08  2.04e+01     0s
  38   2.34696325e+07  2.39317561e+07  1.18e+00 5.59e-08  1.93e+01     0s
  39   2.34845527e+07  2.39427736e+07  1.15e+00 7.37e-08  1.86e+01     0s
  40   2.34947130e+07  2.40032112e+07  1.12e+00 1.89e-08  1.80e+01     0s
  41   2.35025028e+07  2.40841209e+07  1.10e+00 1.43e-08  1.76e+01     0s
  42   2.35111058e+07  2.40900751e+07  1.09e+00 1.47e-08  1.74e+01     0s
  43   2.35148631e+07  2.41338530e+07  1.08e+00 2.15e-08  1.76e+01     0s
  44   2.35238601e+07  2.41859854e+07  1.06e+00 2.46e-08  1.67e+01     0s
  45   2.35272959e+07  2.42913414e+07  1.05e+00 9.31e-09  1.67e+01     0s
  46   2.35319430e+07  2.42943704e+07  1.04e+00 9.43e-09  1.67e+01     0s
  47   2.35336714e+07  2.43398467e+07  1.04e+00 1.14e-08  1.68e+01     0s
  48   7.36177842e+08 -1.14670667e+08  9.03e+05 9.09e-13  4.28e+07     0s
  49   3.09343555e+08 -1.56689762e+08  4.24e+05 2.07e+03  2.30e+07     0s
  50   3.23223363e+07 -1.67770824e+08  5.18e+03 6.37e-12  3.30e+05     0s
  51   2.40238435e+07 -4.70935051e+07  2.61e+02 3.46e-11  2.96e+04     0s
  52   2.24169413e+07  9.86827237e+05  1.35e+02 2.73e-11  9.89e+03     0s
  53   2.23322852e+07  1.22243394e+07  8.97e+01 3.37e-11  5.12e+03     0s
  54   2.21379463e+07  1.54495851e+07  5.08e+01 3.09e-11  3.06e+03     0s
  55   2.25126076e+07  1.82601818e+07  4.10e+01 3.09e-11  2.25e+03     0s
  56   2.28830169e+07  1.91569558e+07  2.37e+01 3.34e-11  1.61e+03     0s
  57   2.30653383e+07  2.12291341e+07  1.38e+01 1.40e-10  8.52e+02     0s
  58   2.31042784e+07  2.25470786e+07  9.69e+00 2.71e-10  4.13e+02     0s
  59   2.31599229e+07  2.29151420e+07  6.11e+00 2.99e-10  2.43e+02     0s
  60   2.32024568e+07  2.29346370e+07  4.23e+00 3.43e-10  1.94e+02     0s
  61   2.32342076e+07  2.32107475e+07  3.28e+00 1.68e-10  1.20e+02     0s
  62   2.32591641e+07  2.33792053e+07  2.37e+00 1.89e-10  7.65e+01     0s
  63   2.32768024e+07  2.35107289e+07  2.16e+00 2.62e-10  7.40e+01     0s
  64   2.32825507e+07  2.35443005e+07  2.09e+00 1.46e-10  7.16e+01     0s
  65   2.32915657e+07  2.35797684e+07  2.01e+00 2.62e-10  6.88e+01     0s
  66   2.33014847e+07  2.36110932e+07  1.95e+00 4.37e-10  6.64e+01     0s
  67   2.33196322e+07  2.36448747e+07  1.84e+00 3.42e-09  6.21e+01     0s
  68   2.33251706e+07  2.37438794e+07  1.78e+00 3.52e-09  6.00e+01     0s
  69   2.33501782e+07  2.37919363e+07  1.69e+00 6.23e-09  5.71e+01     0s
  70   2.33643695e+07  2.38133980e+07  1.64e+00 1.37e-09  5.50e+01     0s
  71   2.33786454e+07  2.38275651e+07  1.59e+00 5.47e-09  5.30e+01     0s
  72   2.33879843e+07  2.38318916e+07  1.56e+00 4.37e-09  5.20e+01     0s
  73   2.34215902e+07  2.38372362e+07  1.46e+00 1.72e-08  4.90e+01     0s
  74   2.34364847e+07  2.38538633e+07  1.41e+00 8.15e-09  4.77e+01     0s
  75   2.34708663e+07  2.38698309e+07  1.33e+00 1.36e-08  4.55e+01     0s
  76   2.34883514e+07  2.39070922e+07  1.28e+00 1.86e-09  4.35e+01     0s
  77   2.35128785e+07  2.39940730e+07  1.18e+00 1.80e-09  3.78e+01     0s
  78   2.35182839e+07  2.40624578e+07  1.16e+00 1.86e-09  3.76e+01     0s
  79   2.35205294e+07  2.41013627e+07  1.15e+00 1.98e-09  3.77e+01     0s
  80   2.35250913e+07  2.41031511e+07  1.14e+00 1.07e-08  3.69e+01     0s
  81   2.35361027e+07  2.41052338e+07  1.12e+00 3.54e-08  3.53e+01     0s
  82   2.35428337e+07  2.42482594e+07  1.10e+00 6.88e-08  3.55e+01     0s
  83   2.35537401e+07  2.42628293e+07  1.08e+00 7.07e-08  3.41e+01     0s
  84   2.35562926e+07  2.44108388e+07  1.07e+00 1.28e-09  3.51e+01     0s
  85   2.35759562e+07  2.44323479e+07  1.05e+00 8.15e-09  3.42e+01     0s
  86   2.35952489e+07  2.44715679e+07  1.02e+00 6.98e-10  3.29e+01     0s
  87   2.35971088e+07  2.44894104e+07  1.02e+00 1.28e-09  3.29e+01     0s
  88   2.36193178e+07  2.46021716e+07  9.90e-01 1.75e-09  3.16e+01     0s
  89   2.36259113e+07  2.47515416e+07  9.83e-01 2.56e-09  3.15e+01     0s
  90   2.36389258e+07  2.48036419e+07  9.72e-01 2.33e-09  3.13e+01     0s
  91   2.36777818e+07  2.48332827e+07  9.42e-01 1.58e-08  3.06e+01     0s
  92   2.37087285e+07  2.48533021e+07  9.18e-01 8.85e-09  2.99e+01     0s
  93   2.37708337e+07  2.49814451e+07  8.75e-01 1.30e-07  2.85e+01     0s
  94   2.37907832e+07  2.50323172e+07  8.60e-01 8.02e-08  2.72e+01     0s
  95   2.38010581e+07  2.50945719e+07  8.53e-01 9.87e-08  2.70e+01     0s
  96   2.38114331e+07  2.51810651e+07  8.46e-01 8.99e-08  2.70e+01     0s
  97   2.38256560e+07  2.52307741e+07  8.37e-01 6.98e-09  2.68e+01     0s
  98   2.38436157e+07  2.52817393e+07  8.27e-01 2.74e-09  2.75e+01     0s
  99   2.38528262e+07  2.54867310e+07  8.20e-01 1.12e-08  2.77e+01     0s
 100   2.38648773e+07  2.55496533e+07  8.13e-01 2.28e-08  2.74e+01     0s
 101   2.38749003e+07  2.55431085e+07  8.09e-01 8.15e-08  2.73e+01     0s
 102   2.38864470e+07  2.56351859e+07  8.03e-01 2.03e-08  2.70e+01     0s
 103   2.38868887e+07  2.57878042e+07  8.01e-01 2.50e-09  2.60e+01     0s
 104   2.38997580e+07  2.60990886e+07  7.95e-01 1.91e-07  2.57e+01     0s
 105   2.39832442e+07  2.66240653e+07  7.81e-01 1.73e-07  3.40e+01     0s
 106   2.40288504e+07  2.66614035e+07  7.68e-01 2.89e-08  3.32e+01     0s
 107   2.40452390e+07  2.66799263e+07  7.63e-01 1.17e-07  3.26e+01     0s
 108   2.40476807e+07  2.68568720e+07  7.62e-01 2.34e-07  3.29e+01     0s
 109   2.40586222e+07  2.71903845e+07  7.59e-01 2.58e-07  3.35e+01     0s
 110   2.40613963e+07  2.73558049e+07  7.58e-01 6.98e-09  3.38e+01     0s
 111   2.40626923e+07  2.74204068e+07  7.57e-01 3.73e-09  3.40e+01     0s
 112   2.40642001e+07  2.74804427e+07  7.56e-01 8.38e-09  3.40e+01     0s
 113   2.40837578e+07  2.79632111e+07  7.50e-01 6.80e-08  3.33e+01     0s
 114   2.40829696e+07  2.80661051e+07  7.50e-01 1.86e-09  3.29e+01     0s
 115   2.42464335e+07  2.81995442e+07  7.23e-01 5.22e-07  3.82e+01     0s
 116   2.44324842e+07  2.72604101e+07  7.00e-01 1.34e-06  6.38e+01     0s
 117   2.44560269e+07  2.74643714e+07  6.90e-01 6.98e-08  7.15e+01     0s
 118   2.45010810e+07  3.00760559e+07  6.79e-01 1.92e-07  6.58e+01     0s
 119   2.45174016e+07  3.03158209e+07  6.77e-01 1.79e-07  6.65e+01     0s
 120   2.45683530e+07  3.08070813e+07  6.72e-01 5.59e-08  6.77e+01     0s
 121   2.45991257e+07  3.09074051e+07  6.69e-01 4.10e-08  6.78e+01     0s
 122   2.46065815e+07  3.09672117e+07  6.68e-01 3.48e-07  6.78e+01     0s
 123   2.46178259e+07  3.09510232e+07  6.67e-01 1.30e-08  6.81e+01     0s
 124   2.46834180e+07  3.09928272e+07  6.62e-01 1.57e-07  6.96e+01     0s
 125   2.49750107e+07  3.09610978e+07  6.35e-01 5.71e-06  7.78e+01     0s
 126   2.49829969e+07  3.12202661e+07  6.34e-01 3.26e-07  7.44e+01     0s
 127   2.51409376e+07  3.11975619e+07  6.21e-01 1.68e-06  8.64e+01     0s
 128   2.57421060e+07  3.08257921e+07  5.67e-01 1.16e-06  1.10e+02     0s
 129   2.58447655e+07  3.12254339e+07  5.59e-01 3.03e-06  9.72e+01     0s
 130   2.59682185e+07  3.11024802e+07  5.48e-01 1.04e-06  1.13e+02     0s
 131   2.61454717e+07  3.17374516e+07  5.32e-01 9.15e-07  1.04e+02     0s
 132   2.62198511e+07  3.17732788e+07  5.26e-01 6.26e-07  1.05e+02     0s
 133   2.65152221e+07  3.19353509e+07  5.00e-01 5.07e-07  1.01e+02     0s
 134   2.67096246e+07  3.19558523e+07  4.83e-01 9.24e-06  9.81e+01     0s
 135   2.68093768e+07  3.19734958e+07  4.75e-01 1.61e-05  9.47e+01     0s
 136   2.68670123e+07  3.19903519e+07  4.70e-01 1.18e-05  9.13e+01     0s
 137   2.69291056e+07  3.20307622e+07  4.64e-01 3.65e-05  8.47e+01     0s
 138   2.69342572e+07  3.20922415e+07  4.64e-01 3.57e-05  8.45e+01     0s
 139   2.69461522e+07  3.22070094e+07  4.63e-01 3.48e-05  8.41e+01     0s
 140   2.70006364e+07  3.22587360e+07  4.59e-01 2.79e-08  8.44e+01     0s
 141   2.70805095e+07  3.25438486e+07  4.52e-01 4.79e-07  8.04e+01     0s
 142   2.70911669e+07  3.26093641e+07  4.51e-01 3.73e-08  8.06e+01     0s
 143   2.74105391e+07  3.25068949e+07  4.27e-01 6.32e-07  8.15e+01     0s
 144   2.75325581e+07  3.25457745e+07  4.18e-01 1.21e-06  8.22e+01     0s
 145   2.79166794e+07  3.26413513e+07  3.90e-01 5.30e-06  7.14e+01     0s
 146   2.80095283e+07  3.27769590e+07  3.83e-01 8.02e-06  6.97e+01     0s
 147   2.81758239e+07  3.30848779e+07  3.70e-01 1.28e-05  6.70e+01     0s
 148   2.82441148e+07  3.32219102e+07  3.66e-01 1.28e-05  6.84e+01     0s
 149   2.83567683e+07  3.31793218e+07  3.58e-01 1.85e-05  6.86e+01     0s
 150   2.85319884e+07  3.34173504e+07  3.46e-01 4.86e-07  6.56e+01     0s
 151   2.86089457e+07  3.29511196e+07  3.41e-01 4.29e-07  7.32e+01     0s
 152   2.86820659e+07  3.35037613e+07  3.36e-01 2.70e-06  6.06e+01     0s
 153   2.88953414e+07  3.36059669e+07  3.22e-01 2.28e-06  5.59e+01     0s
 154   2.90198071e+07  3.36880905e+07  3.14e-01 4.59e-06  5.12e+01     0s
 155   2.90271227e+07  3.39003054e+07  3.13e-01 3.51e-06  5.11e+01     0s
 156   2.90485844e+07  3.39248900e+07  3.12e-01 3.51e-06  5.09e+01     0s
 157   2.90693009e+07  3.39488070e+07  3.11e-01 7.26e-08  5.07e+01     0s
 158   2.91442254e+07  3.39996039e+07  3.06e-01 2.03e-06  5.00e+01     0s
 159   2.92720220e+07  3.40148741e+07  2.98e-01 6.85e-06  4.87e+01     0s
 160   2.93333922e+07  3.40274913e+07  2.94e-01 1.21e-06  4.71e+01     0s
 161   2.93490749e+07  3.40780103e+07  2.93e-01 3.56e-06  4.55e+01     0s
 162   2.93605463e+07  3.42954358e+07  2.92e-01 3.55e-06  4.51e+01     0s
 163   2.93896406e+07  3.46566349e+07  2.90e-01 3.68e-06  4.54e+01     0s
 164   2.94326387e+07  3.48186901e+07  2.88e-01 1.49e-06  4.46e+01     0s
 165   2.94451159e+07  3.49881604e+07  2.87e-01 1.49e-07  4.47e+01     0s
 166   2.94784738e+07  3.50800813e+07  2.86e-01 2.01e-07  4.47e+01     0s
 167   2.95451822e+07  3.57096586e+07  2.83e-01 1.86e-06  4.71e+01     0s
 168   2.98206811e+07  3.59165947e+07  2.71e-01 1.29e-06  4.70e+01     0s
 169   3.00590482e+07  3.61026598e+07  2.61e-01 1.41e-05  4.29e+01     0s
 170   3.01321484e+07  3.61732083e+07  2.58e-01 1.20e-05  4.18e+01     0s
 171   3.02185421e+07  3.62037337e+07  2.55e-01 7.49e-06  4.15e+01     0s
 172   3.02753142e+07  3.65050467e+07  2.52e-01 2.12e-06  4.00e+01     0s
 173   3.09024656e+07  3.63867690e+07  2.28e-01 1.88e-05  3.96e+01     0s
 174   3.11181110e+07  3.64148599e+07  2.19e-01 8.45e-05  3.54e+01     0s
 175   3.13487287e+07  3.66355625e+07  2.10e-01 6.30e-05  2.35e+01     0s
 176   3.13872999e+07  3.67877143e+07  2.08e-01 6.28e-05  2.35e+01     0s
 177   3.17121450e+07  3.69417916e+07  1.96e-01 6.74e-05  2.21e+01     0s
 178   3.21394392e+07  3.69496224e+07  1.81e-01 1.11e-05  2.06e+01     0s
 179   3.24169658e+07  3.70403213e+07  1.70e-01 5.44e-05  2.04e+01     0s
 180   3.24477250e+07  3.71884804e+07  1.69e-01 5.38e-05  2.03e+01     0s
 181   3.25813719e+07  3.72200715e+07  1.65e-01 3.31e-05  1.99e+01     0s
 182   3.26196707e+07  3.72476608e+07  1.63e-01 2.11e-06  1.96e+01     0s
 183   3.28338823e+07  3.72635602e+07  1.56e-01 1.02e-05  1.88e+01     0s
 184   3.28812857e+07  3.72684511e+07  1.54e-01 1.35e-05  1.85e+01     0s
 185   3.28969479e+07  3.72738763e+07  1.54e-01 2.21e-05  1.83e+01     0s
 186   3.29261993e+07  3.72838724e+07  1.53e-01 2.10e-05  1.83e+01     0s
 187   3.29993150e+07  3.72982748e+07  1.50e-01 2.41e-05  1.81e+01     0s
 188   3.30115805e+07  3.73277209e+07  1.50e-01 6.14e-06  1.78e+01     0s
 189   3.30355844e+07  3.73561970e+07  1.49e-01 2.36e-06  1.77e+01     0s
 190   3.30777687e+07  3.73806127e+07  1.47e-01 2.85e-06  1.76e+01     0s
 191   3.30820977e+07  3.73953626e+07  1.47e-01 2.68e-07  1.76e+01     0s
 192   3.31112494e+07  3.74112999e+07  1.46e-01 5.22e-07  1.77e+01     0s
 193   3.31224203e+07  3.73922571e+07  1.46e-01 7.82e-08  1.84e+01     0s
 194   3.32107175e+07  3.74777798e+07  1.43e-01 1.08e-05  1.74e+01     0s
 195   3.32592683e+07  3.75037746e+07  1.42e-01 1.63e-05  1.71e+01     0s
 196   3.33443831e+07  3.74798044e+07  1.39e-01 1.59e-05  1.75e+01     0s
 197   3.34155058e+07  3.75287487e+07  1.36e-01 3.15e-05  1.63e+01     0s
 198   3.34263804e+07  3.75866363e+07  1.36e-01 1.18e-06  1.63e+01     0s
 199   3.34613880e+07  3.77195989e+07  1.35e-01 2.13e-06  1.63e+01     0s
 200   3.34896832e+07  3.79548876e+07  1.34e-01 5.92e-07  1.62e+01     0s
 201   3.38210676e+07  3.77552851e+07  1.25e-01 5.90e-06  2.31e+01     0s
 202   3.45130532e+07  3.78575919e+07  1.05e-01 3.10e-05  3.24e+01     0s
 203   3.45525646e+07  3.79152249e+07  1.04e-01 3.36e-06  2.99e+01     0s
 204   3.45991003e+07  3.79449698e+07  1.03e-01 1.81e-06  2.98e+01     0s
 205   3.46777135e+07  3.80481526e+07  1.01e-01 3.16e-05  2.30e+01     1s
 206   3.48365084e+07  3.80379982e+07  9.61e-02 1.33e-05  2.44e+01     1s
 207   3.50749510e+07  3.80799769e+07  8.94e-02 2.92e-05  2.25e+01     1s
 208   3.51420383e+07  3.81531730e+07  8.75e-02 2.35e-05  1.77e+01     1s
 209   3.51553563e+07  3.82059380e+07  8.72e-02 2.46e-05  1.76e+01     1s
 210   3.52128403e+07  3.82462629e+07  8.56e-02 2.05e-05  1.71e+01     1s
 211   3.53440968e+07  3.82903343e+07  8.25e-02 2.77e-06  2.08e+01     1s
 212   3.60181815e+07  3.82584643e+07  6.46e-02 4.92e-05  2.52e+01     1s
 213   3.63950662e+07  3.82772267e+07  5.42e-02 6.06e-05  2.31e+01     1s
 214   3.66792339e+07  3.82941780e+07  4.64e-02 1.40e-04  2.10e+01     1s
 215   3.67235841e+07  3.83096099e+07  4.52e-02 1.68e-04  1.90e+01     1s
 216   3.67403166e+07  3.83172842e+07  4.46e-02 1.74e-04  1.68e+01     1s
 217   3.69899021e+07  3.83535296e+07  3.78e-02 2.50e-04  1.49e+01     1s
 218   3.70147961e+07  3.83804532e+07  3.71e-02 2.56e-04  1.45e+01     1s
 219   3.70279789e+07  3.83934970e+07  3.67e-02 2.52e-04  1.44e+01     1s
 220   3.70353584e+07  3.84066125e+07  3.65e-02 2.53e-04  1.44e+01     1s
 221   3.70478325e+07  3.84174529e+07  3.62e-02 2.88e-06  1.42e+01     1s
 222   3.70558939e+07  3.84412768e+07  3.60e-02 3.96e-06  1.42e+01     1s
 223   3.70839387e+07  3.84581903e+07  3.52e-02 9.02e-07  1.36e+01     1s
 224   3.70978246e+07  3.84781166e+07  3.49e-02 4.02e-06  1.34e+01     1s
 225   3.71045586e+07  3.84874976e+07  3.47e-02 2.75e-06  1.33e+01     1s
 226   3.71098429e+07  3.85365111e+07  3.46e-02 2.61e-06  1.33e+01     1s
 227   3.71268726e+07  3.85694845e+07  3.42e-02 1.66e-06  1.32e+01     1s
 228   3.71321574e+07  3.85867864e+07  3.40e-02 1.86e-06  1.31e+01     1s
 229   3.72898587e+07  3.85855463e+07  3.05e-02 2.91e-06  1.31e+01     1s
 230   3.73391270e+07  3.85611325e+07  2.94e-02 4.45e-05  1.29e+01     1s
 231   3.73528675e+07  3.86018924e+07  2.91e-02 1.30e-05  1.08e+01     1s
 232   3.73832792e+07  3.86094473e+07  2.84e-02 1.31e-05  1.09e+01     1s
 233   3.74289937e+07  3.86570527e+07  2.74e-02 1.34e-05  9.95e+00     1s
 234   3.77119061e+07  3.86583590e+07  2.13e-02 3.46e-06  9.72e+00     1s
 235   3.78697471e+07  3.86723752e+07  1.79e-02 3.81e-05  7.05e+00     1s
 236   3.84158515e+07  3.86921910e+07  6.07e-03 1.46e-04  1.56e+00     1s
 237   3.85586342e+07  3.86961023e+07  2.99e-03 1.21e-04  3.87e-01     1s
 238   3.86292634e+07  3.86966812e+07  1.46e-03 1.46e-04  1.29e-01     1s
 239   3.86945280e+07  3.86967531e+07  4.81e-05 1.02e-04  4.03e-03     1s
 240   3.86967539e+07  3.86967544e+07  1.14e-08 1.41e-04  9.19e-07     1s
 241   3.86967544e+07  3.86967544e+07  9.09e-13 8.76e-05  3.13e-11     1s
 242   3.86967544e+07  3.86967544e+07  1.73e-12 1.35e-04  8.18e-12     1s
 243   3.86967544e+07  3.86967544e+07  9.09e-13 7.50e-05  2.78e-12     1s
 244   3.86967544e+07  3.86967544e+07  9.09e-13 9.63e-05  1.43e-12     1s
 245   3.86967544e+07  3.86967544e+07  3.13e-13 9.29e-05  7.26e-13     1s
 246   3.86967544e+07  3.86967544e+07  3.35e-13 7.42e-05  2.84e-13     1s
 247   3.86967544e+07  3.86967544e+07  2.82e-13 4.88e-05  1.95e-13     1s

Barrier solved model in 247 iterations and 0.58 seconds (0.36 work units)
Optimal objective 3.86967544e+07

Crossover time: 0.01 seconds (0.01 work units)

Root relaxation: objective 3.869675e+07, 184 iterations, 0.50 seconds (0.28 work units)

    Nodes    |    Current Node    |     Objective Bounds      |     Work
 Expl Unexpl |  Obj  Depth IntInf | Incumbent    BestBd   Gap | It/Node Time

     0     0 3.8697e+07    0   17 3.9925e+07 3.8697e+07  3.08%     -    0s
     0     0 3.8819e+07    0   19 3.9925e+07 3.8819e+07  2.77%     -    0s
     0     0 3.8820e+07    0   19 3.9925e+07 3.8820e+07  2.77%     -    0s
     0     0 3.8820e+07    0   19 3.9925e+07 3.8820e+07  2.77%     -    0s
     0     0 3.8821e+07    0   19 3.9925e+07 3.8821e+07  2.76%     -    0s
     0     0 3.8821e+07    0   19 3.9925e+07 3.8821e+07  2.76%     -    0s
     0     0 3.8860e+07    0   19 3.9925e+07 3.8860e+07  2.67%     -    0s
     0     0 3.8877e+07    0   19 3.9925e+07 3.8877e+07  2.63%     -    0s
     0     0 3.8877e+07    0   19 3.9925e+07 3.8877e+07  2.63%     -    0s
     0     0 3.8900e+07    0   19 3.9925e+07 3.8900e+07  2.57%     -    0s
     0     0 3.8900e+07    0   18 3.9925e+07 3.8900e+07  2.57%     -    0s
     0     0 3.8937e+07    0   18 3.9925e+07 3.8937e+07  2.47%     -    0s
     0     0 3.8937e+07    0   18 3.9925e+07 3.8937e+07  2.47%     -    0s
     0     0 3.9127e+07    0   18 3.9925e+07 3.9127e+07  2.00%     -    0s
     0     0 3.9127e+07    0   18 3.9925e+07 3.9127e+07  2.00%     -    0s
     0     2 3.9127e+07    0   18 3.9925e+07 3.9127e+07  2.00%     -    0s

Cutting planes:
  Cover: 1
  Implied bound: 4
  MIR: 4
  Flow cover: 7
  RLT: 1

Explored 5 nodes (1326 simplex iterations) in 1.00 seconds (0.93 work units)
Thread count was 10 (of 10 available processors)

Solution count 1: 3.9925e+07 

Optimal solution found (tolerance 5.00e-03)
Best objective 3.992500000000e+07, best bound 3.992500000000e+07, gap 0.0000%
