
Gurobi 13.0.3 (mac64[arm]) logging started Sat Sep 26 12:20:50 2026

Set parameter LogFile to value "/Users/ashutosh/Desktop/Two-stage-Model/certainty_results/full/solves/nnw_5_15_40M_phase2.log"
Gurobi Optimizer version 13.0.3 build v13.0.3rc0 (mac64[arm] - Darwin 27.0.0 26A428)

CPU model: Apple M1 Pro
Thread count: 10 physical cores, 10 logical processors, using up to 10 threads

Non-default parameters:
TimeLimit  21600
MIPGap  0.005
Method  2
LogToConsole  0

Optimize a model with 13542 rows, 5548 columns and 38792 nonzeros (Min)
Model fingerprint: 0x9f0f6e64
Model has 724 linear objective coefficients
Variable types: 3498 continuous, 2050 integer (1688 binary)
Coefficient statistics:
  Matrix range     [1e-03, 1e+05]
  Objective range  [2e+04, 1e+05]
  Bounds range     [1e+00, 3e+00]
  RHS range        [1e-02, 4e+07]

Loaded user MIP start with objective 3.98e+07
MIP start from previous solve did not produce a new incumbent solution

Presolve removed 12204 rows and 3965 columns
Presolve time: 0.05s
Presolved: 1338 rows, 1583 columns, 6231 nonzeros
Variable types: 1374 continuous, 209 integer (209 binary)
Root barrier log...

Ordering time: 0.00s

Barrier statistics:
 Dense cols : 4
 AA' NZ     : 1.021e+04
 Factor NZ  : 4.664e+04 (roughly 2 MB of memory)
 Factor Ops : 3.053e+06 (less than 1 second per iteration)
 Threads    : 1

                  Objective                Residual
Iter       Primal          Dual         Primal    Dual     Compl     Time
   0   4.72182035e+07 -2.21378535e+07  3.41e+04 4.55e-13  1.04e+06     0s
   1   4.10569011e+07 -1.90826792e+07  1.52e+04 1.50e+03  4.70e+05     0s
   2   3.67245854e+07 -8.26240299e+06  3.03e+02 1.78e-10  2.11e+04     0s
   3   3.64684316e+07  2.72998910e+07  1.31e+02 4.00e-11  5.01e+03     0s
   4   3.68790238e+07  2.84349712e+07  1.17e+02 3.14e-11  4.55e+03     0s
   5   3.67450742e+07  3.51205009e+07  1.74e+01 1.64e-11  6.97e+02     0s
   6   3.67277729e+07  3.61316235e+07  1.06e+01 3.64e-11  2.89e+02     0s
   7   3.67259538e+07  3.64238315e+07  4.40e+00 3.64e-11  1.32e+02     0s
   8   3.67259660e+07  3.65373508e+07  3.47e+00 4.57e-11  9.17e+01     0s
   9   3.67397502e+07  3.65472437e+07  2.27e+00 5.54e-11  7.93e+01     0s
  10   3.67403675e+07  3.66050816e+07  2.01e+00 8.57e-11  6.16e+01     0s
  11   3.67446979e+07  3.66539871e+07  1.10e+00 2.18e-11  3.91e+01     0s
  12   3.67463561e+07  3.66922941e+07  8.75e-01 2.91e-11  2.80e+01     0s
  13   3.67469019e+07  3.67000036e+07  8.01e-01 3.64e-11  2.53e+01     0s
  14   3.67480733e+07  3.67125959e+07  6.29e-01 1.16e-10  2.08e+01     0s
  15   3.67506570e+07  3.67349876e+07  5.15e-01 2.76e-10  1.50e+01     0s
  16   3.67520993e+07  3.67498953e+07  4.30e-01 1.34e-09  1.17e+01     0s
  17   3.67528282e+07  3.67548232e+07  4.12e-01 1.22e-09  1.13e+01     0s
  18   3.67540151e+07  3.67625496e+07  3.84e-01 1.31e-09  1.06e+01     0s
  19   3.67572015e+07  3.67669709e+07  3.41e-01 1.30e-09  9.56e+00     0s
  20   3.67591591e+07  3.67708857e+07  3.19e-01 1.72e-09  8.80e+00     0s
  21   3.67610948e+07  3.67742940e+07  2.98e-01 8.15e-10  8.20e+00     0s
  22   3.67617009e+07  3.67738406e+07  2.92e-01 7.86e-10  8.01e+00     0s
  23   3.67637480e+07  3.67767006e+07  2.67e-01 7.86e-10  7.51e+00     0s
  24   3.67647055e+07  3.67821898e+07  2.58e-01 6.69e-10  7.26e+00     0s
  25   3.67677183e+07  3.67850912e+07  2.36e-01 1.62e-09  6.87e+00     0s
  26   3.67694261e+07  3.67871843e+07  2.24e-01 1.59e-08  6.38e+00     0s
  27   3.67703508e+07  3.67905928e+07  2.18e-01 4.71e-09  5.83e+00     0s
  28   3.67716183e+07  3.67923611e+07  2.09e-01 4.86e-09  5.61e+00     0s
  29   3.67766176e+07  3.67968659e+07  1.80e-01 4.89e-09  4.90e+00     0s
  30   3.67773501e+07  3.68029325e+07  1.76e-01 4.16e-09  4.94e+00     0s
  31   3.67799181e+07  3.68102409e+07  1.65e-01 1.86e-08  4.69e+00     0s
  32   3.67800493e+07  3.68181565e+07  1.63e-01 1.36e-08  4.69e+00     0s
  33   3.67841835e+07  3.68190338e+07  1.51e-01 1.12e-08  4.45e+00     0s
  34   3.67873791e+07  3.68208784e+07  1.43e-01 9.20e-09  4.43e+00     0s
  35   3.67878653e+07  3.68252045e+07  1.41e-01 9.55e-09  4.27e+00     0s
  36   3.67886576e+07  3.68285050e+07  1.38e-01 1.35e-08  4.13e+00     0s
  37   3.67909115e+07  3.68352408e+07  1.31e-01 3.33e-08  3.81e+00     0s
  38   3.67926743e+07  3.68373052e+07  1.26e-01 3.52e-08  3.66e+00     0s
  39   3.67923871e+07  3.68432684e+07  1.25e-01 3.43e-08  3.59e+00     0s
  40   3.67966754e+07  3.68377607e+07  1.16e-01 9.98e-08  3.38e+00     0s
  41   3.67991384e+07  3.68367914e+07  1.11e-01 8.73e-08  3.36e+00     0s
  42   3.68001759e+07  3.68393223e+07  1.09e-01 1.12e-07  3.44e+00     0s
  43   3.68018709e+07  3.68453839e+07  1.05e-01 7.89e-08  3.33e+00     0s
  44   3.68027711e+07  3.68388127e+07  1.03e-01 1.13e-07  3.35e+00     0s
  45   3.68039206e+07  3.68441907e+07  1.01e-01 7.31e-08  3.19e+00     0s
  46   3.68083824e+07  3.68451257e+07  9.19e-02 7.84e-08  3.11e+00     0s
  47   3.68095276e+07  3.68461945e+07  8.97e-02 7.46e-08  3.11e+00     0s
  48   3.68098226e+07  3.68557570e+07  8.90e-02 7.58e-08  3.07e+00     0s
  49   3.68181892e+07  3.68596892e+07  7.64e-02 2.20e-07  2.47e+00     0s
  50   3.68192241e+07  3.68687681e+07  7.47e-02 1.45e-07  2.31e+00     0s
  51   3.68202948e+07  3.68847403e+07  7.28e-02 1.32e-07  2.18e+00     0s
  52   3.68205045e+07  3.68672757e+07  7.27e-02 1.30e-07  2.15e+00     0s
  53   3.68232877e+07  3.68819022e+07  6.94e-02 1.26e-07  2.05e+00     0s
  54   3.68326507e+07  3.68603086e+07  5.99e-02 6.06e-07  3.14e+00     0s
  55   3.68438680e+07  3.68680546e+07  4.97e-02 1.09e-06  3.36e+00     0s
  56   3.68493277e+07  3.68827444e+07  4.36e-02 4.59e-07  1.95e+00     0s
  57   3.68511058e+07  3.68905191e+07  4.18e-02 2.06e-06  1.70e+00     0s
  58   3.68524516e+07  3.68970230e+07  4.03e-02 1.67e-06  1.59e+00     0s
  59   3.68563513e+07  3.69060281e+07  3.69e-02 2.59e-06  1.17e+00     0s
  60   3.68787685e+07  3.69007127e+07  2.53e-02 4.62e-06  3.07e+00     0s
  61   3.68802278e+07  3.69081084e+07  2.42e-02 2.09e-06  2.23e+00     0s
  62   3.68801734e+07  3.69312844e+07  2.41e-02 4.14e-08  2.36e+00     0s
  63   3.68807693e+07  3.72072364e+07  2.35e-02 1.67e-06  2.42e+00     0s
  64   3.68809340e+07  3.74072753e+07  2.33e-02 2.91e-07  2.04e+00     0s
  65   3.68870880e+07  3.71658695e+07  2.33e-02 2.63e-07  3.45e+00     0s
  66   3.69412234e+07  3.70651002e+07  2.11e-02 5.17e-06  1.33e+01     0s
  67   3.70023504e+07  3.74235775e+07  1.85e-02 4.97e-06  3.75e+00     0s
  68   3.70050604e+07  3.76333269e+07  1.83e-02 1.27e-04  2.38e+00     0s
  69   3.70050430e+07  3.82857172e+07  1.83e-02 1.25e-04  2.43e+00     0s
  70   3.70056757e+07  3.83849544e+07  1.82e-02 1.25e-04  1.92e+00     0s
  71   3.70057503e+07  3.83559443e+07  1.82e-02 1.49e-08  1.93e+00     0s
  72   3.70058865e+07  3.82969847e+07  1.82e-02 7.45e-08  1.93e+00     0s
  73   3.70064331e+07  3.75892836e+07  1.82e-02 1.05e-06  1.71e+00     0s
  74   3.70068626e+07  3.83546600e+07  1.82e-02 1.92e-06  1.97e+00     0s

Barrier performed 74 iterations in 0.18 seconds (0.21 work units)
Sub-optimal termination - objective 3.70068626e+07

Crossover time: 0.04 seconds (0.05 work units)
Crossover changed status from Sub-Optimal to Optimal

Root relaxation: objective 3.870835e+07, 1552 iterations, 0.15 seconds (0.18 work units)

    Nodes    |    Current Node    |     Objective Bounds      |     Work
 Expl Unexpl |  Obj  Depth IntInf | Incumbent    BestBd   Gap | It/Node Time

     0     0 3.8708e+07    0   16 3.9800e+07 3.8708e+07  2.74%     -    0s
     0     0 3.8756e+07    0   15 3.9800e+07 3.8756e+07  2.62%     -    0s
     0     0 3.9800e+07    0   15 3.9800e+07 3.9800e+07  0.00%     -    0s

Cutting planes:
  Gomory: 1
  Implied bound: 13
  MIR: 8
  Flow cover: 3

Explored 1 nodes (1619 simplex iterations) in 0.31 seconds (0.34 work units)
Thread count was 10 (of 10 available processors)

Solution count 1: 3.98e+07 

Optimal solution found (tolerance 5.00e-03)
Best objective 3.980000000000e+07, best bound 3.980000000000e+07, gap 0.0000%
