
Gurobi 13.0.3 (mac64[arm]) logging started Sat Sep 26 12:20:20 2026

Set parameter LogFile to value "/Users/ashutosh/Desktop/Two-stage-Model/certainty_results/full/solves/nnw_5_10_20M_phase1.log"
Gurobi Optimizer version 13.0.3 build v13.0.3rc0 (mac64[arm] - Darwin 27.0.0 26A428)

CPU model: Apple M1 Pro
Thread count: 10 physical cores, 10 logical processors, using up to 10 threads

Non-default parameters:
TimeLimit  21600
MIPGap  0.005
Method  2
LogToConsole  0

Optimize a model with 13549 rows, 5548 columns and 38153 nonzeros (Min)
Model fingerprint: 0xdff6deb2
Model has 663 linear objective coefficients and an objective constant of 396.859633
Variable types: 3498 continuous, 2050 integer (1688 binary)
Coefficient statistics:
  Matrix range     [1e-03, 1e+05]
  Objective range  [1e+00, 1e+00]
  Bounds range     [1e+00, 3e+00]
  RHS range        [1e-02, 2e+07]

Loaded user MIP start with objective 15.5137
MIP start from previous solve did not produce a new incumbent solution

Presolve removed 11411 rows and 3803 columns
Presolve time: 0.05s
Presolved: 2138 rows, 1745 columns, 7987 nonzeros
Variable types: 1491 continuous, 254 integer (254 binary)
Root barrier log...

Ordering time: 0.00s

Barrier statistics:
 AA' NZ     : 2.888e+04
 Factor NZ  : 8.986e+04 (roughly 2 MB of memory)
 Factor Ops : 7.288e+06 (less than 1 second per iteration)
 Threads    : 10

                  Objective                Residual
Iter       Primal          Dual         Primal    Dual     Compl     Time
   0  -1.40939835e+06 -5.94197023e+05  4.78e+04 2.69e+00  2.11e+04     0s
   1  -6.64472452e+05 -6.47690710e+05  2.26e+04 8.40e+00  1.01e+04     0s
   2  -7.25206138e+03 -5.98129891e+05  2.58e+02 1.78e-14  2.46e+02     0s
   3  -4.55764353e+02 -1.07906200e+05  2.27e+01 4.97e-14  3.04e+01     0s
   4   1.39810410e+02 -2.03698117e+04  2.07e+00 7.11e-14  4.78e+00     0s
   5   1.70258446e+02 -9.58793445e+03  6.83e-02 4.97e-14  2.14e+00     0s
   6   1.46907756e+02 -2.97393344e+03  2.30e-02 1.07e-14  6.85e-01     0s
   7   8.89391519e+01 -1.01044201e+03  6.57e-04 7.11e-15  2.41e-01     0s
   8   3.68428339e+01 -1.32841721e+02  5.00e-05 7.11e-15  3.72e-02     0s
   9   1.61553207e+01 -4.04100779e+01  1.09e-05 3.55e-15  1.24e-02     0s
  10   9.28146930e+00 -6.25975819e+00  1.88e-06 7.11e-15  3.41e-03     0s
  11   7.70177001e+00  2.28184921e+00  8.26e-07 3.55e-15  1.19e-03     0s
  12   6.77760002e+00  4.77905664e+00  2.71e-07 3.55e-15  4.38e-04     0s
  13   6.45638305e+00  5.90338577e+00  8.74e-08 3.55e-15  1.21e-04     0s
  14   6.36863835e+00  6.21135333e+00  3.88e-08 7.11e-15  3.45e-05     0s
  15   6.32333268e+00  6.23261024e+00  1.45e-08 3.55e-15  1.99e-05     0s
  16   6.31036534e+00  6.26752263e+00  8.73e-09 3.55e-15  9.39e-06     0s
  17   6.30442638e+00  6.28423674e+00  6.03e-09 3.55e-15  4.42e-06     0s
  18   6.29447291e+00  6.28941064e+00  1.45e-09 3.55e-15  1.11e-06     0s
  19   6.29156492e+00  6.29083041e+00  1.08e-10 3.55e-15  1.61e-07     0s
  20   6.29132233e+00  6.29129102e+00  1.72e-10 3.55e-15  6.86e-09     0s
  21   6.29131198e+00  6.29131194e+00  3.68e-11 1.42e-14  8.62e-12     0s

Barrier solved model in 21 iterations and 0.15 seconds (0.15 work units)
Optimal objective 6.29131198e+00

Crossover time: 0.01 seconds (0.03 work units)

Root relaxation: objective 6.291312e+00, 264 iterations, 0.07 seconds (0.06 work units)

    Nodes    |    Current Node    |     Objective Bounds      |     Work
 Expl Unexpl |  Obj  Depth IntInf | Incumbent    BestBd   Gap | It/Node Time

     0     0    6.29131    0   35   15.51374    6.29131  59.4%     -    0s
     0     0    6.42167    0   39   15.51374    6.42167  58.6%     -    0s
     0     0    6.44110    0   46   15.51374    6.44110  58.5%     -    0s
     0     0    6.45836    0   40   15.51374    6.45836  58.4%     -    0s
     0     0    6.45993    0   43   15.51374    6.45993  58.4%     -    0s
     0     0    6.47391    0   44   15.51374    6.47391  58.3%     -    0s
     0     0    6.47624    0   43   15.51374    6.47624  58.3%     -    0s
     0     0    6.47827    0   42   15.51374    6.47827  58.2%     -    0s
     0     0    6.48298    0   41   15.51374    6.48298  58.2%     -    0s
     0     0    6.48607    0   44   15.51374    6.48607  58.2%     -    0s
     0     0    6.49073    0   42   15.51374    6.49073  58.2%     -    0s
     0     0    6.49082    0   43   15.51374    6.49082  58.2%     -    0s
     0     0    6.49097    0   44   15.51374    6.49097  58.2%     -    0s
H    0     0                      12.1313627    6.49110  46.5%     -    0s
     0     0    6.49110    0   43   12.13136    6.49110  46.5%     -    0s
     0     0    6.49176    0   43   12.13136    6.49176  46.5%     -    0s
     0     0    6.49308    0   43   12.13136    6.49308  46.5%     -    0s
H    0     0                      12.0977132    6.49313  46.3%     -    0s
     0     0    6.49313    0   43   12.09771    6.49313  46.3%     -    0s
     0     0    6.49674    0   42   12.09771    6.49674  46.3%     -    0s
     0     0    6.49700    0   41   12.09771    6.49700  46.3%     -    0s
     0     0    6.49718    0   43   12.09771    6.49718  46.3%     -    0s
H    0     0                      11.4188596    6.49760  43.1%     -    0s
     0     0    6.49760    0   43   11.41886    6.49760  43.1%     -    0s
     0     0    6.49760    0   43   11.41886    6.49760  43.1%     -    0s
     0     0    6.49760    0   43   11.41886    6.49760  43.1%     -    0s
     0     2    6.49760    0   43   11.41886    6.49760  43.1%     -    0s
H   13    16                      11.4188596    6.53051  42.8%  90.1    0s
H   14    16                      11.4188596    6.53051  42.8%  87.2    0s
H   39    67                      11.3905333    6.53923  42.6%  94.0    0s
H   66    77                      11.3905333    6.53923  42.6%  80.4    0s
H   68    77                      11.3905332    6.53923  42.6%  79.2    0s
H  102   113                      10.9094991    6.53923  40.1%  75.6    1s
H  137   148                      10.7297603    6.53923  39.1%  75.2    1s
H  149   160                      10.7297603    6.53923  39.1%  75.2    1s
H  152   160                      10.7297602    6.53923  39.1%  74.1    1s
H  182   191                      10.7225030    6.53923  39.0%  69.6    1s
H  231   216                      10.2853303    6.54027  36.4%  68.6    1s
*  366   358              49       9.7104453    6.54048  32.6%  66.2    1s
*  394   358              48       8.4647585    6.54048  22.7%  63.3    1s
*  395   358              48       8.4647527    6.54048  22.7%  63.1    1s
H  585   454                       8.3551802    6.64641  20.5%  68.0    1s
*  615   474              30       8.3525282    6.65754  20.3%  68.3    1s
*  732   555              36       8.2372989    6.65754  19.2%  68.9    1s
*  741   555              40       8.2362559    6.65754  19.2%  68.1    1s
H  846   560                       7.9882719    6.65754  16.7%  69.4    2s
H  893   551                       7.5469900    6.76448  10.4%  69.9    2s
* 1045   520              10       7.5313900    6.87257  8.75%  72.3    2s
* 1051   520              15       7.5136300    6.87257  8.53%  72.1    2s
H 1285   474                       7.5136300    7.10100  5.49%  79.1    2s
* 1360   434              19       7.5089800    7.14315  4.87%  80.1    3s
* 1375   434              12       7.4638300    7.14315  4.30%  79.6    3s
* 1652    75               9       7.4287900    7.29036  1.86%  71.0    3s

Cutting planes:
  Cover: 12
  Implied bound: 35
  MIR: 67
  StrongCG: 8
  Flow cover: 30
  RLT: 3

Explored 1849 nodes (118799 simplex iterations) in 3.20 seconds (7.82 work units)
Thread count was 10 (of 10 available processors)

Solution count 10: 7.42879 7.46383 7.50898 ... 8.2373

Optimal solution found (tolerance 5.00e-03)
Best objective 7.428790000000e+00, best bound 7.428790000000e+00, gap 0.0000%
