
Gurobi 13.0.3 (mac64[arm]) logging started Sat Sep 26 12:20:55 2026

Set parameter LogFile to value "/Users/ashutosh/Desktop/Two-stage-Model/certainty_results/full/solves/nnw_5_25_20M_phase1.log"
Gurobi Optimizer version 13.0.3 build v13.0.3rc0 (mac64[arm] - Darwin 27.0.0 26A428)

CPU model: Apple M1 Pro
Thread count: 10 physical cores, 10 logical processors, using up to 10 threads

Non-default parameters:
TimeLimit  21600
MIPGap  0.005
Method  2
LogToConsole  0

Optimize a model with 13523 rows, 5548 columns and 38075 nonzeros (Min)
Model fingerprint: 0x88b22ad7
Model has 663 linear objective coefficients and an objective constant of 396.859633
Variable types: 3498 continuous, 2050 integer (1688 binary)
Coefficient statistics:
  Matrix range     [1e-03, 1e+05]
  Objective range  [1e+00, 1e+00]
  Bounds range     [1e+00, 3e+00]
  RHS range        [1e-02, 2e+07]

Loaded user MIP start with objective 7.63672
MIP start from previous solve did not produce a new incumbent solution

Presolve removed 11591 rows and 3849 columns
Presolve time: 0.06s
Presolved: 1932 rows, 1699 columns, 7432 nonzeros
Variable types: 1457 continuous, 242 integer (242 binary)
Root barrier log...

Ordering time: 0.00s

Barrier statistics:
 AA' NZ     : 2.494e+04
 Factor NZ  : 7.903e+04 (roughly 2 MB of memory)
 Factor Ops : 6.107e+06 (less than 1 second per iteration)
 Threads    : 10

                  Objective                Residual
Iter       Primal          Dual         Primal    Dual     Compl     Time
   0  -3.67838985e+05 -5.12285718e+05  8.67e+03 2.69e+00  5.46e+03     0s
   1  -1.14204521e+05 -4.61912205e+05  2.70e+03 7.48e+00  1.76e+03     0s
   2  -1.71404771e+03 -3.09278530e+05  4.44e+01 1.89e-01  9.75e+01     0s
   3   4.76015457e+01 -6.84983814e+04  3.37e+00 2.21e-02  1.71e+01     0s
   4   1.59092174e+02 -2.43346208e+04  5.73e-01 6.51e-03  5.80e+00     0s
   5   1.50398379e+02 -6.17616012e+03  1.92e-02 1.55e-03  1.47e+00     0s
   6   1.06220643e+02 -1.62669983e+03  4.06e-03 2.78e-04  4.03e-01     0s
   7   4.68919324e+01 -4.56404396e+02  4.50e-04 2.14e-05  1.17e-01     0s
   8   2.50387835e+01 -1.79981534e+02  2.08e-04 5.33e-15  4.76e-02     0s
   9   1.41905917e+01 -5.30096093e+01  8.31e-05 3.55e-15  1.56e-02     0s
  10   5.07966778e+00 -1.29876533e+01  2.21e-06 7.11e-15  4.19e-03     0s
  11   3.35267249e+00 -1.62820201e+00  4.45e-07 3.55e-15  1.15e-03     0s
  12   2.68496100e+00  8.38360130e-01  1.00e-07 3.55e-15  4.28e-04     0s
  13   2.47669923e+00  1.84313508e+00  2.19e-08 3.55e-15  1.47e-04     0s
  14   2.44056353e+00  2.28236798e+00  8.17e-09 3.55e-15  3.67e-05     0s
  15   2.42351318e+00  2.37719920e+00  2.76e-09 3.55e-15  1.07e-05     0s
  16   2.41601342e+00  2.40039132e+00  7.36e-10 3.55e-15  3.62e-06     0s
  17   2.41336556e+00  2.41008438e+00  1.99e-10 3.55e-15  7.60e-07     0s
  18   2.41274560e+00  2.41186624e+00  7.64e-11 7.11e-15  2.04e-07     0s
  19   2.41244630e+00  2.41218354e+00  1.58e-10 3.55e-15  6.08e-08     0s
  20   2.41234947e+00  2.41227072e+00  3.40e-10 3.55e-15  1.82e-08     0s
  21   2.41233468e+00  2.41230213e+00  2.91e-10 3.55e-15  7.54e-09     0s
  22   2.41230893e+00  2.41230506e+00  4.52e-09 1.37e-14  8.98e-10     0s
  23   2.41230739e+00  2.41230715e+00  2.68e-09 3.23e-14  5.75e-11     0s

Barrier solved model in 23 iterations and 0.15 seconds (0.11 work units)
Optimal objective 2.41230739e+00

Crossover time: 0.02 seconds (0.03 work units)

Root relaxation: objective 2.412307e+00, 518 iterations, 0.08 seconds (0.07 work units)

    Nodes    |    Current Node    |     Objective Bounds      |     Work
 Expl Unexpl |  Obj  Depth IntInf | Incumbent    BestBd   Gap | It/Node Time

     0     0    2.41231    0    7    7.63672    2.41231  68.4%     -    0s
H    0     0                       3.9090860    2.41231  38.3%     -    0s
     0     0    2.55076    0   10    3.90909    2.55076  34.7%     -    0s
H    0     0                       3.4481667    2.55076  26.0%     -    0s
     0     0    2.55140    0    9    3.44817    2.55140  26.0%     -    0s
     0     0    2.55155    0   12    3.44817    2.55155  26.0%     -    0s
     0     0    2.55162    0   12    3.44817    2.55162  26.0%     -    0s
     0     0    2.55163    0   11    3.44817    2.55163  26.0%     -    0s
     0     0    2.55163    0   11    3.44817    2.55163  26.0%     -    0s
     0     0    2.55163    0   11    3.44817    2.55163  26.0%     -    0s
     0     0    2.55163    0    9    3.44817    2.55163  26.0%     -    0s
     0     2    2.55163    0    9    3.44817    2.55163  26.0%     -    0s
H   29    27                       3.4481660    2.56652  25.6%   102    0s
H  142   141                       3.0116200    2.56723  14.8%  82.0    0s
*  256   127              20       2.9789400    2.66947  10.4%  73.6    1s
*  264   127              19       2.9267500    2.66947  8.79%  72.7    1s
H  269   127                       2.8514500    2.66947  6.38%  72.8    1s

Cutting planes:
  Cover: 7
  Implied bound: 16
  MIR: 5
  StrongCG: 1
  Flow cover: 1
  RLT: 2

Explored 419 nodes (28313 simplex iterations) in 1.20 seconds (2.46 work units)
Thread count was 10 (of 10 available processors)

Solution count 8: 2.85145 2.92675 2.97894 ... 7.63672

Optimal solution found (tolerance 5.00e-03)
Best objective 2.851450000000e+00, best bound 2.851450000000e+00, gap 0.0000%
