
Gurobi 13.0.3 (mac64[arm]) logging started Sat Sep 26 12:20:09 2026

Set parameter LogFile to value "/Users/ashutosh/Desktop/Two-stage-Model/certainty_results/full/solves/nnw_5_05_30M_phase2.log"
Gurobi Optimizer version 13.0.3 build v13.0.3rc0 (mac64[arm] - Darwin 27.0.0 26A428)

CPU model: Apple M1 Pro
Thread count: 10 physical cores, 10 logical processors, using up to 10 threads

Non-default parameters:
TimeLimit  21600
MIPGap  0.005
Method  2
LogToConsole  0

Optimize a model with 13537 rows, 5548 columns and 38777 nonzeros (Min)
Model fingerprint: 0xb073649c
Model has 724 linear objective coefficients
Variable types: 3498 continuous, 2050 integer (1688 binary)
Coefficient statistics:
  Matrix range     [1e-03, 1e+05]
  Objective range  [2e+04, 1e+05]
  Bounds range     [1e+00, 3e+00]
  RHS range        [1e-02, 3e+07]

Loaded user MIP start with objective 2.9925e+07
MIP start from previous solve did not produce a new incumbent solution

Presolve removed 11552 rows and 3840 columns
Presolve time: 0.06s
Presolved: 1985 rows, 1708 columns, 8007 nonzeros
Variable types: 1459 continuous, 249 integer (249 binary)
Root barrier log...

Ordering time: 0.00s

Barrier statistics:
 AA' NZ     : 2.810e+04
 Factor NZ  : 8.680e+04 (roughly 2 MB of memory)
 Factor Ops : 6.988e+06 (less than 1 second per iteration)
 Threads    : 10

                  Objective                Residual
Iter       Primal          Dual         Primal    Dual     Compl     Time
   0   1.39131462e+08 -9.98012941e+07  9.47e+04 4.55e-13  3.23e+06     0s
   1   4.52835621e+07 -1.00893585e+08  2.45e+04 2.04e+03  8.65e+05     0s
   2   8.19160683e+06 -9.28348070e+07  5.55e+02 5.40e+01  4.12e+04     0s
   3   5.49039105e+06 -9.47891774e+06  1.86e+02 2.02e+00  7.33e+03     0s
   4   4.46432971e+06 -4.29131010e+06  1.04e+02 8.98e-01  3.96e+03     0s
   5   3.81436894e+06 -6.73567388e+05  3.78e+01 3.55e-01  1.63e+03     0s
   6   3.58100179e+06  1.64532520e+06  1.72e+01 1.29e-01  6.85e+02     0s
   7   3.72535876e+06  2.20592083e+06  1.08e+01 8.85e-02  5.02e+02     0s
   8   3.70468824e+06  3.13445896e+06  9.90e+00 2.69e-02  2.90e+02     0s
   9   3.66178758e+06  3.12532682e+06  7.54e+00 2.48e-02  2.38e+02     0s
  10   3.69420000e+06  3.32346079e+06  6.29e+00 1.81e-02  2.00e+02     0s
  11   3.67178082e+06  3.64273698e+06  5.17e+00 9.63e-03  1.44e+02     0s
  12   3.66193939e+06  4.07194772e+06  4.63e+00 6.70e-03  1.24e+02     0s
  13   3.66340291e+06  4.65566258e+06  4.34e+00 6.07e-03  1.17e+02     0s
  14   3.68433924e+06  5.18926910e+06  4.12e+00 5.83e-03  1.08e+02     0s
  15   3.78115022e+06  5.27276804e+06  3.88e+00 5.69e-03  1.01e+02     0s
  16   3.85375342e+06  5.33612918e+06  3.73e+00 5.31e-03  9.82e+01     0s
  17   3.97942493e+06  5.35814703e+06  3.44e+00 4.96e-03  9.08e+01     0s
  18   4.02086392e+06  5.40716848e+06  3.35e+00 4.32e-03  8.53e+01     0s
  19   4.05710301e+06  5.45329845e+06  3.26e+00 4.05e-03  8.20e+01     0s
  20   4.08920334e+06  5.52543826e+06  3.18e+00 3.89e-03  7.96e+01     0s
  21   4.11386146e+06  5.53995384e+06  3.13e+00 3.73e-03  7.83e+01     0s
  22   4.12289577e+06  5.77351753e+06  3.11e+00 3.65e-03  7.82e+01     0s
  23   4.14798697e+06  5.84435012e+06  3.06e+00 3.61e-03  7.68e+01     0s
  24   4.15004086e+06  5.85786591e+06  3.05e+00 3.60e-03  7.68e+01     0s
  25   1.12512428e+09 -1.71246933e+08  9.47e+05 9.09e-13  5.06e+07     0s
  26   6.71569520e+07 -2.49838559e+08  1.85e+05 1.00e-11  1.03e+07     0s
  27   5.73790645e+06 -2.24486271e+08  4.27e+02 8.87e-12  7.55e+04     0s
  28   5.28840052e+06 -2.32204838e+07  2.27e+02 1.18e-11  1.41e+04     0s
  29   4.44464320e+06 -1.26962385e+07  1.27e+02 1.41e-11  7.69e+03     0s
  30   4.17940304e+06 -2.09803397e+06  8.28e+01 3.00e-11  3.46e+03     0s
  31   3.60659495e+06  1.34792401e+06  2.14e+01 1.35e-11  9.72e+02     0s
  32   3.55858800e+06  2.74112008e+06  1.65e+01 3.64e-11  5.41e+02     0s
  33   3.52576845e+06  3.19710169e+06  9.90e+00 4.37e-11  3.05e+02     0s
  34   3.64225860e+06  3.28972431e+06  6.95e+00 5.49e-11  2.53e+02     0s
  35   3.65458237e+06  3.54472587e+06  5.26e+00 5.82e-11  1.84e+02     0s
  36   3.64895999e+06  3.97088770e+06  4.71e+00 4.95e-10  1.55e+02     0s
  37   3.66816111e+06  4.93975313e+06  4.48e+00 9.90e-10  1.62e+02     0s
  38   3.69421065e+06  5.11923215e+06  4.33e+00 1.11e-09  1.54e+02     0s
  39   3.75218937e+06  5.07026646e+06  4.15e+00 6.98e-10  1.46e+02     0s
  40   3.91685668e+06  5.05273396e+06  3.73e+00 5.94e-09  1.33e+02     0s
  41   4.05686454e+06  5.15482573e+06  3.36e+00 8.27e-09  1.22e+02     0s
  42   4.08857025e+06  5.20156049e+06  3.28e+00 7.74e-09  1.19e+02     0s
  43   4.11583649e+06  5.29204632e+06  3.21e+00 8.38e-09  1.15e+02     0s
  44   4.12754760e+06  5.39286743e+06  3.18e+00 1.11e-08  1.14e+02     0s
  45   4.15858630e+06  6.06471285e+06  3.08e+00 1.42e-08  1.11e+02     0s
  46   4.17934119e+06  6.11548885e+06  3.05e+00 4.31e-09  1.10e+02     0s
  47   4.26389688e+06  6.26638008e+06  2.92e+00 5.12e-09  1.04e+02     0s
  48   4.32868756e+06  6.33292165e+06  2.83e+00 1.90e-08  1.00e+02     0s
  49   4.33561577e+06  6.41320166e+06  2.82e+00 2.00e-08  9.99e+01     0s
  50   4.37235690e+06  6.63787817e+06  2.77e+00 1.44e-08  9.76e+01     0s
  51   4.44894651e+06  6.53549858e+06  2.68e+00 3.96e-09  9.57e+01     0s
  52   4.50304189e+06  6.69152834e+06  2.62e+00 9.20e-09  9.37e+01     0s
  53   4.68271031e+06  6.78518194e+06  2.45e+00 1.23e-08  9.16e+01     0s
  54   4.69784434e+06  7.14147244e+06  2.43e+00 1.23e-08  8.45e+01     0s
  55   4.75584184e+06  7.28348420e+06  2.38e+00 1.12e-08  8.21e+01     0s
  56   4.84104571e+06  7.38210890e+06  2.30e+00 1.43e-08  8.14e+01     0s
  57   4.86883850e+06  7.45519568e+06  2.27e+00 1.85e-08  8.05e+01     0s
  58   4.90558394e+06  7.62926871e+06  2.24e+00 6.66e-09  7.96e+01     0s
  59   4.90868676e+06  7.86492085e+06  2.24e+00 6.87e-09  8.01e+01     0s
  60   4.96064155e+06  8.35185897e+06  2.19e+00 1.19e-08  7.72e+01     0s
  61   4.99575778e+06  8.38855272e+06  2.16e+00 3.90e-09  7.54e+01     0s
  62   5.01633682e+06  8.64506701e+06  2.15e+00 3.73e-09  7.48e+01     0s
  63   5.06106080e+06  8.54538845e+06  2.12e+00 2.97e-07  7.41e+01     0s
  64   5.07338406e+06  9.00988113e+06  2.11e+00 2.87e-07  7.49e+01     0s
  65   5.12265611e+06  9.79415756e+06  2.09e+00 2.96e-07  7.59e+01     0s
  66   5.32093713e+06  9.99998483e+06  2.02e+00 3.97e-07  8.20e+01     0s
  67   5.48293246e+06  9.51641125e+06  1.95e+00 7.54e-08  9.15e+01     0s
  68   5.59980049e+06  1.02891399e+07  1.92e+00 7.86e-07  8.94e+01     0s
  69   5.70416575e+06  1.07075311e+07  1.88e+00 3.55e-07  9.57e+01     0s
  70   5.84920523e+06  1.03922593e+07  1.83e+00 9.33e-07  9.64e+01     0s
  71   5.90435865e+06  1.08982554e+07  1.81e+00 6.85e-08  9.47e+01     0s
  72   5.98246892e+06  1.11418691e+07  1.78e+00 1.44e-08  9.41e+01     0s
  73   6.02404038e+06  1.12187716e+07  1.77e+00 1.43e-08  9.40e+01     0s
  74   6.04485672e+06  1.12862689e+07  1.77e+00 1.49e-08  9.35e+01     0s
  75   6.08376783e+06  1.14414759e+07  1.75e+00 1.39e-07  9.26e+01     0s
  76   6.12059798e+06  1.14951517e+07  1.74e+00 3.31e-08  9.24e+01     0s
  77   6.16397751e+06  1.15298324e+07  1.73e+00 6.89e-08  9.22e+01     0s
  78   6.20942987e+06  1.20191406e+07  1.72e+00 2.19e-07  8.86e+01     0s
  79   6.25329179e+06  1.19604700e+07  1.70e+00 4.14e-08  8.89e+01     0s
  80   6.26627440e+06  1.24269942e+07  1.70e+00 3.73e-08  8.82e+01     0s
  81   6.30947027e+06  1.22255709e+07  1.69e+00 2.92e-07  8.74e+01     0s
  82   6.38570810e+06  1.32824470e+07  1.67e+00 1.54e-06  8.35e+01     0s
  83   6.94000265e+06  1.33314232e+07  1.55e+00 1.06e-06  8.65e+01     0s
  84   6.94645471e+06  1.35814716e+07  1.55e+00 1.12e-06  8.64e+01     0s
  85   7.03342708e+06  1.40301467e+07  1.53e+00 2.24e-07  8.51e+01     0s
  86   7.06503114e+06  1.41692961e+07  1.52e+00 1.48e-07  8.56e+01     0s
  87   7.15593310e+06  1.41658202e+07  1.51e+00 1.49e-07  8.52e+01     0s
  88   7.27333403e+06  1.45972513e+07  1.48e+00 1.74e-07  7.79e+01     0s
  89   7.31240648e+06  1.46634597e+07  1.48e+00 1.22e-07  7.97e+01     0s
  90   7.85674372e+06  1.47216129e+07  1.37e+00 5.12e-06  8.58e+01     0s
  91   7.88781455e+06  1.50817116e+07  1.37e+00 1.85e-06  7.80e+01     0s
  92   8.07006924e+06  1.55076373e+07  1.34e+00 3.89e-08  8.12e+01     0s
  93   8.22741224e+06  1.59987020e+07  1.31e+00 2.44e-07  8.11e+01     0s
  94   8.24888666e+06  1.63466307e+07  1.31e+00 9.41e-08  8.10e+01     0s
  95   8.42522186e+06  1.67783837e+07  1.28e+00 5.61e-07  7.86e+01     0s
  96   8.47264999e+06  1.76755367e+07  1.27e+00 1.65e-06  8.06e+01     0s
  97   8.54302460e+06  1.87676957e+07  1.26e+00 1.68e-06  7.65e+01     0s
  98   8.63029890e+06  1.91373137e+07  1.25e+00 6.24e-08  7.71e+01     0s
  99   8.70120553e+06  1.95511621e+07  1.25e+00 6.17e-07  7.66e+01     0s
 100   8.88378271e+06  1.98053539e+07  1.23e+00 6.91e-07  7.59e+01     0s
 101   8.91876536e+06  1.99251366e+07  1.22e+00 4.84e-08  7.55e+01     0s
 102   9.09580245e+06  1.99747118e+07  1.20e+00 6.17e-07  7.36e+01     0s
 103   9.11196218e+06  2.01274082e+07  1.20e+00 1.66e-07  7.26e+01     0s
 104   9.61391745e+06  2.02153734e+07  1.15e+00 4.84e-07  7.02e+01     0s
 105   9.77167550e+06  2.02482669e+07  1.13e+00 1.50e-06  6.89e+01     0s
 106   9.83463245e+06  2.02784219e+07  1.12e+00 3.51e-06  6.79e+01     0s
 107   9.89230541e+06  2.04537469e+07  1.12e+00 3.73e-06  6.63e+01     0s
 108   1.02942595e+07  2.04870324e+07  1.08e+00 3.56e-06  6.50e+01     0s
 109   1.03492167e+07  2.05743059e+07  1.07e+00 7.09e-06  6.31e+01     0s
 110   1.03748485e+07  2.07676050e+07  1.07e+00 6.94e-06  6.29e+01     0s
 111   1.05178980e+07  2.10606446e+07  1.05e+00 7.08e-06  6.28e+01     0s
 112   1.10447065e+07  2.10769698e+07  1.00e+00 4.52e-06  5.98e+01     0s
 113   1.11135867e+07  2.11007630e+07  9.95e-01 2.66e-06  5.76e+01     0s
 114   1.11270316e+07  2.13099206e+07  9.94e-01 2.68e-06  5.74e+01     0s
 115   1.13907919e+07  2.15824133e+07  9.69e-01 2.71e-06  5.73e+01     0s
 116   1.16172033e+07  2.16233921e+07  9.48e-01 5.05e-07  5.58e+01     0s
 117   1.16435795e+07  2.17644553e+07  9.46e-01 1.64e-05  5.33e+01     0s
 118   1.20990937e+07  2.17830142e+07  9.04e-01 1.49e-05  5.14e+01     0s
 119   1.21563210e+07  2.18161859e+07  8.99e-01 1.77e-05  4.96e+01     0s
 120   1.21818708e+07  2.19426087e+07  8.96e-01 1.73e-05  4.94e+01     0s
 121   1.23087206e+07  2.21453757e+07  8.85e-01 1.73e-05  4.91e+01     0s
 122   1.26391404e+07  2.21576304e+07  8.56e-01 4.53e-07  4.74e+01     0s
 123   1.26982360e+07  2.21751248e+07  8.51e-01 9.41e-07  4.61e+01     0s
 124   1.27091504e+07  2.22069790e+07  8.50e-01 9.40e-07  4.64e+01     0s
 125   1.27413285e+07  2.23062788e+07  8.47e-01 8.99e-07  4.62e+01     0s
 126   1.28262507e+07  2.35629683e+07  8.40e-01 2.46e-06  4.30e+01     0s
 127   1.36297352e+07  2.27823051e+07  7.79e-01 2.53e-06  6.13e+01     0s
 128   1.38271100e+07  2.36964711e+07  7.65e-01 9.16e-06  4.35e+01     0s
 129   1.49487964e+07  2.36273260e+07  6.80e-01 7.66e-06  4.55e+01     0s
 130   1.53434341e+07  2.37366977e+07  6.50e-01 5.32e-06  4.11e+01     0s
 131   1.63771159e+07  2.39044620e+07  5.72e-01 2.40e-05  3.32e+01     0s
 132   1.64518381e+07  2.39388422e+07  5.66e-01 1.54e-05  2.99e+01     0s
 133   1.64925846e+07  2.41292612e+07  5.63e-01 1.57e-05  3.02e+01     0s
 134   1.65953537e+07  2.42569309e+07  5.56e-01 1.52e-05  2.97e+01     0s
 135   1.66959316e+07  2.43038773e+07  5.49e-01 3.02e-07  2.98e+01     0s
 136   1.68126460e+07  2.44817345e+07  5.41e-01 3.05e-06  2.90e+01     0s
 137   1.68467671e+07  2.45576490e+07  5.38e-01 1.54e-06  2.87e+01     0s
 138   1.68779946e+07  2.47010510e+07  5.36e-01 1.59e-06  2.82e+01     0s
 139   1.69294892e+07  2.47517055e+07  5.33e-01 9.78e-07  2.81e+01     0s
 140   1.71609557e+07  2.47719937e+07  5.18e-01 1.27e-06  2.88e+01     0s
 141   1.72541471e+07  2.49116355e+07  5.11e-01 5.89e-06  2.72e+01     0s
 142   1.74005993e+07  2.49387292e+07  5.02e-01 2.33e-06  2.65e+01     0s
 143   1.74171760e+07  2.49652238e+07  5.01e-01 2.34e-06  2.62e+01     0s
 144   1.75689278e+07  2.50432137e+07  4.91e-01 6.62e-06  2.53e+01     0s
 145   1.76296678e+07  2.50576210e+07  4.87e-01 5.84e-06  2.52e+01     0s
 146   1.76954111e+07  2.50852588e+07  4.83e-01 2.36e-06  2.48e+01     0s
 147   1.77381997e+07  2.51005789e+07  4.80e-01 2.58e-06  2.45e+01     0s
 148   1.78190939e+07  2.51667067e+07  4.75e-01 3.03e-06  2.37e+01     0s
 149   1.79530356e+07  2.51686349e+07  4.66e-01 2.68e-06  2.36e+01     0s
 150   1.80144662e+07  2.51938774e+07  4.62e-01 4.09e-06  2.31e+01     0s
 151   1.80513983e+07  2.52210237e+07  4.60e-01 3.48e-07  2.28e+01     0s
 152   1.80692032e+07  2.52476200e+07  4.59e-01 3.45e-07  2.29e+01     0s
 153   1.81153383e+07  2.52596711e+07  4.56e-01 3.97e-07  2.28e+01     0s
 154   1.81404330e+07  2.53169375e+07  4.55e-01 2.42e-06  2.24e+01     0s
 155   1.82578349e+07  2.53940853e+07  4.47e-01 2.47e-06  2.15e+01     0s
 156   1.83021181e+07  2.54385921e+07  4.45e-01 1.11e-05  2.11e+01     0s
 157   1.83422228e+07  2.54622509e+07  4.42e-01 8.22e-06  2.07e+01     0s
 158   1.83537327e+07  2.55048054e+07  4.41e-01 8.29e-06  2.06e+01     0s
 159   1.83590096e+07  2.57028473e+07  4.41e-01 7.96e-06  2.10e+01     0s
 160   1.83664003e+07  2.57958288e+07  4.40e-01 3.35e-07  2.09e+01     0s
 161   1.83791519e+07  2.58825712e+07  4.40e-01 3.32e-07  2.07e+01     0s
 162   1.83815379e+07  2.57283460e+07  4.40e-01 3.22e-07  2.05e+01     0s
 163   1.83864772e+07  2.59309457e+07  4.39e-01 3.28e-07  2.04e+01     0s
 164   1.84070371e+07  2.67498940e+07  4.38e-01 2.68e-07  2.05e+01     0s

Barrier performed 164 iterations in 0.38 seconds (0.29 work units)
Numerical trouble encountered

Model may be infeasible or unbounded.  Consider using the
homogeneous algorithm (through parameter 'BarHomogeneous')

Crossover changed status from Numeric to Optimal

Root relaxation: objective 2.883893e+07, 1803 iterations, 0.42 seconds (0.41 work units)

    Nodes    |    Current Node    |     Objective Bounds      |     Work
 Expl Unexpl |  Obj  Depth IntInf | Incumbent    BestBd   Gap | It/Node Time

     0     0 2.8839e+07    0    9 2.9925e+07 2.8839e+07  3.63%     -    0s
     0     0 2.9275e+07    0   11 2.9925e+07 2.9275e+07  2.17%     -    0s
     0     0 2.9284e+07    0   12 2.9925e+07 2.9284e+07  2.14%     -    0s
     0     0 2.9284e+07    0   12 2.9925e+07 2.9284e+07  2.14%     -    0s
     0     0 2.9325e+07    0   11 2.9925e+07 2.9325e+07  2.00%     -    0s
     0     0 2.9345e+07    0   11 2.9925e+07 2.9345e+07  1.94%     -    0s
     0     0 2.9348e+07    0   11 2.9925e+07 2.9348e+07  1.93%     -    0s
     0     0 2.9427e+07    0   11 2.9925e+07 2.9427e+07  1.66%     -    0s
     0     0 2.9427e+07    0   11 2.9925e+07 2.9427e+07  1.66%     -    0s
     0     0 2.9427e+07    0   10 2.9925e+07 2.9427e+07  1.66%     -    0s
     0     2 2.9427e+07    0   10 2.9925e+07 2.9427e+07  1.66%     -    0s

Cutting planes:
  Learned: 1
  Cover: 1
  Implied bound: 3
  MIR: 8
  Flow cover: 2
  RLT: 6
  Relax-and-lift: 2

Explored 46 nodes (4384 simplex iterations) in 1.06 seconds (1.14 work units)
Thread count was 10 (of 10 available processors)

Solution count 1: 2.9925e+07 

Optimal solution found (tolerance 5.00e-03)
Best objective 2.992500000000e+07, best bound 2.992500000000e+07, gap 0.0000%
