
Gurobi 13.0.3 (mac64[arm]) logging started Sat Sep 26 12:20:35 2026

Set parameter LogFile to value "/Users/ashutosh/Desktop/Two-stage-Model/certainty_results/full/solves/nnw_5_15_0M_phase1.log"
Gurobi Optimizer version 13.0.3 build v13.0.3rc0 (mac64[arm] - Darwin 27.0.0 26A428)

CPU model: Apple M1 Pro
Thread count: 10 physical cores, 10 logical processors, using up to 10 threads

Non-default parameters:
TimeLimit  21600
MIPGap  0.005
Method  2
LogToConsole  0

Optimize a model with 13541 rows, 5548 columns and 38129 nonzeros (Min)
Model fingerprint: 0x8685ceff
Model has 663 linear objective coefficients and an objective constant of 396.859633
Variable types: 3498 continuous, 2050 integer (1688 binary)
Coefficient statistics:
  Matrix range     [1e-03, 1e+05]
  Objective range  [1e+00, 1e+00]
  Bounds range     [1e+00, 3e+00]
  RHS range        [1e-02, 2e+04]

Presolve removed 12821 rows and 4443 columns
Presolve time: 0.02s
Presolved: 720 rows, 1105 columns, 3711 nonzeros
Variable types: 979 continuous, 126 integer (126 binary)
Found heuristic solution: objective 102.2241000
Root barrier log...

Ordering time: 0.00s

Barrier statistics:
 AA' NZ     : 5.109e+03
 Factor NZ  : 2.020e+04 (roughly 1 MB of memory)
 Factor Ops : 8.235e+05 (less than 1 second per iteration)
 Threads    : 1

                  Objective                Residual
Iter       Primal          Dual         Primal    Dual     Compl     Time
   0  -1.56957485e+04 -1.24586469e+05  7.85e+01 2.69e+00  3.03e+02     0s
   1  -1.04377022e+03 -4.51624564e+04  6.00e+00 1.49e-14  3.47e+01     0s
   2   1.03616040e+02 -8.32549428e+03  5.05e-01 2.31e-14  4.32e+00     0s
   3   1.71881473e+02 -1.75627720e+03  9.89e-03 1.78e-14  8.24e-01     0s
   4   1.08990912e+02 -9.75324642e+01  1.17e-05 7.11e-15  8.75e-02     0s
   5   5.64837652e+01 -7.71938091e+00  2.24e-06 3.55e-15  2.72e-02     0s
   6   4.75926698e+01  2.61512895e+01  1.06e-06 3.55e-15  9.09e-03     0s
   7   4.27646150e+01  3.43625536e+01  3.76e-07 3.55e-15  3.56e-03     0s
   8   4.15697910e+01  3.72369267e+01  2.35e-07 7.11e-15  1.84e-03     0s
   9   4.05586805e+01  3.88247839e+01  1.03e-07 3.55e-15  7.35e-04     0s
  10   3.98714907e+01  3.91213325e+01  2.01e-08 3.55e-15  3.18e-04     0s
  11   3.97907384e+01  3.95096781e+01  1.19e-08 3.55e-15  1.19e-04     0s
  12   3.97434017e+01  3.95840291e+01  7.13e-09 7.11e-15  6.75e-05     0s
  13   3.97087705e+01  3.96191838e+01  4.10e-09 3.55e-15  3.80e-05     0s
  14   3.96705496e+01  3.96402855e+01  1.23e-08 3.55e-15  1.28e-05     0s
  15   3.96674371e+01  3.96621050e+01  2.30e-08 4.24e-15  2.26e-06     0s
  16   3.96649653e+01  3.96640225e+01  7.69e-11 7.11e-15  3.99e-07     0s
  17   3.96642670e+01  3.96642092e+01  5.27e-12 4.44e-15  2.45e-08     0s
  18   3.96642518e+01  3.96642517e+01  2.61e-09 3.55e-15  4.72e-11     0s

Barrier solved model in 18 iterations and 0.06 seconds (0.06 work units)
Optimal objective 3.96642518e+01

Crossover time: 0.00 seconds (0.00 work units)

Root relaxation: objective 3.966425e+01, 48 iterations, 0.02 seconds (0.02 work units)

    Nodes    |    Current Node    |     Objective Bounds      |     Work
 Expl Unexpl |  Obj  Depth IntInf | Incumbent    BestBd   Gap | It/Node Time

     0     0   39.66425    0    1  102.22410   39.66425  61.2%     -    0s
H    0     0                     101.5030730   39.66425  60.9%     -    0s
H    0     0                      39.6678409   39.66425  0.01%     -    0s

Explored 1 nodes (48 simplex iterations) in 0.08 seconds (0.08 work units)
Thread count was 10 (of 10 available processors)

Solution count 3: 39.6678 101.503 102.224 

Optimal solution found (tolerance 5.00e-03)
Best objective 3.966784091495e+01, best bound 3.966425176960e+01, gap 0.0090%
