
Gurobi 13.0.3 (mac64[arm]) logging started Sat Sep 26 12:20:18 2026

Set parameter LogFile to value "/Users/ashutosh/Desktop/Two-stage-Model/certainty_results/full/solves/nnw_5_10_10M_phase2.log"
Gurobi Optimizer version 13.0.3 build v13.0.3rc0 (mac64[arm] - Darwin 27.0.0 26A428)

CPU model: Apple M1 Pro
Thread count: 10 physical cores, 10 logical processors, using up to 10 threads

Non-default parameters:
TimeLimit  21600
MIPGap  0.005
Method  2
LogToConsole  0

Optimize a model with 13550 rows, 5548 columns and 38816 nonzeros (Min)
Model fingerprint: 0xb86a69f6
Model has 724 linear objective coefficients
Variable types: 3498 continuous, 2050 integer (1688 binary)
Coefficient statistics:
  Matrix range     [1e-03, 1e+05]
  Objective range  [2e+04, 1e+05]
  Bounds range     [1e+00, 3e+00]
  RHS range        [1e-02, 1e+07]

Loaded user MIP start with objective 1e+07
MIP start from previous solve did not produce a new incumbent solution

Presolve removed 11413 rows and 3805 columns
Presolve time: 0.06s
Presolved: 2137 rows, 1743 columns, 8335 nonzeros
Variable types: 1489 continuous, 254 integer (254 binary)
Root barrier log...

Ordering time: 0.00s

Barrier statistics:
 AA' NZ     : 2.930e+04
 Factor NZ  : 8.940e+04 (roughly 2 MB of memory)
 Factor Ops : 7.012e+06 (less than 1 second per iteration)
 Threads    : 10

                  Objective                Residual
Iter       Primal          Dual         Primal    Dual     Compl     Time
   0   2.24158459e+08 -1.12404721e+08  1.58e+05 4.55e-13  5.44e+06     0s
   1   9.01627781e+07 -1.32439880e+08  6.51e+04 1.85e+03  2.29e+06     0s
   2   9.32317719e+06 -1.24491115e+08  1.14e+03 8.19e-12  6.87e+04     0s
   3   3.00893521e+06 -2.36152674e+07  1.07e+02 1.91e-11  8.51e+03     0s
   4   1.30440079e+06 -6.67755351e+06  3.80e+01 1.09e-11  2.42e+03     0s
   5   6.42680057e+05 -2.60224803e+06  1.79e+01 2.87e-10  9.88e+02     0s
   6   3.60604057e+05 -7.63417119e+05  9.76e+00 2.55e-10  4.03e+02     0s
   7   2.70962428e+05 -1.24474592e+05  6.96e+00 1.02e-10  2.34e+02     0s
   8   2.72506233e+05  3.57008514e+05  6.01e+00 2.62e-10  2.02e+02     0s
   9   2.84989541e+05  5.07669368e+05  5.39e+00 1.16e-09  1.78e+02     0s
  10   2.97916101e+05  6.39493498e+05  5.19e+00 1.31e-09  1.73e+02     0s
  11   3.10984478e+05  7.06760052e+05  5.07e+00 1.31e-09  1.69e+02     0s
  12   3.53664161e+05  8.32989815e+05  4.72e+00 1.63e-09  1.57e+02     0s
  13   4.31884769e+05  1.00859984e+06  4.32e+00 4.28e-09  1.42e+02     0s
  14   4.80031722e+05  1.27335146e+06  4.10e+00 5.30e-09  1.33e+02     0s
  15   5.75585157e+05  1.34374893e+06  3.74e+00 7.57e-09  1.21e+02     0s
  16   6.05099845e+05  1.49490020e+06  3.63e+00 5.12e-09  1.20e+02     0s
  17   6.36192668e+05  1.56862934e+06  3.50e+00 5.06e-09  1.15e+02     0s
  18   6.60195176e+05  1.79944666e+06  3.42e+00 6.11e-09  1.12e+02     0s
  19   7.31313951e+05  1.70404973e+06  3.26e+00 6.75e-09  1.10e+02     0s
  20   7.49886630e+05  1.87942048e+06  3.21e+00 5.47e-09  1.08e+02     0s
  21   7.93691884e+05  2.00987933e+06  3.12e+00 8.61e-09  1.03e+02     0s
  22   8.47491733e+05  2.03009573e+06  3.01e+00 6.81e-09  1.02e+02     0s
  23   8.99388297e+05  2.17154395e+06  2.90e+00 6.17e-09  9.64e+01     0s
  24   9.27247258e+05  2.29790759e+06  2.84e+00 8.96e-09  9.35e+01     0s
  25   9.47910142e+05  2.38221114e+06  2.81e+00 1.47e-08  9.15e+01     0s
  26   1.00889116e+06  2.44289604e+06  2.70e+00 1.40e-08  8.90e+01     0s
  27   1.05428100e+06  2.49709351e+06  2.63e+00 1.53e-08  8.86e+01     0s
  28   1.12711333e+06  2.50689750e+06  2.51e+00 1.22e-08  8.50e+01     0s
  29   1.13242670e+06  2.53412049e+06  2.51e+00 6.05e-09  8.39e+01     0s
  30   1.15902958e+06  2.55471242e+06  2.47e+00 8.03e-09  8.33e+01     0s
  31   1.17377056e+06  2.60341417e+06  2.45e+00 6.98e-09  8.15e+01     0s
  32   1.21923444e+06  2.68488223e+06  2.38e+00 1.18e-08  7.79e+01     0s
  33   1.28206960e+06  2.74967223e+06  2.30e+00 1.00e-08  7.66e+01     0s
  34   1.30290705e+06  2.98718639e+06  2.27e+00 2.11e-08  7.39e+01     0s
  35   1.31708633e+06  3.15774071e+06  2.25e+00 1.94e-08  7.33e+01     0s
  36   1.38165588e+06  3.22765724e+06  2.17e+00 1.47e-08  7.10e+01     0s
  37   1.46149622e+06  3.35061326e+06  2.09e+00 1.08e-08  6.79e+01     0s
  38   1.49632049e+06  3.46750324e+06  2.05e+00 9.08e-09  6.65e+01     0s
  39   1.50078302e+06  3.66118307e+06  2.05e+00 9.31e-09  6.63e+01     0s
  40   1.59106930e+06  3.81565255e+06  1.98e+00 1.26e-08  6.61e+01     0s
  41   1.61501969e+06  3.90133516e+06  1.96e+00 2.50e-08  6.51e+01     0s
  42   1.68048935e+06  3.98279042e+06  1.91e+00 3.22e-08  6.35e+01     0s
  43   1.71438549e+06  4.15451991e+06  1.89e+00 3.29e-08  6.53e+01     0s
  44   2.14174767e+09 -3.45536480e+08  1.58e+06 1.36e-12  1.46e+08     0s
  45   8.74442191e+08 -4.26521562e+08  7.17e+05 5.62e+03  6.75e+07     0s
  46   1.72199737e+08 -4.79264590e+08  1.19e+05 3.82e-11  1.16e+07     0s
  47   1.33018611e+07 -4.19899375e+08  2.99e+03 2.27e-11  3.89e+05     0s
  48   7.98142054e+06 -1.26824073e+08  3.02e+02 1.46e-11  5.35e+04     0s
  49   2.49666331e+06 -3.40481966e+07  5.28e+01 1.46e-11  1.11e+04     0s
  50   1.14941026e+06 -8.28463028e+06  2.02e+01 6.55e-11  2.97e+03     0s
  51   6.61330845e+05 -2.68009095e+06  1.07e+01 1.16e-10  1.20e+03     0s
  52   4.87527976e+05 -9.14918919e+05  7.12e+00 3.20e-10  6.63e+02     0s
  53   4.74580715e+05 -2.03514059e+05  6.11e+00 5.53e-10  5.30e+02     0s
  54   4.84925301e+05  1.28088370e+04  5.75e+00 8.15e-10  4.96e+02     0s
  55   5.70279658e+05  3.21667433e+05  4.69e+00 4.07e-10  4.15e+02     0s
  56   6.74413705e+05  7.17050807e+05  4.15e+00 7.10e-09  3.72e+02     0s
  57   7.11434367e+05  9.38464226e+05  3.92e+00 2.04e-09  3.41e+02     0s
  58   8.09270465e+05  1.35415801e+06  3.56e+00 2.21e-09  3.20e+02     0s
  59   8.63705871e+05  1.42087608e+06  3.40e+00 3.38e-09  3.07e+02     0s
  60   8.86987635e+05  1.49646791e+06  3.33e+00 4.54e-09  3.00e+02     0s
  61   9.76785300e+05  1.77157658e+06  3.10e+00 4.07e-09  2.76e+02     0s
  62   1.05871721e+06  2.00982946e+06  2.88e+00 9.90e-09  2.57e+02     0s
  63   1.14692589e+06  2.09306615e+06  2.72e+00 1.21e-08  2.44e+02     0s
  64   1.18683545e+06  2.11501824e+06  2.64e+00 1.23e-08  2.40e+02     0s
  65   1.23761657e+06  2.21817227e+06  2.55e+00 5.01e-09  2.29e+02     0s
  66   1.26040437e+06  2.30841306e+06  2.51e+00 7.07e-09  2.24e+02     0s
  67   1.35866746e+06  2.62729691e+06  2.36e+00 9.90e-09  1.98e+02     0s
  68   1.43942083e+06  2.92252178e+06  2.24e+00 3.63e-08  1.82e+02     0s
  69   1.52997246e+06  3.00730025e+06  2.13e+00 4.05e-08  1.74e+02     0s
  70   1.57043920e+06  3.38554644e+06  2.09e+00 6.37e-08  1.64e+02     0s
  71   1.64250130e+06  3.50729073e+06  2.02e+00 7.14e-08  1.59e+02     0s
  72   1.71356832e+06  3.55249567e+06  1.95e+00 5.41e-08  1.53e+02     0s
  73   1.75044198e+06  3.66163056e+06  1.92e+00 4.59e-08  1.50e+02     0s
  74   1.77509994e+06  3.78495843e+06  1.90e+00 8.28e-08  1.46e+02     0s
  75   1.78360933e+06  3.94962660e+06  1.90e+00 7.68e-08  1.45e+02     0s
  76   1.86600684e+06  3.90224545e+06  1.83e+00 8.94e-08  1.41e+02     0s
  77   1.88900430e+06  4.03557162e+06  1.82e+00 5.19e-08  1.39e+02     0s
  78   1.91308617e+06  4.08421366e+06  1.81e+00 5.36e-08  1.40e+02     0s
  79   1.93391208e+06  4.15043229e+06  1.79e+00 5.70e-08  1.38e+02     0s
  80   1.96086908e+06  4.22206056e+06  1.77e+00 5.36e-08  1.36e+02     0s
  81   2.03183538e+06  4.23394775e+06  1.72e+00 5.22e-08  1.34e+02     0s
  82   2.07620594e+06  4.43107793e+06  1.69e+00 8.01e-08  1.28e+02     0s
  83   2.10663633e+06  4.43971409e+06  1.67e+00 8.31e-08  1.27e+02     0s
  84   2.12306179e+06  4.49094173e+06  1.66e+00 7.99e-08  1.25e+02     0s
  85   2.13635492e+06  4.61836341e+06  1.66e+00 1.20e-07  1.23e+02     0s
  86   2.19796792e+06  4.62564050e+06  1.62e+00 1.21e-07  1.22e+02     0s
  87   2.24004868e+06  4.70303833e+06  1.59e+00 1.10e-07  1.20e+02     0s
  88   2.47665709e+06  4.71838793e+06  1.46e+00 1.56e-07  1.15e+02     0s
  89   2.57284207e+06  4.69948620e+06  1.40e+00 3.63e-07  1.12e+02     0s
  90   2.60840457e+06  4.80266321e+06  1.38e+00 3.86e-07  1.10e+02     0s
  91   2.68051209e+06  4.99104998e+06  1.34e+00 4.50e-07  1.06e+02     0s
  92   2.79620950e+06  5.11662975e+06  1.28e+00 2.31e-07  1.00e+02     0s
  93   2.82801703e+06  5.35196386e+06  1.26e+00 1.15e-07  9.94e+01     0s
  94   2.95019739e+06  5.52729329e+06  1.21e+00 3.62e-07  9.85e+01     0s
  95   3.06608911e+06  5.71301370e+06  1.17e+00 6.11e-07  9.71e+01     0s
  96   3.40248689e+06  5.34673221e+06  1.03e+00 5.87e-08  1.01e+02     0s
  97   3.41966404e+06  5.56026812e+06  1.02e+00 9.57e-08  9.64e+01     0s
  98   3.43750476e+06  5.68778768e+06  1.02e+00 5.40e-08  9.53e+01     0s
  99   3.50235893e+06  5.91041730e+06  9.91e-01 6.26e-07  9.31e+01     0s
 100   3.60466214e+06  5.97776526e+06  9.54e-01 6.36e-07  9.06e+01     0s
 101   3.78710649e+06  6.08839471e+06  8.92e-01 5.68e-07  8.68e+01     0s
 102   3.88283747e+06  6.12078690e+06  8.58e-01 7.68e-08  8.29e+01     0s
 103   3.93091579e+06  6.11773336e+06  8.42e-01 8.34e-08  8.25e+01     0s
 104   3.97523335e+06  6.27973515e+06  8.25e-01 8.94e-08  7.85e+01     0s
 105   4.02835075e+06  6.47034951e+06  8.08e-01 3.57e-07  7.62e+01     0s
 106   4.09112192e+06  6.36438046e+06  7.89e-01 2.37e-07  7.56e+01     0s
 107   4.31413270e+06  6.38817789e+06  7.25e-01 3.32e-07  7.27e+01     0s
 108   4.43246365e+06  6.70983061e+06  6.92e-01 9.57e-07  6.30e+01     0s
 109   4.55697496e+06  6.83326104e+06  6.57e-01 9.48e-07  6.01e+01     0s
 110   4.94131337e+06  6.88502914e+06  5.55e-01 3.26e-06  5.39e+01     0s
 111   5.10907104e+06  6.91137426e+06  5.11e-01 5.13e-07  4.73e+01     0s
 112   5.13966535e+06  7.01676593e+06  5.03e-01 5.49e-07  4.45e+01     0s
 113   5.16244441e+06  7.01873728e+06  4.98e-01 4.99e-07  4.40e+01     0s
 114   5.30040614e+06  7.09654362e+06  4.68e-01 5.13e-07  4.62e+01     0s
 115   5.40026404e+06  7.18318012e+06  4.45e-01 9.79e-07  4.29e+01     0s
 116   5.53803703e+06  7.27332535e+06  4.14e-01 2.10e-07  3.81e+01     0s
 117   5.92554202e+06  7.28714950e+06  3.28e-01 2.67e-07  3.38e+01     0s
 118   6.18148332e+06  7.29982122e+06  2.71e-01 3.20e-06  2.84e+01     0s
 119   6.31430305e+06  7.30943170e+06  2.41e-01 3.90e-06  2.56e+01     0s
 120   6.42710502e+06  7.34586359e+06  2.16e-01 8.82e-06  2.11e+01     0s
 121   6.45462677e+06  7.39389112e+06  2.10e-01 6.76e-06  2.00e+01     0s
 122   6.47038179e+06  7.41858947e+06  2.06e-01 6.68e-06  1.93e+01     0s
 123   6.47674024e+06  7.44476119e+06  2.05e-01 6.71e-06  1.91e+01     0s
 124   6.49344339e+06  7.43145691e+06  2.02e-01 7.02e-06  1.88e+01     0s
 125   6.53083003e+06  7.46641963e+06  1.94e-01 2.21e-07  1.79e+01     0s
 126   6.57615016e+06  7.47210648e+06  1.85e-01 1.84e-07  1.72e+01     0s
 127   6.64166081e+06  7.47568573e+06  1.73e-01 1.90e-07  1.64e+01     0s
 128   6.71974367e+06  7.48129004e+06  1.57e-01 9.15e-07  1.46e+01     0s
 129   6.97816834e+06  7.49210371e+06  1.07e-01 1.55e-06  1.07e+01     0s
 130   6.99503523e+06  7.49482980e+06  1.04e-01 1.48e-06  1.04e+01     0s
 131   7.00618751e+06  7.50253806e+06  1.02e-01 1.40e-06  9.95e+00     0s
 132   7.06902254e+06  7.50618284e+06  8.98e-02 1.21e-06  9.20e+00     0s
 133   7.10848288e+06  7.51156210e+06  8.23e-02 1.30e-06  8.60e+00     0s
 134   7.15093198e+06  7.50975100e+06  7.41e-02 1.39e-06  8.30e+00     0s
 135   7.29311793e+06  7.51011523e+06  4.72e-02 1.04e-06  7.47e+00     0s
 136   7.43634741e+06  7.52929567e+06  1.97e-02 1.74e-06  2.88e+00     0s
 137   7.52663558e+06  7.53816174e+06  2.37e-03 1.94e-06  2.79e-01     0s
 138   7.53589440e+06  7.53890204e+06  5.87e-04 2.65e-06  3.48e-02     0s
 139   7.53599697e+06  7.53891848e+06  5.67e-04 2.29e-06  3.28e-02     0s
 140   7.53869622e+06  7.53893385e+06  5.05e-05 1.70e-06  8.03e-03     0s
 141   7.53894960e+06  7.53895218e+06  5.46e-07 1.69e-06  8.54e-05     0s
 142   7.53895237e+06  7.53895237e+06  2.10e-09 8.88e-07  1.36e-08     0s
 143   7.53895237e+06  7.53895237e+06  4.21e-12 6.74e-07  1.47e-11     0s

Barrier solved model in 143 iterations and 0.36 seconds (0.25 work units)
Optimal objective 7.53895237e+06

Crossover time: 0.01 seconds (0.02 work units)

Root relaxation: objective 7.538952e+06, 309 iterations, 0.29 seconds (0.19 work units)

    Nodes    |    Current Node    |     Objective Bounds      |     Work
 Expl Unexpl |  Obj  Depth IntInf | Incumbent    BestBd   Gap | It/Node Time

     0     0 7538952.37    0   38 1.0000e+07 7538952.37  24.6%     -    0s
     0     0 7911192.22    0   31 1.0000e+07 7911192.22  20.9%     -    0s
     0     0 7976162.33    0   31 1.0000e+07 7976162.33  20.2%     -    0s
     0     0 7976162.33    0   31 1.0000e+07 7976162.33  20.2%     -    0s
     0     0 7976162.33    0   31 1.0000e+07 7976162.33  20.2%     -    0s
     0     0 7976162.33    0   33 1.0000e+07 7976162.33  20.2%     -    0s
     0     0 7976162.33    0   41 1.0000e+07 7976162.33  20.2%     -    0s
     0     0 7976162.33    0   41 1.0000e+07 7976162.33  20.2%     -    0s
     0     0 7976162.33    0   41 1.0000e+07 7976162.33  20.2%     -    0s
     0     0 8020242.24    0   34 1.0000e+07 8020242.24  19.8%     -    0s
     0     0 8035013.67    0   41 1.0000e+07 8035013.67  19.6%     -    0s
     0     0 8035013.67    0   41 1.0000e+07 8035013.67  19.6%     -    0s
     0     0 8050868.76    0   41 1.0000e+07 8050868.76  19.5%     -    0s
     0     0 8070511.81    0   42 1.0000e+07 8070511.81  19.3%     -    0s
     0     0 8070511.81    0   43 1.0000e+07 8070511.81  19.3%     -    0s
     0     0 8099578.66    0   41 1.0000e+07 8099578.66  19.0%     -    0s
     0     0 8138409.90    0   41 1.0000e+07 8138409.90  18.6%     -    0s
     0     0 8138409.90    0   41 1.0000e+07 8138409.90  18.6%     -    0s
     0     2 8138409.90    0   41 1.0000e+07 8138409.90  18.6%     -    0s

Cutting planes:
  Cover: 3
  Implied bound: 37
  MIR: 40
  Flow cover: 31
  RLT: 2

Explored 778 nodes (51696 simplex iterations) in 2.38 seconds (4.67 work units)
Thread count was 10 (of 10 available processors)

Solution count 1: 1e+07 

Optimal solution found (tolerance 5.00e-03)
Best objective 1.000000000000e+07, best bound 1.000000000000e+07, gap 0.0000%
