
Gurobi 13.0.3 (mac64[arm]) logging started Sat Sep 26 12:20:47 2026

Set parameter LogFile to value "/Users/ashutosh/Desktop/Two-stage-Model/certainty_results/full/solves/nnw_5_15_30M_phase2.log"
Gurobi Optimizer version 13.0.3 build v13.0.3rc0 (mac64[arm] - Darwin 27.0.0 26A428)

CPU model: Apple M1 Pro
Thread count: 10 physical cores, 10 logical processors, using up to 10 threads

Non-default parameters:
TimeLimit  21600
MIPGap  0.005
Method  2
LogToConsole  0

Optimize a model with 13542 rows, 5548 columns and 38792 nonzeros (Min)
Model fingerprint: 0x040928c8
Model has 724 linear objective coefficients
Variable types: 3498 continuous, 2050 integer (1688 binary)
Coefficient statistics:
  Matrix range     [1e-03, 1e+05]
  Objective range  [2e+04, 1e+05]
  Bounds range     [1e+00, 3e+00]
  RHS range        [1e-02, 3e+07]

Loaded user MIP start with objective 2.9875e+07
MIP start from previous solve did not produce a new incumbent solution

Presolve removed 11571 rows and 3836 columns
Presolve time: 0.05s
Presolved: 1971 rows, 1712 columns, 7921 nonzeros
Variable types: 1468 continuous, 244 integer (244 binary)
Root barrier log...

Ordering time: 0.00s

Barrier statistics:
 AA' NZ     : 2.749e+04
 Factor NZ  : 8.199e+04 (roughly 2 MB of memory)
 Factor Ops : 6.536e+06 (less than 1 second per iteration)
 Threads    : 10

                  Objective                Residual
Iter       Primal          Dual         Primal    Dual     Compl     Time
   0   1.18142615e+08 -9.85887021e+07  8.42e+04 4.55e-13  2.87e+06     0s
   1   5.33259865e+07 -9.75564572e+07  3.12e+04 2.01e+03  1.09e+06     0s
   2   8.64423930e+06 -9.08545387e+07  7.68e+02 2.38e+01  4.85e+04     0s
   3   5.54671680e+06 -1.08050974e+07  2.64e+02 6.02e-01  9.62e+03     0s
   4   6.17413803e+06 -9.26509120e+06  2.16e+02 5.35e-01  8.32e+03     0s
   5   4.27322486e+06 -1.01620413e+06  6.73e+01 5.61e-02  2.36e+03     0s
   6   3.73365646e+06  1.91695105e+06  2.52e+01 8.73e-03  7.66e+02     0s
   7   3.54178427e+06  3.02986081e+06  1.05e+01 1.27e-04  2.57e+02     0s
   8   3.49777301e+06  3.26455324e+06  7.01e+00 7.28e-11  1.72e+02     0s
   9   3.54681517e+06  3.34461785e+06  5.23e+00 5.82e-11  1.46e+02     0s
  10   3.55090803e+06  3.56476169e+06  4.89e+00 1.31e-10  1.30e+02     0s
  11   3.55244713e+06  3.63850562e+06  4.68e+00 1.60e-10  1.23e+02     0s
  12   3.56441659e+06  3.74211398e+06  4.26e+00 1.75e-10  1.11e+02     0s
  13   3.59307719e+06  3.88589567e+06  4.14e+00 2.62e-10  1.11e+02     0s
  14   3.63034976e+06  4.00607005e+06  3.72e+00 5.82e-10  1.00e+02     0s
  15   3.69501563e+06  4.15259654e+06  3.34e+00 2.76e-09  8.60e+01     0s
  16   3.71078828e+06  4.16900378e+06  3.25e+00 2.71e-09  8.39e+01     0s
  17   3.71669967e+06  4.28032811e+06  3.21e+00 2.39e-09  8.24e+01     0s
  18   3.72861333e+06  4.39061551e+06  3.13e+00 2.27e-09  7.97e+01     0s
  19   3.73886283e+06  4.60018883e+06  3.07e+00 2.44e-09  7.80e+01     0s
  20   3.74766758e+06  4.70750904e+06  3.04e+00 2.62e-09  7.76e+01     0s
  21   3.77067607e+06  4.75082270e+06  2.97e+00 2.27e-09  7.57e+01     0s
  22   3.81447345e+06  4.82336190e+06  2.86e+00 3.03e-09  7.28e+01     0s
  23   3.82670897e+06  4.86409181e+06  2.82e+00 2.97e-09  7.18e+01     0s
  24   3.84255039e+06  4.91276323e+06  2.78e+00 3.20e-09  7.04e+01     0s
  25   3.85606830e+06  5.09317417e+06  2.75e+00 3.73e-09  7.08e+01     0s
  26   3.87193038e+06  5.16208406e+06  2.71e+00 3.14e-09  6.96e+01     0s
  27   3.89713068e+06  5.32832067e+06  2.67e+00 3.38e-09  7.00e+01     0s
  28   9.15266920e+08 -1.47499060e+08  8.42e+05 9.09e-13  3.97e+07     0s
  29   5.34699533e+07 -1.85105806e+08  1.40e+05 1.59e+03  6.85e+06     0s
  30   6.93084252e+06 -1.79662831e+08  5.09e+02 1.46e-11  6.73e+04     0s
  31   6.02800685e+06 -2.03596011e+07  2.62e+02 6.37e-12  1.43e+04     0s
  32   5.88315132e+06 -1.78904240e+07  1.78e+02 1.27e-11  1.08e+04     0s
  33   4.48774328e+06 -1.24151868e+07  6.04e+01 7.28e-12  5.57e+03     0s
  34   3.92561287e+06 -2.14935907e+06  2.78e+01 1.46e-11  2.00e+03     0s
  35   3.64959678e+06  2.22893311e+06  1.18e+01 4.37e-11  5.70e+02     0s
  36   3.55443680e+06  3.31087320e+06  6.96e+00 1.46e-10  2.42e+02     0s
  37   3.60159386e+06  3.45637117e+06  4.90e+00 1.60e-10  1.84e+02     0s
  38   3.60235968e+06  3.65421412e+06  4.59e+00 1.46e-10  1.66e+02     0s
  39   3.63470730e+06  3.83038664e+06  4.28e+00 2.33e-10  1.58e+02     0s
  40   3.70975361e+06  4.00761247e+06  4.00e+00 1.75e-10  1.58e+02     0s
  41   3.72506609e+06  4.09474210e+06  3.87e+00 4.07e-10  1.49e+02     0s
  42   3.74188563e+06  4.28967968e+06  3.64e+00 3.49e-10  1.39e+02     0s
  43   3.76885890e+06  4.43434949e+06  3.26e+00 4.66e-10  1.17e+02     0s
  44   3.81348834e+06  4.61414393e+06  3.02e+00 4.66e-10  1.07e+02     0s
  45   3.86472991e+06  4.75520379e+06  2.86e+00 7.57e-10  1.00e+02     0s
  46   3.90450020e+06  5.21882284e+06  2.75e+00 1.92e-09  1.06e+02     0s
  47   3.92261146e+06  5.62096970e+06  2.70e+00 2.10e-09  1.03e+02     0s
  48   3.94348845e+06  5.78413496e+06  2.66e+00 2.11e-08  1.02e+02     0s
  49   3.96436168e+06  6.09071473e+06  2.63e+00 4.30e-08  1.01e+02     0s
  50   3.97991159e+06  6.30696074e+06  2.62e+00 7.15e-08  1.02e+02     0s
  51   4.04294866e+06  6.35185051e+06  2.55e+00 8.46e-08  1.01e+02     0s
  52   4.18599231e+06  6.70505885e+06  2.41e+00 1.43e-08  9.26e+01     0s
  53   4.20311445e+06  6.80806980e+06  2.40e+00 3.42e-08  9.13e+01     0s
  54   4.33153419e+06  6.96572362e+06  2.30e+00 9.97e-08  9.07e+01     0s
  55   4.34580351e+06  7.05301264e+06  2.29e+00 1.26e-08  9.08e+01     0s
  56   4.42274317e+06  7.32944074e+06  2.23e+00 7.92e-09  8.94e+01     0s
  57   4.44441475e+06  7.64501729e+06  2.22e+00 1.09e-08  8.80e+01     0s
  58   4.45698800e+06  7.97094826e+06  2.21e+00 2.63e-07  8.73e+01     0s
  59   4.49210540e+06  8.10081467e+06  2.19e+00 1.30e-07  8.61e+01     0s
  60   4.52295562e+06  8.32401401e+06  2.17e+00 2.37e-08  8.54e+01     0s
  61   4.66993280e+06  8.47547360e+06  2.09e+00 3.03e-08  8.43e+01     0s
  62   4.82082851e+06  8.64302111e+06  2.01e+00 5.97e-07  8.14e+01     0s
  63   4.89613065e+06  8.95283253e+06  1.97e+00 6.65e-07  7.78e+01     0s
  64   4.94766558e+06  9.06389796e+06  1.94e+00 1.91e-06  7.61e+01     0s
  65   4.95943649e+06  9.37383864e+06  1.94e+00 1.72e-06  7.57e+01     0s
  66   4.99066097e+06  9.52819021e+06  1.92e+00 1.77e-06  7.53e+01     0s
  67   5.03543963e+06  1.04045398e+07  1.90e+00 1.82e-06  7.34e+01     0s
  68   5.10551897e+06  9.82064621e+06  1.88e+00 2.75e-06  7.59e+01     0s
  69   5.20979567e+06  1.01873901e+07  1.84e+00 3.19e-06  7.55e+01     0s
  70   5.25479224e+06  1.07200217e+07  1.83e+00 2.36e-06  7.46e+01     0s
  71   5.29057473e+06  1.06758491e+07  1.82e+00 2.73e-06  7.45e+01     0s
  72   5.34060670e+06  1.09005246e+07  1.80e+00 4.35e-06  7.25e+01     0s
  73   5.45921367e+06  1.13935592e+07  1.77e+00 8.56e-06  7.35e+01     0s
  74   5.68416854e+06  1.14335774e+07  1.70e+00 5.06e-06  6.89e+01     0s
  75   5.77693994e+06  1.15943452e+07  1.67e+00 5.49e-06  6.84e+01     0s
  76   5.82498436e+06  1.18226039e+07  1.66e+00 6.04e-06  6.80e+01     0s
  77   5.88416380e+06  1.23363960e+07  1.64e+00 6.64e-06  6.59e+01     0s
  78   6.11315774e+06  1.23506871e+07  1.59e+00 6.51e-06  7.19e+01     0s
  79   6.15163333e+06  1.27658570e+07  1.58e+00 1.09e-06  6.83e+01     0s
  80   6.16558350e+06  1.29962752e+07  1.58e+00 1.15e-06  6.66e+01     0s
  81   6.24139539e+06  1.36742553e+07  1.56e+00 1.40e-06  6.49e+01     0s
  82   6.24337014e+06  1.41079007e+07  1.56e+00 1.27e-06  6.49e+01     0s
  83   6.28538905e+06  1.37691113e+07  1.55e+00 2.76e-07  6.55e+01     0s
  84   6.39838547e+06  1.48272645e+07  1.53e+00 3.21e-07  6.46e+01     0s
  85   6.47117822e+06  1.41281184e+07  1.52e+00 3.53e-07  7.29e+01     0s
  86   6.97361048e+06  1.34536253e+07  1.47e+00 3.43e-07  1.39e+02     0s
  87   7.65363915e+06  1.38505169e+07  1.37e+00 4.81e-07  1.70e+02     0s
  88   7.80031962e+06  1.56262867e+07  1.34e+00 4.98e-06  1.22e+02     0s
  89   7.90889100e+06  1.60525368e+07  1.33e+00 1.75e-07  1.19e+02     0s
  90   8.20088689e+06  1.68878199e+07  1.28e+00 3.27e-07  1.11e+02     0s
  91   8.24174721e+06  1.72194805e+07  1.28e+00 3.46e-07  1.08e+02     0s
  92   8.54059030e+06  1.70997053e+07  1.24e+00 3.58e-07  1.09e+02     0s
  93   8.84323839e+06  1.73574218e+07  1.20e+00 9.96e-07  1.03e+02     0s
  94   9.24775723e+06  1.74769562e+07  1.14e+00 5.02e-07  9.64e+01     0s
  95   9.32059227e+06  1.75207942e+07  1.13e+00 6.31e-07  9.40e+01     0s
  96   9.42509551e+06  1.77293627e+07  1.12e+00 1.25e-06  9.11e+01     0s
  97   9.65434410e+06  1.80340108e+07  1.09e+00 1.24e-06  8.74e+01     0s
  98   9.67907018e+06  1.82114665e+07  1.09e+00 1.23e-06  8.73e+01     0s
  99   9.74476726e+06  1.91272013e+07  1.08e+00 1.17e-06  8.38e+01     0s
 100   9.89470707e+06  1.99244398e+07  1.06e+00 7.82e-08  8.13e+01     0s
 101   9.91497941e+06  2.02743992e+07  1.06e+00 7.45e-08  8.10e+01     0s
 102   1.00830123e+07  2.06117020e+07  1.05e+00 1.40e-07  8.30e+01     0s
 103   1.02750579e+07  2.09791547e+07  1.03e+00 5.61e-07  8.09e+01     0s
 104   1.06191740e+07  2.11057269e+07  9.99e-01 3.43e-07  7.82e+01     0s
 105   1.07482190e+07  2.11761270e+07  9.87e-01 4.28e-07  7.75e+01     0s
 106   1.09435761e+07  2.12033416e+07  9.69e-01 4.90e-07  7.58e+01     0s
 107   1.11049800e+07  2.12243238e+07  9.54e-01 6.73e-06  7.41e+01     0s
 108   1.12630565e+07  2.12581908e+07  9.39e-01 2.17e-06  7.19e+01     0s
 109   1.13507463e+07  2.13410925e+07  9.31e-01 2.29e-06  7.10e+01     0s
 110   1.15318808e+07  2.16119903e+07  9.15e-01 2.00e-06  6.78e+01     0s
 111   1.24813202e+07  2.16217015e+07  8.30e-01 2.93e-06  6.29e+01     0s
 112   1.26175244e+07  2.16241266e+07  8.18e-01 3.24e-06  6.18e+01     0s
 113   1.27236801e+07  2.16426596e+07  8.08e-01 3.88e-06  5.96e+01     0s
 114   1.27927828e+07  2.16781377e+07  8.02e-01 2.21e-06  5.82e+01     0s
 115   1.28398657e+07  2.18039269e+07  7.99e-01 2.21e-06  5.88e+01     0s
 116   1.30404749e+07  2.18481230e+07  7.81e-01 1.96e-06  5.85e+01     0s
 117   1.31034648e+07  2.18958560e+07  7.76e-01 4.19e-07  5.70e+01     0s
 118   1.32823900e+07  2.19132610e+07  7.60e-01 8.01e-08  5.63e+01     0s
 119   1.37758954e+07  2.19322383e+07  7.18e-01 1.97e-05  5.35e+01     0s
 120   1.38462254e+07  2.19541007e+07  7.11e-01 1.81e-06  5.14e+01     0s
 121   1.38727976e+07  2.20753750e+07  7.09e-01 1.89e-06  5.11e+01     0s
 122   1.39328654e+07  2.23124919e+07  7.05e-01 1.72e-06  4.98e+01     0s
 123   1.39689333e+07  2.25001765e+07  7.02e-01 1.11e-06  4.84e+01     0s
 124   1.40259154e+07  2.27769714e+07  6.98e-01 3.32e-07  4.56e+01     0s
 125   1.42715417e+07  2.29693762e+07  6.79e-01 6.85e-07  4.30e+01     0s
 126   1.43051826e+07  2.30926733e+07  6.76e-01 1.13e-06  4.12e+01     0s
 127   1.43542862e+07  2.32414488e+07  6.72e-01 1.15e-06  4.00e+01     0s
 128   1.46489454e+07  2.32718561e+07  6.50e-01 1.80e-06  3.88e+01     0s
 129   1.50253501e+07  2.32765676e+07  6.22e-01 1.73e-06  3.73e+01     0s
 130   1.50655828e+07  2.32787713e+07  6.19e-01 1.71e-06  3.70e+01     0s
 131   1.51663668e+07  2.32798299e+07  6.12e-01 1.70e-06  3.68e+01     0s
 132   1.56433464e+07  2.32889572e+07  5.76e-01 5.05e-07  3.53e+01     0s
 133   1.58319434e+07  2.33085008e+07  5.62e-01 5.60e-06  3.35e+01     0s
 134   1.60082641e+07  2.33515225e+07  5.49e-01 4.02e-05  3.15e+01     0s
 135   1.60480544e+07  2.40482669e+07  5.46e-01 3.69e-05  3.16e+01     0s
 136   1.61019776e+07  2.47312580e+07  5.42e-01 3.74e-05  3.11e+01     0s
 137   1.61302494e+07  2.44750793e+07  5.40e-01 2.10e-07  3.14e+01     0s
 138   1.65821466e+07  2.43858552e+07  5.12e-01 4.68e-05  3.51e+01     0s
 139   1.66363989e+07  2.49143577e+07  5.09e-01 1.46e-06  3.99e+01     0s
 140   1.68246331e+07  2.48717414e+07  4.98e-01 3.79e-05  4.24e+01     0s
 141   1.70365722e+07  2.51754527e+07  4.86e-01 1.16e-06  4.12e+01     0s
 142   1.72051601e+07  2.51905567e+07  4.77e-01 1.19e-07  4.23e+01     0s
 143   1.74425443e+07  2.53389494e+07  4.63e-01 6.07e-06  4.12e+01     0s
 144   1.75605693e+07  2.55535065e+07  4.57e-01 5.72e-06  4.09e+01     0s
 145   1.75998012e+07  2.56621783e+07  4.54e-01 1.08e-06  4.00e+01     0s
 146   1.76698786e+07  2.57065669e+07  4.51e-01 1.65e-06  4.11e+01     0s
 147   1.78094693e+07  2.57935167e+07  4.43e-01 7.41e-07  4.02e+01     0s
 148   1.79391766e+07  2.59529330e+07  4.36e-01 1.59e-05  3.80e+01     0s
 149   1.80829898e+07  2.60275113e+07  4.29e-01 4.99e-06  3.72e+01     0s
 150   1.82012122e+07  2.60791398e+07  4.22e-01 4.71e-06  3.67e+01     0s
 151   1.82106652e+07  2.61007741e+07  4.22e-01 6.77e-06  3.64e+01     0s
 152   1.82120957e+07  2.61739148e+07  4.22e-01 6.73e-06  3.63e+01     0s
 153   1.82174417e+07  2.64676079e+07  4.21e-01 4.75e-08  3.63e+01     0s
 154   1.82478324e+07  2.61285841e+07  4.20e-01 1.18e-06  3.87e+01     0s
 155   1.84257628e+07  2.65704449e+07  4.12e-01 2.51e-06  3.88e+01     0s
 156   1.88478960e+07  2.63131230e+07  3.93e-01 2.66e-05  4.84e+01     0s
 157   1.90515087e+07  2.67501454e+07  3.83e-01 4.58e-06  3.94e+01     0s
 158   1.90661616e+07  2.69440382e+07  3.82e-01 2.05e-07  3.94e+01     0s
 159   1.93048249e+07  2.72898838e+07  3.72e-01 7.07e-06  4.52e+01     0s
 160   1.97839075e+07  2.70053492e+07  3.50e-01 1.15e-06  4.94e+01     0s
 161   2.03018724e+07  2.72085434e+07  3.28e-01 2.14e-04  5.56e+01     0s
 162   2.08888557e+07  2.72011318e+07  3.02e-01 1.23e-05  5.68e+01     0s
 163   2.11068446e+07  2.71280891e+07  2.92e-01 2.19e-05  6.08e+01     0s
 164   2.16215490e+07  2.71975107e+07  2.69e-01 2.40e-06  6.15e+01     0s
 165   2.17059684e+07  2.72579881e+07  2.65e-01 1.37e-05  5.96e+01     0s
 166   2.18291937e+07  2.73453107e+07  2.60e-01 1.36e-06  5.73e+01     0s
 167   2.20324371e+07  2.74179408e+07  2.51e-01 2.53e-06  5.56e+01     0s
 168   2.21896149e+07  2.74744385e+07  2.44e-01 3.27e-06  5.56e+01     0s
 169   2.23027289e+07  2.75324760e+07  2.40e-01 3.13e-06  5.36e+01     0s
 170   2.25113232e+07  2.75830253e+07  2.30e-01 5.30e-06  5.09e+01     0s
 171   2.27427934e+07  2.76615174e+07  2.20e-01 6.36e-05  4.57e+01     0s
 172   2.27854308e+07  2.76778949e+07  2.19e-01 5.85e-05  4.44e+01     0s
 173   2.28627144e+07  2.76936931e+07  2.15e-01 5.13e-05  4.31e+01     0s
 174   2.28775987e+07  2.77268963e+07  2.15e-01 5.81e-05  4.20e+01     0s
 175   2.30696602e+07  2.77885229e+07  2.06e-01 3.88e-05  3.99e+01     0s
 176   2.36907609e+07  2.77788547e+07  1.80e-01 1.09e-05  3.57e+01     0s
 177   2.42236784e+07  2.78182904e+07  1.57e-01 1.37e-05  2.93e+01     0s
 178   2.43140752e+07  2.78435323e+07  1.53e-01 2.25e-05  2.39e+01     0s
 179   2.43272031e+07  2.80051830e+07  1.53e-01 2.56e-05  2.29e+01     0s
 180   2.43815252e+07  2.79822939e+07  1.50e-01 2.26e-05  2.19e+01     0s
 181   2.44358639e+07  2.80109052e+07  1.48e-01 2.05e-05  2.14e+01     0s
 182   2.44413088e+07  2.80783872e+07  1.48e-01 2.00e-05  2.16e+01     0s
 183   2.44722665e+07  2.81319932e+07  1.47e-01 1.96e-05  2.12e+01     0s
 184   2.45047817e+07  2.81865294e+07  1.45e-01 5.36e-07  2.09e+01     0s
 185   2.45113894e+07  2.82010657e+07  1.45e-01 6.18e-07  2.09e+01     0s
 186   2.45377306e+07  2.82609603e+07  1.44e-01 1.20e-06  2.09e+01     0s
 187   2.48791538e+07  2.82679712e+07  1.31e-01 1.42e-05  1.98e+01     0s
 188   2.49814698e+07  2.82827697e+07  1.27e-01 2.37e-05  1.86e+01     0s
 189   2.50368808e+07  2.82855129e+07  1.25e-01 3.74e-05  1.81e+01     0s
 190   2.55335339e+07  2.82911910e+07  1.06e-01 5.60e-05  1.57e+01     0s
 191   2.57762923e+07  2.82959818e+07  9.68e-02 3.35e-05  1.40e+01     0s
 192   2.58582312e+07  2.82962308e+07  9.37e-02 3.00e-05  1.37e+01     0s
 193   2.59325260e+07  2.82971171e+07  9.09e-02 1.51e-05  1.33e+01     0s
 194   2.59435028e+07  2.83164783e+07  9.05e-02 3.51e-05  1.22e+01     0s
 195   2.59649678e+07  2.83329173e+07  8.97e-02 2.78e-05  1.20e+01     0s
 196   2.59906684e+07  2.83541378e+07  8.87e-02 4.33e-05  1.18e+01     0s
 197   2.60004294e+07  2.83565514e+07  8.83e-02 1.17e-06  1.17e+01     0s
 198   2.60249463e+07  2.83609819e+07  8.74e-02 2.49e-06  1.16e+01     0s
 199   2.60467142e+07  2.83625841e+07  8.66e-02 9.31e-07  1.15e+01     0s
 200   2.60776036e+07  2.83655705e+07  8.55e-02 9.04e-06  1.14e+01     0s
 201   2.61273368e+07  2.83754928e+07  8.36e-02 9.62e-06  1.11e+01     0s
 202   2.61490035e+07  2.83781426e+07  8.28e-02 6.53e-06  1.10e+01     0s
 203   2.61785318e+07  2.83797062e+07  8.17e-02 6.74e-06  1.09e+01     0s
 204   2.62471404e+07  2.83842438e+07  7.92e-02 1.79e-06  1.06e+01     0s
 205   2.62722347e+07  2.83891648e+07  7.83e-02 4.65e-06  1.04e+01     0s
 206   2.62817411e+07  2.83913282e+07  7.80e-02 5.88e-06  1.04e+01     0s
 207   2.63141785e+07  2.83960106e+07  7.68e-02 1.09e-05  1.01e+01     0s
 208   2.63345797e+07  2.84046917e+07  7.60e-02 4.26e-06  9.89e+00     0s
 209   2.63742209e+07  2.84171599e+07  7.46e-02 4.19e-06  9.68e+00     0s
 210   2.63948614e+07  2.84228824e+07  7.38e-02 5.13e-06  9.57e+00     0s
 211   2.64144964e+07  2.84249930e+07  7.31e-02 5.12e-06  9.50e+00     0s
 212   2.64692429e+07  2.84352853e+07  7.11e-02 5.69e-06  9.24e+00     0s
 213   2.65652107e+07  2.84364995e+07  6.77e-02 1.06e-06  8.97e+00     0s
 214   2.66850782e+07  2.84273895e+07  6.34e-02 2.21e-06  8.92e+00     0s
 215   2.67275082e+07  2.84411579e+07  6.19e-02 1.05e-05  8.13e+00     0s
 216   2.67603236e+07  2.84427124e+07  6.07e-02 8.68e-07  8.03e+00     0s
 217   2.68334838e+07  2.84414625e+07  5.81e-02 7.51e-06  7.88e+00     0s
 218   2.69153173e+07  2.84460706e+07  5.52e-02 8.88e-06  7.44e+00     0s
 219   2.69221196e+07  2.84489424e+07  5.49e-02 6.26e-06  7.30e+00     0s
 220   2.69226977e+07  2.84684617e+07  5.49e-02 6.31e-06  7.23e+00     0s
 221   2.69485064e+07  2.84869747e+07  5.40e-02 6.03e-06  6.89e+00     0s
 222   2.69634408e+07  2.85000460e+07  5.34e-02 7.04e-06  6.80e+00     0s
 223   2.70004512e+07  2.85026711e+07  5.22e-02 2.03e-05  6.61e+00     0s
 224   2.74843277e+07  2.85039141e+07  3.55e-02 5.09e-06  5.46e+00     0s
 225   2.76827966e+07  2.85074101e+07  2.87e-02 2.99e-05  4.14e+00     0s
 226   2.79611233e+07  2.85124154e+07  1.91e-02 1.43e-04  2.27e+00     0s
 227   2.83512675e+07  2.85147255e+07  5.68e-03 6.72e-05  7.38e-01     0s
 228   2.85077910e+07  2.85158065e+07  2.81e-04 4.54e-05  5.66e-02     0s
 229   2.85150722e+07  2.85159441e+07  3.02e-05 2.36e-05  3.26e-03     0s
 230   2.85159462e+07  2.85159465e+07  1.17e-08 1.84e-05  7.16e-06     0s
 231   2.85159466e+07  2.85159466e+07  6.39e-14 5.47e-06  1.93e-11     0s

Barrier solved model in 231 iterations and 0.48 seconds (0.33 work units)
Optimal objective 2.85159466e+07

Crossover time: 0.01 seconds (0.02 work units)

Root relaxation: objective 2.851595e+07, 219 iterations, 0.42 seconds (0.27 work units)

    Nodes    |    Current Node    |     Objective Bounds      |     Work
 Expl Unexpl |  Obj  Depth IntInf | Incumbent    BestBd   Gap | It/Node Time

     0     0 2.8516e+07    0   30 2.9875e+07 2.8516e+07  4.55%     -    0s
     0     0 2.8734e+07    0   31 2.9875e+07 2.8734e+07  3.82%     -    0s
     0     0 2.8738e+07    0   31 2.9875e+07 2.8738e+07  3.81%     -    0s
     0     0 2.8738e+07    0   32 2.9875e+07 2.8738e+07  3.80%     -    0s
     0     0 2.8739e+07    0   33 2.9875e+07 2.8739e+07  3.80%     -    0s
     0     0 2.8739e+07    0   33 2.9875e+07 2.8739e+07  3.80%     -    0s
     0     0 2.8739e+07    0   34 2.9875e+07 2.8739e+07  3.80%     -    0s
     0     0 2.8739e+07    0   33 2.9875e+07 2.8739e+07  3.80%     -    0s
     0     0 2.8739e+07    0   33 2.9875e+07 2.8739e+07  3.80%     -    0s
     0     0 2.8739e+07    0   33 2.9875e+07 2.8739e+07  3.80%     -    0s
     0     2 2.8741e+07    0   33 2.9875e+07 2.8741e+07  3.80%     -    0s

Cutting planes:
  Cover: 8
  Implied bound: 32
  MIR: 16
  Flow cover: 7
  RLT: 4
  Relax-and-lift: 1

Explored 288 nodes (10748 simplex iterations) in 1.27 seconds (1.65 work units)
Thread count was 10 (of 10 available processors)

Solution count 1: 2.9875e+07 

Optimal solution found (tolerance 5.00e-03)
Best objective 2.987500000000e+07, best bound 2.987500000000e+07, gap 0.0000%
