
Gurobi 13.0.3 (mac64[arm]) logging started Sat Sep 26 12:20:33 2026

Set parameter LogFile to value "/Users/ashutosh/Desktop/Two-stage-Model/certainty_results/full/solves/nnw_5_10_50M_phase2.log"
Gurobi Optimizer version 13.0.3 build v13.0.3rc0 (mac64[arm] - Darwin 27.0.0 26A428)

CPU model: Apple M1 Pro
Thread count: 10 physical cores, 10 logical processors, using up to 10 threads

Non-default parameters:
TimeLimit  21600
MIPGap  0.005
Method  2
LogToConsole  0

Optimize a model with 13550 rows, 5548 columns and 38816 nonzeros (Min)
Model fingerprint: 0x580570a8
Model has 724 linear objective coefficients
Variable types: 3498 continuous, 2050 integer (1688 binary)
Coefficient statistics:
  Matrix range     [1e-03, 1e+05]
  Objective range  [2e+04, 1e+05]
  Bounds range     [1e+00, 3e+00]
  RHS range        [1e-02, 5e+07]

Loaded user MIP start with objective 4.92e+07
MIP start from previous solve did not produce a new incumbent solution

Presolve removed 12267 rows and 4003 columns
Presolve time: 0.05s
Presolved: 1283 rows, 1545 columns, 6043 nonzeros
Found heuristic solution: objective 4.785000e+07
Variable types: 1343 continuous, 202 integer (202 binary)
Root barrier log...

Ordering time: 0.00s

Barrier statistics:
 Dense cols : 3
 AA' NZ     : 8.722e+03
 Factor NZ  : 3.709e+04 (roughly 1 MB of memory)
 Factor Ops : 2.032e+06 (less than 1 second per iteration)
 Threads    : 1

                  Objective                Residual
Iter       Primal          Dual         Primal    Dual     Compl     Time
   0   4.85683561e+07 -5.65382231e+07  4.59e+03 2.03e+03  3.53e+05     0s
   1   4.67504153e+07 -1.78634386e+07  7.20e+02 1.01e+03  6.52e+04     0s
   2   4.67320155e+07  2.12983206e+07  1.34e+02 1.80e+02  1.43e+04     0s
   3   4.67065787e+07  4.25265191e+07  2.48e+01 2.18e+00  2.09e+03     0s
   4   4.66657730e+07  4.59222199e+07  7.76e+00 7.28e-11  4.45e+02     0s
   5   4.66907540e+07  4.63161469e+07  3.56e+00 4.60e-09  2.14e+02     0s
   6   4.66968084e+07  4.66274175e+07  1.77e+00 4.58e-11  6.74e+01     0s
   7   4.66993271e+07  4.66596416e+07  8.59e-01 4.37e-11  3.45e+01     0s
   8   4.66991415e+07  4.66893652e+07  4.11e-01 1.15e-09  1.36e+01     0s
   9   4.67011256e+07  4.66942350e+07  1.51e-01 1.24e-10  5.96e+00     0s
  10   4.67010710e+07  4.66977348e+07  2.84e-02 4.45e-11  1.73e+00     0s
  11   4.67008762e+07  4.66997002e+07  1.33e-02 5.53e-10  6.99e-01     0s
  12   4.67007146e+07  4.67003945e+07  3.28e-03 4.57e-09  1.83e-01     0s
  13   4.67006881e+07  4.67005984e+07  1.85e-03 3.46e-11  7.67e-02     0s
  14   4.67006551e+07  4.67006469e+07  4.04e-05 8.73e-11  3.49e-03     0s
  15   4.67006543e+07  4.67006520e+07  1.99e-05 3.49e-10  1.15e-03     0s
  16   4.67006535e+07  4.67006533e+07  2.78e-06 3.86e-09  1.38e-04     0s
  17   4.67006534e+07  4.67006536e+07  3.14e-06 1.54e-09  1.90e-05     0s
  18   4.67006534e+07  4.67006536e+07  3.24e-06 4.37e-10  1.09e-07     0s
  19   4.67006534e+07  4.67006536e+07  3.25e-06 3.15e-11  1.17e-10     0s

Barrier solved model in 19 iterations and 0.10 seconds (0.09 work units)
Optimal objective 4.67006534e+07

Crossover time: 0.01 seconds (0.01 work units)

Extra simplex iterations after uncrush: 202

Root relaxation: objective 4.670065e+07, 309 iterations, 0.04 seconds (0.04 work units)

    Nodes    |    Current Node    |     Objective Bounds      |     Work
 Expl Unexpl |  Obj  Depth IntInf | Incumbent    BestBd   Gap | It/Node Time

     0     0 4.6701e+07    0   12 4.7850e+07 4.6701e+07  2.40%     -    0s
     0     0 infeasible    0      4.7850e+07 4.7850e+07  0.00%     -    0s

Cutting planes:
  Gomory: 8
  Implied bound: 11
  MIR: 6
  Flow cover: 2

Explored 1 nodes (504 simplex iterations) in 0.20 seconds (0.20 work units)
Thread count was 10 (of 10 available processors)

Solution count 2: 4.785e+07 4.92e+07 

Optimal solution found (tolerance 5.00e-03)
Best objective 4.785000000000e+07, best bound 4.785000000000e+07, gap 0.0000%
