
Gurobi 13.0.3 (mac64[arm]) logging started Sat Sep 26 12:20:13 2026

Set parameter LogFile to value "/Users/ashutosh/Desktop/Two-stage-Model/certainty_results/full/solves/nnw_5_10_0M_phase1.log"
Gurobi Optimizer version 13.0.3 build v13.0.3rc0 (mac64[arm] - Darwin 27.0.0 26A428)

CPU model: Apple M1 Pro
Thread count: 10 physical cores, 10 logical processors, using up to 10 threads

Non-default parameters:
TimeLimit  21600
MIPGap  0.005
Method  2
LogToConsole  0

Optimize a model with 13549 rows, 5548 columns and 38153 nonzeros (Min)
Model fingerprint: 0x74144184
Model has 663 linear objective coefficients and an objective constant of 396.859633
Variable types: 3498 continuous, 2050 integer (1688 binary)
Coefficient statistics:
  Matrix range     [1e-03, 1e+05]
  Objective range  [1e+00, 1e+00]
  Bounds range     [1e+00, 3e+00]
  RHS range        [1e-02, 2e+04]

Presolve removed 12850 rows and 4477 columns
Presolve time: 0.02s
Presolved: 699 rows, 1071 columns, 3610 nonzeros
Variable types: 945 continuous, 126 integer (126 binary)
Found heuristic solution: objective 102.2241000
Root barrier log...

Ordering time: 0.00s

Barrier statistics:
 AA' NZ     : 4.991e+03
 Factor NZ  : 1.792e+04 (roughly 1 MB of memory)
 Factor Ops : 6.176e+05 (less than 1 second per iteration)
 Threads    : 1

                  Objective                Residual
Iter       Primal          Dual         Primal    Dual     Compl     Time
   0  -2.08991555e+04 -1.20996371e+05  1.04e+02 2.69e+00  3.84e+02     0s
   1  -1.44148718e+03 -5.46443219e+04  7.88e+00 2.13e-14  4.53e+01     0s
   2   8.54431183e+01 -8.36977416e+03  6.01e-01 6.70e-13  4.62e+00     0s
   3   1.74355765e+02 -1.63620832e+03  2.02e-02 4.90e-13  8.05e-01     0s
   4   1.16498422e+02 -2.45937801e+02  1.30e-04 8.17e-14  1.58e-01     0s
   5   7.24395833e+01  8.42793375e-01  1.77e-05 1.07e-14  3.13e-02     0s
   6   5.92030852e+01  2.92586102e+01  7.55e-06 3.55e-15  1.31e-02     0s
   7   5.53183940e+01  4.44084296e+01  4.31e-06 3.55e-15  4.77e-03     0s
   8   5.28879244e+01  4.68324052e+01  2.26e-06 3.55e-15  2.65e-03     0s
   9   5.21910973e+01  4.84106981e+01  1.61e-06 3.95e-15  1.65e-03     0s
  10   5.09110765e+01  4.96160456e+01  5.43e-07 3.55e-15  5.66e-04     0s
  11   5.06969697e+01  5.01664982e+01  3.20e-07 3.55e-15  2.32e-04     0s
  12   5.03902073e+01  5.02445968e+01  6.85e-08 7.11e-15  6.36e-05     0s
  13   5.02884296e+01  5.02728710e+01  5.72e-09 3.55e-15  6.80e-06     0s
  14   5.02777184e+01  5.02766145e+01  1.61e-10 3.55e-15  4.82e-07     0s
  15   5.02776606e+01  5.02776414e+01  2.57e-10 3.55e-15  8.41e-09     0s
  16   5.02776523e+01  5.02776523e+01  6.55e-11 7.11e-15  8.41e-12     0s

Barrier solved model in 16 iterations and 0.05 seconds (0.06 work units)
Optimal objective 5.02776523e+01

Crossover time: 0.00 seconds (0.00 work units)

Root relaxation: objective 5.027765e+01, 69 iterations, 0.02 seconds (0.02 work units)

    Nodes    |    Current Node    |     Objective Bounds      |     Work
 Expl Unexpl |  Obj  Depth IntInf | Incumbent    BestBd   Gap | It/Node Time

     0     0   50.27765    0    1  102.22410   50.27765  50.8%     -    0s
H    0     0                     102.1380600   50.27765  50.8%     -    0s
H    0     0                      50.2776523   50.27765  0.00%     -    0s

Explored 1 nodes (69 simplex iterations) in 0.08 seconds (0.08 work units)
Thread count was 10 (of 10 available processors)

Solution count 3: 50.2777 102.138 102.224 

Optimal solution found (tolerance 5.00e-03)
Best objective 5.027765234106e+01, best bound 5.027765234106e+01, gap 0.0000%
