
Gurobi 13.0.3 (mac64[arm]) logging started Sat Sep 26 12:20:11 2026

Set parameter LogFile to value "/Users/ashutosh/Desktop/Two-stage-Model/certainty_results/full/solves/nnw_5_05_40M_phase2.log"
Gurobi Optimizer version 13.0.3 build v13.0.3rc0 (mac64[arm] - Darwin 27.0.0 26A428)

CPU model: Apple M1 Pro
Thread count: 10 physical cores, 10 logical processors, using up to 10 threads

Non-default parameters:
TimeLimit  21600
MIPGap  0.005
Method  2
LogToConsole  0

Optimize a model with 13537 rows, 5548 columns and 38777 nonzeros (Min)
Model fingerprint: 0x90efa2de
Model has 724 linear objective coefficients
Variable types: 3498 continuous, 2050 integer (1688 binary)
Coefficient statistics:
  Matrix range     [1e-03, 1e+05]
  Objective range  [2e+04, 1e+05]
  Bounds range     [1e+00, 3e+00]
  RHS range        [1e-02, 4e+07]

Loaded user MIP start with objective 3.9925e+07
MIP start from previous solve did not produce a new incumbent solution

Presolve removed 12312 rows and 3991 columns
Presolve time: 0.05s
Presolved: 1225 rows, 1557 columns, 5925 nonzeros
Variable types: 1349 continuous, 208 integer (208 binary)
Root barrier log...

Ordering time: 0.00s

Barrier statistics:
 AA' NZ     : 1.275e+04
 Factor NZ  : 4.999e+04 (roughly 2 MB of memory)
 Factor Ops : 3.449e+06 (less than 1 second per iteration)
 Threads    : 1

                  Objective                Residual
Iter       Primal          Dual         Primal    Dual     Compl     Time
   0   4.58369818e+07 -1.74968053e+07  3.09e+04 4.55e-13  9.38e+05     0s
   1   4.00809437e+07 -1.37374656e+07  8.61e+03 1.40e+03  2.69e+05     0s
   2   3.71502840e+07  1.92766436e+06  2.67e+02 1.65e+01  1.73e+04     0s
   3   3.72644297e+07  2.15984464e+07  2.12e+02 4.95e+00  9.11e+03     0s
   4   3.73627964e+07  3.38940230e+07  3.28e+01 5.46e-12  1.53e+03     0s
   5   3.73707475e+07  3.50202741e+07  3.00e+01 8.19e-12  1.12e+03     0s
   6   3.74418218e+07  3.52184489e+07  2.37e+01 7.28e-12  9.94e+02     0s
   7   3.74489033e+07  3.66103009e+07  1.20e+01 1.18e-11  3.84e+02     0s
   8   3.74547517e+07  3.71581070e+07  6.91e+00 1.46e-11  1.59e+02     0s
   9   3.74663841e+07  3.73415726e+07  3.33e+00 8.73e-11  7.46e+01     0s
  10   3.74816337e+07  3.74547010e+07  1.23e+00 3.64e-11  2.32e+01     0s
  11   3.74880614e+07  3.74761655e+07  6.70e-01 9.64e-11  1.26e+01     0s
  12   3.74900685e+07  3.74832885e+07  5.02e-01 1.64e-10  9.49e+00     0s
  13   3.74905607e+07  3.74870082e+07  4.75e-01 6.91e-11  8.70e+00     0s
  14   3.74913343e+07  3.74887039e+07  4.46e-01 1.67e-10  8.13e+00     0s
  15   3.74925586e+07  3.74936923e+07  4.08e-01 2.29e-10  6.31e+00     0s
  16   3.74931454e+07  3.74943885e+07  3.87e-01 2.73e-10  5.91e+00     0s
  17   3.74950152e+07  3.74993346e+07  3.08e-01 3.64e-10  4.33e+00     0s
  18   3.74955390e+07  3.75062574e+07  2.94e-01 3.24e-10  4.10e+00     0s
  19   3.74963885e+07  3.75054856e+07  2.66e-01 3.49e-10  3.62e+00     0s
  20   3.74986399e+07  3.75074852e+07  2.47e-01 3.78e-10  3.76e+00     0s
  21   3.75004865e+07  3.75108334e+07  2.16e-01 1.59e-09  3.18e+00     0s
  22   3.75017029e+07  3.75152815e+07  2.00e-01 9.90e-10  2.83e+00     0s
  23   3.75027030e+07  3.75150345e+07  1.90e-01 3.67e-09  2.71e+00     0s
  24   3.75034087e+07  3.75159801e+07  1.82e-01 5.08e-09  2.60e+00     0s
  25   3.75054271e+07  3.75189109e+07  1.64e-01 6.59e-09  2.36e+00     0s
  26   3.75056726e+07  3.75193003e+07  1.62e-01 7.35e-09  2.31e+00     0s
  27   3.75074431e+07  3.75207034e+07  1.46e-01 5.50e-09  2.05e+00     0s
  28   3.75083184e+07  3.75227382e+07  1.39e-01 1.24e-08  1.82e+00     0s
  29   3.75090913e+07  3.75297138e+07  1.33e-01 1.46e-08  1.68e+00     0s
  30   3.75116135e+07  3.75291988e+07  1.19e-01 2.63e-08  1.35e+00     0s
  31   3.75119665e+07  3.75349620e+07  1.17e-01 4.46e-08  1.25e+00     0s
  32   3.75123270e+07  3.75394257e+07  1.13e-01 4.39e-08  1.11e+00     0s
  33   3.75143096e+07  3.75398142e+07  1.05e-01 3.97e-08  1.03e+00     0s
  34   3.75160213e+07  3.75408422e+07  9.80e-02 4.05e-08  9.48e-01     0s
  35   3.75161349e+07  3.75442820e+07  9.72e-02 3.41e-08  9.18e-01     0s
  36   3.75163238e+07  3.75469400e+07  9.63e-02 3.11e-08  9.10e-01     0s
  37   3.75171396e+07  3.75483088e+07  9.45e-02 3.74e-08  9.65e-01     0s
  38   3.75185879e+07  3.75495597e+07  9.13e-02 3.39e-08  9.98e-01     0s
  39   3.75212102e+07  3.75540492e+07  8.48e-02 3.55e-08  8.83e-01     0s
  40   3.75233087e+07  3.75573183e+07  8.01e-02 1.28e-07  6.86e-01     0s
  41   3.75238246e+07  3.75576572e+07  7.91e-02 1.47e-07  6.99e-01     0s
  42   3.75286658e+07  3.75587532e+07  6.87e-02 1.44e-07  5.91e-01     0s
  43   3.75295818e+07  3.75602446e+07  6.67e-02 1.15e-07  5.01e-01     0s
  44   3.75298987e+07  3.75644492e+07  6.60e-02 1.26e-07  4.91e-01     0s
  45   3.75302191e+07  3.75771958e+07  6.53e-02 1.19e-07  4.70e-01     0s
  46   3.75484882e+07  3.75626394e+07  4.02e-02 1.33e-06  1.87e+00     0s
  47   3.75499311e+07  3.75722282e+07  3.82e-02 7.82e-07  8.64e-01     0s
  48   3.75513699e+07  3.75744027e+07  3.63e-02 1.55e-06  1.22e+00     0s
  49   3.75523699e+07  3.75792223e+07  3.48e-02 1.52e-06  1.14e+00     0s
  50   3.75551469e+07  3.75724247e+07  3.25e-02 1.65e-08  1.46e+00     0s
  51   3.75583944e+07  3.75808371e+07  2.86e-02 1.26e-07  8.92e-01     0s
  52   3.75648159e+07  3.75776982e+07  2.13e-02 4.41e-07  8.91e-01     0s
  53   3.75653853e+07  3.75835214e+07  2.06e-02 2.64e-07  2.07e-01     0s
  54   3.75662615e+07  3.76118847e+07  1.93e-02 1.09e-06  1.27e-01     0s
  55   3.75662661e+07  3.76344272e+07  1.93e-02 1.09e-06  1.02e-01     0s
  56   3.75663426e+07  3.76121559e+07  1.93e-02 1.09e-06  1.17e-01     0s
  57   3.75664971e+07  3.76231031e+07  1.92e-02 1.02e-06  1.42e-01     0s
  58   9.83120861e+07 -1.74968053e+07  3.09e+05 4.55e-13  9.21e+06     0s
  59   3.86741158e+07 -3.13424757e+07  1.21e+04 1.00e-11  3.95e+05     0s
  60   3.73992205e+07 -3.66193894e+06  5.88e+02 1.06e-10  2.86e+04     0s
  61   3.72705982e+07  2.51348950e+07  2.35e+02 1.36e-11  8.71e+03     0s
  62   3.73864839e+07  3.38509547e+07  3.15e+01 2.55e-11  1.55e+03     0s
  63   3.73930491e+07  3.50295396e+07  2.68e+01 2.30e-11  1.10e+03     0s
  64   3.74703556e+07  3.68796212e+07  9.11e+00 5.49e-11  2.80e+02     0s
  65   3.74761232e+07  3.72775719e+07  3.73e+00 2.91e-10  1.04e+02     0s
  66   3.74847842e+07  3.74206327e+07  1.46e+00 1.49e-10  3.79e+01     0s
  67   3.74901100e+07  3.74639890e+07  7.21e-01 5.24e-10  1.84e+01     0s
  68   3.74921006e+07  3.74747093e+07  5.34e-01 1.80e-09  1.37e+01     0s
  69   3.74942753e+07  3.74809700e+07  4.15e-01 1.63e-09  1.10e+01     0s
  70   3.74948918e+07  3.74847110e+07  3.87e-01 1.54e-09  1.03e+01     0s
  71   3.74960117e+07  3.74933006e+07  3.46e-01 2.33e-10  8.10e+00     0s
  72   3.74966636e+07  3.74967436e+07  3.08e-01 2.04e-10  7.19e+00     0s
  73   3.74981988e+07  3.74963241e+07  2.71e-01 2.98e-10  6.48e+00     0s
  74   3.74986523e+07  3.75007408e+07  2.58e-01 4.73e-10  6.23e+00     0s
  75   3.74995820e+07  3.75024908e+07  2.33e-01 7.64e-10  5.75e+00     0s
  76   3.75011052e+07  3.75056361e+07  2.14e-01 2.33e-10  5.39e+00     0s
  77   3.75018433e+07  3.75084088e+07  2.05e-01 3.93e-10  5.15e+00     0s
  78   3.75038701e+07  3.75117071e+07  1.85e-01 4.70e-09  4.54e+00     0s
  79   3.75071663e+07  3.75139558e+07  1.57e-01 6.24e-09  4.07e+00     0s
  80   3.75079765e+07  3.75140277e+07  1.50e-01 6.65e-09  3.96e+00     0s
  81   3.75087143e+07  3.75150866e+07  1.44e-01 6.39e-09  3.84e+00     0s
  82   3.75093904e+07  3.75145741e+07  1.38e-01 5.41e-09  3.75e+00     0s
  83   3.75098674e+07  3.75189805e+07  1.34e-01 4.44e-09  3.52e+00     0s
  84   3.75100179e+07  3.75242284e+07  1.31e-01 3.78e-09  3.43e+00     0s
  85   3.75113765e+07  3.75249197e+07  1.23e-01 5.73e-09  3.14e+00     0s
  86   3.75127431e+07  3.75239438e+07  1.16e-01 4.86e-08  2.40e+00     0s
  87   3.75128296e+07  3.75263053e+07  1.15e-01 4.45e-08  2.46e+00     0s
  88   3.75130905e+07  3.75329949e+07  1.12e-01 4.36e-08  2.34e+00     0s
  89   3.75134073e+07  3.75338587e+07  1.11e-01 3.24e-08  2.28e+00     0s
  90   3.75144607e+07  3.75358630e+07  1.06e-01 3.61e-08  2.04e+00     0s
  91   3.75160994e+07  3.75407340e+07  9.93e-02 2.15e-08  1.84e+00     0s
  92   3.75168141e+07  3.75454962e+07  9.66e-02 2.10e-08  1.80e+00     0s
  93   3.75168216e+07  3.75498017e+07  9.65e-02 2.10e-08  1.80e+00     0s
  94   3.75191022e+07  3.75536106e+07  9.16e-02 2.19e-08  1.81e+00     0s
  95   3.75242739e+07  3.75546169e+07  7.95e-02 1.32e-07  1.65e+00     0s
  96   3.75264299e+07  3.75571539e+07  7.50e-02 3.79e-07  1.42e+00     0s
  97   3.75304924e+07  3.75592986e+07  6.59e-02 4.58e-07  8.58e-01     0s
  98   3.75307478e+07  3.75731104e+07  6.53e-02 4.39e-07  8.37e-01     0s
  99   3.75489439e+07  3.75721437e+07  4.38e-02 1.05e-06  1.85e+00     0s
 100   3.75503417e+07  3.75773084e+07  4.16e-02 2.07e-07  1.23e+00     0s
 101   3.75499033e+07  3.75829388e+07  3.95e-02 3.85e-08  8.58e-01     0s
 102   3.75612436e+07  3.75832185e+07  2.62e-02 1.57e-07  5.41e-01     0s
 103   3.75638338e+07  3.75834321e+07  2.31e-02 5.79e-07  4.48e-01     0s
 104   3.75662729e+07  3.76328172e+07  1.96e-02 5.35e-07  5.52e-01     0s
 105   3.75667036e+07  3.76341798e+07  1.92e-02 5.34e-07  2.10e-01     0s
 106   3.75668295e+07  3.78585679e+07  1.91e-02 4.96e-06  2.48e-01     0s
 107   3.75668692e+07  3.86724654e+07  1.91e-02 4.93e-06  2.96e-01     0s
 108   3.75669399e+07  3.83658350e+07  1.91e-02 5.22e-08  3.04e-01     0s
 109   3.75669910e+07  3.83258443e+07  1.91e-02 2.24e-08  3.16e-01     0s
 110   3.75671297e+07  3.82049229e+07  1.91e-02 1.60e-07  3.52e-01     0s
 111   3.75712270e+07  3.84085483e+07  1.91e-02 7.23e-07  1.41e+00     0s

Barrier performed 111 iterations in 0.23 seconds (0.24 work units)
Sub-optimal termination - objective 3.75712270e+07

Crossover time: 0.03 seconds (0.05 work units)
Crossover changed status from Sub-Optimal to Optimal

Root relaxation: objective 3.894326e+07, 1530 iterations, 0.19 seconds (0.22 work units)

    Nodes    |    Current Node    |     Objective Bounds      |     Work
 Expl Unexpl |  Obj  Depth IntInf | Incumbent    BestBd   Gap | It/Node Time

     0     0 3.8943e+07    0    9 3.9925e+07 3.8943e+07  2.46%     -    0s
     0     0 3.9442e+07    0   10 3.9925e+07 3.9442e+07  1.21%     -    0s

Cutting planes:
  Implied bound: 6
  Clique: 1
  MIR: 4
  Flow cover: 2
  Relax-and-lift: 1

Explored 1 nodes (1565 simplex iterations) in 0.36 seconds (0.36 work units)
Thread count was 10 (of 10 available processors)

Solution count 1: 3.9925e+07 

Optimal solution found (tolerance 5.00e-03)
Best objective 3.992500000000e+07, best bound 3.982500000000e+07, gap 0.2505%
