
Gurobi 13.0.3 (mac64[arm]) logging started Sat Sep 26 12:20:54 2026

Set parameter LogFile to value "/Users/ashutosh/Desktop/Two-stage-Model/certainty_results/full/solves/nnw_5_25_10M_phase2.log"
Gurobi Optimizer version 13.0.3 build v13.0.3rc0 (mac64[arm] - Darwin 27.0.0 26A428)

CPU model: Apple M1 Pro
Thread count: 10 physical cores, 10 logical processors, using up to 10 threads

Non-default parameters:
TimeLimit  21600
MIPGap  0.005
Method  2
LogToConsole  0

Optimize a model with 13524 rows, 5548 columns and 38738 nonzeros (Min)
Model fingerprint: 0x089b0ad1
Model has 724 linear objective coefficients
Variable types: 3498 continuous, 2050 integer (1688 binary)
Coefficient statistics:
  Matrix range     [1e-03, 1e+05]
  Objective range  [2e+04, 1e+05]
  Bounds range     [1e+00, 3e+00]
  RHS range        [1e-02, 1e+07]

Loaded user MIP start with objective 9.95e+06
MIP start from previous solve did not produce a new incumbent solution

Presolve removed 11590 rows and 3848 columns
Presolve time: 0.05s
Presolved: 1934 rows, 1700 columns, 7786 nonzeros
Variable types: 1458 continuous, 242 integer (242 binary)
Root barrier log...

Ordering time: 0.00s

Barrier statistics:
 AA' NZ     : 2.534e+04
 Factor NZ  : 7.991e+04 (roughly 2 MB of memory)
 Factor Ops : 6.123e+06 (less than 1 second per iteration)
 Threads    : 10

                  Objective                Residual
Iter       Primal          Dual         Primal    Dual     Compl     Time
   0   1.46107926e+08 -1.01096170e+08  1.46e+05 4.55e-13  4.90e+06     0s
   1   4.10083785e+07 -1.16200596e+08  4.25e+04 1.64e+03  1.46e+06     0s
   2   5.01303134e+06 -9.72046860e+07  5.60e+02 6.82e-12  4.20e+04     0s
   3   1.80724777e+06 -1.24319376e+07  8.31e+01 2.73e-11  5.05e+03     0s
   4   7.25540684e+05 -4.46458130e+06  3.12e+01 9.09e-12  1.72e+03     0s
   5   3.86562813e+05 -1.91011692e+06  1.62e+01 4.00e-11  7.70e+02     0s
   6   2.44745901e+05 -1.24456823e+06  1.01e+01 4.73e-11  4.92e+02     0s
   7   1.50868589e+05 -3.30698299e+05  6.20e+00 2.18e-10  2.34e+02     0s
   8   1.35668710e+05 -2.50194553e+04  5.17e+00 5.53e-10  1.82e+02     0s
   9   1.36629603e+05  6.02579827e+05  4.69e+00 1.66e-09  1.51e+02     0s
  10   1.57658290e+05  8.14892654e+05  4.49e+00 2.44e-09  1.44e+02     0s
  11   2.38648097e+05  7.93895820e+05  4.12e+00 2.56e-09  1.36e+02     0s
  12   2.62057491e+05  9.66544312e+05  4.00e+00 4.71e-09  1.33e+02     0s
  13   3.49342644e+05  1.12651243e+06  3.73e+00 3.73e-09  1.29e+02     0s
  14   3.78164719e+05  1.27643404e+06  3.63e+00 4.07e-09  1.24e+02     0s
  15   4.21128194e+05  1.12867466e+06  3.51e+00 5.24e-09  1.25e+02     0s
  16   4.38112100e+05  1.26955745e+06  3.46e+00 4.89e-09  1.20e+02     0s
  17   4.92415888e+05  1.38660972e+06  3.31e+00 5.24e-09  1.14e+02     0s
  18   5.60897347e+05  1.47970296e+06  3.13e+00 6.46e-09  1.07e+02     0s
  19   6.03231936e+05  1.57964982e+06  3.02e+00 1.49e-08  9.85e+01     0s
  20   6.36406266e+05  1.58624481e+06  2.94e+00 1.46e-08  9.71e+01     0s
  21   7.02198936e+05  1.63286283e+06  2.78e+00 1.31e-08  9.17e+01     0s
  22   8.00261208e+05  1.78387273e+06  2.56e+00 2.31e-08  7.86e+01     0s
  23   8.23487416e+05  1.94677685e+06  2.51e+00 3.38e-08  7.58e+01     0s
  24   8.65667091e+05  2.00960570e+06  2.42e+00 3.43e-08  7.28e+01     0s
  25   9.07074958e+05  2.06347396e+06  2.34e+00 3.46e-08  7.02e+01     0s
  26   9.19314153e+05  2.12639900e+06  2.32e+00 3.54e-08  6.95e+01     0s
  27   9.76926960e+05  2.16730944e+06  2.23e+00 4.12e-08  6.74e+01     0s
  28   1.04484187e+06  2.32951242e+06  2.12e+00 5.47e-08  6.08e+01     0s
  29   1.04661203e+06  2.38712662e+06  2.12e+00 5.46e-08  6.06e+01     0s
  30   1.05743700e+06  2.50551816e+06  2.11e+00 5.27e-08  5.99e+01     0s
  31   1.09153086e+06  2.67838197e+06  2.06e+00 2.92e-08  5.87e+01     0s
  32   1.10954834e+06  2.42748427e+06  2.04e+00 3.23e-08  5.86e+01     0s
  33   1.24072127e+06  2.37991658e+06  1.91e+00 6.90e-08  6.46e+01     0s
  34   1.28169133e+06  2.84573445e+06  1.87e+00 6.08e-08  6.24e+01     0s
  35   1.29230818e+06  2.83755460e+06  1.86e+00 6.04e-08  6.25e+01     0s
  36   1.36311821e+09 -2.71451731e+08  1.46e+06 1.36e-12  1.18e+08     0s
  37   3.62584912e+08 -3.33070174e+08  4.92e+05 4.31e+03  4.06e+07     0s
  38   9.75384328e+06 -3.65341581e+08  1.05e+04 1.46e-11  9.62e+05     0s
  39   4.05413432e+06 -1.62300766e+08  4.36e+02 1.49e-10  7.12e+04     0s
  40   2.21192429e+06 -4.66212103e+07  1.03e+02 1.38e-10  1.69e+04     0s
  41   1.18232340e+06 -1.95101143e+07  4.08e+01 1.16e-10  6.52e+03     0s
  42   6.04019902e+05 -8.22373855e+06  1.72e+01 3.20e-10  2.66e+03     0s
  43   3.54383514e+05 -4.78482349e+06  9.17e+00 1.60e-10  1.50e+03     0s
  44   3.31050137e+05 -2.85604890e+06  8.45e+00 3.20e-10  1.04e+03     0s
  45   3.10764941e+05 -1.92802134e+06  7.63e+00 2.04e-10  8.24e+02     0s
  46   2.34634050e+05 -1.11331902e+06  4.96e+00 7.86e-10  5.80e+02     0s
  47   3.91629899e+05 -4.79754434e+05  4.44e+00 2.27e-09  5.38e+02     0s
  48   4.52146513e+05  1.93346133e+05  4.24e+00 2.79e-09  4.73e+02     0s
  49   5.10794708e+05  2.95911676e+05  3.99e+00 3.26e-09  4.49e+02     0s
  50   5.77696794e+05  4.75410020e+05  3.79e+00 4.37e-09  4.20e+02     0s
  51   6.78802352e+05  7.47242638e+05  3.42e+00 4.71e-09  3.69e+02     0s
  52   7.44972146e+05  8.50235736e+05  3.19e+00 4.19e-09  3.50e+02     0s
  53   7.61747924e+05  9.48464094e+05  3.14e+00 3.96e-09  3.38e+02     0s
  54   7.61174160e+05  9.82805711e+05  3.10e+00 3.84e-09  3.31e+02     0s
  55   8.38936063e+05  9.76633062e+05  2.87e+00 4.66e-09  3.18e+02     0s
  56   8.65055886e+05  1.13360566e+06  2.81e+00 3.84e-09  3.03e+02     0s
  57   9.22161318e+05  1.39276530e+06  2.65e+00 6.64e-09  2.75e+02     0s
  58   9.58171373e+05  1.51096601e+06  2.55e+00 6.29e-09  2.64e+02     0s
  59   1.06140713e+06  1.70546207e+06  2.35e+00 5.47e-09  2.40e+02     0s
  60   1.11477189e+06  2.19046512e+06  2.23e+00 1.09e-08  2.23e+02     0s
  61   1.20422935e+06  2.21887586e+06  2.09e+00 1.05e-08  2.14e+02     0s
  62   1.28433528e+06  2.41149803e+06  2.00e+00 1.30e-08  2.07e+02     0s
  63   1.35415933e+06  2.63084671e+06  1.92e+00 1.49e-08  1.97e+02     0s
  64   1.44324620e+06  2.80398845e+06  1.83e+00 8.16e-08  1.78e+02     0s
  65   1.50679594e+06  2.86752787e+06  1.76e+00 1.01e-07  1.75e+02     0s
  66   1.62733378e+06  2.94484012e+06  1.65e+00 1.07e-07  1.69e+02     0s
  67   1.74156269e+06  3.26108180e+06  1.54e+00 1.53e-07  1.58e+02     0s
  68   1.79548753e+06  3.62633264e+06  1.49e+00 1.32e-07  1.53e+02     0s
  69   1.94863443e+06  3.72613122e+06  1.39e+00 1.39e-07  1.46e+02     0s
  70   2.11598745e+06  3.83712298e+06  1.28e+00 1.53e-07  1.33e+02     0s
  71   2.13306895e+06  3.95194503e+06  1.27e+00 1.84e-07  1.31e+02     0s
  72   2.24123062e+06  3.97207115e+06  1.21e+00 1.84e-07  1.29e+02     0s
  73   2.39316642e+06  4.04001623e+06  1.13e+00 2.38e-07  1.22e+02     0s
  74   2.60482014e+06  4.11936143e+06  1.01e+00 1.05e-07  1.05e+02     0s
  75   2.60870260e+06  4.17137328e+06  1.00e+00 1.06e-07  1.05e+02     0s
  76   2.62060932e+06  4.23497480e+06  9.96e-01 1.06e-07  1.04e+02     0s
  77   2.67978177e+06  4.14103629e+06  9.65e-01 1.78e-07  1.02e+02     0s
  78   2.68999513e+06  4.34872240e+06  9.57e-01 1.65e-07  1.01e+02     0s
  79   2.69990007e+06  4.88114434e+06  9.52e-01 2.10e-07  9.94e+01     0s
  80   2.75621614e+06  5.12603378e+06  9.33e-01 2.65e-07  9.82e+01     0s
  81   2.91023451e+06  5.12890102e+06  8.79e-01 3.84e-07  9.50e+01     0s
  82   2.99583924e+06  5.24946159e+06  8.52e-01 3.92e-07  8.99e+01     0s
  83   3.13801633e+06  5.62900865e+06  8.06e-01 2.79e-06  6.93e+01     0s
  84   3.19656206e+06  5.68363970e+06  7.90e-01 2.80e-06  6.87e+01     0s
  85   3.24199327e+06  5.70646197e+06  7.76e-01 2.91e-06  6.75e+01     0s
  86   3.28361209e+06  5.72748320e+06  7.64e-01 3.10e-06  6.61e+01     0s
  87   3.36031300e+06  5.80708006e+06  7.42e-01 2.64e-06  6.60e+01     0s
  88   3.43034781e+06  5.91279918e+06  7.21e-01 2.54e-06  6.41e+01     0s
  89   3.59120814e+06  5.74883413e+06  6.81e-01 2.69e-06  6.69e+01     0s
  90   3.61085268e+06  6.12487076e+06  6.75e-01 2.46e-06  5.85e+01     0s
  91   3.70293808e+06  6.22123922e+06  6.53e-01 2.36e-06  5.76e+01     0s
  92   3.71405372e+06  6.31409064e+06  6.50e-01 2.07e-06  5.63e+01     0s
  93   3.74190826e+06  6.47032402e+06  6.44e-01 1.92e-06  5.60e+01     0s
  94   3.80844375e+06  6.74079546e+06  6.29e-01 1.43e-06  5.42e+01     0s
  95   3.99635203e+06  6.65252634e+06  5.95e-01 1.46e-06  5.76e+01     0s
  96   4.09183098e+06  6.86742024e+06  5.82e-01 1.98e-06  6.23e+01     0s
  97   4.48862170e+06  6.51309511e+06  5.06e-01 7.24e-06  7.65e+01     0s
  98   4.58571253e+06  6.73606435e+06  4.87e-01 5.20e-06  8.10e+01     0s
  99   4.65128601e+06  6.86352435e+06  4.75e-01 6.05e-08  7.93e+01     0s
 100   4.79579070e+06  7.02748362e+06  4.50e-01 7.08e-08  7.88e+01     0s
 101   5.05538481e+06  7.09180688e+06  4.08e-01 2.59e-06  7.88e+01     0s
 102   5.29145581e+06  7.11324439e+06  3.74e-01 8.85e-08  8.75e+01     0s
 103   5.44813063e+06  7.20727482e+06  3.48e-01 2.95e-06  8.28e+01     0s
 104   5.56998767e+06  7.37427323e+06  3.30e-01 2.07e-06  7.40e+01     0s
 105   5.59719840e+06  7.45187111e+06  3.26e-01 1.78e-06  6.74e+01     0s
 106   5.66552734e+06  7.58850541e+06  3.15e-01 1.44e-06  5.93e+01     0s
 107   5.77517348e+06  7.64670288e+06  2.98e-01 1.86e-06  5.79e+01     0s
 108   5.85448423e+06  7.82661944e+06  2.86e-01 2.51e-06  5.37e+01     0s
 109   5.88248907e+06  8.00060255e+06  2.82e-01 2.19e-06  5.26e+01     0s
 110   6.19641375e+06  8.02887636e+06  2.44e-01 2.10e-06  5.12e+01     0s
 111   6.49189774e+06  7.95043229e+06  2.08e-01 4.93e-06  5.19e+01     0s
 112   7.00807138e+06  7.92251787e+06  1.47e-01 2.45e-06  5.48e+01     0s
 113   7.05072102e+06  7.97618582e+06  1.41e-01 1.79e-06  4.78e+01     0s
 114   7.10598998e+06  8.17769559e+06  1.35e-01 3.75e-06  3.82e+01     0s
 115   7.38209432e+06  8.18437957e+06  1.04e-01 3.86e-06  3.51e+01     0s
 116   7.49078162e+06  8.23874266e+06  9.18e-02 6.36e-06  2.19e+01     0s
 117   7.51162099e+06  8.25978661e+06  8.95e-02 5.54e-06  1.96e+01     0s
 118   7.77486745e+06  8.27336726e+06  6.11e-02 4.68e-06  1.77e+01     0s
 119   7.86605954e+06  8.30206750e+06  5.12e-02 9.10e-06  1.08e+01     0s
 120   8.05282410e+06  8.31066282e+06  3.08e-02 5.04e-06  7.66e+00     0s
 121   8.06293194e+06  8.32526872e+06  2.97e-02 6.86e-06  5.38e+00     0s
 122   8.08222771e+06  8.32684867e+06  2.76e-02 6.54e-06  4.98e+00     0s
 123   8.09968065e+06  8.33595967e+06  2.57e-02 5.81e-06  4.72e+00     0s
 124   8.11726123e+06  8.35432698e+06  2.38e-02 4.57e-06  4.15e+00     0s
 125   8.12683960e+06  8.36871747e+06  2.28e-02 4.31e-06  3.87e+00     0s
 126   8.13113451e+06  8.37369648e+06  2.25e-02 4.29e-06  3.73e+00     0s
 127   8.14741485e+06  8.37612404e+06  2.10e-02 4.05e-06  3.51e+00     0s
 128   8.15236899e+06  8.37462022e+06  2.06e-02 4.01e-06  3.45e+00     0s
 129   8.17241032e+06  8.37273110e+06  1.89e-02 4.61e-06  3.35e+00     0s
 130   8.18515598e+06  8.37307980e+06  1.77e-02 3.97e-06  3.28e+00     0s
 131   8.22298165e+06  8.37452894e+06  1.44e-02 3.01e-06  3.03e+00     0s
 132   8.25325209e+06  8.37780335e+06  1.17e-02 4.14e-06  2.40e+00     0s
 133   8.26415110e+06  8.37865376e+06  1.08e-02 4.18e-06  2.23e+00     0s
 134   8.38385509e+06  8.38612869e+06  2.96e-04 2.11e-05  2.74e-01     0s
 135   8.38678618e+06  8.38703558e+06  2.83e-05 1.65e-06  1.88e-02     0s
 136   8.38708984e+06  8.38708769e+06  1.47e-07 1.40e-06  8.95e-04     0s
 137   8.38709024e+06  8.38709025e+06  5.33e-08 1.66e-07  1.42e-04     0s
 138   8.38709047e+06  8.38709048e+06  2.47e-09 1.55e-07  4.37e-06     0s
 139   8.38709048e+06  8.38709048e+06  3.53e-12 1.58e-07  1.14e-09     0s

Barrier solved model in 139 iterations and 0.33 seconds (0.23 work units)
Optimal objective 8.38709048e+06

Crossover time: 0.01 seconds (0.02 work units)

Root relaxation: objective 8.387090e+06, 247 iterations, 0.27 seconds (0.17 work units)

    Nodes    |    Current Node    |     Objective Bounds      |     Work
 Expl Unexpl |  Obj  Depth IntInf | Incumbent    BestBd   Gap | It/Node Time

     0     0 8387090.48    0   28 9950000.00 8387090.48  15.7%     -    0s
     0     0 8527427.48    0   28 9950000.00 8527427.48  14.3%     -    0s
     0     0 8537253.03    0   28 9950000.00 8537253.03  14.2%     -    0s
     0     0 8537253.03    0   38 9950000.00 8537253.03  14.2%     -    0s
     0     0 8585583.48    0   26 9950000.00 8585583.48  13.7%     -    0s
     0     0 8614081.84    0   27 9950000.00 8614081.84  13.4%     -    0s
     0     0 8614081.84    0   28 9950000.00 8614081.84  13.4%     -    0s
     0     0 8745416.88    0   30 9950000.00 8745416.88  12.1%     -    0s
     0     0 8764565.22    0   30 9950000.00 8764565.22  11.9%     -    0s
     0     0 8782653.08    0   34 9950000.00 8782653.08  11.7%     -    0s
     0     0 8782653.08    0   44 9950000.00 8782653.08  11.7%     -    0s
     0     0 8985710.74    0   33 9950000.00 8985710.74  9.69%     -    0s
     0     0 8985710.74    0   47 9950000.00 8985710.74  9.69%     -    0s
     0     0 9058528.20    0   30 9950000.00 9058528.20  8.96%     -    0s
     0     0 9169503.66    0   30 9950000.00 9169503.66  7.84%     -    0s
     0     0 9169503.66    0   30 9950000.00 9169503.66  7.84%     -    0s
     0     2 9169503.66    0   30 9950000.00 9169503.66  7.84%     -    0s

Cutting planes:
  Cover: 1
  Implied bound: 21
  MIR: 26
  Flow cover: 10
  RLT: 3
  Relax-and-lift: 2

Explored 55 nodes (5500 simplex iterations) in 1.16 seconds (1.54 work units)
Thread count was 10 (of 10 available processors)

Solution count 1: 9.95e+06 

Optimal solution found (tolerance 5.00e-03)
Best objective 9.950000000000e+06, best bound 9.950000000000e+06, gap 0.0000%
