
Gurobi 13.0.3 (mac64[arm]) logging started Sat Sep 26 12:19:34 2026

Set parameter LogFile to value "/Users/ashutosh/Desktop/Two-stage-Model/certainty_results/full/solves/nw_5_15_20M_phase2.log"
Gurobi Optimizer version 13.0.3 build v13.0.3rc0 (mac64[arm] - Darwin 27.0.0 26A428)

CPU model: Apple M1 Pro
Thread count: 10 physical cores, 10 logical processors, using up to 10 threads

Non-default parameters:
TimeLimit  21600
MIPGap  0.005
Method  2
LogToConsole  0

Optimize a model with 13556 rows, 5548 columns and 38834 nonzeros (Min)
Model fingerprint: 0x068758ac
Model has 724 linear objective coefficients
Variable types: 3498 continuous, 2050 integer (1688 binary)
Coefficient statistics:
  Matrix range     [1e-03, 1e+05]
  Objective range  [2e+04, 1e+05]
  Bounds range     [1e+00, 3e+00]
  RHS range        [1e-02, 2e+07]

Loaded user MIP start with objective 1.9975e+07
MIP start from previous solve did not produce a new incumbent solution

Presolve removed 11363 rows and 3796 columns
Presolve time: 0.06s
Presolved: 2193 rows, 1752 columns, 8503 nonzeros
Variable types: 1494 continuous, 258 integer (258 binary)
Root barrier log...

Ordering time: 0.00s

Barrier statistics:
 AA' NZ     : 3.036e+04
 Factor NZ  : 9.242e+04 (roughly 2 MB of memory)
 Factor Ops : 7.505e+06 (less than 1 second per iteration)
 Threads    : 10

                  Objective                Residual
Iter       Primal          Dual         Primal    Dual     Compl     Time
   0   3.11453768e+08 -1.94731802e+08  1.09e+05 9.09e-13  7.60e+06     0s
   1   1.08191960e+08 -2.27603538e+08  4.01e+04 4.48e+03  2.86e+06     0s
   2   1.35358818e+07 -2.37037969e+08  8.89e+02 1.00e-11  1.16e+05     0s
   3   5.65949916e+06 -3.14451692e+07  9.79e+01 1.46e-11  1.25e+04     0s
   4   2.19199033e+06 -9.06728496e+06  3.42e+01 1.46e-11  3.61e+03     0s
   5   1.21686129e+06 -3.84171114e+06  1.85e+01 7.28e-11  1.68e+03     0s
   6   8.37466192e+05 -1.26805929e+06  1.25e+01 4.29e-10  8.57e+02     0s
   7   6.51710566e+05 -3.63388788e+05  9.11e+00 1.31e-10  6.01e+02     0s
   8   6.42495438e+05 -1.79701929e+05  8.40e+00 1.46e-10  5.58e+02     0s
   9   6.19274963e+05  8.72166212e+05  7.24e+00 3.03e-09  4.49e+02     0s
  10   6.67796969e+05  1.26343244e+06  6.74e+00 1.05e-09  4.15e+02     0s
  11   7.95659505e+05  1.74279535e+06  6.20e+00 1.11e-09  3.81e+02     0s
  12   8.54200791e+05  1.91970157e+06  6.00e+00 3.43e-09  3.67e+02     0s
  13   9.85980521e+05  2.26994259e+06  5.58e+00 1.34e-08  3.37e+02     0s
  14   1.21825155e+06  2.45194090e+06  4.98e+00 5.59e-09  2.97e+02     0s
  15   1.25454939e+06  2.82429527e+06  4.90e+00 6.04e-08  2.77e+02     0s
  16   1.46045602e+06  2.95731883e+06  4.39e+00 6.18e-08  2.56e+02     0s
  17   1.51309245e+06  3.45230886e+06  4.26e+00 4.42e-08  2.44e+02     0s
  18   1.59065212e+06  3.61056757e+06  4.10e+00 4.23e-08  2.34e+02     0s
  19   1.70812617e+06  3.74262702e+06  3.88e+00 4.51e-08  2.21e+02     0s
  20   1.76678993e+06  4.06474904e+06  3.79e+00 3.69e-08  2.17e+02     0s
  21   1.79213646e+06  4.34443618e+06  3.75e+00 8.46e-08  2.12e+02     0s
  22   1.83040109e+06  4.55143193e+06  3.69e+00 9.08e-08  2.09e+02     0s
  23   1.84225825e+06  4.59747534e+06  3.68e+00 8.96e-08  2.08e+02     0s
  24   1.86092788e+06  4.62441561e+06  3.65e+00 9.13e-08  2.07e+02     0s
  25   1.89043698e+06  4.68908753e+06  3.62e+00 1.98e-09  2.05e+02     0s
  26   1.99569002e+06  4.68690805e+06  3.50e+00 3.96e-09  2.00e+02     0s
  27   2.08347877e+06  4.98032256e+06  3.43e+00 1.49e-08  2.00e+02     0s
  28   2.33661038e+06  5.32271453e+06  3.21e+00 1.77e-08  1.93e+02     0s
  29   2.42736042e+06  5.45343324e+06  3.13e+00 1.45e-08  1.89e+02     0s
  30   2.52662401e+06  5.64023576e+06  3.05e+00 1.58e-07  1.80e+02     0s
  31   2.57022835e+06  5.68863216e+06  3.01e+00 1.66e-07  1.78e+02     0s
  32   2.67885799e+06  5.76110739e+06  2.93e+00 1.70e-07  1.77e+02     0s
  33   2.85113545e+06  6.14848029e+06  2.80e+00 4.82e-08  1.67e+02     0s
  34   2.91620599e+06  6.30530596e+06  2.75e+00 3.46e-08  1.62e+02     0s
  35   2.99378374e+06  6.49006970e+06  2.70e+00 3.66e-08  1.56e+02     0s
  36   3.05415740e+06  6.61213554e+06  2.65e+00 2.70e-08  1.53e+02     0s
  37   3.10339579e+06  6.81236543e+06  2.62e+00 2.42e-08  1.50e+02     0s
  38   3.12648400e+06  6.92176793e+06  2.60e+00 2.33e-08  1.49e+02     0s
  39   3.25625067e+06  7.26968047e+06  2.54e+00 2.49e-08  1.50e+02     0s
  40   3.39635158e+06  7.32780913e+06  2.46e+00 2.44e-07  1.45e+02     0s
  41   3.55647711e+06  7.51283261e+06  2.37e+00 3.15e-07  1.40e+02     0s
  42   3.56620262e+06  7.59657455e+06  2.36e+00 3.21e-07  1.39e+02     0s
  43   3.66628489e+06  7.67131856e+06  2.31e+00 3.36e-07  1.38e+02     0s
  44   3.72869720e+06  7.79722398e+06  2.28e+00 3.67e-08  1.37e+02     0s
  45   3.80849283e+06  8.12037427e+06  2.24e+00 3.21e-08  1.33e+02     0s
  46   4.00671402e+06  7.96151453e+06  2.15e+00 1.89e-07  1.34e+02     0s
  47   4.12997156e+06  8.27605933e+06  2.10e+00 2.01e-07  1.35e+02     0s
  48   4.17231222e+06  8.61110490e+06  2.08e+00 6.54e-08  1.31e+02     0s
  49   4.33276226e+06  8.80331673e+06  2.01e+00 2.33e-07  1.26e+02     0s
  50   4.37567527e+06  8.91250571e+06  2.00e+00 1.31e-07  1.25e+02     0s
  51   4.38618215e+06  9.01601537e+06  1.99e+00 2.04e-07  1.24e+02     0s
  52   4.40641622e+06  9.09807560e+06  1.98e+00 6.87e-08  1.23e+02     0s
  53   2.92503396e+09 -1.94731802e+08  1.09e+06 9.09e-13  7.54e+07     0s
  54   3.87049186e+08 -2.73777980e+08  3.20e+05 2.42e+03  2.27e+07     0s
  55   2.74232144e+07 -2.96738912e+08  6.05e+03 1.18e-11  4.96e+05     0s
  56   1.09223126e+07 -1.76125040e+08  6.29e+02 5.55e-11  8.02e+04     0s
  57   5.09041046e+06 -3.34836782e+07  8.47e+01 1.00e-11  1.20e+04     0s
  58   2.83881647e+06 -1.66723850e+07  3.91e+01 1.82e-11  5.57e+03     0s
  59   1.49929951e+06 -5.08817689e+06  1.89e+01 1.31e-10  2.03e+03     0s
  60   9.20816909e+05 -7.90318583e+05  1.11e+01 7.86e-10  7.89e+02     0s
  61   7.48911636e+05  2.64902636e+05  7.92e+00 1.46e-09  5.23e+02     0s
  62   8.70965846e+05  9.85194970e+05  6.97e+00 1.34e-09  4.70e+02     0s
  63   9.70598454e+05  1.29127442e+06  6.72e+00 3.78e-09  4.66e+02     0s
  64   1.10367454e+06  1.95997916e+06  5.77e+00 1.07e-08  3.83e+02     0s
  65   1.17657153e+06  2.46160086e+06  5.51e+00 6.98e-09  3.47e+02     0s
  66   1.23101759e+06  2.69161279e+06  5.36e+00 1.96e-08  3.20e+02     0s
  67   1.42964468e+06  2.80833211e+06  4.81e+00 1.35e-08  2.95e+02     0s
  68   1.45627864e+06  2.88735347e+06  4.73e+00 1.34e-08  2.90e+02     0s
  69   1.48036134e+06  2.99157430e+06  4.66e+00 1.49e-08  2.84e+02     0s
  70   1.61398614e+06  3.52498463e+06  4.29e+00 1.56e-08  2.52e+02     0s
  71   1.71299151e+06  3.73456026e+06  4.06e+00 1.63e-08  2.36e+02     0s
  72   1.82083284e+06  4.03474850e+06  3.86e+00 1.59e-08  2.22e+02     0s
  73   1.84678388e+06  4.17819566e+06  3.82e+00 1.57e-08  2.20e+02     0s
  74   1.95371753e+06  4.47369139e+06  3.65e+00 1.87e-08  2.08e+02     0s
  75   1.99455275e+06  4.59258437e+06  3.60e+00 1.86e-08  2.05e+02     0s
  76   2.00495379e+06  4.73018779e+06  3.59e+00 1.89e-08  2.04e+02     0s
  77   2.15042605e+06  4.91842584e+06  3.43e+00 1.75e-08  1.98e+02     0s
  78   2.17941924e+06  5.25803162e+06  3.40e+00 1.00e-08  1.93e+02     0s
  79   2.28869559e+06  5.14290119e+06  3.30e+00 8.61e-09  1.92e+02     0s
  80   2.46676111e+06  5.60195896e+06  3.12e+00 1.14e-08  1.80e+02     0s
  81   2.54807786e+06  5.68361208e+06  3.06e+00 9.84e-09  1.78e+02     0s
  82   2.72242427e+06  5.71697153e+06  2.92e+00 7.22e-09  1.75e+02     0s
  83   2.80012459e+06  5.90268207e+06  2.86e+00 2.72e-08  1.69e+02     0s
  84   2.93793027e+06  6.16957201e+06  2.76e+00 6.76e-08  1.61e+02     0s
  85   2.97070181e+06  6.29369429e+06  2.74e+00 4.32e-08  1.57e+02     0s
  86   3.02832384e+06  6.33162242e+06  2.69e+00 4.59e-08  1.55e+02     0s
  87   3.05339231e+06  6.36726702e+06  2.67e+00 4.00e-08  1.54e+02     0s
  88   3.09106974e+06  6.86688928e+06  2.64e+00 6.16e-08  1.52e+02     0s
  89   3.24064680e+06  6.78338081e+06  2.55e+00 6.80e-08  1.49e+02     0s
  90   3.30542545e+06  6.99662910e+06  2.51e+00 7.31e-08  1.49e+02     0s
  91   3.50928399e+06  7.11613223e+06  2.40e+00 7.61e-08  1.46e+02     0s
  92   3.53074666e+06  7.21192809e+06  2.38e+00 9.23e-08  1.45e+02     0s
  93   3.60445969e+06  7.38685153e+06  2.35e+00 9.76e-08  1.42e+02     0s
  94   3.73769683e+06  7.74034055e+06  2.28e+00 9.89e-08  1.34e+02     0s
  95   3.77138011e+06  7.82356856e+06  2.26e+00 1.02e-07  1.33e+02     0s
  96   3.79457662e+06  7.84744679e+06  2.25e+00 6.01e-08  1.32e+02     0s
  97   3.86539563e+06  7.90709361e+06  2.21e+00 7.35e-08  1.36e+02     0s
  98   4.05789067e+06  7.73745301e+06  2.14e+00 6.07e-08  1.41e+02     0s
  99   4.12554397e+06  8.10456264e+06  2.11e+00 3.29e-08  1.37e+02     0s
 100   4.23237847e+06  8.30330865e+06  2.06e+00 3.21e-08  1.34e+02     0s
 101   4.28688136e+06  8.43311010e+06  2.04e+00 4.00e-08  1.30e+02     0s
 102   4.38472477e+06  8.63908183e+06  1.99e+00 4.33e-08  1.28e+02     0s
 103   4.39408726e+06  8.87565551e+06  1.99e+00 7.22e-08  1.26e+02     0s
 104   4.40442459e+06  9.13552836e+06  1.98e+00 5.22e-08  1.23e+02     0s
 105   4.50622426e+06  9.37288930e+06  1.95e+00 5.08e-08  1.21e+02     0s
 106   4.65805131e+06  9.82825122e+06  1.90e+00 5.12e-08  1.20e+02     0s
 107   4.91365227e+06  9.87376925e+06  1.82e+00 6.29e-08  1.20e+02     0s
 108   4.99031605e+06  1.02753739e+07  1.79e+00 3.70e-07  1.14e+02     0s
 109   5.09612087e+06  1.05535205e+07  1.76e+00 3.54e-07  1.11e+02     0s
 110   5.24353693e+06  1.07626564e+07  1.71e+00 2.19e-07  1.07e+02     0s
 111   5.36042658e+06  1.08287774e+07  1.68e+00 1.90e-07  1.04e+02     0s
 112   5.45366222e+06  1.08863674e+07  1.65e+00 2.10e-07  1.02e+02     0s
 113   5.49430212e+06  1.10747985e+07  1.64e+00 2.03e-07  1.01e+02     0s
 114   5.58899409e+06  1.17781785e+07  1.61e+00 2.52e-07  1.00e+02     0s
 115   5.95429192e+06  1.14288999e+07  1.52e+00 3.13e-07  1.03e+02     0s
 116   5.97166739e+06  1.21290510e+07  1.52e+00 2.98e-07  9.57e+01     0s
 117   6.19959578e+06  1.22019640e+07  1.47e+00 1.60e-07  9.41e+01     0s
 118   6.40486585e+06  1.23265422e+07  1.42e+00 1.80e-06  8.92e+01     0s
 119   6.73334161e+06  1.23463345e+07  1.34e+00 8.97e-07  8.45e+01     0s
 120   6.83191726e+06  1.24197929e+07  1.32e+00 2.60e-06  7.84e+01     0s
 121   7.42855148e+06  1.24492920e+07  1.19e+00 6.75e-06  7.82e+01     0s
 122   7.72019419e+06  1.26051401e+07  1.13e+00 5.32e-06  6.94e+01     0s
 123   8.08048112e+06  1.26936822e+07  1.05e+00 7.49e-06  5.90e+01     0s
 124   8.14398689e+06  1.28252341e+07  1.03e+00 5.96e-06  5.78e+01     0s
 125   8.22819159e+06  1.30824688e+07  1.01e+00 7.10e-06  5.63e+01     0s
 126   8.25121415e+06  1.31405236e+07  1.01e+00 7.27e-06  5.60e+01     0s
 127   8.26278857e+06  1.32141508e+07  1.01e+00 7.20e-06  5.55e+01     0s
 128   8.29970575e+06  1.33142102e+07  1.00e+00 6.83e-06  5.78e+01     0s
 129   8.32577587e+06  1.35586074e+07  9.96e-01 6.55e-06  5.71e+01     0s
 130   8.38784273e+06  1.35357297e+07  9.85e-01 6.62e-06  5.69e+01     0s
 131   8.39477195e+06  1.36057764e+07  9.84e-01 6.49e-06  5.69e+01     0s
 132   8.47126144e+06  1.37336858e+07  9.72e-01 6.54e-06  5.96e+01     0s
 133   8.64425794e+06  1.37620556e+07  9.41e-01 5.57e-06  5.81e+01     0s
 134   8.66472356e+06  1.39778696e+07  9.37e-01 6.58e-06  5.65e+01     0s
 135   8.88751179e+06  1.39889266e+07  8.99e-01 7.11e-06  5.50e+01     0s
 136   9.04609258e+06  1.40302523e+07  8.72e-01 6.16e-06  5.25e+01     0s
 137   9.24834805e+06  1.41252374e+07  8.37e-01 1.40e-05  4.42e+01     0s
 138   9.29662058e+06  1.41523168e+07  8.29e-01 1.40e-05  4.33e+01     0s
 139   9.34217144e+06  1.42555467e+07  8.21e-01 1.32e-05  4.28e+01     0s
 140   9.41021965e+06  1.41644335e+07  8.09e-01 1.31e-05  4.23e+01     0s
 141   9.42524129e+06  1.43099164e+07  8.07e-01 1.31e-05  4.21e+01     0s
 142   9.53099680e+06  1.43362683e+07  7.90e-01 1.24e-05  4.13e+01     0s
 143   9.60953398e+06  1.44163966e+07  7.77e-01 1.24e-05  4.03e+01     0s
 144   9.63199942e+06  1.43994525e+07  7.74e-01 1.23e-05  4.05e+01     0s
 145   1.01348347e+07  1.44147321e+07  6.94e-01 8.69e-06  3.67e+01     0s
 146   1.01576887e+07  1.47744814e+07  6.90e-01 6.05e-06  3.64e+01     0s
 147   1.01724333e+07  1.47934664e+07  6.88e-01 6.05e-06  3.62e+01     0s
 148   1.01957094e+07  1.48617599e+07  6.85e-01 6.09e-06  3.64e+01     0s
 149   1.02379304e+07  1.49967278e+07  6.80e-01 1.89e-06  3.92e+01     0s
 150   1.04855436e+07  1.48345058e+07  6.47e-01 1.93e-06  4.13e+01     0s
 151   1.05350399e+07  1.51003703e+07  6.40e-01 7.54e-07  3.71e+01     0s
 152   1.05394212e+07  1.51981709e+07  6.39e-01 7.12e-08  3.74e+01     0s
 153   1.05871658e+07  1.54211319e+07  6.32e-01 6.05e-08  3.61e+01     0s
 154   1.06646268e+07  1.56315249e+07  6.21e-01 1.17e-07  3.51e+01     0s
 155   1.06698245e+07  1.55372966e+07  6.21e-01 1.13e-07  3.51e+01     0s
 156   1.07254813e+07  1.56068635e+07  6.14e-01 9.78e-08  3.50e+01     0s
 157   1.07715227e+07  1.57936216e+07  6.08e-01 3.35e-07  3.44e+01     0s
 158   1.11563641e+07  1.58917501e+07  5.64e-01 6.24e-07  3.31e+01     0s
 159   1.14810434e+07  1.57046017e+07  5.26e-01 3.04e-06  3.89e+01     0s
 160   1.16066621e+07  1.58624013e+07  5.11e-01 2.78e-06  3.34e+01     0s
 161   1.17693129e+07  1.59050245e+07  4.93e-01 5.55e-07  3.17e+01     0s
 162   1.19865857e+07  1.59326240e+07  4.67e-01 9.24e-07  3.01e+01     0s
 163   1.20206210e+07  1.59567599e+07  4.63e-01 9.96e-07  2.95e+01     0s
 164   1.20909009e+07  1.59557064e+07  4.55e-01 9.46e-07  2.93e+01     0s
 165   1.22147704e+07  1.59787616e+07  4.41e-01 1.02e-06  2.81e+01     0s
 166   1.22351286e+07  1.60287650e+07  4.39e-01 2.71e-06  2.64e+01     0s
 167   1.23553422e+07  1.60678647e+07  4.26e-01 3.08e-06  2.58e+01     0s
 168   1.28856400e+07  1.60851255e+07  3.66e-01 2.94e-06  2.31e+01     0s
 169   1.32835515e+07  1.60911626e+07  3.21e-01 3.42e-06  2.01e+01     0s
 170   1.34120449e+07  1.61493351e+07  3.07e-01 1.47e-05  1.75e+01     0s
 171   1.34424963e+07  1.62374740e+07  3.03e-01 1.46e-05  1.74e+01     0s
 172   1.35069548e+07  1.63237443e+07  2.97e-01 1.41e-05  1.69e+01     0s
 173   1.35570703e+07  1.63715397e+07  2.92e-01 4.21e-07  1.66e+01     0s
 174   1.35781101e+07  1.63886166e+07  2.89e-01 1.19e-06  1.64e+01     0s
 175   1.37157985e+07  1.64030161e+07  2.75e-01 1.38e-06  1.55e+01     0s
 176   1.38089212e+07  1.64412478e+07  2.66e-01 1.27e-06  1.54e+01     0s
 177   1.38571490e+07  1.64454750e+07  2.61e-01 2.56e-06  1.51e+01     0s
 178   1.40355464e+07  1.64594825e+07  2.43e-01 1.33e-06  1.42e+01     0s
 179   1.40968215e+07  1.64829728e+07  2.37e-01 1.04e-06  1.34e+01     0s
 180   1.42301597e+07  1.65004583e+07  2.24e-01 1.01e-06  1.27e+01     0s
 181   1.43087691e+07  1.65076939e+07  2.16e-01 2.96e-06  1.23e+01     0s
 182   1.43284778e+07  1.65185328e+07  2.14e-01 3.20e-06  1.22e+01     0s
 183   1.43579390e+07  1.65441101e+07  2.12e-01 3.07e-06  1.20e+01     0s
 184   1.44062514e+07  1.65869006e+07  2.07e-01 8.49e-07  1.15e+01     0s
 185   1.45825500e+07  1.65926774e+07  1.90e-01 1.76e-06  1.07e+01     0s
 186   1.45973569e+07  1.66098301e+07  1.89e-01 1.91e-06  1.06e+01     0s
 187   1.46320053e+07  1.66564336e+07  1.86e-01 1.70e-06  1.03e+01     0s
 188   1.46376408e+07  1.66620371e+07  1.85e-01 1.44e-06  1.03e+01     0s
 189   1.46903652e+07  1.66702863e+07  1.81e-01 1.53e-06  1.01e+01     0s
 190   1.50496373e+07  1.66514971e+07  1.48e-01 7.04e-07  9.84e+00     0s
 191   1.52538364e+07  1.66685459e+07  1.30e-01 3.37e-06  8.16e+00     0s
 192   1.52879228e+07  1.66815116e+07  1.27e-01 1.53e-05  6.58e+00     0s
 193   1.52951009e+07  1.67081030e+07  1.26e-01 1.21e-05  6.49e+00     0s
 194   1.52994083e+07  1.67239782e+07  1.26e-01 1.21e-05  6.46e+00     0s
 195   1.53111478e+07  1.66951953e+07  1.25e-01 1.20e-05  6.59e+00     0s
 196   1.53514194e+07  1.67341970e+07  1.21e-01 1.46e-06  6.37e+00     0s
 197   1.53712336e+07  1.67388580e+07  1.20e-01 2.44e-07  6.42e+00     0s
 198   1.53790984e+07  1.67767513e+07  1.19e-01 1.92e-07  7.51e+00     0s
 199   1.56127514e+07  1.67472917e+07  1.01e-01 5.27e-06  1.02e+01     0s
 200   1.56463290e+07  1.68165510e+07  9.76e-02 1.42e-05  8.48e+00     0s
 201   1.56882043e+07  1.68346488e+07  9.39e-02 1.52e-06  8.01e+00     1s
 202   1.57743147e+07  1.68433306e+07  8.69e-02 1.99e-06  7.26e+00     1s
 203   1.57939970e+07  1.68288278e+07  8.53e-02 5.08e-06  7.11e+00     1s
 204   1.58039881e+07  1.68961298e+07  8.45e-02 7.07e-06  7.74e+00     1s
 205   1.58332258e+07  1.69310050e+07  8.19e-02 6.83e-06  7.09e+00     1s
 206   1.60448531e+07  1.69412173e+07  6.61e-02 4.94e-07  5.16e+00     1s
 207   1.62856231e+07  1.69391683e+07  4.85e-02 3.97e-05  3.81e+00     1s
 208   1.66681231e+07  1.69352125e+07  2.05e-02 2.58e-05  3.45e+00     1s
 209   1.67335433e+07  1.69370022e+07  1.58e-02 3.15e-05  3.05e+00     1s
 210   1.67516814e+07  1.69379540e+07  1.44e-02 2.80e-05  2.85e+00     1s
 211   1.67601406e+07  1.69382889e+07  1.38e-02 2.67e-05  2.78e+00     1s
 212   1.67637803e+07  1.69385061e+07  1.36e-02 2.54e-05  2.73e+00     1s
 213   1.67670239e+07  1.69403091e+07  1.33e-02 2.40e-05  2.54e+00     1s
 214   1.67735812e+07  1.69426253e+07  1.28e-02 2.16e-05  2.44e+00     1s
 215   1.67808745e+07  1.69415099e+07  1.23e-02 2.15e-05  2.41e+00     1s
 216   1.67874356e+07  1.69444007e+07  1.18e-02 2.29e-05  2.18e+00     1s
 217   1.68032608e+07  1.69452556e+07  1.07e-02 1.82e-05  2.02e+00     1s
 218   1.68546818e+07  1.69456476e+07  7.01e-03 1.70e-05  1.73e+00     1s
 219   1.69147998e+07  1.69510337e+07  2.69e-03 5.45e-05  3.85e-01     1s
 220   1.69457513e+07  1.69518971e+07  4.59e-04 1.90e-05  7.52e-02     1s
 221   1.69470090e+07  1.69520103e+07  3.70e-04 1.08e-05  4.91e-02     1s
 222   1.69488387e+07  1.69521051e+07  2.37e-04 1.49e-05  1.96e-02     1s
 223   1.69517247e+07  1.69521210e+07  2.88e-05 1.58e-05  2.55e-03     1s
 224   1.69521236e+07  1.69521244e+07  7.75e-08 1.29e-05  5.30e-05     1s
 225   1.69521245e+07  1.69521246e+07  8.86e-09 1.50e-06  2.24e-06     1s
 226   1.69521246e+07  1.69521246e+07  7.53e-13 1.91e-06  8.06e-12     1s

Barrier solved model in 226 iterations and 0.55 seconds (0.35 work units)
Optimal objective 1.69521246e+07

Crossover time: 0.01 seconds (0.02 work units)

Root relaxation: objective 1.695212e+07, 273 iterations, 0.49 seconds (0.29 work units)

    Nodes    |    Current Node    |     Objective Bounds      |     Work
 Expl Unexpl |  Obj  Depth IntInf | Incumbent    BestBd   Gap | It/Node Time

     0     0 1.6952e+07    0   45 1.9975e+07 1.6952e+07  15.1%     -    0s
     0     0 1.6952e+07    0   46 1.9975e+07 1.6952e+07  15.1%     -    0s
     0     0 1.7188e+07    0   55 1.9975e+07 1.7188e+07  14.0%     -    0s
     0     0 1.7207e+07    0   45 1.9975e+07 1.7207e+07  13.9%     -    0s
     0     0 1.7224e+07    0   46 1.9975e+07 1.7224e+07  13.8%     -    0s
     0     0 1.7224e+07    0   46 1.9975e+07 1.7224e+07  13.8%     -    0s
     0     0 1.7224e+07    0   44 1.9975e+07 1.7224e+07  13.8%     -    0s
     0     0 1.7227e+07    0   46 1.9975e+07 1.7227e+07  13.8%     -    0s
     0     0 1.7228e+07    0   47 1.9975e+07 1.7228e+07  13.8%     -    0s
     0     0 1.7416e+07    0   46 1.9975e+07 1.7416e+07  12.8%     -    0s
     0     0 1.7462e+07    0   47 1.9975e+07 1.7462e+07  12.6%     -    0s
     0     0 1.7490e+07    0   50 1.9975e+07 1.7490e+07  12.4%     -    0s
     0     0 1.7490e+07    0   50 1.9975e+07 1.7490e+07  12.4%     -    0s
     0     0 1.7494e+07    0   50 1.9975e+07 1.7494e+07  12.4%     -    0s
     0     0 1.7501e+07    0   50 1.9975e+07 1.7501e+07  12.4%     -    1s
     0     0 1.7501e+07    0   50 1.9975e+07 1.7501e+07  12.4%     -    1s
     0     2 1.7501e+07    0   50 1.9975e+07 1.7501e+07  12.4%     -    1s

Cutting planes:
  Gomory: 1
  Cover: 3
  Implied bound: 38
  MIR: 48
  Flow cover: 22
  RLT: 4
  Relax-and-lift: 1

Explored 1118 nodes (79076 simplex iterations) in 3.11 seconds (6.49 work units)
Thread count was 10 (of 10 available processors)

Solution count 1: 1.9975e+07 

Optimal solution found (tolerance 5.00e-03)
Best objective 1.997500000000e+07, best bound 1.997500000000e+07, gap 0.0000%
