
Gurobi 13.0.3 (mac64[arm]) logging started Sat Sep 26 12:18:52 2026

Set parameter LogFile to value "/Users/ashutosh/Desktop/Two-stage-Model/certainty_results/full/solves/nw_5_10_10M_phase1.log"
Gurobi Optimizer version 13.0.3 build v13.0.3rc0 (mac64[arm] - Darwin 27.0.0 26A428)

CPU model: Apple M1 Pro
Thread count: 10 physical cores, 10 logical processors, using up to 10 threads

Non-default parameters:
TimeLimit  21600
MIPGap  0.005
Method  2
LogToConsole  0

Optimize a model with 13560 rows, 5548 columns and 38186 nonzeros (Min)
Model fingerprint: 0x7791835d
Model has 663 linear objective coefficients and an objective constant of 396.859633
Variable types: 3498 continuous, 2050 integer (1688 binary)
Coefficient statistics:
  Matrix range     [1e-03, 1e+05]
  Objective range  [1e+00, 1e+00]
  Bounds range     [1e+00, 3e+00]
  RHS range        [1e-02, 1e+07]

Loaded user MIP start with objective 56.0346
MIP start from previous solve did not produce a new incumbent solution

Presolve removed 11315 rows and 3790 columns
Presolve time: 0.05s
Presolved: 2245 rows, 1758 columns, 8303 nonzeros
Variable types: 1497 continuous, 261 integer (261 binary)
Root barrier log...

Ordering time: 0.00s

Barrier statistics:
 AA' NZ     : 3.111e+04
 Factor NZ  : 9.437e+04 (roughly 2 MB of memory)
 Factor Ops : 7.912e+06 (less than 1 second per iteration)
 Threads    : 10

                  Objective                Residual
Iter       Primal          Dual         Primal    Dual     Compl     Time
   0  -1.04920317e+06 -5.15262060e+05  3.68e+04 2.69e+00  1.61e+04     0s
   1  -5.12158152e+05 -5.91573834e+05  1.80e+04 9.26e+00  7.98e+03     0s
   2  -3.60730729e+04 -5.97419522e+05  1.29e+03 1.78e-14  7.03e+02     0s
   3  -1.97357042e+03 -2.05667497e+05  7.68e+01 4.97e-14  7.18e+01     0s
   4  -1.76988175e+02 -6.29888091e+04  1.40e+01 3.91e-14  1.68e+01     0s
   5   1.33411363e+02 -4.14350696e+04  2.50e+00 2.84e-14  9.30e+00     0s
   6   1.72339255e+02 -7.45077672e+03  2.44e-01 1.42e-14  1.64e+00     0s
   7   1.21706759e+02 -1.77558221e+03  2.07e-02 7.11e-15  4.03e-01     0s
   8   6.63378717e+01 -4.36326578e+02  4.41e-04 3.55e-15  1.07e-01     0s
   9   4.12857621e+01 -1.37387339e+02  1.46e-04 7.11e-15  3.79e-02     0s
  10   3.44877157e+01 -7.12564455e+01  8.44e-05 7.11e-15  2.25e-02     0s
  11   2.81125366e+01 -2.50531822e+01  3.80e-05 7.11e-15  1.13e-02     0s
  12   2.43699882e+01 -2.82609637e+00  1.85e-05 7.11e-15  5.77e-03     0s
  13   2.09366887e+01  1.33159085e+01  5.79e-06 3.55e-15  1.62e-03     0s
  14   1.96453917e+01  1.68312460e+01  2.01e-06 3.55e-15  5.98e-04     0s
  15   1.93071760e+01  1.84944483e+01  1.12e-06 3.55e-15  1.73e-04     0s
  16   1.90377399e+01  1.87407071e+01  3.70e-07 3.55e-15  6.31e-05     0s
  17   1.89741398e+01  1.88241281e+01  1.97e-07 3.55e-15  3.19e-05     0s
  18   1.89417599e+01  1.88680908e+01  1.09e-07 3.55e-15  1.56e-05     0s
  19   1.89072233e+01  1.88945701e+01  1.88e-08 3.55e-15  2.69e-06     0s
  20   1.89036404e+01  1.88974843e+01  9.93e-09 7.11e-15  1.31e-06     0s
  21   1.89014435e+01  1.88990276e+01  4.06e-09 3.55e-15  5.13e-07     0s
  22   1.88998355e+01  1.88995070e+01  1.68e-10 3.55e-15  6.98e-08     0s
  23   1.88997726e+01  1.88997611e+01  1.20e-10 7.11e-15  2.44e-09     0s
  24   1.88997624e+01  1.88997622e+01  1.37e-09 1.23e-14  3.81e-11     0s

Barrier solved model in 24 iterations and 0.15 seconds (0.15 work units)
Optimal objective 1.88997624e+01

Crossover time: 0.01 seconds (0.02 work units)

Root relaxation: objective 1.889976e+01, 297 iterations, 0.07 seconds (0.06 work units)

    Nodes    |    Current Node    |     Objective Bounds      |     Work
 Expl Unexpl |  Obj  Depth IntInf | Incumbent    BestBd   Gap | It/Node Time

     0     0   18.89976    0   46   56.03461   18.89976  66.3%     -    0s
H    0     0                      27.9315105   18.89976  32.3%     -    0s
     0     0   19.43211    0   36   27.93151   19.43211  30.4%     -    0s
H    0     0                      27.8808099   19.48360  30.1%     -    0s
     0     0   19.75164    0   36   27.88081   19.75164  29.2%     -    0s
     0     0   19.79275    0   35   27.88081   19.79275  29.0%     -    0s
     0     0   19.79275    0   34   27.88081   19.79275  29.0%     -    0s
H    0     0                      25.0364290   19.79275  20.9%     -    0s
     0     0   20.12588    0   36   25.03643   20.12588  19.6%     -    0s
     0     0   20.12588    0   37   25.03643   20.12588  19.6%     -    0s
     0     0   20.21347    0   35   25.03643   20.21347  19.3%     -    0s
     0     0   20.21347    0   36   25.03643   20.21347  19.3%     -    0s
     0     0   20.22247    0   36   25.03643   20.22247  19.2%     -    0s
     0     0   20.23743    0   36   25.03643   20.23743  19.2%     -    0s
     0     0   20.23743    0   35   25.03643   20.23743  19.2%     -    0s
     0     2   20.23743    0   35   25.03643   20.23743  19.2%     -    0s
H  192   177                      25.0364290   20.45742  18.3%  57.4    0s
H  194   177                      24.9576657   20.45742  18.0%  57.3    0s
H  203   177                      24.7530190   20.45742  17.4%  56.1    0s
H  405   305                      24.7306693   20.81274  15.8%  51.4    1s
*  444   317              22      24.5478365   20.88145  14.9%  51.0    1s
*  445   317              21      24.5478359   20.88145  14.9%  50.9    1s
*  447   317              23      24.5477606   20.88145  14.9%  50.7    1s
*  465   332              43      24.1680135   20.88145  13.6%  50.2    1s
*  466   332              43      23.7806510   20.88145  12.2%  50.1    1s
H  526   346                      23.7806510   20.88145  12.2%  50.6    1s
H  726   399                      23.7806508   21.09231  11.3%  52.6    1s
H  788   419                      23.2646507   21.09231  9.34%  53.7    1s
H  794   419                      23.2333820   21.09231  9.22%  53.4    1s
*  834   417              23      23.1391800   21.10536  8.79%  53.6    1s
H  941   420                      22.8960173   21.10863  7.81%  52.9    1s
* 1037   445              30      22.8860332   21.13626  7.65%  53.2    1s
* 1038   445              29      22.8860296   21.13626  7.65%  53.1    1s
H 1215   449                      22.8860296   21.39654  6.51%  53.1    1s
* 1530   448              24      22.8814551   21.55992  5.78%  52.0    2s
* 1532   448              23      22.8814483   21.55992  5.78%  51.9    2s
H 1625   419                      22.8814483   21.96004  4.03%  52.1    2s
H 1656   419                      22.8814482   21.97980  3.94%  52.1    2s
H 1665   419                      22.8814480   21.97980  3.94%  52.0    2s
H 1688   418                      22.8814480   22.08749  3.47%  52.2    2s

Cutting planes:
  Gomory: 5
  Cover: 15
  Implied bound: 55
  MIR: 44
  StrongCG: 3
  Flow cover: 10
  RLT: 4

Explored 2318 nodes (105337 simplex iterations) in 2.59 seconds (5.56 work units)
Thread count was 10 (of 10 available processors)

Solution count 10: 22.8814 22.8814 22.8814 ... 23.1392

Optimal solution found (tolerance 5.00e-03)
Best objective 2.288144800937e+01, best bound 2.288144800937e+01, gap 0.0000%
