
Gurobi 13.0.3 (mac64[arm]) logging started Sat Sep 26 12:19:21 2026

Set parameter LogFile to value "/Users/ashutosh/Desktop/Two-stage-Model/certainty_results/full/solves/nw_5_10_80M_phase2.log"
Gurobi Optimizer version 13.0.3 build v13.0.3rc0 (mac64[arm] - Darwin 27.0.0 26A428)

CPU model: Apple M1 Pro
Thread count: 10 physical cores, 10 logical processors, using up to 10 threads

Non-default parameters:
TimeLimit  21600
MIPGap  0.005
Method  2
LogToConsole  0

Optimize a model with 13561 rows, 5548 columns and 38849 nonzeros (Min)
Model fingerprint: 0xc4a2c5a4
Model has 724 linear objective coefficients
Variable types: 3498 continuous, 2050 integer (1688 binary)
Coefficient statistics:
  Matrix range     [1e-03, 1e+05]
  Objective range  [2e+04, 1e+05]
  Bounds range     [1e+00, 3e+00]
  RHS range        [1e-02, 8e+07]

Loaded user MIP start with objective 6.3375e+07
MIP start from previous solve did not produce a new incumbent solution

Presolve removed 12243 rows and 3997 columns
Presolve time: 0.04s
Presolved: 1318 rows, 1551 columns, 6145 nonzeros
Found heuristic solution: objective 6.180000e+07
Variable types: 1348 continuous, 203 integer (203 binary)
Root barrier log...

Ordering time: 0.00s

Barrier statistics:
 Dense cols : 5
 AA' NZ     : 8.792e+03
 Factor NZ  : 3.781e+04 (roughly 1 MB of memory)
 Factor Ops : 2.100e+06 (less than 1 second per iteration)
 Threads    : 1

                  Objective                Residual
Iter       Primal          Dual         Primal    Dual     Compl     Time
   0   6.33756518e+07 -5.57445142e+07  4.99e+03 2.22e+03  4.19e+05     0s
   1   6.06002229e+07 -2.33245400e+07  9.18e+02 1.73e+03  9.09e+04     0s
   2   6.05020303e+07  3.53944348e+07  1.56e+02 2.54e+01  1.58e+04     0s
   3   6.04476870e+07  5.51645786e+07  2.98e+01 1.09e-11  2.70e+03     0s
   4   6.03478291e+07  5.91751803e+07  9.17e+00 3.06e-10  6.47e+02     0s
   5   6.03514511e+07  5.99194453e+07  5.31e+00 7.28e-11  3.01e+02     0s
   6   6.03736812e+07  6.02122247e+07  2.68e+00 4.07e-10  1.37e+02     0s
   7   6.03907042e+07  6.02948874e+07  1.95e+00 6.40e-10  9.46e+01     0s
   8   6.04140218e+07  6.03827370e+07  7.77e-01 4.77e-09  3.51e+01     0s
   9   6.04266121e+07  6.04157317e+07  2.44e-01 1.78e-09  1.12e+01     0s
  10   6.04290573e+07  6.04248530e+07  1.31e-01 6.98e-10  5.64e+00     0s
  11   6.04310128e+07  6.04287873e+07  3.68e-02 4.10e-08  1.91e+00     0s
  12   6.04312652e+07  6.04290376e+07  2.16e-02 3.84e-08  1.39e+00     0s
  13   6.04315430e+07  6.04308112e+07  2.50e-03 3.46e-08  3.00e-01     0s
  14   6.04315207e+07  6.04313304e+07  6.73e-04 2.95e-08  7.90e-02     0s
  15   6.04314971e+07  6.04314822e+07  1.01e-04 7.04e-09  7.69e-03     0s
  16   6.04314950e+07  6.04314917e+07  2.72e-05 8.00e-11  1.77e-03     0s
  17   6.04314940e+07  6.04314937e+07  9.39e-07 2.10e-09  2.75e-04     0s
  18   6.04314938e+07  6.04314940e+07  5.12e-06 8.61e-09  9.05e-06     0s
  19   6.04314938e+07  6.04314941e+07  5.12e-06 4.37e-09  7.85e-08     0s
  20   6.04314938e+07  6.04314941e+07  5.13e-06 6.47e-11  7.85e-11     0s
  21   6.04314938e+07  6.04314941e+07  5.07e-06 7.53e-11  8.10e-14     0s
  22   6.04314938e+07  6.04314941e+07  4.68e-06 6.49e-11  1.62e-14     0s
  23   6.04314938e+07  6.04314941e+07  9.25e-06 5.82e-11  1.14e-14     0s
  24   6.04314938e+07  6.04314941e+07  1.94e-05 8.17e-11  9.29e-15     0s
  25   6.04314938e+07  6.04314941e+07  3.67e-05 7.42e-11  6.09e-15     0s
  26   6.04314938e+07  6.04314941e+07  5.17e-05 9.19e-11  1.25e-15     0s
  27   6.04314938e+07  6.04314941e+07  5.23e-05 7.32e-11  1.66e-15     0s
  28   6.04314938e+07  6.04314941e+07  5.68e-05 1.16e-10  7.76e-18     0s

Barrier performed 28 iterations in 0.10 seconds (0.11 work units)
Sub-optimal termination - objective 6.04314938e+07

Crossover time: 0.01 seconds (0.01 work units)
Crossover changed status from Sub-Optimal to Optimal

Extra simplex iterations after uncrush: 202

Root relaxation: objective 6.043150e+07, 308 iterations, 0.05 seconds (0.06 work units)

    Nodes    |    Current Node    |     Objective Bounds      |     Work
 Expl Unexpl |  Obj  Depth IntInf | Incumbent    BestBd   Gap | It/Node Time

     0     0 6.0431e+07    0   18 6.1800e+07 6.0431e+07  2.21%     -    0s
     0     0 6.0496e+07    0   20 6.1800e+07 6.0496e+07  2.11%     -    0s
     0     0 6.0675e+07    0   20 6.1800e+07 6.0675e+07  1.82%     -    0s
     0     0 6.0675e+07    0   20 6.1800e+07 6.0675e+07  1.82%     -    0s
     0     0 6.1375e+07    0   20 6.1800e+07 6.1375e+07  0.69%     -    0s
     0     0 6.1375e+07    0   18 6.1800e+07 6.1375e+07  0.69%     -    0s
     0     2 6.1375e+07    0   18 6.1800e+07 6.1375e+07  0.69%     -    0s

Cutting planes:
  Gomory: 9
  Implied bound: 7
  MIR: 19
  Flow cover: 1

Explored 4 nodes (666 simplex iterations) in 0.31 seconds (0.35 work units)
Thread count was 10 (of 10 available processors)

Solution count 2: 6.18e+07 6.3375e+07 

Optimal solution found (tolerance 5.00e-03)
Best objective 6.180000000000e+07, best bound 6.180000000000e+07, gap 0.0000%
