
Gurobi 13.0.3 (mac64[arm]) logging started Sat Sep 26 12:19:56 2026

Set parameter LogFile to value "/Users/ashutosh/Desktop/Two-stage-Model/certainty_results/full/solves/nw_5_25_20M_phase2.log"
Gurobi Optimizer version 13.0.3 build v13.0.3rc0 (mac64[arm] - Darwin 27.0.0 26A428)

CPU model: Apple M1 Pro
Thread count: 10 physical cores, 10 logical processors, using up to 10 threads

Non-default parameters:
TimeLimit  21600
MIPGap  0.005
Method  2
LogToConsole  0

Optimize a model with 13529 rows, 5548 columns and 38753 nonzeros (Min)
Model fingerprint: 0xe9f90d28
Model has 724 linear objective coefficients
Variable types: 3498 continuous, 2050 integer (1688 binary)
Coefficient statistics:
  Matrix range     [1e-03, 1e+05]
  Objective range  [2e+04, 1e+05]
  Bounds range     [1e+00, 3e+00]
  RHS range        [1e-02, 2e+07]

Loaded user MIP start with objective 2e+07
MIP start from previous solve did not produce a new incumbent solution

Presolve removed 11565 rows and 3847 columns
Presolve time: 0.06s
Presolved: 1964 rows, 1701 columns, 7882 nonzeros
Variable types: 1454 continuous, 247 integer (247 binary)
Root barrier log...

Ordering time: 0.00s

Barrier statistics:
 AA' NZ     : 2.571e+04
 Factor NZ  : 7.837e+04 (roughly 2 MB of memory)
 Factor Ops : 5.766e+06 (less than 1 second per iteration)
 Threads    : 10

                  Objective                Residual
Iter       Primal          Dual         Primal    Dual     Compl     Time
   0   1.68107735e+08 -1.04765075e+08  1.25e+05 4.55e-13  4.32e+06     0s
   1   4.25905311e+07 -1.14979844e+08  2.68e+04 1.79e+03  9.61e+05     0s
   2   5.36901351e+06 -9.31890144e+07  3.53e+02 1.21e+00  3.43e+04     0s
   3   2.27298237e+06 -9.31683204e+06  7.82e+01 1.84e-02  4.19e+03     0s
   4   8.15830996e+05 -3.16390601e+06  2.68e+01 1.42e-03  1.32e+03     0s
   5   4.54636806e+05 -1.35945185e+06  1.48e+01 3.24e-10  6.25e+02     0s
   6   2.96067359e+05 -6.77367782e+05  9.57e+00 3.57e-10  3.78e+02     0s
   7   2.14808689e+05 -1.23254545e+05  6.82e+00 2.47e-10  2.31e+02     0s
   8   2.08381446e+05 -8.75366318e+03  6.43e+00 3.78e-10  2.17e+02     0s
   9   1.92453534e+05  6.93345990e+05  5.75e+00 8.44e-10  1.85e+02     0s
  10   2.19282711e+05  9.33958831e+05  5.45e+00 8.15e-10  1.75e+02     0s
  11   2.42070153e+05  1.02378823e+06  5.31e+00 1.11e-09  1.70e+02     0s
  12   2.47269861e+05  1.26554531e+06  5.20e+00 1.28e-09  1.66e+02     0s
  13   2.63142566e+05  1.29324182e+06  5.11e+00 1.05e-09  1.63e+02     0s
  14   2.86798914e+05  1.50076766e+06  4.97e+00 1.80e-09  1.57e+02     0s
  15   3.14922663e+05  1.83010198e+06  4.87e+00 6.75e-09  1.52e+02     0s
  16   4.20311766e+05  2.23754999e+06  4.66e+00 1.51e-09  1.49e+02     0s
  17   4.90177082e+05  2.31684808e+06  4.51e+00 2.56e-09  1.46e+02     0s
  18   5.66952915e+05  2.56098681e+06  4.36e+00 1.20e-08  1.38e+02     0s
  19   5.76810472e+05  2.62386894e+06  4.34e+00 1.07e-08  1.37e+02     0s
  20   5.91414545e+05  2.88020665e+06  4.31e+00 8.85e-09  1.36e+02     0s
  21   7.05916310e+05  2.81880849e+06  4.11e+00 8.61e-09  1.33e+02     0s
  22   7.23500197e+05  2.97883059e+06  4.08e+00 2.01e-08  1.27e+02     0s
  23   9.18350703e+05  3.03111388e+06  3.78e+00 2.25e-08  1.22e+02     0s
  24   1.05446578e+06  3.00218503e+06  3.59e+00 2.36e-08  1.22e+02     0s
  25   1.18961479e+06  3.10038891e+06  3.38e+00 2.69e-08  1.13e+02     0s
  26   1.22538537e+06  3.13961739e+06  3.32e+00 1.62e-08  1.11e+02     0s
  27   1.32922583e+06  3.18249510e+06  3.17e+00 2.13e-08  1.07e+02     0s
  28   1.34839994e+06  3.25406639e+06  3.14e+00 2.60e-08  1.04e+02     0s
  29   1.47074423e+06  3.54147804e+06  2.95e+00 2.65e-08  9.58e+01     0s
  30   1.50786955e+06  3.68102653e+06  2.91e+00 5.10e-08  9.30e+01     0s
  31   1.63460787e+06  3.72798372e+06  2.75e+00 5.04e-08  8.92e+01     0s
  32   1.66303151e+06  3.75168932e+06  2.72e+00 4.76e-08  8.73e+01     0s
  33   1.67010035e+06  3.78898676e+06  2.71e+00 5.63e-08  8.65e+01     0s
  34   1.75049510e+06  3.80937796e+06  2.63e+00 5.93e-08  8.65e+01     0s
  35   1.77831908e+06  4.08103011e+06  2.59e+00 5.94e-08  8.30e+01     0s
  36   1.78782051e+06  4.15344391e+06  2.58e+00 5.31e-08  8.24e+01     0s
  37   1.83871790e+06  4.31429569e+06  2.53e+00 4.98e-08  8.02e+01     0s
  38   1.86220500e+06  4.47217808e+06  2.50e+00 5.05e-08  7.94e+01     0s
  39   1.87286655e+06  4.37865391e+06  2.49e+00 4.49e-08  7.91e+01     0s
  40   1.94729155e+06  4.49931460e+06  2.43e+00 5.94e-08  7.88e+01     0s
  41   1.99064140e+06  4.65100580e+06  2.39e+00 5.40e-08  7.32e+01     0s
  42   2.02933982e+06  4.84407735e+06  2.35e+00 5.17e-08  7.14e+01     0s
  43   2.03699804e+06  5.10217217e+06  2.35e+00 4.47e-08  7.19e+01     0s
  44   2.13294124e+06  5.07520013e+06  2.28e+00 4.73e-08  7.03e+01     0s
  45   2.20880699e+06  5.13680719e+06  2.22e+00 6.05e-08  6.85e+01     0s
  46   2.22969232e+06  5.20855965e+06  2.20e+00 5.84e-08  6.79e+01     0s
  47   2.33924794e+06  5.47131885e+06  2.12e+00 6.73e-08  6.50e+01     0s
  48   2.35991068e+06  5.63473321e+06  2.11e+00 6.92e-08  6.45e+01     0s
  49   2.36500244e+06  5.62005081e+06  2.11e+00 6.89e-08  6.46e+01     0s
  50   2.40705516e+06  5.70602276e+06  2.09e+00 6.92e-08  6.71e+01     0s
  51   1.49803082e+09 -2.50807646e+08  1.25e+06 9.09e-13  9.17e+07     0s
  52   5.57075284e+07 -3.76025361e+08  1.52e+05 1.09e-11  1.18e+07     0s
  53   3.89685607e+06 -3.27377186e+08  2.70e+02 1.27e-11  9.65e+04     0s
  54   3.04164530e+06 -2.38233625e+07  5.67e+01 6.91e-11  8.57e+03     0s
  55   1.20323765e+06 -4.05440477e+06  2.02e+01 3.64e-11  1.85e+03     0s
  56   5.68696715e+05 -9.88886979e+05  9.09e+00 1.46e-10  6.87e+02     0s
  57   4.56544027e+05  6.76387514e+03  6.82e+00 2.62e-10  4.87e+02     0s
  58   4.87478348e+05  4.01085684e+05  6.15e+00 3.49e-10  4.42e+02     0s
  59   4.95615622e+05  6.78974795e+05  5.87e+00 1.16e-09  4.18e+02     0s
  60   5.42029109e+05  1.00483812e+06  5.59e+00 1.16e-09  4.04e+02     0s
  61   5.78450732e+05  1.09887723e+06  5.25e+00 6.98e-10  3.80e+02     0s
  62   6.34810038e+05  1.17947245e+06  4.93e+00 1.22e-09  3.60e+02     0s
  63   6.53816393e+05  1.57065697e+06  4.85e+00 8.15e-10  3.48e+02     0s
  64   7.57585468e+05  2.19937360e+06  4.53e+00 3.38e-09  3.15e+02     0s
  65   8.12356455e+05  2.50078147e+06  4.41e+00 6.52e-09  3.00e+02     0s
  66   8.98577684e+05  2.67613275e+06  4.24e+00 5.70e-09  2.87e+02     0s
  67   1.06073216e+06  2.73725149e+06  3.95e+00 3.61e-09  2.72e+02     0s
  68   1.19044117e+06  2.86270105e+06  3.73e+00 8.03e-09  2.52e+02     0s
  69   1.36664988e+06  2.94735083e+06  3.43e+00 2.06e-08  2.30e+02     0s
  70   1.38786974e+06  2.98615116e+06  3.39e+00 1.86e-08  2.26e+02     0s
  71   1.42040038e+06  3.07514770e+06  3.34e+00 1.01e-08  2.18e+02     0s
  72   1.46441359e+06  3.13493985e+06  3.26e+00 7.92e-09  2.13e+02     0s
  73   1.52645572e+06  3.23621932e+06  3.15e+00 5.59e-09  2.06e+02     0s
  74   1.62703185e+06  3.35178847e+06  2.99e+00 3.14e-09  1.95e+02     0s
  75   1.64407021e+06  3.41172897e+06  2.96e+00 3.03e-09  1.92e+02     0s
  76   1.68543747e+06  3.47123430e+06  2.93e+00 3.03e-09  1.93e+02     0s
  77   1.73894170e+06  3.48447001e+06  2.85e+00 2.79e-09  1.89e+02     0s
  78   1.76787503e+06  3.50944309e+06  2.81e+00 2.56e-09  1.86e+02     0s
  79   1.80607859e+06  3.58267169e+06  2.76e+00 5.47e-09  1.82e+02     0s
  80   1.88099155e+06  3.81257589e+06  2.66e+00 7.25e-09  1.72e+02     0s
  81   1.91280494e+06  3.89847452e+06  2.63e+00 1.06e-08  1.69e+02     0s
  82   1.97900814e+06  4.18797412e+06  2.55e+00 2.03e-08  1.62e+02     0s
  83   2.01547101e+06  4.34059606e+06  2.51e+00 2.57e-08  1.60e+02     0s
  84   2.03252405e+06  4.35245472e+06  2.49e+00 1.50e-08  1.57e+02     0s
  85   2.03370226e+06  4.40778630e+06  2.49e+00 1.05e-08  1.54e+02     0s
  86   2.07086216e+06  4.42476056e+06  2.45e+00 1.14e-08  1.52e+02     0s
  87   2.10484084e+06  4.38290237e+06  2.42e+00 1.16e-08  1.51e+02     0s
  88   2.11725204e+06  4.36322089e+06  2.41e+00 1.26e-08  1.51e+02     0s
  89   2.13635280e+06  4.76261222e+06  2.39e+00 1.21e-08  1.50e+02     0s
  90   2.23816057e+06  4.60533409e+06  2.32e+00 1.40e-08  1.49e+02     0s
  91   2.26229238e+06  4.86093643e+06  2.31e+00 1.44e-08  1.48e+02     0s
  92   2.33552086e+06  5.06248945e+06  2.25e+00 1.61e-08  1.42e+02     0s
  93   2.42455243e+06  5.21728178e+06  2.17e+00 1.25e-08  1.36e+02     0s
  94   2.47070027e+06  5.37636271e+06  2.14e+00 9.95e-09  1.34e+02     0s
  95   2.49396781e+06  5.44428448e+06  2.12e+00 1.02e-08  1.32e+02     0s
  96   2.51074926e+06  5.79857709e+06  2.10e+00 1.84e-08  1.31e+02     0s
  97   2.60364203e+06  6.01642568e+06  2.06e+00 3.21e-08  1.33e+02     0s
  98   2.61815568e+06  6.35950181e+06  2.05e+00 4.44e-08  1.33e+02     0s
  99   2.74212268e+06  6.64627743e+06  1.98e+00 7.45e-09  1.27e+02     0s
 100   2.90094705e+06  6.74001061e+06  1.91e+00 4.75e-08  1.26e+02     0s
 101   2.96693981e+06  6.81118727e+06  1.88e+00 4.67e-08  1.23e+02     0s
 102   2.97981184e+06  6.85252528e+06  1.87e+00 8.38e-09  1.22e+02     0s
 103   2.99796213e+06  7.75199276e+06  1.86e+00 2.61e-08  1.24e+02     0s
 104   3.06450108e+06  7.20244192e+06  1.84e+00 9.31e-09  1.23e+02     0s
 105   3.17287253e+06  7.73436968e+06  1.79e+00 5.03e-08  1.18e+02     0s
 106   3.20343387e+06  7.88161237e+06  1.78e+00 9.87e-08  1.17e+02     0s
 107   3.32773424e+06  8.17879797e+06  1.74e+00 3.66e-08  1.13e+02     0s
 108   3.38695871e+06  8.70648644e+06  1.71e+00 2.14e-08  1.09e+02     0s
 109   4.08092860e+06  8.34593351e+06  1.50e+00 1.25e-06  1.10e+02     0s
 110   4.10561119e+06  8.70859022e+06  1.50e+00 1.07e-06  1.09e+02     0s
 111   4.17324200e+06  8.85733262e+06  1.47e+00 3.03e-08  1.07e+02     0s
 112   4.19751626e+06  9.30427760e+06  1.47e+00 2.10e-08  1.06e+02     0s
 113   4.21060767e+06  9.21256905e+06  1.46e+00 1.96e-08  1.06e+02     0s
 114   4.28532568e+06  9.28896926e+06  1.44e+00 6.52e-09  1.06e+02     0s
 115   4.37021773e+06  9.14685137e+06  1.42e+00 2.87e-07  1.05e+02     0s
 116   4.48391789e+06  9.53106157e+06  1.39e+00 1.08e-07  1.04e+02     0s
 117   4.53838619e+06  9.69903095e+06  1.38e+00 3.54e-08  1.03e+02     0s
 118   4.55392874e+06  9.96834793e+06  1.37e+00 7.08e-08  1.02e+02     0s
 119   4.76022917e+06  1.00504331e+07  1.32e+00 1.80e-07  9.90e+01     0s
 120   4.79050932e+06  1.02232157e+07  1.32e+00 4.08e-07  9.87e+01     0s
 121   4.86574062e+06  1.03539503e+07  1.30e+00 3.96e-07  9.70e+01     0s
 122   5.06720481e+06  1.05430262e+07  1.25e+00 1.78e-07  9.35e+01     0s
 123   5.23463507e+06  1.06008769e+07  1.21e+00 2.49e-07  9.04e+01     0s
 124   5.28803980e+06  1.07507733e+07  1.20e+00 2.38e-07  8.73e+01     0s
 125   5.32468190e+06  1.08631493e+07  1.20e+00 2.37e-07  8.73e+01     0s
 126   5.35434907e+06  1.09782765e+07  1.19e+00 2.01e-07  8.67e+01     0s
 127   5.45847598e+06  1.09082546e+07  1.17e+00 3.84e-07  8.64e+01     0s
 128   5.51206008e+06  1.12599266e+07  1.16e+00 9.50e-08  8.25e+01     0s
 129   5.60413772e+06  1.13297565e+07  1.14e+00 1.17e-07  8.12e+01     0s
 130   5.65936566e+06  1.14351673e+07  1.13e+00 8.94e-08  7.94e+01     0s
 131   5.73070705e+06  1.15348839e+07  1.12e+00 8.66e-08  7.92e+01     0s
 132   5.92378827e+06  1.15471702e+07  1.08e+00 6.24e-08  7.78e+01     0s
 133   6.07639373e+06  1.16397095e+07  1.05e+00 4.59e-07  7.53e+01     0s
 134   6.11526919e+06  1.16609990e+07  1.05e+00 3.65e-07  7.42e+01     0s
 135   6.17500332e+06  1.19695603e+07  1.04e+00 4.66e-07  7.42e+01     0s
 136   6.23520794e+06  1.20354080e+07  1.03e+00 3.04e-07  7.26e+01     0s
 137   6.26772124e+06  1.22462588e+07  1.02e+00 4.19e-08  7.24e+01     0s
 138   6.28483816e+06  1.23164625e+07  1.02e+00 2.24e-08  7.23e+01     0s
 139   6.36587549e+06  1.23905908e+07  1.01e+00 1.77e-08  7.46e+01     0s
 140   6.51624328e+06  1.26625103e+07  9.82e-01 2.08e-07  7.21e+01     0s
 141   7.09604334e+06  1.20189138e+07  9.01e-01 1.10e-06  9.82e+01     0s
 142   7.24144068e+06  1.28018527e+07  8.76e-01 1.27e-06  9.79e+01     0s
 143   7.34259451e+06  1.32671373e+07  8.60e-01 1.52e-07  9.74e+01     0s
 144   7.49466502e+06  1.37769983e+07  8.40e-01 1.86e-07  9.87e+01     0s
 145   7.57736108e+06  1.39715490e+07  8.29e-01 3.19e-07  9.77e+01     0s
 146   7.64952740e+06  1.39426605e+07  8.21e-01 1.12e-07  9.79e+01     0s
 147   7.91306923e+06  1.40033251e+07  7.91e-01 8.66e-08  1.01e+02     0s
 148   7.98089136e+06  1.40741334e+07  7.83e-01 2.55e-07  1.01e+02     0s
 149   8.25156275e+06  1.41989412e+07  7.52e-01 9.93e-07  9.82e+01     0s
 150   8.33125794e+06  1.43880981e+07  7.42e-01 1.55e-07  9.42e+01     0s
 151   8.33941850e+06  1.44370911e+07  7.41e-01 1.52e-07  9.41e+01     0s
 152   8.36068336e+06  1.46956688e+07  7.39e-01 1.90e-07  9.39e+01     0s
 153   8.37724540e+06  1.45407937e+07  7.38e-01 1.86e-09  9.57e+01     0s
 154   8.58914664e+06  1.47645797e+07  7.17e-01 2.98e-07  1.00e+02     0s
 155   8.63964686e+06  1.48972145e+07  7.12e-01 1.12e-07  9.94e+01     0s
 156   8.83051469e+06  1.57734454e+07  6.88e-01 1.54e-06  9.25e+01     0s
 157   8.92561137e+06  1.59686646e+07  6.79e-01 6.33e-08  9.16e+01     0s
 158   1.04643969e+07  1.53453728e+07  5.48e-01 2.34e-06  1.34e+02     0s
 159   1.06207603e+07  1.57463342e+07  5.33e-01 7.60e-07  1.13e+02     0s
 160   1.07145897e+07  1.59924520e+07  5.23e-01 2.83e-07  1.02e+02     0s
 161   1.11925486e+07  1.62056824e+07  4.79e-01 2.96e-07  9.36e+01     0s
 162   1.12498579e+07  1.64744245e+07  4.74e-01 8.53e-07  8.40e+01     0s
 163   1.14172078e+07  1.67767486e+07  4.59e-01 7.08e-07  7.97e+01     0s
 164   1.15610802e+07  1.67976594e+07  4.47e-01 9.05e-07  7.75e+01     0s
 165   1.17730538e+07  1.66614444e+07  4.30e-01 8.34e-07  7.32e+01     0s
 166   1.18834419e+07  1.67556800e+07  4.21e-01 8.20e-07  6.98e+01     0s
 167   1.20175548e+07  1.66745316e+07  4.10e-01 9.41e-07  7.13e+01     0s
 168   1.21678226e+07  1.68529735e+07  3.96e-01 8.34e-07  6.36e+01     0s
 169   1.22345323e+07  1.73667471e+07  3.90e-01 2.52e-06  6.18e+01     0s
 170   1.25529698e+07  1.75617526e+07  3.68e-01 2.45e-06  5.98e+01     0s
 171   1.28596201e+07  1.76019305e+07  3.46e-01 1.81e-06  5.87e+01     0s
 172   1.33583757e+07  1.72909339e+07  3.12e-01 2.04e-06  6.95e+01     0s
 173   1.39628783e+07  1.76801852e+07  2.70e-01 7.79e-06  4.70e+01     0s
 174   1.40972255e+07  1.77106725e+07  2.61e-01 2.15e-06  4.07e+01     0s
 175   1.42092580e+07  1.77782166e+07  2.53e-01 4.47e-06  3.41e+01     0s
 176   1.45784450e+07  1.78011584e+07  2.27e-01 6.58e-06  2.88e+01     0s
 177   1.45894830e+07  1.78090961e+07  2.27e-01 6.10e-06  2.81e+01     0s
 178   1.46227330e+07  1.78837736e+07  2.24e-01 7.24e-06  2.65e+01     0s
 179   1.48146094e+07  1.78579851e+07  2.11e-01 6.48e-06  2.49e+01     0s
 180   1.50273940e+07  1.78958621e+07  1.97e-01 5.40e-06  2.23e+01     0s
 181   1.50461274e+07  1.79190695e+07  1.96e-01 6.94e-06  2.10e+01     0s
 182   1.50853154e+07  1.79617533e+07  1.93e-01 6.97e-06  2.08e+01     0s
 183   1.51192202e+07  1.79928266e+07  1.91e-01 6.04e-06  2.04e+01     0s
 184   1.51540942e+07  1.80129196e+07  1.89e-01 5.96e-06  2.04e+01     0s
 185   1.52866483e+07  1.80301216e+07  1.80e-01 4.73e-06  1.93e+01     0s
 186   1.56499024e+07  1.80185790e+07  1.57e-01 2.89e-06  1.76e+01     0s
 187   1.57077907e+07  1.80318698e+07  1.53e-01 5.13e-06  1.61e+01     0s
 188   1.57438408e+07  1.80419190e+07  1.51e-01 4.32e-06  1.53e+01     0s
 189   1.58348151e+07  1.80688383e+07  1.45e-01 2.43e-06  1.40e+01     0s
 190   1.58762413e+07  1.80781638e+07  1.42e-01 1.97e-06  1.37e+01     0s
 191   1.59314787e+07  1.80803173e+07  1.39e-01 2.34e-06  1.34e+01     0s
 192   1.59641783e+07  1.80829865e+07  1.36e-01 1.67e-06  1.31e+01     0s
 193   1.59868254e+07  1.80872510e+07  1.35e-01 1.88e-06  1.28e+01     0s
 194   1.59934596e+07  1.81005130e+07  1.35e-01 1.49e-06  1.27e+01     0s
 195   1.60512822e+07  1.81221129e+07  1.31e-01 1.44e-06  1.24e+01     0s
 196   1.60934344e+07  1.81329890e+07  1.28e-01 1.70e-06  1.21e+01     0s
 197   1.61026411e+07  1.81340145e+07  1.28e-01 1.67e-06  1.21e+01     0s
 198   1.61151513e+07  1.81377691e+07  1.27e-01 1.55e-06  1.20e+01     0s
 199   1.61450881e+07  1.81693781e+07  1.25e-01 2.61e-07  1.19e+01     0s
 200   1.62161214e+07  1.81972744e+07  1.21e-01 1.38e-06  1.18e+01     0s
 201   1.62832541e+07  1.82260283e+07  1.17e-01 6.66e-07  1.15e+01     0s
 202   1.65466129e+07  1.81829515e+07  1.02e-01 4.38e-06  1.42e+01     0s
 203   1.66614750e+07  1.82489462e+07  9.51e-02 1.22e-05  1.04e+01     0s
 204   1.67193584e+07  1.82484157e+07  9.16e-02 3.07e-06  1.01e+01     0s
 205   1.67254452e+07  1.82557283e+07  9.12e-02 3.07e-06  9.75e+00     0s
 206   1.67673052e+07  1.82914041e+07  8.88e-02 4.48e-06  7.76e+00     0s
 207   1.68074830e+07  1.82966291e+07  8.65e-02 3.49e-06  7.55e+00     0s
 208   1.68403047e+07  1.83031006e+07  8.46e-02 3.60e-06  7.33e+00     0s
 209   1.69283611e+07  1.83096351e+07  7.95e-02 3.10e-06  6.83e+00     0s
 210   1.69445078e+07  1.83112019e+07  7.86e-02 3.00e-06  6.76e+00     0s
 211   1.69825667e+07  1.83163230e+07  7.64e-02 2.89e-06  6.56e+00     0s
 212   1.70147157e+07  1.83213802e+07  7.46e-02 2.81e-06  6.36e+00     0s
 213   1.70514704e+07  1.83254763e+07  7.25e-02 2.56e-06  6.14e+00     0s
 214   1.70914271e+07  1.83289275e+07  7.03e-02 2.68e-06  5.92e+00     0s
 215   1.71156841e+07  1.83310882e+07  6.89e-02 2.83e-06  5.78e+00     0s
 216   1.71313476e+07  1.83325138e+07  6.80e-02 2.69e-06  5.70e+00     0s
 217   1.71952079e+07  1.83346786e+07  6.44e-02 3.03e-06  5.40e+00     0s
 218   1.72662020e+07  1.83380884e+07  6.04e-02 2.93e-06  5.03e+00     0s
 219   1.73104305e+07  1.83406158e+07  5.79e-02 2.82e-06  4.86e+00     0s
 220   1.73133517e+07  1.83412098e+07  5.78e-02 2.81e-06  4.82e+00     0s
 221   1.73151361e+07  1.83449610e+07  5.77e-02 2.85e-06  4.81e+00     0s
 222   1.73157225e+07  1.83560331e+07  5.76e-02 1.86e-08  4.82e+00     0s
 223   1.73182116e+07  1.84059463e+07  5.75e-02 1.15e-07  4.83e+00     0s
 224   1.73994838e+07  1.83456368e+07  5.35e-02 1.69e-06  6.65e+00     0s
 225   1.74782360e+07  1.84054012e+07  4.92e-02 3.25e-06  4.96e+00     0s
 226   1.77052732e+07  1.83944939e+07  3.73e-02 1.64e-05  5.05e+00     0s
 227   1.78270256e+07  1.83985447e+07  3.10e-02 1.68e-05  4.54e+00     0s
 228   1.78802112e+07  1.84019617e+07  2.82e-02 1.65e-05  4.65e+00     0s
 229   1.79252173e+07  1.84202976e+07  2.58e-02 2.33e-05  4.06e+00     0s
 230   1.79346829e+07  1.84288377e+07  2.53e-02 1.75e-07  3.95e+00     0s
 231   1.79386286e+07  1.84299554e+07  2.51e-02 1.86e-07  3.90e+00     0s
 232   1.79444488e+07  1.84308312e+07  2.48e-02 5.68e-07  3.82e+00     0s
 233   1.79451965e+07  1.84393482e+07  2.47e-02 5.76e-07  3.80e+00     0s
 234   1.79467056e+07  1.84438121e+07  2.47e-02 6.58e-07  3.79e+00     0s
 235   1.79733812e+07  1.84309223e+07  2.34e-02 4.77e-07  3.94e+00     0s
 236   1.79765692e+07  1.84654185e+07  2.32e-02 2.30e-06  3.48e+00     0s
 237   1.80185884e+07  1.84646414e+07  2.14e-02 9.98e-07  3.95e+00     0s
 238   1.81138951e+07  1.84730011e+07  1.72e-02 1.01e-05  4.22e+00     0s
 239   1.82191405e+07  1.84778523e+07  1.25e-02 8.01e-06  4.02e+00     0s
 240   1.84630333e+07  1.84884743e+07  1.56e-03 4.00e-05  2.19e+00     0s
 241   1.84691523e+07  1.84910519e+07  1.27e-03 2.57e-05  1.52e+00     0s
 242   1.84736564e+07  1.84928616e+07  1.06e-03 1.74e-05  1.07e+00     0s
 243   1.84920432e+07  1.84948804e+07  1.84e-04 5.85e-06  3.01e-01     0s
 244   1.84940784e+07  1.84956259e+07  8.55e-05 3.18e-06  8.89e-02     1s
 245   1.84958054e+07  1.84958503e+07  2.63e-06 5.01e-06  3.35e-03     1s
 246   1.84958577e+07  1.84958605e+07  1.36e-07 3.40e-06  5.65e-05     1s
 247   1.84958605e+07  1.84958606e+07  1.04e-09 3.63e-06  4.27e-07     1s
 248   1.84958606e+07  1.84958606e+07  9.09e-13 3.98e-06  6.34e-11     1s

Barrier solved model in 248 iterations and 0.51 seconds (0.37 work units)
Optimal objective 1.84958606e+07

Crossover time: 0.01 seconds (0.02 work units)

Extra simplex iterations after uncrush: 1

Root relaxation: objective 1.849586e+07, 229 iterations, 0.44 seconds (0.31 work units)

    Nodes    |    Current Node    |     Objective Bounds      |     Work
 Expl Unexpl |  Obj  Depth IntInf | Incumbent    BestBd   Gap | It/Node Time

     0     0 1.8496e+07    0   14 2.0000e+07 1.8496e+07  7.52%     -    0s
     0     0 1.8781e+07    0   21 2.0000e+07 1.8781e+07  6.09%     -    0s
     0     0 1.8853e+07    0   20 2.0000e+07 1.8853e+07  5.74%     -    0s
     0     0 1.8861e+07    0   21 2.0000e+07 1.8861e+07  5.70%     -    0s
     0     0 1.8876e+07    0   21 2.0000e+07 1.8876e+07  5.62%     -    0s
     0     0 1.8882e+07    0   20 2.0000e+07 1.8882e+07  5.59%     -    0s
     0     0 1.8882e+07    0   20 2.0000e+07 1.8882e+07  5.59%     -    0s
     0     0 1.8911e+07    0   18 2.0000e+07 1.8911e+07  5.45%     -    0s
     0     0 1.8923e+07    0   20 2.0000e+07 1.8923e+07  5.39%     -    0s
     0     0 1.8924e+07    0   24 2.0000e+07 1.8924e+07  5.38%     -    0s
     0     0 1.8927e+07    0   25 2.0000e+07 1.8927e+07  5.37%     -    0s
     0     0 1.8934e+07    0   25 2.0000e+07 1.8934e+07  5.33%     -    0s
     0     0 1.8934e+07    0   24 2.0000e+07 1.8934e+07  5.33%     -    0s
     0     0 1.8934e+07    0   24 2.0000e+07 1.8934e+07  5.33%     -    0s
     0     0 1.8934e+07    0   25 2.0000e+07 1.8934e+07  5.33%     -    0s
     0     0 1.8956e+07    0   26 2.0000e+07 1.8956e+07  5.22%     -    0s
     0     0 1.8956e+07    0   27 2.0000e+07 1.8956e+07  5.22%     -    0s
     0     0 1.8980e+07    0   22 2.0000e+07 1.8980e+07  5.10%     -    0s
     0     0 1.8980e+07    0   22 2.0000e+07 1.8980e+07  5.10%     -    0s
     0     0 1.8980e+07    0   23 2.0000e+07 1.8980e+07  5.10%     -    1s
     0     0 1.8980e+07    0   23 2.0000e+07 1.8980e+07  5.10%     -    1s
     0     0 1.9147e+07    0   23 2.0000e+07 1.9147e+07  4.27%     -    1s
     0     0 1.9147e+07    0   25 2.0000e+07 1.9147e+07  4.27%     -    1s
     0     0 1.9147e+07    0   25 2.0000e+07 1.9147e+07  4.27%     -    1s
     0     0 1.9147e+07    0   22 2.0000e+07 1.9147e+07  4.27%     -    1s
     0     2 1.9147e+07    0   22 2.0000e+07 1.9147e+07  4.27%     -    1s

Cutting planes:
  Learned: 1
  Cover: 5
  Implied bound: 23
  MIR: 35
  Flow cover: 7
  RLT: 4

Explored 268 nodes (20331 simplex iterations) in 1.88 seconds (2.59 work units)
Thread count was 10 (of 10 available processors)

Solution count 1: 2e+07 

Optimal solution found (tolerance 5.00e-03)
Best objective 2.000000000000e+07, best bound 2.000000000000e+07, gap 0.0000%
