
Gurobi 13.0.3 (mac64[arm]) logging started Sat Sep 26 12:19:59 2026

Set parameter LogFile to value "/Users/ashutosh/Desktop/Two-stage-Model/certainty_results/full/solves/nw_5_25_30M_phase2.log"
Gurobi Optimizer version 13.0.3 build v13.0.3rc0 (mac64[arm] - Darwin 27.0.0 26A428)

CPU model: Apple M1 Pro
Thread count: 10 physical cores, 10 logical processors, using up to 10 threads

Non-default parameters:
TimeLimit  21600
MIPGap  0.005
Method  2
LogToConsole  0

Optimize a model with 13529 rows, 5548 columns and 38753 nonzeros (Min)
Model fingerprint: 0x4303dec2
Model has 724 linear objective coefficients
Variable types: 3498 continuous, 2050 integer (1688 binary)
Coefficient statistics:
  Matrix range     [1e-03, 1e+05]
  Objective range  [2e+04, 1e+05]
  Bounds range     [1e+00, 3e+00]
  RHS range        [1e-02, 3e+07]

Loaded user MIP start with objective 2.995e+07
MIP start from previous solve did not produce a new incumbent solution

Presolve removed 11631 rows and 3857 columns
Presolve time: 0.07s
Presolved: 1898 rows, 1691 columns, 7725 nonzeros
Variable types: 1446 continuous, 245 integer (245 binary)
Root barrier log...

Ordering time: 0.00s

Barrier statistics:
 AA' NZ     : 2.454e+04
 Factor NZ  : 7.990e+04 (roughly 2 MB of memory)
 Factor Ops : 6.343e+06 (less than 1 second per iteration)
 Threads    : 10

                  Objective                Residual
Iter       Primal          Dual         Primal    Dual     Compl     Time
   0   1.15314352e+08 -1.00724359e+08  7.61e+04 4.55e-13  2.63e+06     0s
   1   4.08621097e+07 -9.68541464e+07  1.75e+04 1.98e+03  6.32e+05     0s
   2   6.48862230e+06 -7.20427110e+07  5.68e+02 1.49e+02  3.74e+04     0s
   3   3.06341510e+06 -8.57418093e+06  9.45e+01 3.17e+00  4.71e+03     0s
   4   2.08427401e+06 -6.33933148e+05  3.24e+01 2.71e-01  1.13e+03     0s
   5   2.03523728e+06  5.86535780e+05  2.87e+01 1.31e-01  7.94e+02     0s
   6   1.99531403e+06  8.09939646e+05  1.34e+01 9.71e-02  4.81e+02     0s
   7   1.96881933e+06  1.60869385e+06  1.12e+01 2.63e-02  2.73e+02     0s
   8   2.04326076e+06  1.68798682e+06  7.04e+00 2.32e-02  2.09e+02     0s
   9   2.05462416e+06  2.04609705e+06  5.79e+00 1.16e-02  1.53e+02     0s
  10   2.05221407e+06  2.46893533e+06  5.28e+00 9.58e-03  1.45e+02     0s
  11   2.05836789e+06  2.49455635e+06  5.03e+00 9.55e-03  1.35e+02     0s
  12   2.08019182e+06  2.66603825e+06  4.85e+00 9.08e-03  1.32e+02     0s
  13   2.09560636e+06  2.93159774e+06  4.71e+00 8.48e-03  1.30e+02     0s
  14   2.11513215e+06  3.07575731e+06  4.54e+00 8.27e-03  1.24e+02     0s
  15   2.11719317e+06  3.24091258e+06  4.48e+00 8.16e-03  1.22e+02     0s
  16   2.14442966e+06  3.40057224e+06  4.30e+00 8.06e-03  1.13e+02     0s
  17   2.15805899e+06  3.43564017e+06  4.25e+00 8.03e-03  1.12e+02     0s
  18   2.16945026e+06  3.65184025e+06  4.21e+00 7.94e-03  1.10e+02     0s
  19   2.18301843e+06  3.72641174e+06  4.18e+00 7.77e-03  1.09e+02     0s
  20   2.19532803e+06  4.00424992e+06  4.13e+00 7.49e-03  1.07e+02     0s
  21   2.23844064e+06  4.20778506e+06  4.04e+00 7.28e-03  1.04e+02     0s
  22   2.28595342e+06  4.39255463e+06  3.95e+00 7.06e-03  1.02e+02     0s
  23   2.36941869e+06  4.70357706e+06  3.81e+00 6.61e-03  9.69e+01     0s
  24   2.54391491e+06  4.68962018e+06  3.55e+00 6.33e-03  9.35e+01     0s
  25   2.63346450e+06  4.72991997e+06  3.41e+00 6.16e-03  9.03e+01     0s
  26   2.76449399e+06  4.80390141e+06  3.22e+00 5.74e-03  8.40e+01     0s
  27   2.82147380e+06  4.79477390e+06  3.14e+00 5.50e-03  8.29e+01     0s
  28   2.87432683e+06  4.85584141e+06  3.06e+00 5.14e-03  7.87e+01     0s
  29   2.98210678e+06  4.88605471e+06  2.91e+00 5.01e-03  7.55e+01     0s
  30   2.99509526e+06  5.25699880e+06  2.89e+00 4.76e-03  7.39e+01     0s
  31   3.02464026e+06  5.06735931e+06  2.86e+00 4.62e-03  7.28e+01     0s
  32   3.03626392e+06  5.36980903e+06  2.84e+00 4.52e-03  7.25e+01     0s
  33   3.04878545e+06  5.40169851e+06  2.83e+00 4.51e-03  7.22e+01     0s
  34   3.14398411e+06  5.37964417e+06  2.72e+00 4.42e-03  7.14e+01     0s
  35   3.27501664e+06  5.41458015e+06  2.58e+00 3.75e-03  6.73e+01     0s
  36   3.32150190e+06  5.54052949e+06  2.55e+00 3.72e-03  7.05e+01     0s
  37   3.36830644e+06  5.66596246e+06  2.50e+00 3.63e-03  6.88e+01     0s
  38   3.39273098e+06  5.70069640e+06  2.47e+00 3.62e-03  6.82e+01     0s
  39   8.85971999e+08 -1.36297529e+08  7.61e+05 9.09e-13  3.34e+07     0s
  40   4.74000267e+07 -1.67262456e+08  9.84e+04 1.47e+03  4.46e+06     0s
  41   5.63909764e+06 -1.52105033e+08  4.18e+02 5.46e-12  5.50e+04     0s
  42   3.67681911e+06 -1.32256945e+07  6.51e+01 5.46e-12  5.71e+03     0s
  43   2.45511314e+06 -2.02662623e+06  2.63e+01 1.75e-10  1.58e+03     0s
  44   2.51928704e+06  2.85644636e+04  1.17e+01 8.73e-11  8.21e+02     0s
  45   2.44472124e+06  1.27013177e+06  1.03e+01 2.18e-10  5.02e+02     0s
  46   2.38723821e+06  1.52156451e+06  8.61e+00 3.71e-10  4.11e+02     0s
  47   2.27382557e+06  1.88493111e+06  5.82e+00 2.62e-10  2.61e+02     0s
  48   2.26201295e+06  2.27992773e+06  5.30e+00 1.02e-09  2.25e+02     0s
  49   2.27283072e+06  2.59753180e+06  5.06e+00 1.22e-09  2.18e+02     0s
  50   2.28070789e+06  2.71738931e+06  4.87e+00 1.02e-09  2.09e+02     0s
  51   2.28709668e+06  3.00215367e+06  4.76e+00 8.73e-10  2.05e+02     0s
  52   2.30245130e+06  3.29200319e+06  4.56e+00 1.05e-09  1.95e+02     0s
  53   2.37711938e+06  3.46916379e+06  4.31e+00 1.75e-09  1.89e+02     0s
  54   2.40635214e+06  4.10531598e+06  4.19e+00 2.44e-09  1.83e+02     0s
  55   2.44773495e+06  4.30288996e+06  4.09e+00 1.16e-09  1.78e+02     0s
  56   2.51932740e+06  4.42877626e+06  3.94e+00 2.33e-09  1.71e+02     0s
  57   2.54638206e+06  4.64158978e+06  3.88e+00 4.19e-09  1.68e+02     0s
  58   2.74487873e+06  4.60858687e+06  3.57e+00 3.73e-09  1.59e+02     0s
  59   2.95949419e+06  4.77074827e+06  3.23e+00 1.11e-08  1.39e+02     0s
  60   3.07562423e+06  4.86982196e+06  3.04e+00 1.02e-08  1.30e+02     0s
  61   3.11012818e+06  5.05133847e+06  2.98e+00 1.11e-08  1.27e+02     0s
  62   3.16822658e+06  5.14811997e+06  2.89e+00 1.14e-08  1.22e+02     0s
  63   3.19421743e+06  5.21339066e+06  2.86e+00 1.05e-08  1.21e+02     0s
  64   3.23248647e+06  5.17323197e+06  2.81e+00 1.08e-08  1.19e+02     0s
  65   3.31605634e+06  5.47421586e+06  2.72e+00 9.43e-09  1.18e+02     0s
  66   3.33870900e+06  5.44273514e+06  2.69e+00 9.55e-09  1.17e+02     0s
  67   3.38917925e+06  5.48548228e+06  2.63e+00 1.86e-09  1.14e+02     0s
  68   3.44449078e+06  5.51706786e+06  2.57e+00 4.42e-09  1.11e+02     0s
  69   3.48199376e+06  5.57825855e+06  2.52e+00 6.75e-09  1.08e+02     0s
  70   3.50271390e+06  5.71711901e+06  2.50e+00 7.45e-09  1.05e+02     0s
  71   3.63513060e+06  6.15589979e+06  2.36e+00 7.92e-09  9.76e+01     0s
  72   3.69857614e+06  6.57766170e+06  2.30e+00 9.78e-09  9.35e+01     0s
  73   3.75003276e+06  6.75169094e+06  2.26e+00 6.29e-09  9.14e+01     0s
  74   3.86228042e+06  7.01990748e+06  2.17e+00 1.33e-08  8.52e+01     0s
  75   3.91401152e+06  7.18278969e+06  2.13e+00 1.19e-08  8.35e+01     0s
  76   3.91503102e+06  7.53913835e+06  2.13e+00 6.75e-09  8.59e+01     0s
  77   3.97785790e+06  7.82375195e+06  2.09e+00 8.38e-09  8.37e+01     0s
  78   4.07096749e+06  7.87308541e+06  2.05e+00 3.19e-08  8.17e+01     0s
  79   4.08699722e+06  8.17443211e+06  2.04e+00 4.14e-08  8.21e+01     0s
  80   4.25702326e+06  8.38266737e+06  1.95e+00 4.28e-08  7.73e+01     0s
  81   4.29623156e+06  8.48657329e+06  1.94e+00 1.77e-08  7.66e+01     0s
  82   4.31734655e+06  9.01644173e+06  1.93e+00 4.84e-08  7.68e+01     0s
  83   4.36532063e+06  9.33572436e+06  1.90e+00 5.31e-08  7.57e+01     0s
  84   4.41219549e+06  9.63151564e+06  1.88e+00 5.82e-08  7.43e+01     0s
  85   4.44434146e+06  9.72406478e+06  1.87e+00 6.19e-08  7.41e+01     0s
  86   4.52303752e+06  9.80140922e+06  1.85e+00 5.63e-08  7.33e+01     0s
  87   4.62363792e+06  1.00041322e+07  1.81e+00 7.54e-08  7.13e+01     0s
  88   4.70445408e+06  1.00839572e+07  1.78e+00 1.11e-07  7.00e+01     0s
  89   4.71622280e+06  1.07704081e+07  1.78e+00 8.52e-08  7.13e+01     0s
  90   4.72082607e+06  1.04093752e+07  1.78e+00 8.52e-08  7.09e+01     0s
  91   4.86551652e+06  1.05044787e+07  1.74e+00 8.59e-08  7.25e+01     0s
  92   4.89886304e+06  1.16499687e+07  1.73e+00 1.12e-08  7.25e+01     0s
  93   5.01711495e+06  1.17910525e+07  1.70e+00 2.17e-08  7.38e+01     0s
  94   5.16312352e+06  1.16758846e+07  1.66e+00 2.17e-07  7.35e+01     0s
  95   5.17347081e+06  1.20941498e+07  1.66e+00 6.52e-09  7.45e+01     0s
  96   5.20253919e+06  1.21756461e+07  1.66e+00 7.68e-09  7.56e+01     0s
  97   5.45458477e+06  1.24944199e+07  1.60e+00 9.08e-08  7.87e+01     0s
  98   5.47659981e+06  1.28022072e+07  1.60e+00 2.49e-07  7.70e+01     0s
  99   5.73747760e+06  1.32635032e+07  1.55e+00 4.24e-08  8.59e+01     0s
 100   5.91417293e+06  1.35086970e+07  1.52e+00 6.89e-08  9.02e+01     0s
 101   5.99692312e+06  1.36954952e+07  1.51e+00 2.49e-07  8.60e+01     0s
 102   6.36369624e+06  1.38367906e+07  1.44e+00 1.77e-07  8.52e+01     0s
 103   6.40265268e+06  1.41062155e+07  1.43e+00 2.38e-07  8.37e+01     0s
 104   6.62799942e+06  1.43813893e+07  1.39e+00 2.36e-07  7.99e+01     0s
 105   6.67443119e+06  1.45826296e+07  1.38e+00 2.94e-07  7.86e+01     0s
 106   6.77356124e+06  1.46466260e+07  1.36e+00 2.71e-07  7.73e+01     0s
 107   6.88016708e+06  1.47315744e+07  1.35e+00 2.64e-07  7.64e+01     0s
 108   6.99746203e+06  1.51156478e+07  1.33e+00 2.49e-07  7.47e+01     0s
 109   7.23802162e+06  1.54952639e+07  1.29e+00 3.75e-07  7.09e+01     0s
 110   7.46645331e+06  1.56302349e+07  1.25e+00 3.72e-07  6.78e+01     0s
 111   7.52275779e+06  1.56782485e+07  1.24e+00 4.12e-07  6.70e+01     0s
 112   7.63067013e+06  1.57307554e+07  1.23e+00 7.97e-07  6.53e+01     0s
 113   7.71742782e+06  1.59033507e+07  1.21e+00 4.46e-07  6.43e+01     0s
 114   7.73152972e+06  1.68797320e+07  1.21e+00 3.85e-07  6.64e+01     0s
 115   7.76878117e+06  1.70447664e+07  1.21e+00 3.73e-07  6.61e+01     0s
 116   7.82514847e+06  1.71836906e+07  1.20e+00 1.29e-07  6.75e+01     0s
 117   7.90847760e+06  1.73434638e+07  1.19e+00 1.98e-08  6.70e+01     0s
 118   8.25482811e+06  1.73612918e+07  1.15e+00 1.88e-07  7.79e+01     0s
 119   8.30925523e+06  1.74924219e+07  1.14e+00 1.52e-07  8.10e+01     0s
 120   8.34070854e+06  1.75719164e+07  1.14e+00 6.52e-09  8.10e+01     0s
 121   8.56270647e+06  1.83749387e+07  1.12e+00 3.71e-07  8.51e+01     0s
 122   8.93005241e+06  1.82642126e+07  1.08e+00 1.90e-06  8.81e+01     0s
 123   9.12088149e+06  2.02244520e+07  1.07e+00 6.15e-08  1.10e+02     0s
 124   1.07862370e+07  1.77486275e+07  9.13e-01 6.96e-06  2.04e+02     0s
 125   1.10746808e+07  2.02263668e+07  8.87e-01 6.36e-06  1.20e+02     0s
 126   1.12952583e+07  2.00604894e+07  8.69e-01 1.22e-06  1.38e+02     0s
 127   1.14524055e+07  2.09157225e+07  8.55e-01 1.01e-05  1.13e+02     0s
 128   1.17290022e+07  2.15835671e+07  8.31e-01 1.27e-06  1.04e+02     0s
 129   1.23163656e+07  2.13654979e+07  7.83e-01 7.17e-06  9.98e+01     0s
 130   1.23758633e+07  2.16199122e+07  7.79e-01 6.39e-06  9.36e+01     0s
 131   1.24204843e+07  2.18329967e+07  7.75e-01 6.40e-06  9.40e+01     0s
 132   1.25943205e+07  2.22336040e+07  7.62e-01 6.84e-06  9.24e+01     0s
 133   1.26473006e+07  2.23019921e+07  7.59e-01 3.73e-08  9.37e+01     0s
 134   1.27208668e+07  2.30817647e+07  7.54e-01 4.92e-07  8.76e+01     0s
 135   1.27913546e+07  2.32299542e+07  7.49e-01 2.98e-07  8.64e+01     0s
 136   1.38056692e+07  2.32782464e+07  6.78e-01 8.25e-07  8.32e+01     0s
 137   1.39417691e+07  2.31517991e+07  6.69e-01 5.54e-06  8.29e+01     0s
 138   1.41530405e+07  2.34446213e+07  6.54e-01 6.20e-06  7.61e+01     0s
 139   1.46643921e+07  2.34622208e+07  6.19e-01 9.91e-07  7.27e+01     0s
 140   1.49276136e+07  2.34855884e+07  6.01e-01 5.48e-06  6.82e+01     0s
 141   1.49403268e+07  2.35767777e+07  6.00e-01 5.27e-06  6.58e+01     0s
 142   1.51304486e+07  2.36840125e+07  5.87e-01 4.28e-06  6.47e+01     0s
 143   1.53671882e+07  2.36956028e+07  5.71e-01 5.87e-06  6.27e+01     0s
 144   1.53931314e+07  2.37050885e+07  5.70e-01 7.30e-06  6.18e+01     0s
 145   1.54042880e+07  2.37539376e+07  5.69e-01 7.31e-06  6.12e+01     0s
 146   1.54469334e+07  2.40045212e+07  5.66e-01 6.78e-06  5.89e+01     0s
 147   1.59494859e+07  2.40669168e+07  5.34e-01 2.03e-07  5.87e+01     0s
 148   1.61937425e+07  2.40818004e+07  5.18e-01 4.09e-06  5.65e+01     0s
 149   1.62329858e+07  2.40870652e+07  5.16e-01 4.12e-06  5.57e+01     0s
 150   1.62725654e+07  2.41612567e+07  5.13e-01 7.58e-06  5.30e+01     0s
 151   1.64467409e+07  2.43088586e+07  5.03e-01 8.35e-06  5.26e+01     0s
 152   1.65725392e+07  2.43816943e+07  4.95e-01 9.05e-06  5.20e+01     0s
 153   1.66008711e+07  2.45024107e+07  4.93e-01 1.01e-06  5.05e+01     0s
 154   1.67205325e+07  2.45460390e+07  4.86e-01 1.57e-06  4.97e+01     0s
 155   1.67330727e+07  2.46811797e+07  4.85e-01 1.34e-06  4.92e+01     0s
 156   1.68050095e+07  2.48523520e+07  4.81e-01 1.87e-06  4.82e+01     0s
 157   1.68897320e+07  2.49053335e+07  4.76e-01 3.03e-06  4.79e+01     0s
 158   1.69628698e+07  2.49378544e+07  4.72e-01 2.77e-06  4.79e+01     0s
 159   1.70091264e+07  2.49436905e+07  4.69e-01 1.47e-07  4.78e+01     0s
 160   1.71172585e+07  2.51329063e+07  4.63e-01 1.51e-06  4.63e+01     0s
 161   1.72797957e+07  2.51774036e+07  4.54e-01 1.97e-07  4.58e+01     0s
 162   1.73177627e+07  2.51864060e+07  4.52e-01 3.16e-06  4.43e+01     0s
 163   1.73433265e+07  2.57320730e+07  4.50e-01 2.98e-06  4.29e+01     0s
 164   1.74057822e+07  2.53356322e+07  4.47e-01 3.37e-06  4.46e+01     0s
 165   1.76380387e+07  2.57600171e+07  4.35e-01 3.19e-06  4.72e+01     0s
 166   1.77920392e+07  2.53042296e+07  4.27e-01 1.50e-05  4.57e+01     0s
 167   1.79476596e+07  2.58972760e+07  4.18e-01 9.24e-07  4.55e+01     0s
 168   1.79546729e+07  2.60383019e+07  4.18e-01 8.38e-07  4.56e+01     0s
 169   1.80049382e+07  2.65401472e+07  4.16e-01 6.48e-07  4.60e+01     0s
 170   1.81208378e+07  2.66603246e+07  4.11e-01 2.22e-06  4.78e+01     0s
 171   1.83429484e+07  2.63637298e+07  4.01e-01 6.63e-06  5.21e+01     0s
 172   1.86665737e+07  2.62765731e+07  3.87e-01 3.21e-06  6.06e+01     0s
 173   1.87339552e+07  2.61681698e+07  3.84e-01 4.13e-06  6.40e+01     0s
 174   1.89262188e+07  2.60715283e+07  3.75e-01 4.06e-07  7.07e+01     0s
 175   1.95029200e+07  2.67533268e+07  3.51e-01 1.51e-05  6.56e+01     0s
 176   1.97681341e+07  2.66353066e+07  3.39e-01 1.38e-05  6.99e+01     0s
 177   2.00463030e+07  2.61646064e+07  3.27e-01 1.43e-05  9.95e+01     0s
 178   2.10330927e+07  2.71838632e+07  2.83e-01 4.07e-05  4.57e+01     0s
 179   2.10864507e+07  2.73856574e+07  2.81e-01 1.36e-05  3.86e+01     0s
 180   2.13134776e+07  2.74158037e+07  2.71e-01 1.37e-05  3.73e+01     0s
 181   2.15394042e+07  2.74369988e+07  2.61e-01 1.68e-05  3.62e+01     0s
 182   2.17058182e+07  2.74411811e+07  2.54e-01 1.72e-05  3.58e+01     0s
 183   2.17986152e+07  2.74542212e+07  2.50e-01 1.58e-05  3.49e+01     0s
 184   2.20752287e+07  2.74429838e+07  2.38e-01 1.30e-05  3.53e+01     0s
 185   2.22182639e+07  2.74476079e+07  2.32e-01 1.29e-05  3.49e+01     0s
 186   2.22850808e+07  2.74679650e+07  2.29e-01 4.82e-06  3.35e+01     0s
 187   2.23410818e+07  2.75151614e+07  2.27e-01 3.64e-06  3.16e+01     0s
 188   2.23562339e+07  2.75490051e+07  2.26e-01 3.44e-06  3.15e+01     0s
 189   2.24518188e+07  2.75736103e+07  2.22e-01 3.65e-06  3.10e+01     0s
 190   2.24627591e+07  2.76130182e+07  2.21e-01 3.91e-07  3.09e+01     0s
 191   2.24940445e+07  2.76857026e+07  2.20e-01 2.63e-06  3.04e+01     0s
 192   2.26349817e+07  2.77522582e+07  2.14e-01 5.43e-06  2.94e+01     0s
 193   2.26598326e+07  2.77591119e+07  2.13e-01 5.52e-06  2.93e+01     0s
 194   2.27453361e+07  2.77878046e+07  2.10e-01 2.70e-06  2.87e+01     0s
 195   2.28490277e+07  2.78196838e+07  2.05e-01 2.49e-06  2.78e+01     0s
 196   2.28952895e+07  2.78520567e+07  2.03e-01 2.95e-06  2.74e+01     0s
 197   2.29976110e+07  2.78801757e+07  1.99e-01 6.01e-06  2.68e+01     0s
 198   2.30126901e+07  2.78962252e+07  1.99e-01 5.20e-06  2.64e+01     0s
 199   2.30271615e+07  2.79149093e+07  1.98e-01 4.71e-06  2.63e+01     0s
 200   2.32940393e+07  2.79231306e+07  1.87e-01 4.96e-06  2.54e+01     0s
 201   2.38084169e+07  2.79262766e+07  1.67e-01 8.96e-06  2.36e+01     0s
 202   2.42862846e+07  2.79280955e+07  1.48e-01 2.71e-05  2.06e+01     0s
 203   2.44668525e+07  2.79250039e+07  1.41e-01 2.30e-05  1.97e+01     0s
 204   2.45661436e+07  2.79301430e+07  1.37e-01 2.13e-05  1.95e+01     0s
 205   2.46316815e+07  2.79362101e+07  1.34e-01 2.18e-05  1.91e+01     0s
 206   2.46861535e+07  2.79408512e+07  1.32e-01 2.12e-05  1.89e+01     0s
 207   2.47660200e+07  2.79494691e+07  1.29e-01 2.12e-05  1.86e+01     0s
 208   2.48486502e+07  2.79612941e+07  1.25e-01 1.99e-05  1.82e+01     0s
 209   2.48623539e+07  2.79737642e+07  1.25e-01 1.97e-05  1.79e+01     0s
 210   2.48679405e+07  2.79860697e+07  1.25e-01 1.96e-05  1.78e+01     0s
 211   2.48766878e+07  2.80045723e+07  1.24e-01 1.96e-05  1.77e+01     0s
 212   2.48936654e+07  2.81102411e+07  1.23e-01 1.27e-06  1.77e+01     0s
 213   2.53281651e+07  2.81029188e+07  1.07e-01 8.15e-06  1.64e+01     0s
 214   2.61480271e+07  2.81014025e+07  7.60e-02 1.81e-05  1.26e+01     0s
 215   2.62653391e+07  2.81239122e+07  7.16e-02 3.05e-05  1.34e+01     0s
 216   2.62946534e+07  2.81805001e+07  7.04e-02 3.01e-05  1.28e+01     0s
 217   2.63176003e+07  2.82470981e+07  6.95e-02 1.23e-06  1.26e+01     0s
 218   2.63804353e+07  2.82987023e+07  6.73e-02 1.99e-06  1.25e+01     0s
 219   2.68322448e+07  2.83046231e+07  5.18e-02 8.56e-06  1.12e+01     0s
 220   2.75825577e+07  2.83145599e+07  2.60e-02 4.31e-05  7.36e+00     0s
 221   2.77979002e+07  2.83354280e+07  1.86e-02 4.37e-05  2.08e+00     0s
 222   2.82485283e+07  2.83380889e+07  3.10e-03 4.23e-05  3.73e-01     1s
 223   2.82702779e+07  2.83385660e+07  2.35e-03 5.46e-05  2.09e-01     1s
 224   2.82705731e+07  2.83388163e+07  2.34e-03 5.07e-05  2.03e-01     1s
 225   2.82711539e+07  2.83398380e+07  2.32e-03 5.02e-05  2.00e-01     1s
 226   2.82711481e+07  2.83426037e+07  2.32e-03 5.02e-05  2.09e-01     1s
 227   2.82732561e+07  2.83414227e+07  2.26e-03 4.95e-05  2.33e-01     1s
 228   2.82766465e+07  2.83427762e+07  2.15e-03 1.74e-06  2.13e-01     1s
 229   2.82808199e+07  2.83415540e+07  2.01e-03 1.59e-06  2.41e-01     1s
 230   2.82866933e+07  2.83432102e+07  1.83e-03 8.65e-06  1.98e-01     1s
 231   2.83212339e+07  2.83430439e+07  7.15e-04 1.89e-05  1.35e-01     1s
 232   2.83334132e+07  2.83434165e+07  3.23e-04 2.37e-05  3.68e-02     1s
 233   2.83429150e+07  2.83434384e+07  1.70e-05 3.50e-05  2.54e-03     1s
 234   2.83434181e+07  2.83434416e+07  7.59e-07 3.66e-05  8.58e-05     1s
 235   2.83434416e+07  2.83434417e+07  4.11e-09 3.32e-05  1.18e-07     1s
 236   2.83434417e+07  2.83434417e+07  1.93e-12 4.01e-05  5.52e-11     1s

Barrier solved model in 236 iterations and 0.53 seconds (0.36 work units)
Optimal objective 2.83434417e+07

Crossover time: 0.01 seconds (0.02 work units)

Root relaxation: objective 2.834344e+07, 194 iterations, 0.45 seconds (0.29 work units)

    Nodes    |    Current Node    |     Objective Bounds      |     Work
 Expl Unexpl |  Obj  Depth IntInf | Incumbent    BestBd   Gap | It/Node Time

     0     0 2.8343e+07    0    7 2.9950e+07 2.8343e+07  5.36%     -    0s
     0     0 2.8823e+07    0    8 2.9950e+07 2.8823e+07  3.76%     -    0s
     0     0 2.8880e+07    0    9 2.9950e+07 2.8880e+07  3.57%     -    0s
     0     0 2.8898e+07    0    9 2.9950e+07 2.8898e+07  3.51%     -    0s
     0     0 2.8898e+07    0    9 2.9950e+07 2.8898e+07  3.51%     -    0s
     0     0 2.8898e+07    0    9 2.9950e+07 2.8898e+07  3.51%     -    0s
     0     0 2.9116e+07    0    9 2.9950e+07 2.9116e+07  2.79%     -    0s
     0     2 2.9116e+07    0    9 2.9950e+07 2.9116e+07  2.79%     -    0s

Cutting planes:
  Cover: 1
  Implied bound: 24
  MIR: 8
  Flow cover: 2
  RLT: 4
  Relax-and-lift: 2

Explored 89 nodes (6201 simplex iterations) in 1.07 seconds (1.14 work units)
Thread count was 10 (of 10 available processors)

Solution count 1: 2.995e+07 

Optimal solution found (tolerance 5.00e-03)
Best objective 2.995000000000e+07, best bound 2.995000000000e+07, gap 0.0000%
