
Gurobi 13.0.3 (mac64[arm]) logging started Sat Sep 26 12:18:54 2026

Set parameter LogFile to value "/Users/ashutosh/Desktop/Two-stage-Model/certainty_results/full/solves/nw_5_10_10M_phase2.log"
Gurobi Optimizer version 13.0.3 build v13.0.3rc0 (mac64[arm] - Darwin 27.0.0 26A428)

CPU model: Apple M1 Pro
Thread count: 10 physical cores, 10 logical processors, using up to 10 threads

Non-default parameters:
TimeLimit  21600
MIPGap  0.005
Method  2
LogToConsole  0

Optimize a model with 13561 rows, 5548 columns and 38849 nonzeros (Min)
Model fingerprint: 0x84687c51
Model has 724 linear objective coefficients
Variable types: 3498 continuous, 2050 integer (1688 binary)
Coefficient statistics:
  Matrix range     [1e-03, 1e+05]
  Objective range  [2e+04, 1e+05]
  Bounds range     [1e+00, 3e+00]
  RHS range        [1e-02, 1e+07]

Loaded user MIP start with objective 9.95e+06
MIP start from previous solve did not produce a new incumbent solution

Presolve removed 11317 rows and 3792 columns
Presolve time: 0.06s
Presolved: 2244 rows, 1756 columns, 8651 nonzeros
Variable types: 1495 continuous, 261 integer (261 binary)
Root barrier log...

Ordering time: 0.00s

Barrier statistics:
 AA' NZ     : 3.153e+04
 Factor NZ  : 9.020e+04 (roughly 2 MB of memory)
 Factor Ops : 6.525e+06 (less than 1 second per iteration)
 Threads    : 10

                  Objective                Residual
Iter       Primal          Dual         Primal    Dual     Compl     Time
   0   3.06360537e+08 -2.05573580e+08  1.05e+05 9.09e-13  7.47e+06     0s
   1   1.35075989e+08 -2.43757710e+08  4.90e+04 4.35e+03  3.53e+06     0s
   2   8.51675685e+06 -2.55221988e+08  2.39e+03 1.36e-11  2.27e+05     0s
   3   2.50355959e+06 -6.18761567e+07  1.28e+02 4.84e-10  2.07e+04     0s
   4   1.27589971e+06 -1.58172602e+07  4.84e+01 8.19e-11  5.49e+03     0s
   5   6.14454686e+05 -6.37452319e+06  2.09e+01 8.00e-11  2.16e+03     0s
   6   3.49268335e+05 -2.62124153e+06  1.11e+01 2.18e-10  9.86e+02     0s
   7   2.47136298e+05 -5.19475554e+05  7.66e+00 7.71e-10  4.75e+02     0s
   8   2.59354321e+05  5.73799350e+05  5.84e+00 1.05e-09  3.33e+02     0s
   9   3.63655939e+05  1.10037557e+06  5.03e+00 2.10e-09  2.79e+02     0s
  10   4.26299427e+05  1.31007137e+06  4.77e+00 2.62e-09  2.61e+02     0s
  11   4.50914211e+05  1.37867221e+06  4.68e+00 3.55e-09  2.55e+02     0s
  12   4.81267280e+05  1.59967161e+06  4.57e+00 2.79e-09  2.44e+02     0s
  13   5.78947127e+05  2.06357459e+06  4.19e+00 5.12e-09  2.19e+02     0s
  14   7.90956222e+05  2.20324969e+06  3.76e+00 2.33e-08  1.95e+02     0s
  15   9.35002799e+05  2.38066985e+06  3.46e+00 2.04e-08  1.75e+02     0s
  16   9.68502242e+05  2.51649756e+06  3.39e+00 2.13e-08  1.70e+02     0s
  17   9.99679296e+05  2.67930428e+06  3.33e+00 1.98e-08  1.66e+02     0s
  18   1.04875705e+06  2.75937146e+06  3.23e+00 1.78e-08  1.61e+02     0s
  19   1.10287003e+06  3.19093903e+06  3.12e+00 1.55e-08  1.54e+02     0s
  20   1.15312836e+06  3.34190621e+06  3.05e+00 1.70e-08  1.51e+02     0s
  21   1.23654549e+06  3.49255002e+06  2.96e+00 1.59e-08  1.49e+02     0s
  22   1.27255103e+06  3.54160356e+06  2.92e+00 1.65e-08  1.47e+02     0s
  23   1.29564789e+06  3.58398503e+06  2.89e+00 1.82e-08  1.45e+02     0s
  24   1.31826239e+06  3.65686196e+06  2.86e+00 2.14e-08  1.43e+02     0s
  25   1.37096905e+06  3.81064874e+06  2.81e+00 5.59e-09  1.39e+02     0s
  26   1.45936844e+06  3.86431449e+06  2.72e+00 5.59e-09  1.36e+02     0s
  27   1.68626907e+06  3.94034242e+06  2.50e+00 3.26e-09  1.29e+02     0s
  28   1.69832291e+06  4.27099731e+06  2.49e+00 3.45e-08  1.22e+02     0s
  29   1.78605764e+06  4.35148654e+06  2.41e+00 1.72e-08  1.18e+02     0s
  30   2.00351080e+06  4.36906253e+06  2.22e+00 2.00e-08  1.12e+02     0s
  31   2.02676748e+06  4.41860595e+06  2.21e+00 1.63e-08  1.10e+02     0s
  32   2.06835477e+06  4.46439987e+06  2.17e+00 2.10e-08  1.09e+02     0s
  33   2.14168975e+06  4.51754205e+06  2.11e+00 3.33e-08  1.05e+02     0s
  34   2.25259780e+06  4.57030449e+06  2.02e+00 4.49e-08  1.01e+02     0s
  35   2.37087275e+06  4.66191923e+06  1.93e+00 2.86e-08  9.34e+01     0s
  36   2.44359122e+06  4.75013620e+06  1.87e+00 3.31e-08  8.95e+01     0s
  37   2.52387172e+06  4.77053158e+06  1.81e+00 3.28e-08  8.70e+01     0s
  38   2.55963869e+06  4.86084630e+06  1.78e+00 4.77e-08  8.46e+01     0s
  39   2.61247114e+06  5.08806555e+06  1.74e+00 6.45e-08  8.19e+01     0s
  40   2.65261046e+06  5.22563123e+06  1.72e+00 6.36e-08  8.07e+01     0s
  41   2.66987936e+06  5.20822285e+06  1.70e+00 7.89e-08  7.99e+01     0s
  42   2.72156086e+06  5.38878159e+06  1.67e+00 1.03e-07  7.78e+01     0s
  43   2.82892763e+06  5.39084779e+06  1.61e+00 2.70e-08  7.56e+01     0s
  44   2.84530390e+06  5.51899961e+06  1.60e+00 5.24e-08  7.20e+01     0s
  45   2.93897982e+06  5.58117626e+06  1.55e+00 3.54e-08  6.97e+01     0s
  46   2.99278554e+06  5.70204203e+06  1.52e+00 2.56e-08  6.75e+01     0s
  47   3.09871969e+06  5.64121698e+06  1.46e+00 2.62e-07  6.58e+01     0s
  48   3.16378878e+06  5.73596811e+06  1.43e+00 3.92e-07  6.62e+01     0s
  49   3.53306035e+06  5.83818652e+06  1.24e+00 1.00e-06  5.44e+01     0s
  50   3.58574206e+06  5.96879431e+06  1.21e+00 2.37e-07  5.24e+01     0s
  51   3.60347995e+06  6.01502033e+06  1.20e+00 2.28e-07  5.15e+01     0s
  52   3.62986647e+06  6.11471476e+06  1.19e+00 2.23e-07  5.03e+01     0s
  53   3.67961386e+06  6.24428326e+06  1.17e+00 2.47e-07  4.91e+01     0s
  54   3.75300851e+06  6.25771632e+06  1.14e+00 2.41e-07  4.82e+01     0s
  55   3.80479925e+06  6.29017869e+06  1.11e+00 3.67e-07  4.67e+01     0s
  56   3.83836903e+06  6.35194503e+06  1.10e+00 3.25e-07  4.55e+01     0s
  57   3.87057777e+06  6.39191678e+06  1.09e+00 5.57e-07  4.49e+01     0s
  58   3.88987636e+06  6.43051824e+06  1.08e+00 3.22e-07  4.44e+01     0s
  59   3.99705764e+06  6.45566288e+06  1.04e+00 1.52e-06  4.24e+01     0s
  60   4.17806360e+06  6.49528411e+06  9.63e-01 1.91e-06  4.01e+01     0s
  61   4.28472968e+06  6.52273813e+06  9.22e-01 1.26e-06  3.91e+01     0s
  62   4.39634380e+06  6.53391517e+06  8.78e-01 6.54e-07  3.78e+01     0s
  63   4.65148157e+06  6.56505176e+06  7.79e-01 4.19e-08  3.38e+01     0s
  64   4.85873613e+06  6.57598600e+06  6.98e-01 1.44e-07  3.07e+01     0s
  65   4.98298870e+06  6.59216738e+06  6.51e-01 1.00e-07  2.83e+01     0s
  66   5.02061068e+06  6.62630400e+06  6.36e-01 1.00e-07  2.72e+01     0s
  67   5.17894231e+06  6.64343603e+06  5.78e-01 2.90e-06  2.28e+01     0s
  68   5.20609561e+06  6.70271685e+06  5.66e-01 2.83e-06  2.24e+01     0s
  69   5.23796937e+06  6.71373439e+06  5.55e-01 2.99e-06  2.15e+01     0s
  70   5.28174204e+06  6.74555244e+06  5.38e-01 2.87e-06  2.04e+01     0s
  71   5.29598584e+06  6.76267222e+06  5.33e-01 2.86e-06  2.02e+01     0s
  72   5.33594385e+06  6.77155511e+06  5.18e-01 2.63e-06  1.97e+01     0s
  73   5.34557825e+06  6.78573839e+06  5.15e-01 2.70e-06  1.95e+01     0s
  74   5.35149672e+06  6.79559961e+06  5.13e-01 2.16e-06  1.94e+01     0s
  75   5.37200227e+06  6.82298880e+06  5.05e-01 1.10e-07  1.89e+01     0s
  76   5.39047795e+06  6.84582725e+06  4.98e-01 1.10e-07  1.86e+01     0s
  77   5.40082296e+06  6.82827831e+06  4.96e-01 1.10e-07  1.93e+01     0s
  78   5.47029774e+06  6.85129065e+06  4.73e-01 2.04e-07  1.84e+01     0s
  79   5.54906111e+06  6.85809356e+06  4.46e-01 1.08e-06  1.74e+01     0s
  80   5.54973535e+06  6.91741027e+06  4.46e-01 1.11e-06  1.72e+01     0s
  81   5.57737904e+06  7.01518187e+06  4.38e-01 7.37e-07  1.69e+01     0s
  82   5.59161759e+06  7.05292301e+06  4.34e-01 1.24e-07  1.67e+01     0s
  83   5.60384839e+06  7.04788797e+06  4.31e-01 4.38e-07  1.68e+01     0s
  84   5.67414301e+06  7.07372341e+06  4.11e-01 3.10e-07  1.64e+01     0s
  85   5.71996956e+06  7.09249135e+06  3.98e-01 9.78e-08  1.58e+01     0s
  86   5.74947301e+06  7.11353354e+06  3.90e-01 3.80e-07  1.53e+01     0s
  87   5.75787365e+06  7.14113159e+06  3.87e-01 6.53e-07  1.53e+01     0s
  88   5.77627306e+06  7.25811539e+06  3.82e-01 7.49e-07  1.55e+01     0s
  89   5.78611444e+06  7.27436719e+06  3.79e-01 9.45e-08  1.53e+01     0s
  90   2.95511594e+09 -2.05573580e+08  1.05e+06 9.09e-13  7.41e+07     0s
  91   1.21379905e+09 -2.60676441e+08  5.01e+05 4.68e+03  3.58e+07     0s
  92   6.33491598e+07 -3.32873559e+08  2.54e+04 1.46e-11  1.97e+06     0s
  93   1.11807139e+07 -2.26662981e+08  6.49e+02 1.95e-10  9.58e+04     0s
  94   6.29770349e+06 -4.78681298e+07  1.27e+02 1.82e-10  1.78e+04     0s
  95   2.71077427e+06 -8.53461052e+06  4.33e+01 2.91e-11  3.92e+03     0s
  96   1.17944804e+06 -3.37745006e+06  1.77e+01 1.62e-09  1.52e+03     0s
  97   6.29433586e+05 -1.06383958e+06  9.16e+00 7.93e-10  6.51e+02     0s
  98   5.43227347e+05 -5.79740732e+05  7.64e+00 1.00e-09  5.11e+02     0s
  99   4.85704329e+05  3.76525766e+05  6.24e+00 9.60e-10  3.67e+02     0s
 100   6.15486903e+05  7.29335459e+05  5.21e+00 1.89e-09  3.25e+02     0s
 101   7.18679122e+05  1.19506703e+06  4.39e+00 1.98e-09  2.68e+02     0s
 102   7.46950638e+05  1.55011999e+06  4.28e+00 1.86e-09  2.53e+02     0s
 103   8.21506441e+05  1.83964376e+06  4.10e+00 4.77e-09  2.44e+02     0s
 104   8.53658150e+05  1.94613388e+06  4.01e+00 6.81e-09  2.37e+02     0s
 105   9.16541977e+05  2.27760556e+06  3.84e+00 5.12e-09  2.21e+02     0s
 106   1.00336728e+06  2.34187366e+06  3.65e+00 3.84e-09  2.11e+02     0s
 107   1.11545601e+06  2.42049460e+06  3.40e+00 9.66e-09  1.96e+02     0s
 108   1.18220876e+06  2.55394235e+06  3.26e+00 1.89e-08  1.83e+02     0s
 109   1.23449818e+06  2.65135355e+06  3.15e+00 1.02e-08  1.77e+02     0s
 110   1.27420894e+06  2.83494604e+06  3.07e+00 1.59e-08  1.72e+02     0s
 111   1.31563837e+06  3.22758773e+06  3.00e+00 1.58e-08  1.66e+02     0s
 112   1.36694058e+06  3.40577562e+06  2.94e+00 1.55e-08  1.62e+02     0s
 113   1.43903552e+06  3.50250612e+06  2.85e+00 1.73e-08  1.58e+02     0s
 114   1.46084893e+06  3.53806627e+06  2.82e+00 1.66e-08  1.57e+02     0s
 115   1.52996306e+06  3.65498675e+06  2.74e+00 1.99e-08  1.50e+02     0s
 116   1.65065590e+06  3.74483582e+06  2.61e+00 1.77e-08  1.45e+02     0s
 117   1.69578512e+06  3.81114651e+06  2.56e+00 1.92e-08  1.43e+02     0s
 118   1.73266142e+06  3.85942717e+06  2.53e+00 1.64e-08  1.41e+02     0s
 119   1.80847144e+06  4.08799601e+06  2.46e+00 1.28e-07  1.26e+02     0s
 120   1.83658122e+06  4.18751552e+06  2.43e+00 2.24e-08  1.23e+02     0s
 121   1.91937367e+06  4.30827138e+06  2.35e+00 2.12e-08  1.20e+02     0s
 122   2.00812273e+06  4.38013973e+06  2.28e+00 2.21e-08  1.16e+02     0s
 123   2.12173081e+06  4.50294558e+06  2.18e+00 2.33e-08  1.04e+02     0s
 124   2.21436761e+06  4.58927624e+06  2.10e+00 2.61e-08  1.00e+02     0s
 125   2.35267789e+06  4.66141087e+06  1.99e+00 3.24e-08  9.57e+01     0s
 126   2.43473795e+06  4.74106411e+06  1.92e+00 4.52e-08  9.11e+01     0s
 127   2.52197178e+06  4.84161192e+06  1.85e+00 4.80e-08  8.66e+01     0s
 128   2.54249433e+06  4.85321328e+06  1.84e+00 5.23e-08  8.58e+01     0s
 129   2.59153752e+06  4.95429111e+06  1.80e+00 4.02e-08  8.36e+01     0s
 130   2.63620668e+06  5.25348363e+06  1.77e+00 3.19e-08  8.25e+01     0s
 131   2.71088244e+06  5.32263589e+06  1.72e+00 2.96e-08  8.12e+01     0s
 132   2.73323673e+06  5.39437700e+06  1.71e+00 3.96e-08  8.18e+01     0s
 133   2.78968817e+06  5.47029507e+06  1.68e+00 4.47e-08  7.96e+01     0s
 134   2.91736175e+06  5.47357881e+06  1.60e+00 2.93e-07  7.25e+01     0s
 135   2.94431050e+06  5.56930661e+06  1.58e+00 2.66e-07  7.10e+01     0s
 136   3.02912127e+06  5.70653480e+06  1.53e+00 2.55e-07  6.83e+01     0s
 137   3.08228731e+06  5.79752925e+06  1.50e+00 2.39e-07  6.64e+01     0s
 138   3.19847796e+06  5.80739916e+06  1.44e+00 2.37e-07  6.46e+01     0s
 139   3.30429184e+06  5.81914190e+06  1.39e+00 2.39e-07  6.20e+01     0s
 140   3.31678663e+06  5.83845304e+06  1.38e+00 2.01e-07  6.15e+01     0s
 141   3.35707191e+06  5.91679091e+06  1.36e+00 1.95e-07  6.04e+01     0s
 142   3.48794467e+06  5.94442207e+06  1.29e+00 1.63e-07  5.79e+01     0s
 143   3.52443338e+06  5.92216299e+06  1.27e+00 1.65e-07  5.80e+01     0s
 144   3.62845275e+06  6.06909194e+06  1.22e+00 1.49e-07  5.61e+01     0s
 145   3.65598112e+06  6.10943820e+06  1.21e+00 1.36e-07  5.53e+01     0s
 146   3.67921228e+06  6.12851963e+06  1.20e+00 1.44e-07  5.48e+01     0s
 147   3.69157398e+06  6.13779269e+06  1.19e+00 1.40e-07  5.46e+01     0s
 148   3.70374993e+06  6.13573371e+06  1.19e+00 1.25e-07  5.55e+01     0s
 149   3.84084422e+06  6.24294182e+06  1.13e+00 1.43e-07  5.47e+01     0s
 150   3.87073235e+06  6.36457298e+06  1.11e+00 1.22e-07  5.29e+01     0s
 151   3.94743004e+06  6.45548118e+06  1.08e+00 1.02e-07  5.09e+01     0s
 152   4.07519144e+06  6.49393097e+06  1.03e+00 1.38e-07  4.82e+01     0s
 153   4.21183846e+06  6.54060281e+06  9.70e-01 6.29e-08  4.48e+01     0s
 154   4.30469337e+06  6.55944512e+06  9.32e-01 9.64e-08  4.32e+01     0s
 155   4.46214966e+06  6.59488823e+06  8.69e-01 1.05e-07  4.02e+01     0s
 156   4.83864743e+06  6.58911337e+06  7.21e-01 1.34e-07  3.52e+01     0s
 157   4.87242978e+06  6.63184163e+06  7.07e-01 2.22e-07  3.34e+01     0s
 158   4.95540881e+06  6.66011236e+06  6.74e-01 2.19e-07  3.15e+01     0s
 159   5.07315839e+06  6.67199922e+06  6.27e-01 2.13e-07  2.91e+01     0s
 160   5.20511928e+06  6.67401074e+06  5.77e-01 1.15e-06  2.57e+01     0s
 161   5.26294379e+06  6.69902809e+06  5.54e-01 1.02e-06  2.40e+01     0s
 162   5.29288851e+06  6.68043250e+06  5.43e-01 1.08e-06  2.36e+01     0s
 163   5.29767841e+06  6.69708614e+06  5.41e-01 1.08e-06  2.35e+01     0s
 164   5.31243428e+06  6.76693919e+06  5.35e-01 1.03e-06  2.32e+01     0s
 165   5.34409459e+06  6.75350072e+06  5.24e-01 4.10e-08  2.28e+01     0s
 166   5.37450897e+06  6.76827278e+06  5.13e-01 1.87e-07  2.23e+01     0s
 167   5.38211050e+06  6.77196853e+06  5.10e-01 1.62e-07  2.21e+01     0s
 168   5.39262460e+06  6.78600216e+06  5.06e-01 2.10e-07  2.20e+01     0s
 169   5.43162470e+06  6.79801063e+06  4.93e-01 2.98e-08  2.15e+01     0s
 170   5.49744460e+06  6.82185054e+06  4.69e-01 1.02e-07  2.04e+01     0s
 171   5.55440048e+06  6.85132486e+06  4.50e-01 1.69e-07  1.91e+01     0s
 172   5.56236384e+06  7.03260689e+06  4.47e-01 3.36e-07  1.86e+01     0s
 173   5.57082000e+06  7.03788595e+06  4.44e-01 3.34e-07  1.86e+01     0s
 174   5.62127336e+06  7.06861178e+06  4.30e-01 3.19e-07  1.85e+01     0s
 175   5.63813006e+06  7.08925337e+06  4.26e-01 2.82e-07  1.82e+01     0s
 176   5.70375947e+06  7.09965991e+06  4.07e-01 1.66e-07  1.73e+01     0s
 177   5.71122379e+06  7.11751774e+06  4.04e-01 2.14e-07  1.70e+01     0s
 178   5.74241401e+06  7.12343262e+06  3.96e-01 2.12e-07  1.68e+01     0s
 179   5.78062150e+06  7.14930652e+06  3.85e-01 2.50e-07  1.62e+01     0s
 180   5.80231862e+06  7.17175577e+06  3.79e-01 2.10e-07  1.59e+01     0s
 181   5.82244145e+06  7.24807873e+06  3.73e-01 2.39e-07  1.57e+01     0s
 182   5.85095104e+06  7.30892277e+06  3.66e-01 2.17e-07  1.53e+01     0s
 183   5.86755202e+06  7.35471152e+06  3.62e-01 2.09e-07  1.51e+01     0s
 184   5.88252310e+06  7.37704664e+06  3.58e-01 2.48e-07  1.49e+01     0s
 185   5.91108109e+06  7.40113558e+06  3.51e-01 3.06e-07  1.45e+01     0s
 186   6.05035046e+06  7.40295101e+06  3.19e-01 2.80e-07  1.34e+01     0s
 187   6.58897179e+06  7.40160104e+06  1.93e-01 1.32e-06  9.20e+00     0s
 188   6.61977590e+06  7.40430793e+06  1.86e-01 1.09e-06  8.65e+00     0s
 189   6.63339348e+06  7.40790821e+06  1.83e-01 7.04e-07  8.20e+00     0s
 190   6.63924923e+06  7.42856900e+06  1.82e-01 1.03e-06  7.96e+00     0s
 191   6.67216398e+06  7.41180177e+06  1.74e-01 1.07e-06  7.98e+00     0s
 192   6.71121572e+06  7.41866700e+06  1.66e-01 1.16e-06  7.73e+00     0s
 193   6.71850075e+06  7.42215494e+06  1.64e-01 2.61e-07  7.56e+00     0s
 194   6.73092856e+06  7.43186075e+06  1.61e-01 3.93e-07  7.28e+00     0s
 195   6.74171608e+06  7.43943463e+06  1.59e-01 5.00e-07  7.14e+00     0s
 196   6.77399484e+06  7.45742029e+06  1.52e-01 1.70e-07  6.95e+00     0s
 197   6.88467352e+06  7.45445584e+06  1.27e-01 3.94e-07  6.18e+00     0s
 198   7.04840730e+06  7.45857750e+06  9.17e-02 5.77e-07  4.49e+00     0s
 199   7.05389564e+06  7.46035428e+06  9.04e-02 1.44e-06  4.22e+00     0s
 200   7.05843241e+06  7.46225834e+06  8.95e-02 1.47e-06  4.03e+00     0s
 201   7.16280847e+06  7.46486555e+06  6.69e-02 1.27e-06  3.22e+00     0s
 202   7.42899259e+06  7.46768947e+06  8.85e-03 2.59e-06  7.09e-01     0s
 203   7.46155244e+06  7.46907292e+06  1.72e-03 2.03e-06  1.33e-01     0s
 204   7.46792968e+06  7.46934510e+06  3.15e-04 1.52e-06  1.75e-02     0s
 205   7.46827341e+06  7.46936225e+06  2.40e-04 1.24e-06  1.09e-02     0s
 206   7.46931131e+06  7.46936376e+06  1.16e-05 2.15e-06  5.27e-04     0s
 207   7.46936385e+06  7.46936386e+06  1.69e-09 1.45e-06  1.48e-07     0s
 208   7.46936386e+06  7.46936386e+06  4.55e-13 7.12e-07  6.13e-11     0s

Barrier solved model in 208 iterations and 0.45 seconds (0.33 work units)
Optimal objective 7.46936386e+06

Crossover time: 0.01 seconds (0.02 work units)

Root relaxation: objective 7.469364e+06, 350 iterations, 0.38 seconds (0.26 work units)

    Nodes    |    Current Node    |     Objective Bounds      |     Work
 Expl Unexpl |  Obj  Depth IntInf | Incumbent    BestBd   Gap | It/Node Time

     0     0 7469363.86    0   40 9950000.00 7469363.86  24.9%     -    0s
     0     0 7937970.81    0   38 9950000.00 7937970.81  20.2%     -    0s
     0     0 7951582.65    0   38 9950000.00 7951582.65  20.1%     -    0s
     0     0 7951582.65    0   45 9950000.00 7951582.65  20.1%     -    0s
     0     0 8357184.82    0   44 9950000.00 8357184.82  16.0%     -    0s
     0     0 8524060.65    0   36 9950000.00 8524060.65  14.3%     -    0s
     0     0 8539718.31    0   38 9950000.00 8539718.31  14.2%     -    0s
     0     0 8539718.31    0   37 9950000.00 8539718.31  14.2%     -    0s
     0     0 8539718.31    0   37 9950000.00 8539718.31  14.2%     -    0s
     0     0 8582741.02    0   36 9950000.00 8582741.02  13.7%     -    0s
     0     0 8583652.21    0   37 9950000.00 8583652.21  13.7%     -    0s
     0     0 8583652.21    0   37 9950000.00 8583652.21  13.7%     -    0s
     0     0 8583652.21    0   38 9950000.00 8583652.21  13.7%     -    0s
     0     0 8583652.21    0   38 9950000.00 8583652.21  13.7%     -    0s
     0     0 8586793.62    0   40 9950000.00 8586793.62  13.7%     -    0s
     0     0 8586793.62    0   40 9950000.00 8586793.62  13.7%     -    0s
     0     0 8586793.62    0   40 9950000.00 8586793.62  13.7%     -    0s
     0     2 8586793.62    0   40 9950000.00 8586793.62  13.7%     -    0s

Cutting planes:
  Gomory: 1
  Cover: 7
  Implied bound: 34
  MIR: 37
  Flow cover: 12
  RLT: 4
  Relax-and-lift: 3

Explored 1225 nodes (74840 simplex iterations) in 2.67 seconds (5.45 work units)
Thread count was 10 (of 10 available processors)

Solution count 1: 9.95e+06 

Optimal solution found (tolerance 5.00e-03)
Best objective 9.950000000000e+06, best bound 9.950000000000e+06, gap 0.0000%
