
Gurobi 13.0.3 (mac64[arm]) logging started Sat Sep 26 12:18:51 2026

Set parameter LogFile to value "/Users/ashutosh/Desktop/Two-stage-Model/certainty_results/full/solves/nw_5_10_0M_phase1.log"
Gurobi Optimizer version 13.0.3 build v13.0.3rc0 (mac64[arm] - Darwin 27.0.0 26A428)

CPU model: Apple M1 Pro
Thread count: 10 physical cores, 10 logical processors, using up to 10 threads

Non-default parameters:
TimeLimit  21600
MIPGap  0.005
Method  2
LogToConsole  0

Optimize a model with 13560 rows, 5548 columns and 38186 nonzeros (Min)
Model fingerprint: 0x2549092a
Model has 663 linear objective coefficients and an objective constant of 396.859633
Variable types: 3498 continuous, 2050 integer (1688 binary)
Coefficient statistics:
  Matrix range     [1e-03, 1e+05]
  Objective range  [1e+00, 1e+00]
  Bounds range     [1e+00, 3e+00]
  RHS range        [1e-02, 2e+04]

Presolve removed 12872 rows and 4498 columns
Presolve time: 0.02s
Presolved: 688 rows, 1050 columns, 3544 nonzeros
Variable types: 926 continuous, 124 integer (124 binary)
Found heuristic solution: objective 122.2923000
Root barrier log...

Ordering time: 0.00s

Barrier statistics:
 AA' NZ     : 4.872e+03
 Factor NZ  : 1.683e+04 (roughly 1 MB of memory)
 Factor Ops : 5.528e+05 (less than 1 second per iteration)
 Threads    : 1

                  Objective                Residual
Iter       Primal          Dual         Primal    Dual     Compl     Time
   0  -1.50599380e+04 -1.21422092e+05  8.86e+01 2.69e+00  3.05e+02     0s
   1  -9.86342538e+02 -4.32933813e+04  6.75e+00 2.13e-14  3.48e+01     0s
   2   1.16263062e+02 -7.70372196e+03  5.68e-01 8.17e-14  4.23e+00     0s
   3   1.78360033e+02 -1.46093042e+03  1.29e-02 6.75e-13  7.38e-01     0s
   4   1.15468131e+02 -7.36936547e+01  1.01e-05 3.55e-14  8.43e-02     0s
   5   7.15995664e+01  1.85783842e+01  2.27e-06 8.88e-15  2.36e-02     0s
   6   6.20905824e+01  4.19853947e+01  9.44e-07 3.55e-15  8.96e-03     0s
   7   5.78982205e+01  5.08703239e+01  2.63e-07 3.55e-15  3.13e-03     0s
   8   5.72025406e+01  5.31655492e+01  1.57e-07 3.55e-15  1.80e-03     0s
   9   5.68921621e+01  5.38400104e+01  1.12e-07 1.78e-15  1.36e-03     0s
  10   5.65437309e+01  5.53090231e+01  6.12e-08 3.55e-15  5.50e-04     0s
  11   5.61648420e+01  5.58977773e+01  1.44e-08 3.55e-15  1.19e-04     0s
  12   5.60580692e+01  5.60228504e+01  2.45e-09 3.55e-15  1.57e-05     0s
  13   5.60381772e+01  5.60329196e+01  1.40e-09 7.11e-15  2.34e-06     0s
  14   5.60346747e+01  5.60344947e+01  2.77e-09 3.55e-15  8.02e-08     0s
  15   5.60346126e+01  5.60346124e+01  9.21e-10 7.11e-15  8.03e-11     0s

Barrier solved model in 15 iterations and 0.05 seconds (0.06 work units)
Optimal objective 5.60346126e+01

Crossover time: 0.00 seconds (0.00 work units)

Root relaxation: objective 5.603461e+01, 41 iterations, 0.02 seconds (0.01 work units)

    Nodes    |    Current Node    |     Objective Bounds      |     Work
 Expl Unexpl |  Obj  Depth IntInf | Incumbent    BestBd   Gap | It/Node Time

*    0     0               0      56.0346126   56.03461  0.00%     -    0s

Explored 1 nodes (41 simplex iterations) in 0.06 seconds (0.06 work units)
Thread count was 10 (of 10 available processors)

Solution count 2: 56.0346 122.292 

Optimal solution found (tolerance 5.00e-03)
Best objective 5.603461256221e+01, best bound 5.603461256221e+01, gap 0.0000%
