
Gurobi 13.0.3 (mac64[arm]) logging started Sat Sep 26 12:19:14 2026

Set parameter LogFile to value "/Users/ashutosh/Desktop/Two-stage-Model/certainty_results/full/solves/nw_5_10_50M_phase1.log"
Gurobi Optimizer version 13.0.3 build v13.0.3rc0 (mac64[arm] - Darwin 27.0.0 26A428)

CPU model: Apple M1 Pro
Thread count: 10 physical cores, 10 logical processors, using up to 10 threads

Non-default parameters:
TimeLimit  21600
MIPGap  0.005
Method  2
LogToConsole  0

Optimize a model with 13560 rows, 5548 columns and 38186 nonzeros (Min)
Model fingerprint: 0x07f3fdf1
Model has 663 linear objective coefficients and an objective constant of 396.859633
Variable types: 3498 continuous, 2050 integer (1688 binary)
Coefficient statistics:
  Matrix range     [1e-03, 1e+05]
  Objective range  [1e+00, 1e+00]
  Bounds range     [1e+00, 3e+00]
  RHS range        [1e-02, 5e+07]

Loaded user MIP start with objective 3.25984
MIP start from previous solve did not produce a new incumbent solution

Presolve removed 11315 rows and 3790 columns
Presolve time: 0.05s
Presolved: 2245 rows, 1758 columns, 8303 nonzeros
Variable types: 1497 continuous, 261 integer (261 binary)
Root barrier log...

Ordering time: 0.00s

Barrier statistics:
 AA' NZ     : 3.111e+04
 Factor NZ  : 9.437e+04 (roughly 2 MB of memory)
 Factor Ops : 7.912e+06 (less than 1 second per iteration)
 Threads    : 10

                  Objective                Residual
Iter       Primal          Dual         Primal    Dual     Compl     Time
   0  -6.27569661e+05 -5.13419195e+05  2.20e+04 2.69e+00  9.68e+03     0s
   1  -2.87615283e+05 -5.17621840e+05  1.01e+04 9.37e+00  4.57e+03     0s
   2  -4.10573065e+03 -5.24845974e+05  1.52e+02 5.68e-14  1.79e+02     0s
   3  -2.44805619e+02 -1.08843939e+05  1.54e+01 4.13e-14  2.76e+01     0s
   4   1.41785066e+02 -4.90541236e+04  1.75e+00 1.88e-14  1.08e+01     0s
   5   1.70388973e+02 -5.62744978e+03  4.96e-02 2.84e-14  1.23e+00     0s
   6   1.26384952e+02 -2.09185999e+03  1.14e-02 7.11e-15  4.71e-01     0s
   7   7.66200427e+01 -7.91475769e+02  2.21e-03 3.55e-15  1.84e-01     0s
   8   3.02126527e+01 -1.98358551e+02  3.01e-04 7.11e-15  4.85e-02     0s
   9   1.15331555e+01 -5.16791710e+01  6.08e-05 3.55e-15  1.34e-02     0s
  10   5.04155567e+00 -1.76018435e+01  1.73e-05 3.55e-15  4.81e-03     0s
  11   3.75647694e+00 -9.43987707e+00  1.03e-05 3.55e-15  2.80e-03     0s
  12   1.93544251e+00 -3.70626089e+00  3.44e-06 3.55e-15  1.20e-03     0s
  13   1.23690224e+00  4.16978033e-02  1.27e-06 3.55e-15  2.54e-04     0s
  14   8.74190952e-01  6.22938186e-01  2.50e-07 3.55e-15  5.33e-05     0s
  15   8.15922566e-01  7.05579253e-01  1.12e-07 3.55e-15  2.34e-05     0s
  16   7.93448392e-01  7.36433707e-01  5.33e-08 3.55e-15  1.21e-05     0s
  17   7.79905150e-01  7.56477374e-01  1.79e-08 3.55e-15  4.97e-06     0s
  18   7.78190319e-01  7.63216575e-01  1.41e-08 3.55e-15  3.18e-06     0s
  19   7.74881864e-01  7.67337417e-01  6.27e-09 3.55e-15  1.60e-06     0s
  20   7.72808299e-01  7.71059039e-01  1.59e-09 3.55e-15  3.71e-07     0s
  21   7.72317583e-01  7.71809082e-01  6.38e-10 3.55e-15  1.08e-07     0s
  22   7.72125952e-01  7.71884931e-01  1.47e-09 3.55e-15  5.12e-08     0s
  23   7.71994744e-01  7.71965627e-01  1.50e-10 7.11e-15  6.18e-09     0s
  24   7.71979973e-01  7.71979673e-01  2.76e-10 3.55e-15  6.38e-11     0s

Barrier solved model in 24 iterations and 0.13 seconds (0.12 work units)
Optimal objective 7.71979973e-01

Crossover time: 0.02 seconds (0.03 work units)

Root relaxation: objective 7.719799e-01, 430 iterations, 0.07 seconds (0.07 work units)

    Nodes    |    Current Node    |     Objective Bounds      |     Work
 Expl Unexpl |  Obj  Depth IntInf | Incumbent    BestBd   Gap | It/Node Time

     0     0    0.77198    0   26    3.25984    0.77198  76.3%     -    0s
     0     0    0.81744    0   30    3.25984    0.81744  74.9%     -    0s
     0     0    0.81816    0   30    3.25984    0.81816  74.9%     -    0s
     0     0    0.83332    0   31    3.25984    0.83332  74.4%     -    0s
     0     0    0.83332    0   31    3.25984    0.83332  74.4%     -    0s
     0     0    0.83710    0   31    3.25984    0.83710  74.3%     -    0s
     0     0    0.83953    0   28    3.25984    0.83953  74.2%     -    0s
     0     0    0.83954    0   28    3.25984    0.83954  74.2%     -    0s
     0     0    0.83962    0   28    3.25984    0.83962  74.2%     -    0s
     0     0    0.84131    0   24    3.25984    0.84131  74.2%     -    0s
     0     0    0.84132    0   26    3.25984    0.84132  74.2%     -    0s
     0     0    0.84132    0   26    3.25984    0.84132  74.2%     -    0s
     0     0    0.84132    0   26    3.25984    0.84132  74.2%     -    0s
     0     0    0.84132    0   26    3.25984    0.84132  74.2%     -    0s
     0     0    0.84132    0   24    3.25984    0.84132  74.2%     -    0s
     0     2    0.84132    0   24    3.25984    0.84132  74.2%     -    0s
H   26    38                       2.9529450    0.85994  70.9%   201    1s
H  107   113                       2.2867430    0.86048  62.4%  89.7    1s
H  218   209                       2.0047828    0.86101  57.1%   111    1s
H  249   226                       2.0047828    0.86574  56.8%   105    1s
H  319   290                       1.9310862    0.86574  55.2%  97.5    1s
H  328   290                       1.7636261    0.86574  50.9%  97.1    1s
*  331   290              41       1.7627566    0.86574  50.9%  96.2    1s
*  332   290              41       1.7626515    0.86574  50.9%  95.9    1s
H  337   290                       1.6366800    0.86574  47.1%  94.7    1s
H  535   395                       1.5956400    0.90317  43.4%  98.1    2s
*  649   422              19       1.2106500    0.90317  25.4%  92.9    2s
H  660   413                       1.2044100    0.91799  23.8%  92.9    2s
H  669   413                       1.1750400    0.91799  21.9%  92.8    2s
H  753   390                       1.1750397    0.93147  20.7%   100    2s
H  777   390                       1.1693700    0.98608  15.7%   101    2s
*  861   299              11       1.1483500    1.03904  9.52%   104    2s
* 1075   152              12       1.1340000    1.13400  0.00%  87.0    2s

Cutting planes:
  Learned: 1
  Cover: 9
  Implied bound: 20
  MIR: 35
  StrongCG: 1
  Flow cover: 10
  RLT: 2

Explored 1092 nodes (94780 simplex iterations) in 2.95 seconds (7.34 work units)
Thread count was 10 (of 10 available processors)

Solution count 10: 1.134 1.14835 1.16937 ... 1.76265

Optimal solution found (tolerance 5.00e-03)
Best objective 1.134000000000e+00, best bound 1.134000000000e+00, gap 0.0000%
