
Gurobi 13.0.3 (mac64[arm]) logging started Sat Sep 26 12:19:20 2026

Set parameter LogFile to value "/Users/ashutosh/Desktop/Two-stage-Model/certainty_results/full/solves/nw_5_10_70M_phase1.log"
Gurobi Optimizer version 13.0.3 build v13.0.3rc0 (mac64[arm] - Darwin 27.0.0 26A428)

CPU model: Apple M1 Pro
Thread count: 10 physical cores, 10 logical processors, using up to 10 threads

Non-default parameters:
TimeLimit  21600
MIPGap  0.005
Method  2
LogToConsole  0

Optimize a model with 13560 rows, 5548 columns and 38186 nonzeros (Min)
Model fingerprint: 0x315a3a95
Model has 663 linear objective coefficients and an objective constant of 396.859633
Variable types: 3498 continuous, 2050 integer (1688 binary)
Coefficient statistics:
  Matrix range     [1e-03, 1e+05]
  Objective range  [1e+00, 1e+00]
  Bounds range     [1e+00, 3e+00]
  RHS range        [1e-02, 7e+07]

Loaded user MIP start with objective 0.05841
MIP start from previous solve did not produce a new incumbent solution

Presolve removed 12238 rows and 3965 columns
Presolve time: 0.06s
Presolved: 1322 rows, 1583 columns, 5731 nonzeros
Variable types: 1377 continuous, 206 integer (206 binary)
Root barrier log...

Ordering time: 0.00s

Barrier statistics:
 AA' NZ     : 1.342e+04
 Factor NZ  : 4.725e+04 (roughly 2 MB of memory)
 Factor Ops : 2.934e+06 (less than 1 second per iteration)
 Threads    : 1

                  Objective                Residual
Iter       Primal          Dual         Primal    Dual     Compl     Time
   0  -6.10798467e+04 -2.12220398e+05  2.62e+02 2.76e+00  8.92e+02     0s
   1  -1.05439301e+04 -1.52990420e+05  4.46e+01 2.92e+00  1.75e+02     0s
   2  -9.54667101e+02 -6.99784901e+04  4.47e+00 6.11e-01  3.10e+01     0s
   3  -1.40425739e+02 -3.04907312e+04  9.63e-01 1.86e-01  1.05e+01     0s
   4  -1.66719626e+01 -5.02527303e+03  1.96e-01 1.41e-02  1.66e+00     0s
   5   5.49394571e+00 -3.92463433e+02  1.51e-02 4.97e-14  1.21e-01     0s
   6   7.72517930e+00 -2.87611350e+01  3.39e-04 1.78e-14  1.03e-02     0s
   7   6.23357963e-01 -4.09802446e+00  2.22e-11 7.11e-15  1.33e-03     0s
   8   4.19059606e-02 -2.13514725e-01  2.68e-11 3.55e-15  7.18e-05     0s
   9   2.98343958e-03 -8.18868804e-03  3.12e-11 3.55e-15  3.14e-06     0s
  10   7.64244109e-05 -5.51713386e-05  2.06e-11 7.11e-15  3.70e-08     0s
  11   3.00519787e-09 -3.97972144e-09  1.95e-11 7.11e-15  1.96e-12     0s

Barrier solved model in 11 iterations and 0.10 seconds (0.10 work units)
Optimal objective 3.00519787e-09

Crossover time: 0.01 seconds (0.01 work units)

Root relaxation: objective -3.410605e-13, 372 iterations, 0.03 seconds (0.03 work units)

    Nodes    |    Current Node    |     Objective Bounds      |     Work
 Expl Unexpl |  Obj  Depth IntInf | Incumbent    BestBd   Gap | It/Node Time

     0     0    0.00000    0    9    0.05841    0.00000   100%     -    0s
H    0     0                       0.0208200    0.00000   100%     -    0s
     0     0    0.00000    0    8    0.02082    0.00000   100%     -    0s
     0     0    0.00000    0    8    0.02082    0.00000   100%     -    0s
     0     2    0.00000    0    8    0.02082    0.00000   100%     -    0s
*    3     2               2      -0.0000000   -0.00000  0.00%   127    0s

Cutting planes:
  Implied bound: 5
  MIR: 5

Explored 5 nodes (1198 simplex iterations) in 0.33 seconds (0.39 work units)
Thread count was 10 (of 10 available processors)

Solution count 3: -3.41061e-13 0.02082 0.05841 

Optimal solution found (tolerance 5.00e-03)
Best objective -3.410605131648e-13, best bound -3.410605131648e-13, gap 0.0000%
