
Gurobi 13.0.3 (mac64[arm]) logging started Sat Sep 26 12:19:43 2026

Set parameter LogFile to value "/Users/ashutosh/Desktop/Two-stage-Model/certainty_results/full/solves/nw_5_15_40M_phase1.log"
Gurobi Optimizer version 13.0.3 build v13.0.3rc0 (mac64[arm] - Darwin 27.0.0 26A428)

CPU model: Apple M1 Pro
Thread count: 10 physical cores, 10 logical processors, using up to 10 threads

Non-default parameters:
TimeLimit  21600
MIPGap  0.005
Method  2
LogToConsole  0

Optimize a model with 13555 rows, 5548 columns and 38171 nonzeros (Min)
Model fingerprint: 0xdf8bc5c6
Model has 663 linear objective coefficients and an objective constant of 396.859633
Variable types: 3498 continuous, 2050 integer (1688 binary)
Coefficient statistics:
  Matrix range     [1e-03, 1e+05]
  Objective range  [1e+00, 1e+00]
  Bounds range     [1e+00, 3e+00]
  RHS range        [1e-02, 4e+07]

Loaded user MIP start with objective 5.36464
MIP start from previous solve did not produce a new incumbent solution

Presolve removed 11365 rows and 3798 columns
Presolve time: 0.05s
Presolved: 2190 rows, 1750 columns, 8143 nonzeros
Variable types: 1492 continuous, 258 integer (258 binary)
Root barrier log...

Ordering time: 0.00s

Barrier statistics:
 AA' NZ     : 2.996e+04
 Factor NZ  : 9.092e+04 (roughly 2 MB of memory)
 Factor Ops : 7.604e+06 (less than 1 second per iteration)
 Threads    : 10

                  Objective                Residual
Iter       Primal          Dual         Primal    Dual     Compl     Time
   0  -3.37995869e+05 -4.79585253e+05  1.14e+04 2.69e+00  5.20e+03     0s
   1  -1.18709102e+05 -4.69895329e+05  4.00e+03 9.19e+00  1.90e+03     0s
   2  -1.47107706e+03 -3.57602379e+05  5.62e+01 2.13e-14  1.01e+02     0s
   3   7.23468425e+01 -6.20870558e+04  4.36e+00 6.39e-14  1.44e+01     0s
   4   1.63727954e+02 -1.58591196e+04  8.51e-01 1.78e-14  3.55e+00     0s
   5   1.40087016e+02 -5.33442172e+03  3.89e-02 1.78e-14  1.18e+00     0s
   6   9.79777560e+01 -1.54523937e+03  8.81e-03 1.42e-14  3.55e-01     0s
   7   4.69730683e+01 -3.21419090e+02  6.28e-04 7.11e-15  7.95e-02     0s
   8   2.05396236e+01 -7.89004858e+01  1.49e-04 7.11e-15  2.14e-02     0s
   9   1.02898927e+01 -1.71664656e+01  5.97e-05 3.55e-15  5.92e-03     0s
  10   7.04023063e+00 -6.06304625e+00  3.45e-05 7.11e-15  2.82e-03     0s
  11   4.49895520e+00 -1.82760524e+00  1.68e-05 3.55e-15  1.36e-03     0s
  12   3.64783871e+00  5.65165203e-02  1.11e-05 3.55e-15  7.74e-04     0s
  13   2.68753946e+00  1.47023393e+00  5.04e-06 3.55e-15  2.62e-04     0s
  14   2.16967908e+00  1.66978139e+00  1.79e-06 3.55e-15  1.08e-04     0s
  15   2.02960645e+00  1.73280750e+00  9.85e-07 3.55e-15  6.40e-05     0s
  16   1.97467742e+00  1.81716472e+00  6.33e-07 3.55e-15  3.40e-05     0s
  17   1.91001206e+00  1.84825606e+00  2.27e-07 1.78e-15  1.33e-05     0s
  18   1.90135682e+00  1.85218187e+00  1.74e-07 3.55e-15  1.06e-05     0s
  19   1.88090088e+00  1.86431768e+00  4.39e-08 1.78e-15  3.57e-06     0s
  20   1.87605112e+00  1.87085962e+00  1.26e-08 3.55e-15  1.12e-06     0s
  21   1.87437393e+00  1.87201600e+00  2.72e-09 3.55e-15  5.08e-07     0s
  22   1.87394056e+00  1.87348439e+00  7.63e-10 3.55e-15  9.83e-08     0s
  23   1.87384445e+00  1.87363992e+00  3.40e-10 3.55e-15  4.41e-08     0s
  24   1.87376713e+00  1.87375318e+00  2.30e-10 3.55e-15  3.01e-09     0s
  25   1.87376286e+00  1.87375969e+00  9.50e-10 7.11e-15  6.83e-10     0s
  26   1.87376275e+00  1.87376262e+00  9.37e-09 7.11e-15  2.75e-11     0s

Barrier solved model in 26 iterations and 0.13 seconds (0.12 work units)
Optimal objective 1.87376275e+00

Crossover time: 0.02 seconds (0.03 work units)

Root relaxation: objective 1.873763e+00, 354 iterations, 0.08 seconds (0.07 work units)

    Nodes    |    Current Node    |     Objective Bounds      |     Work
 Expl Unexpl |  Obj  Depth IntInf | Incumbent    BestBd   Gap | It/Node Time

     0     0    1.87376    0   32    5.36464    1.87376  65.1%     -    0s
H    0     0                       4.8212079    1.87376  61.1%     -    0s
     0     0    1.98044    0   33    4.82121    1.98044  58.9%     -    0s
     0     0    1.98135    0   40    4.82121    1.98135  58.9%     -    0s
     0     0    1.98135    0   41    4.82121    1.98135  58.9%     -    0s
     0     0    1.98201    0   34    4.82121    1.98201  58.9%     -    0s
     0     0    1.99106    0   36    4.82121    1.99106  58.7%     -    0s
H    0     0                       4.8212079    2.01417  58.2%     -    0s
     0     0    2.01417    0   30    4.82121    2.01417  58.2%     -    0s
     0     0    2.01425    0   33    4.82121    2.01425  58.2%     -    0s
     0     0    2.01425    0   34    4.82121    2.01425  58.2%     -    0s
     0     0    2.01425    0   34    4.82121    2.01425  58.2%     -    0s
     0     0    2.01425    0   34    4.82121    2.01425  58.2%     -    0s
     0     0    2.01425    0   29    4.82121    2.01425  58.2%     -    0s
     0     0    2.01425    0   29    4.82121    2.01425  58.2%     -    0s
     0     0    2.01425    0   29    4.82121    2.01425  58.2%     -    0s
     0     0    2.01425    0   29    4.82121    2.01425  58.2%     -    0s
     0     0    2.01425    0   29    4.82121    2.01425  58.2%     -    0s
     0     0    2.01425    0   29    4.82121    2.01425  58.2%     -    0s
     0     2    2.01425    0   29    4.82121    2.01425  58.2%     -    0s
H   51    67                       4.8212079    2.02687  58.0%  95.1    0s
H   58    67                       4.8212078    2.02687  58.0%  89.2    0s
H   65    67                       4.6842421    2.02687  56.7%  89.2    0s
H  101   106                       4.6842420    2.02687  56.7%  85.1    1s
H  119   128                       3.1310937    2.02687  35.3%  99.0    1s
H  267   231                       3.1310935    2.03894  34.9%  99.3    1s
H  386   318                       3.1310923    2.03894  34.9%  96.8    1s
*  475   371              41       2.9075188    2.03894  29.9%  93.2    2s
*  552   380              12       2.4320200    2.07072  14.9%  96.9    2s
H  760   200                       2.4208500    2.28081  5.78%  99.1    2s

Cutting planes:
  Cover: 8
  Implied bound: 23
  MIR: 40
  StrongCG: 2
  Flow cover: 10
  RLT: 2

Explored 1056 nodes (80892 simplex iterations) in 2.74 seconds (5.59 work units)
Thread count was 10 (of 10 available processors)

Solution count 10: 2.42085 2.43202 2.90752 ... 4.82121

Optimal solution found (tolerance 5.00e-03)
Best objective 2.420850000000e+00, best bound 2.420850000000e+00, gap 0.0000%
