
Gurobi 13.0.3 (mac64[arm]) logging started Sat Sep 26 12:19:40 2026

Set parameter LogFile to value "/Users/ashutosh/Desktop/Two-stage-Model/certainty_results/full/solves/nw_5_15_30M_phase2.log"
Gurobi Optimizer version 13.0.3 build v13.0.3rc0 (mac64[arm] - Darwin 27.0.0 26A428)

CPU model: Apple M1 Pro
Thread count: 10 physical cores, 10 logical processors, using up to 10 threads

Non-default parameters:
TimeLimit  21600
MIPGap  0.005
Method  2
LogToConsole  0

Optimize a model with 13556 rows, 5548 columns and 38834 nonzeros (Min)
Model fingerprint: 0xa4eca79d
Model has 724 linear objective coefficients
Variable types: 3498 continuous, 2050 integer (1688 binary)
Coefficient statistics:
  Matrix range     [1e-03, 1e+05]
  Objective range  [2e+04, 1e+05]
  Bounds range     [1e+00, 3e+00]
  RHS range        [1e-02, 3e+07]

Loaded user MIP start with objective 2.9925e+07
MIP start from previous solve did not produce a new incumbent solution

Presolve removed 11363 rows and 3796 columns
Presolve time: 0.05s
Presolved: 2193 rows, 1752 columns, 8503 nonzeros
Variable types: 1494 continuous, 258 integer (258 binary)
Root barrier log...

Ordering time: 0.00s

Barrier statistics:
 AA' NZ     : 3.036e+04
 Factor NZ  : 9.242e+04 (roughly 2 MB of memory)
 Factor Ops : 7.505e+06 (less than 1 second per iteration)
 Threads    : 10

                  Objective                Residual
Iter       Primal          Dual         Primal    Dual     Compl     Time
   0   2.25008650e+08 -1.94774998e+08  7.30e+04 9.09e-13  5.12e+06     0s
   1   8.16305766e+07 -2.13438602e+08  2.53e+04 4.78e+03  1.82e+06     0s
   2   1.07004067e+07 -2.13907054e+08  6.22e+02 9.09e-12  9.05e+04     0s
   3   4.78772311e+06 -2.48660017e+07  9.12e+01 4.37e-11  1.03e+04     0s
   4   1.99333939e+06 -8.82196413e+06  3.33e+01 2.91e-11  3.45e+03     0s
   5   1.17207612e+06 -3.93516624e+06  1.89e+01 3.78e-10  1.69e+03     0s
   6   8.21033480e+05 -1.28019094e+06  1.30e+01 4.37e-10  9.10e+02     0s
   7   6.86367678e+05 -4.28126252e+05  9.89e+00 6.69e-10  6.74e+02     0s
   8   7.55816716e+05  1.03086348e+06  8.53e+00 1.98e-09  5.95e+02     0s
   9   9.26660130e+05  1.80783231e+06  7.41e+00 2.62e-09  5.13e+02     0s
  10   1.12605783e+06  1.89129887e+06  7.00e+00 1.69e-09  5.14e+02     0s
  11   1.30451145e+06  2.23373555e+06  6.51e+00 2.68e-09  4.84e+02     0s
  12   1.43279911e+06  2.57622497e+06  6.16e+00 5.01e-09  4.58e+02     0s
  13   1.54584664e+06  3.08093616e+06  5.77e+00 3.73e-09  4.10e+02     0s
  14   1.63342523e+06  3.76631107e+06  5.47e+00 8.85e-09  3.84e+02     0s
  15   1.83142515e+06  4.22276444e+06  4.94e+00 6.29e-09  3.40e+02     0s
  16   1.88484006e+06  4.45616060e+06  4.85e+00 6.64e-09  3.33e+02     0s
  17   1.93521352e+06  4.67696863e+06  4.75e+00 6.40e-09  3.26e+02     0s
  18   2.03065409e+06  5.05681231e+06  4.58e+00 6.17e-09  3.12e+02     0s
  19   2.12390566e+06  5.48557363e+06  4.44e+00 5.17e-08  2.98e+02     0s
  20   2.22966203e+06  5.77174062e+06  4.31e+00 5.54e-08  2.85e+02     0s
  21   2.34067826e+06  6.13433872e+06  4.20e+00 4.70e-08  2.83e+02     0s
  22   2.44239602e+06  6.29672210e+06  4.09e+00 5.01e-08  2.76e+02     0s
  23   2.52154994e+06  6.46597577e+06  4.01e+00 2.12e-08  2.69e+02     0s
  24   2.69698571e+06  6.75364972e+06  3.84e+00 1.91e-08  2.58e+02     0s
  25   2.79821202e+06  6.92523407e+06  3.75e+00 1.84e-08  2.51e+02     0s
  26   3.07204351e+06  7.20999146e+06  3.54e+00 2.37e-08  2.38e+02     0s
  27   3.10769266e+06  7.75213397e+06  3.51e+00 2.96e-08  2.39e+02     0s
  28   3.27074142e+06  8.42794825e+06  3.38e+00 3.47e-08  2.31e+02     0s
  29   3.47492672e+06  8.61473293e+06  3.25e+00 4.45e-08  2.22e+02     0s
  30   3.49455957e+06  8.77633314e+06  3.24e+00 3.93e-08  2.20e+02     0s
  31   3.61249975e+06  9.03586006e+06  3.17e+00 4.40e-08  2.14e+02     0s
  32   3.79586102e+06  9.60165404e+06  3.06e+00 1.69e-07  2.08e+02     0s
  33   3.94460340e+06  9.64106497e+06  2.98e+00 1.98e-07  2.00e+02     0s
  34   4.28796055e+06  9.95783811e+06  2.81e+00 2.44e-07  1.91e+02     0s
  35   4.38973171e+06  1.02865297e+07  2.77e+00 1.93e-07  1.86e+02     0s
  36   4.47296817e+06  1.04507032e+07  2.73e+00 2.11e-07  1.83e+02     0s
  37   4.50885537e+06  1.06744370e+07  2.71e+00 2.06e-07  1.82e+02     0s
  38   4.61027834e+06  1.10842257e+07  2.67e+00 2.06e-07  1.81e+02     0s
  39   4.93156458e+06  1.16072712e+07  2.55e+00 1.40e-08  1.78e+02     0s
  40   5.06659167e+06  1.21486605e+07  2.50e+00 1.15e-07  1.75e+02     0s
  41   5.08691685e+06  1.23824956e+07  2.50e+00 1.12e-07  1.75e+02     0s
  42   5.23199002e+06  1.28387218e+07  2.45e+00 1.58e-07  1.70e+02     0s
  43   5.54534532e+06  1.27043542e+07  2.35e+00 4.70e-08  1.66e+02     0s
  44   5.59600720e+06  1.27810411e+07  2.34e+00 4.19e-08  1.65e+02     0s
  45   5.61945959e+06  1.30033147e+07  2.33e+00 4.70e-08  1.62e+02     0s
  46   5.76078197e+06  1.37170005e+07  2.29e+00 1.06e-07  1.64e+02     0s
  47   6.13316630e+06  1.46474027e+07  2.20e+00 6.71e-08  1.64e+02     0s
  48   6.20993479e+06  1.50935945e+07  2.18e+00 1.29e-07  1.59e+02     0s
  49   6.82432087e+06  1.51596086e+07  2.04e+00 4.10e-08  1.49e+02     0s
  50   6.91819885e+06  1.52662068e+07  2.01e+00 2.19e-07  1.46e+02     0s
  51   7.05368931e+06  1.55164861e+07  1.98e+00 2.08e-07  1.45e+02     0s
  52   7.97541884e+06  1.55938819e+07  1.78e+00 1.19e-07  1.29e+02     0s
  53   8.04145214e+06  1.57237178e+07  1.76e+00 1.42e-07  1.25e+02     0s
  54   8.10425834e+06  1.58465800e+07  1.74e+00 1.12e-07  1.24e+02     0s
  55   8.16623014e+06  1.64553056e+07  1.73e+00 1.13e-07  1.25e+02     0s
  56   8.36601669e+06  1.66975227e+07  1.68e+00 1.48e-07  1.20e+02     0s
  57   8.45286452e+06  1.71043984e+07  1.67e+00 5.31e-08  1.19e+02     0s
  58   8.55392028e+06  1.73010646e+07  1.65e+00 1.02e-07  1.17e+02     0s
  59   8.59301051e+06  1.75763400e+07  1.64e+00 2.98e-07  1.16e+02     0s
  60   9.12012830e+06  1.78260716e+07  1.54e+00 4.19e-07  1.09e+02     0s
  61   9.24863895e+06  1.78635084e+07  1.52e+00 3.82e-08  1.07e+02     0s
  62   9.51135184e+06  1.79061886e+07  1.48e+00 4.22e-07  1.09e+02     0s
  63   9.60716448e+06  1.82206745e+07  1.46e+00 4.11e-07  1.08e+02     0s
  64   9.66291451e+06  1.81903163e+07  1.45e+00 5.31e-08  1.07e+02     0s
  65   1.97731646e+09 -1.94774998e+08  7.30e+05 9.09e-13  5.06e+07     0s
  66   6.51905174e+08 -2.36726651e+08  2.90e+05 4.55e+03  2.04e+07     0s
  67   1.43560014e+08 -2.99673685e+08  4.29e+04 2.85e+01  3.17e+06     0s
  68   1.68981738e+07 -2.34466600e+08  2.40e+02 1.27e-11  7.07e+04     0s
  69   9.79847627e+06 -2.30275461e+07  6.55e+01 2.18e-11  9.59e+03     0s
  70   3.71113586e+06 -6.74826788e+06  2.45e+01 2.18e-10  3.01e+03     0s
  71   2.15951089e+06 -2.22332245e+06  1.39e+01 7.28e-11  1.38e+03     0s
  72   1.76968565e+06 -8.73297877e+05  1.11e+01 2.33e-10  9.74e+02     0s
  73   1.49268613e+06  7.67641951e+05  8.66e+00 1.78e-09  7.56e+02     0s
  74   1.48786552e+06  9.80387698e+05  8.08e+00 1.63e-09  7.07e+02     0s
  75   1.56754962e+06  1.67719316e+06  6.95e+00 4.54e-09  6.06e+02     0s
  76   1.74911858e+06  2.25463602e+06  6.14e+00 9.60e-09  5.36e+02     0s
  77   1.99620602e+06  2.37883871e+06  5.23e+00 1.16e-08  4.84e+02     0s
  78   2.07199952e+06  2.91807102e+06  5.03e+00 9.84e-09  4.44e+02     0s
  79   2.11565021e+06  3.26506569e+06  4.90e+00 4.31e-09  4.25e+02     0s
  80   2.14428654e+06  3.54535613e+06  4.82e+00 4.42e-09  4.16e+02     0s
  81   2.30735814e+06  4.31363472e+06  4.50e+00 5.36e-09  3.88e+02     0s
  82   2.37479518e+06  4.70556083e+06  4.39e+00 5.24e-09  3.75e+02     0s
  83   2.60874401e+06  4.94435165e+06  4.06e+00 4.42e-09  3.55e+02     0s
  84   2.64093932e+06  5.38389111e+06  4.02e+00 6.52e-09  3.48e+02     0s
  85   2.71152395e+06  5.43715901e+06  3.93e+00 6.05e-09  3.42e+02     0s
  86   2.78942092e+06  5.90377577e+06  3.85e+00 1.04e-08  3.30e+02     0s
  87   2.97297165e+06  5.97848721e+06  3.68e+00 1.15e-08  3.24e+02     0s
  88   3.02359228e+06  6.20972148e+06  3.64e+00 1.09e-08  3.17e+02     0s
  89   3.34075379e+06  6.28940444e+06  3.40e+00 2.56e-08  3.17e+02     0s
  90   3.40516119e+06  6.76503166e+06  3.34e+00 3.74e-08  3.01e+02     0s
  91   3.48326399e+06  7.23529261e+06  3.28e+00 1.62e-08  2.90e+02     0s
  92   3.58540550e+06  7.61608446e+06  3.20e+00 1.42e-08  2.84e+02     0s
  93   3.69189440e+06  7.82487751e+06  3.14e+00 2.53e-08  2.76e+02     0s
  94   3.83936365e+06  8.14097281e+06  3.05e+00 1.32e-07  2.64e+02     0s
  95   3.95308375e+06  7.95766251e+06  2.99e+00 1.33e-07  2.66e+02     0s
  96   4.12024229e+06  8.21193290e+06  2.90e+00 1.04e-07  2.65e+02     0s
  97   4.20010025e+06  9.69498275e+06  2.86e+00 6.89e-08  2.44e+02     0s
  98   4.45839947e+06  9.85639520e+06  2.74e+00 2.75e-07  2.38e+02     0s
  99   4.62231970e+06  1.04025254e+07  2.67e+00 1.40e-07  2.34e+02     0s
 100   4.68512459e+06  1.03608516e+07  2.65e+00 1.53e-07  2.33e+02     0s
 101   4.74068617e+06  1.06948152e+07  2.63e+00 1.86e-07  2.31e+02     0s
 102   4.83305411e+06  1.07559320e+07  2.59e+00 3.77e-08  2.30e+02     0s
 103   4.87243004e+06  1.08885721e+07  2.58e+00 1.84e-08  2.28e+02     0s
 104   4.92454785e+06  1.12291676e+07  2.56e+00 4.33e-08  2.25e+02     0s
 105   4.97580142e+06  1.13702399e+07  2.54e+00 4.05e-08  2.24e+02     0s
 106   5.13084633e+06  1.17169513e+07  2.49e+00 6.59e-08  2.20e+02     0s
 107   5.42237515e+06  1.20202168e+07  2.39e+00 9.87e-08  2.13e+02     0s
 108   5.50520245e+06  1.25547363e+07  2.36e+00 2.85e-07  2.04e+02     0s
 109   5.76493682e+06  1.27246003e+07  2.29e+00 3.49e-07  2.00e+02     0s
 110   5.83152336e+06  1.30263196e+07  2.27e+00 2.90e-07  1.94e+02     0s
 111   6.10323275e+06  1.34369326e+07  2.22e+00 2.64e-07  2.13e+02     0s
 112   6.67039517e+06  1.47997702e+07  2.08e+00 7.84e-07  1.92e+02     0s
 113   6.87495462e+06  1.50711565e+07  2.03e+00 1.60e-07  1.80e+02     0s
 114   7.07980455e+06  1.52423406e+07  1.98e+00 3.15e-07  1.71e+02     0s
 115   7.53368289e+06  1.53988369e+07  1.88e+00 4.61e-07  1.64e+02     0s
 116   7.84427578e+06  1.55248608e+07  1.81e+00 3.30e-07  1.55e+02     0s
 117   8.29192897e+06  1.56232949e+07  1.71e+00 7.91e-07  1.42e+02     0s
 118   8.40324498e+06  1.64130959e+07  1.68e+00 7.69e-07  1.40e+02     0s
 119   8.46066025e+06  1.68742580e+07  1.67e+00 7.56e-07  1.39e+02     0s
 120   8.51886197e+06  1.70135825e+07  1.66e+00 7.45e-07  1.38e+02     0s
 121   8.58168061e+06  1.71361754e+07  1.65e+00 8.66e-08  1.37e+02     0s
 122   8.60100910e+06  1.74381605e+07  1.64e+00 7.82e-08  1.36e+02     0s
 123   8.67216038e+06  1.76073578e+07  1.63e+00 8.52e-08  1.37e+02     0s
 124   9.16021085e+06  1.74843854e+07  1.55e+00 3.54e-06  1.36e+02     0s
 125   9.28776098e+06  1.78680806e+07  1.52e+00 6.60e-07  1.31e+02     0s
 126   9.51918813e+06  1.82610842e+07  1.48e+00 6.47e-07  1.27e+02     0s
 127   9.58749274e+06  1.82988623e+07  1.47e+00 1.94e-07  1.26e+02     0s
 128   9.64792543e+06  1.83256140e+07  1.46e+00 5.01e-07  1.25e+02     0s
 129   9.77291455e+06  1.83810370e+07  1.44e+00 1.83e-07  1.24e+02     0s
 130   1.01620253e+07  1.84460278e+07  1.38e+00 6.80e-07  1.24e+02     0s
 131   1.01986058e+07  1.85258221e+07  1.38e+00 1.12e-07  1.23e+02     0s
 132   1.03222509e+07  1.86299124e+07  1.36e+00 9.22e-08  1.22e+02     0s
 133   1.03420896e+07  1.93061572e+07  1.35e+00 1.20e-07  1.22e+02     0s
 134   1.05092557e+07  1.94597774e+07  1.33e+00 4.09e-07  1.19e+02     0s
 135   1.08838275e+07  1.97344661e+07  1.28e+00 1.62e-07  1.19e+02     0s
 136   1.09395525e+07  2.04064483e+07  1.27e+00 1.96e-06  1.14e+02     0s
 137   1.11412489e+07  2.06227677e+07  1.25e+00 1.02e-07  1.22e+02     0s
 138   1.16081558e+07  2.05711140e+07  1.19e+00 1.16e-06  1.25e+02     0s
 139   1.17926442e+07  2.09664039e+07  1.17e+00 1.07e-06  1.20e+02     0s
 140   1.21731054e+07  2.12298608e+07  1.13e+00 1.96e-07  1.15e+02     0s
 141   1.27250982e+07  2.15088196e+07  1.06e+00 1.38e-06  1.04e+02     0s
 142   1.27929317e+07  2.15604519e+07  1.05e+00 1.59e-06  1.01e+02     0s
 143   1.31748541e+07  2.16320994e+07  1.01e+00 1.12e-06  9.87e+01     0s
 144   1.33921341e+07  2.18181913e+07  9.86e-01 2.20e-06  9.21e+01     0s
 145   1.38212859e+07  2.19156640e+07  9.37e-01 1.66e-06  8.50e+01     0s
 146   1.38380625e+07  2.19679536e+07  9.35e-01 1.65e-06  8.49e+01     0s
 147   1.38647163e+07  2.20411298e+07  9.32e-01 1.64e-06  8.50e+01     0s
 148   1.39474352e+07  2.26943132e+07  9.24e-01 4.42e-06  8.12e+01     0s
 149   1.39705223e+07  2.28183166e+07  9.21e-01 7.99e-07  8.01e+01     0s
 150   1.42380087e+07  2.29901317e+07  8.95e-01 1.00e-06  7.90e+01     0s
 151   1.47769959e+07  2.32824922e+07  8.48e-01 1.52e-06  9.12e+01     0s
 152   1.54334848e+07  2.37879936e+07  7.86e-01 1.56e-06  8.53e+01     0s
 153   1.55755979e+07  2.39640062e+07  7.73e-01 1.95e-06  8.29e+01     0s
 154   1.57645251e+07  2.45628953e+07  7.59e-01 1.69e-06  8.60e+01     0s
 155   1.59191429e+07  2.45439223e+07  7.46e-01 2.43e-06  8.43e+01     0s
 156   1.60056282e+07  2.45678327e+07  7.38e-01 3.91e-07  8.34e+01     0s
 157   1.60641552e+07  2.46799349e+07  7.33e-01 3.89e-07  8.25e+01     0s
 158   1.61267071e+07  2.49567167e+07  7.28e-01 3.82e-07  8.15e+01     0s
 159   1.64656289e+07  2.56028287e+07  7.02e-01 6.33e-07  7.66e+01     0s
 160   1.68182349e+07  2.58776194e+07  6.77e-01 9.11e-07  7.35e+01     0s
 161   1.74224673e+07  2.59167201e+07  6.33e-01 1.04e-06  6.99e+01     0s
 162   1.74840861e+07  2.59932604e+07  6.29e-01 2.62e-05  6.57e+01     0s
 163   1.78741878e+07  2.60581615e+07  6.01e-01 2.61e-05  6.42e+01     0s
 164   1.84088632e+07  2.60612556e+07  5.62e-01 2.37e-05  6.21e+01     0s
 165   1.89901767e+07  2.60645740e+07  5.21e-01 2.61e-05  5.95e+01     0s
 166   1.91381963e+07  2.60715533e+07  5.10e-01 3.91e-05  5.76e+01     0s
 167   1.94233577e+07  2.61279214e+07  4.89e-01 4.55e-06  5.08e+01     0s
 168   1.94586315e+07  2.62247894e+07  4.87e-01 4.57e-06  4.93e+01     0s
 169   1.96781842e+07  2.62944918e+07  4.72e-01 4.30e-06  4.80e+01     0s
 170   2.04880070e+07  2.63087199e+07  4.15e-01 4.62e-06  4.49e+01     0s
 171   2.05882196e+07  2.63809488e+07  4.08e-01 4.27e-06  4.10e+01     0s
 172   2.07583382e+07  2.64617371e+07  3.97e-01 4.38e-06  3.85e+01     0s
 173   2.07703701e+07  2.66862952e+07  3.96e-01 4.25e-06  3.79e+01     0s
 174   2.08784886e+07  2.67881017e+07  3.89e-01 4.25e-06  3.77e+01     0s
 175   2.10931688e+07  2.68017660e+07  3.75e-01 4.47e-06  3.65e+01     0s
 176   2.13297106e+07  2.67602900e+07  3.60e-01 1.59e-06  3.60e+01     0s
 177   2.14792693e+07  2.66105131e+07  3.50e-01 2.24e-05  4.03e+01     0s
 178   2.15203447e+07  2.67436101e+07  3.48e-01 1.64e-05  3.98e+01     0s
 179   2.15990961e+07  2.69060079e+07  3.43e-01 2.15e-06  3.98e+01     0s
 180   2.16983620e+07  2.70322506e+07  3.37e-01 4.60e-06  3.90e+01     0s
 181   2.18125513e+07  2.70816464e+07  3.30e-01 5.51e-06  3.82e+01     0s
 182   2.19484711e+07  2.71065658e+07  3.22e-01 2.09e-06  3.73e+01     0s
 183   2.21850696e+07  2.71230297e+07  3.07e-01 1.07e-06  3.59e+01     0s
 184   2.23298057e+07  2.71258699e+07  2.98e-01 1.20e-06  3.53e+01     0s
 185   2.24503119e+07  2.71298057e+07  2.91e-01 1.37e-06  3.46e+01     0s
 186   2.31194366e+07  2.71212410e+07  2.50e-01 1.88e-05  3.23e+01     0s
 187   2.31235613e+07  2.71384294e+07  2.50e-01 1.86e-05  3.18e+01     0s
 188   2.31416441e+07  2.71980532e+07  2.49e-01 1.86e-05  3.18e+01     0s
 189   2.31794686e+07  2.72743234e+07  2.47e-01 2.05e-05  3.14e+01     0s
 190   2.34013566e+07  2.73484307e+07  2.34e-01 2.41e-06  3.07e+01     0s
 191   2.37012169e+07  2.73277180e+07  2.17e-01 1.50e-05  2.75e+01     0s
 192   2.37246784e+07  2.73740945e+07  2.15e-01 6.26e-06  2.57e+01     0s
 193   2.38098879e+07  2.74824438e+07  2.11e-01 4.56e-06  2.42e+01     0s
 194   2.40200717e+07  2.75101467e+07  1.99e-01 6.03e-06  2.32e+01     0s
 195   2.43447245e+07  2.75565462e+07  1.81e-01 6.91e-06  2.07e+01     0s
 196   2.47041067e+07  2.75463410e+07  1.61e-01 1.09e-05  1.94e+01     1s
 197   2.48554077e+07  2.75504639e+07  1.53e-01 1.37e-05  1.87e+01     1s
 198   2.49366278e+07  2.75607925e+07  1.48e-01 9.06e-06  1.77e+01     1s
 199   2.50710837e+07  2.75875009e+07  1.41e-01 6.60e-06  1.67e+01     1s
 200   2.50921481e+07  2.75923657e+07  1.40e-01 6.53e-06  1.63e+01     1s
 201   2.51591346e+07  2.75993399e+07  1.36e-01 1.44e-05  1.52e+01     1s
 202   2.55103486e+07  2.76018552e+07  1.17e-01 1.36e-05  1.36e+01     1s
 203   2.55311431e+07  2.76191207e+07  1.16e-01 9.24e-06  1.29e+01     1s
 204   2.55763183e+07  2.76234802e+07  1.13e-01 9.21e-06  1.26e+01     1s
 205   2.55951032e+07  2.76277345e+07  1.12e-01 7.63e-06  1.24e+01     1s
 206   2.56262390e+07  2.76360571e+07  1.10e-01 5.64e-06  1.20e+01     1s
 207   2.56850763e+07  2.76442518e+07  1.07e-01 5.10e-06  1.19e+01     1s
 208   2.57641368e+07  2.76533682e+07  1.03e-01 5.80e-06  1.22e+01     1s
 209   2.58395901e+07  2.76546759e+07  9.92e-02 5.21e-06  1.21e+01     1s
 210   2.59492563e+07  2.76602140e+07  9.34e-02 1.50e-06  1.16e+01     1s
 211   2.61414970e+07  2.76695529e+07  8.31e-02 3.89e-05  1.02e+01     1s
 212   2.61748120e+07  2.76810790e+07  8.13e-02 4.92e-05  9.42e+00     1s
 213   2.62135221e+07  2.76919186e+07  7.93e-02 3.23e-05  9.10e+00     1s
 214   2.62735396e+07  2.76992512e+07  7.61e-02 2.64e-05  8.67e+00     1s
 215   2.64778981e+07  2.77118013e+07  6.55e-02 4.15e-05  7.46e+00     1s
 216   2.68434195e+07  2.77157723e+07  4.64e-02 1.48e-04  5.53e+00     1s
 217   2.68701597e+07  2.77218376e+07  4.50e-02 1.37e-04  4.27e+00     1s
 218   2.68933137e+07  2.77220581e+07  4.38e-02 1.37e-04  4.25e+00     1s
 219   2.69151513e+07  2.77276867e+07  4.26e-02 6.37e-05  3.55e+00     1s
 220   2.69863348e+07  2.77342459e+07  3.90e-02 2.25e-06  3.45e+00     1s
 221   2.71200822e+07  2.77386643e+07  3.22e-02 5.66e-06  2.96e+00     1s
 222   2.71569269e+07  2.77422014e+07  3.03e-02 2.53e-05  2.44e+00     1s
 223   2.71707062e+07  2.77446596e+07  2.96e-02 1.95e-05  2.20e+00     1s
 224   2.72711935e+07  2.77454886e+07  2.44e-02 1.66e-05  1.86e+00     1s
 225   2.72952541e+07  2.77479703e+07  2.32e-02 1.47e-05  1.68e+00     1s
 226   2.73085762e+07  2.77485137e+07  2.25e-02 1.02e-05  1.63e+00     1s
 227   2.73414310e+07  2.77499374e+07  2.08e-02 2.47e-05  1.53e+00     1s
 228   2.73566431e+07  2.77497991e+07  2.01e-02 2.47e-05  1.49e+00     1s
 229   2.74388219e+07  2.77505384e+07  1.59e-02 1.13e-05  1.36e+00     1s
 230   2.74953902e+07  2.77511410e+07  1.31e-02 8.58e-06  1.10e+00     1s
 231   2.74997089e+07  2.77517572e+07  1.28e-02 1.06e-05  1.05e+00     1s
 232   2.75028851e+07  2.77532964e+07  1.27e-02 8.45e-06  1.01e+00     1s
 233   2.75592711e+07  2.77546480e+07  9.84e-03 1.07e-05  7.38e-01     1s
 234   2.75751033e+07  2.77558343e+07  9.04e-03 2.05e-05  6.46e-01     1s
 235   2.75778415e+07  2.77560998e+07  8.91e-03 1.77e-05  6.36e-01     1s
 236   2.75789275e+07  2.77563306e+07  8.85e-03 1.74e-05  6.31e-01     1s
 237   2.75793558e+07  2.77591632e+07  8.83e-03 1.68e-05  6.30e-01     1s
 238   2.75794687e+07  2.77596299e+07  8.83e-03 1.12e-08  6.30e-01     1s
 239   2.75798345e+07  2.77598549e+07  8.81e-03 1.01e-07  6.30e-01     1s
 240   2.75865540e+07  2.77682740e+07  8.52e-03 4.77e-07  7.04e-01     1s
 241   2.75872104e+07  2.77691658e+07  8.49e-03 1.86e-08  6.96e-01     1s
 242   2.77543350e+07  2.77652261e+07  7.16e-04 7.34e-05  9.57e-01     1s
 243   2.77695917e+07  2.77695896e+07  1.79e-06 1.70e-05  8.87e-03     1s
 244   2.77696259e+07  2.77696260e+07  2.44e-09 1.88e-06  9.30e-06     1s
 245   2.77696260e+07  2.77696260e+07  1.46e-12 1.73e-06  9.73e-09     1s

Barrier solved model in 245 iterations and 0.62 seconds (0.38 work units)
Optimal objective 2.77696260e+07

Crossover time: 0.01 seconds (0.02 work units)

Root relaxation: objective 2.776963e+07, 249 iterations, 0.56 seconds (0.31 work units)

    Nodes    |    Current Node    |     Objective Bounds      |     Work
 Expl Unexpl |  Obj  Depth IntInf | Incumbent    BestBd   Gap | It/Node Time

     0     0 2.7770e+07    0   42 2.9925e+07 2.7770e+07  7.20%     -    0s
     0     0 2.8085e+07    0   41 2.9925e+07 2.8085e+07  6.15%     -    0s
     0     0 2.8098e+07    0   41 2.9925e+07 2.8098e+07  6.11%     -    0s
     0     0 2.8391e+07    0   53 2.9925e+07 2.8391e+07  5.13%     -    0s
     0     0 2.8405e+07    0   52 2.9925e+07 2.8405e+07  5.08%     -    0s
     0     0 2.8405e+07    0   52 2.9925e+07 2.8405e+07  5.08%     -    1s
     0     0 2.8405e+07    0   48 2.9925e+07 2.8405e+07  5.08%     -    1s
     0     2 2.8405e+07    0   48 2.9925e+07 2.8405e+07  5.08%     -    1s

Cutting planes:
  Cover: 4
  Implied bound: 51
  MIR: 7
  Flow cover: 10
  RLT: 5
  Relax-and-lift: 1

Explored 652 nodes (42611 simplex iterations) in 2.33 seconds (4.11 work units)
Thread count was 10 (of 10 available processors)

Solution count 1: 2.9925e+07 

Optimal solution found (tolerance 5.00e-03)
Best objective 2.992500000000e+07, best bound 2.992500000000e+07, gap 0.0000%
