
Gurobi 13.0.3 (mac64[arm]) logging started Sat Sep 26 12:19:02 2026

Set parameter LogFile to value "/Users/ashutosh/Desktop/Two-stage-Model/certainty_results/full/solves/nw_5_10_20M_phase2.log"
Gurobi Optimizer version 13.0.3 build v13.0.3rc0 (mac64[arm] - Darwin 27.0.0 26A428)

CPU model: Apple M1 Pro
Thread count: 10 physical cores, 10 logical processors, using up to 10 threads

Non-default parameters:
TimeLimit  21600
MIPGap  0.005
Method  2
LogToConsole  0

Optimize a model with 13561 rows, 5548 columns and 38849 nonzeros (Min)
Model fingerprint: 0x6c77c36d
Model has 724 linear objective coefficients
Variable types: 3498 continuous, 2050 integer (1688 binary)
Coefficient statistics:
  Matrix range     [1e-03, 1e+05]
  Objective range  [2e+04, 1e+05]
  Bounds range     [1e+00, 3e+00]
  RHS range        [1e-02, 2e+07]

Loaded user MIP start with objective 2e+07
MIP start from previous solve did not produce a new incumbent solution

Presolve removed 11317 rows and 3792 columns
Presolve time: 0.06s
Presolved: 2244 rows, 1756 columns, 8651 nonzeros
Variable types: 1495 continuous, 261 integer (261 binary)
Root barrier log...

Ordering time: 0.00s

Barrier statistics:
 AA' NZ     : 3.153e+04
 Factor NZ  : 9.020e+04 (roughly 2 MB of memory)
 Factor Ops : 6.525e+06 (less than 1 second per iteration)
 Threads    : 10

                  Objective                Residual
Iter       Primal          Dual         Primal    Dual     Compl     Time
   0   3.51471451e+08 -2.05492635e+08  1.18e+05 9.09e-13  8.38e+06     0s
   1   1.55192783e+08 -2.38895584e+08  5.48e+04 4.61e+03  3.94e+06     0s
   2   1.88085567e+07 -2.58439224e+08  1.89e+03 1.00e-11  1.94e+05     0s
   3   8.24480956e+06 -7.20241246e+07  1.35e+02 2.55e-11  2.45e+04     0s
   4   4.80941659e+06 -1.75520090e+07  5.68e+01 1.46e-11  6.87e+03     0s
   5   2.24997350e+06 -8.95040144e+06  2.45e+01 4.37e-11  3.19e+03     0s
   6   1.35951558e+06 -3.89642062e+06  1.42e+01 1.46e-10  1.58e+03     0s
   7   9.57726048e+05 -7.80371345e+05  9.69e+00 1.50e-09  7.61e+02     0s
   8   8.89327196e+05  6.15479070e+05  7.63e+00 1.86e-09  5.55e+02     0s
   9   1.03476378e+06  1.31616725e+06  6.98e+00 4.54e-09  5.17e+02     0s
  10   1.12397461e+06  1.69097377e+06  6.60e+00 3.49e-09  4.91e+02     0s
  11   1.13479745e+06  2.27333910e+06  6.52e+00 2.79e-09  4.75e+02     0s
  12   1.23683477e+06  2.56899715e+06  6.20e+00 4.19e-09  4.60e+02     0s
  13   1.50747112e+06  3.07826663e+06  5.21e+00 6.17e-09  3.80e+02     0s
  14   1.57807096e+06  3.38677378e+06  5.02e+00 9.20e-09  3.59e+02     0s
  15   1.61815304e+06  3.50365244e+06  4.89e+00 8.15e-09  3.48e+02     0s
  16   1.64630010e+06  3.64620821e+06  4.81e+00 7.68e-09  3.43e+02     0s
  17   1.67089618e+06  3.98319730e+06  4.75e+00 6.75e-09  3.39e+02     0s
  18   1.77189629e+06  4.70466794e+06  4.50e+00 3.96e-09  3.17e+02     0s
  19   2.02053601e+06  4.75295932e+06  4.14e+00 9.90e-09  2.91e+02     0s
  20   2.11402820e+06  5.35657370e+06  4.02e+00 3.59e-08  2.69e+02     0s
  21   2.22807251e+06  5.43775574e+06  3.88e+00 3.70e-08  2.60e+02     0s
  22   2.33376230e+06  5.52150232e+06  3.76e+00 4.21e-08  2.53e+02     0s
  23   2.37374329e+06  5.62790493e+06  3.71e+00 4.68e-08  2.50e+02     0s
  24   2.50542937e+06  5.77798530e+06  3.58e+00 3.98e-08  2.40e+02     0s
  25   2.58972311e+06  5.97704290e+06  3.49e+00 3.10e-08  2.32e+02     0s
  26   2.68125080e+06  6.35922212e+06  3.41e+00 1.16e-08  2.27e+02     0s
  27   2.79531679e+06  6.74928415e+06  3.31e+00 1.26e-08  2.19e+02     0s
  28   2.92416180e+06  6.85764209e+06  3.20e+00 1.26e-08  2.12e+02     0s
  29   2.98794948e+06  6.97333856e+06  3.15e+00 1.28e-08  2.08e+02     0s
  30   3.07578133e+06  7.23800711e+06  3.08e+00 1.23e-08  2.03e+02     0s
  31   3.16558645e+06  7.48793943e+06  3.01e+00 1.14e-08  1.97e+02     0s
  32   3.33957607e+06  7.67225598e+06  2.89e+00 9.55e-09  1.88e+02     0s
  33   3.41544253e+06  8.00471524e+06  2.85e+00 1.14e-08  1.84e+02     0s
  34   3.57813809e+06  8.15198097e+06  2.75e+00 1.21e-08  1.78e+02     0s
  35   3.76022688e+06  8.23634288e+06  2.65e+00 1.30e-08  1.73e+02     0s
  36   3.84410568e+06  8.29148559e+06  2.60e+00 1.23e-08  1.69e+02     0s
  37   3.86912901e+06  8.41360562e+06  2.58e+00 1.19e-08  1.68e+02     0s
  38   3.95577257e+06  8.47304443e+06  2.54e+00 1.26e-08  1.64e+02     0s
  39   4.01588877e+06  9.01361113e+06  2.50e+00 3.12e-08  1.63e+02     0s
  40   4.12026639e+06  9.35828032e+06  2.44e+00 4.28e-08  1.59e+02     0s
  41   4.39801511e+06  9.60791260e+06  2.32e+00 7.22e-09  1.48e+02     0s
  42   4.44229587e+06  9.67327258e+06  2.30e+00 3.10e-08  1.47e+02     0s
  43   4.59992359e+06  9.77394173e+06  2.23e+00 8.66e-08  1.41e+02     0s
  44   4.90814271e+06  9.90083197e+06  2.10e+00 1.22e-07  1.31e+02     0s
  45   5.12663707e+06  1.00577967e+07  2.02e+00 1.03e-07  1.24e+02     0s
  46   5.19978574e+06  1.01177991e+07  1.99e+00 1.12e-07  1.25e+02     0s
  47   5.31955893e+06  1.01538649e+07  1.94e+00 1.21e-07  1.22e+02     0s
  48   5.38393539e+06  1.02516665e+07  1.92e+00 2.47e-08  1.19e+02     0s
  49   5.48017206e+06  1.03436019e+07  1.88e+00 1.96e-08  1.17e+02     0s
  50   5.69341075e+06  1.03696875e+07  1.80e+00 3.42e-08  1.12e+02     0s
  51   5.82612460e+06  1.04887991e+07  1.75e+00 3.73e-08  1.09e+02     0s
  52   5.85215123e+06  1.06598104e+07  1.74e+00 4.24e-08  1.07e+02     0s
  53   5.87540308e+06  1.10626257e+07  1.74e+00 6.75e-08  1.08e+02     0s
  54   5.95313789e+06  1.15992955e+07  1.71e+00 6.82e-08  1.06e+02     0s
  55   6.00299443e+06  1.21050727e+07  1.69e+00 2.61e-08  1.06e+02     0s
  56   3.32312140e+09 -2.14393660e+08  1.18e+06 9.09e-13  8.63e+07     0s
  57   4.97105642e+08 -2.97729070e+08  3.78e+05 2.58e+03  2.83e+07     0s
  58   2.84476646e+07 -3.25065688e+08  4.12e+03 1.64e-11  3.81e+05     0s
  59   1.29791793e+07 -1.58389858e+08  4.18e+02 3.37e-11  6.31e+04     0s
  60   5.76253713e+06 -4.31421517e+07  7.70e+01 1.64e-11  1.40e+04     0s
  61   3.02104780e+06 -2.15761775e+07  3.14e+01 1.46e-11  6.45e+03     0s
  62   1.95711967e+06 -8.81011668e+06  1.86e+01 8.73e-11  2.94e+03     0s
  63   1.16022063e+06 -2.79559434e+06  1.03e+01 1.60e-10  1.24e+03     0s
  64   1.00972545e+06 -1.68166240e+06  8.20e+00 1.75e-10  9.44e+02     0s
  65   9.72220758e+05 -1.28673778e+06  7.66e+00 2.04e-10  8.70e+02     0s
  66   1.07544635e+06 -3.91281520e+05  6.94e+00 8.73e-10  7.76e+02     0s
  67   1.18956555e+06  8.16005738e+05  6.52e+00 1.11e-09  6.84e+02     0s
  68   1.20106449e+06  1.14407650e+06  6.43e+00 1.40e-09  6.61e+02     0s
  69   1.20908357e+06  1.80316295e+06  6.38e+00 2.21e-09  6.28e+02     0s
  70   1.53335339e+06  2.21775818e+06  5.62e+00 2.68e-09  5.78e+02     0s
  71   1.61633558e+06  2.78280441e+06  5.32e+00 3.38e-09  5.23e+02     0s
  72   1.66209594e+06  3.00271096e+06  5.17e+00 3.26e-09  5.04e+02     0s
  73   1.73940988e+06  3.19661720e+06  4.91e+00 3.14e-09  4.79e+02     0s
  74   1.78211140e+06  3.43509924e+06  4.78e+00 3.26e-09  4.64e+02     0s
  75   2.01103800e+06  4.11279111e+06  4.55e+00 2.56e-09  4.65e+02     0s
  76   2.10182942e+06  4.25452036e+06  4.35e+00 5.01e-09  4.53e+02     0s
  77   2.25029856e+06  4.48368944e+06  4.10e+00 6.98e-10  4.25e+02     0s
  78   2.34923505e+06  4.75409930e+06  3.96e+00 1.86e-09  4.08e+02     0s
  79   2.46925154e+06  5.01312155e+06  3.80e+00 2.33e-09  3.91e+02     0s
  80   2.56977337e+06  5.05333385e+06  3.68e+00 2.33e-09  3.83e+02     0s
  81   2.64230201e+06  5.11880915e+06  3.60e+00 1.86e-09  3.83e+02     0s
  82   2.84120321e+06  5.86242570e+06  3.39e+00 1.09e-08  3.52e+02     0s
  83   3.11338754e+06  6.38576691e+06  3.14e+00 5.59e-09  3.22e+02     0s
  84   3.18612561e+06  6.77438249e+06  3.08e+00 6.05e-09  3.10e+02     0s
  85   3.35394135e+06  7.17333941e+06  2.96e+00 1.05e-08  2.94e+02     0s
  86   3.43108002e+06  7.32686693e+06  2.91e+00 1.23e-08  2.88e+02     0s
  87   3.55633487e+06  7.51485771e+06  2.82e+00 3.42e-08  2.80e+02     0s
  88   3.71261049e+06  7.69891631e+06  2.72e+00 5.03e-08  2.69e+02     0s
  89   3.89363426e+06  7.91409570e+06  2.61e+00 1.68e-08  2.56e+02     0s
  90   3.90729706e+06  8.08236671e+06  2.61e+00 1.30e-08  2.55e+02     0s
  91   3.97598573e+06  8.20378338e+06  2.57e+00 1.42e-08  2.51e+02     0s
  92   4.12911058e+06  8.39120445e+06  2.48e+00 6.52e-09  2.41e+02     0s
  93   4.24127487e+06  8.82578917e+06  2.42e+00 5.59e-09  2.34e+02     0s
  94   4.31935529e+06  9.00257288e+06  2.39e+00 8.85e-09  2.31e+02     0s
  95   4.66843438e+06  8.74140450e+06  2.28e+00 1.40e-08  2.49e+02     0s
  96   4.80271806e+06  9.27934772e+06  2.22e+00 1.09e-08  2.34e+02     0s
  97   4.93160088e+06  9.35813104e+06  2.17e+00 2.56e-08  2.29e+02     0s
  98   5.01469247e+06  9.41370952e+06  2.13e+00 3.31e-08  2.25e+02     0s
  99   5.13362297e+06  9.58198900e+06  2.09e+00 2.34e-07  2.20e+02     0s
 100   5.28063078e+06  9.63699111e+06  2.02e+00 1.60e-07  2.14e+02     0s
 101   5.44682685e+06  9.93324198e+06  1.95e+00 2.57e-07  2.09e+02     0s
 102   5.57170374e+06  1.01149889e+07  1.90e+00 2.67e-07  2.03e+02     0s
 103   5.74772937e+06  1.02661166e+07  1.83e+00 4.07e-07  1.95e+02     0s
 104   5.79332466e+06  1.04695711e+07  1.81e+00 4.95e-07  1.93e+02     0s
 105   5.89513668e+06  1.06658418e+07  1.77e+00 7.59e-07  1.88e+02     0s
 106   5.93086019e+06  1.12986168e+07  1.76e+00 1.02e-08  1.88e+02     0s
 107   6.03493180e+06  1.18679133e+07  1.73e+00 4.80e-08  1.88e+02     0s
 108   6.11282761e+06  1.23796313e+07  1.70e+00 3.73e-08  1.88e+02     0s
 109   6.33672050e+06  1.26145692e+07  1.64e+00 5.34e-07  1.80e+02     0s
 110   6.46302334e+06  1.27513361e+07  1.61e+00 1.82e-08  1.76e+02     0s
 111   6.73755560e+06  1.27238369e+07  1.54e+00 4.42e-08  1.66e+02     0s
 112   7.04189225e+06  1.29347810e+07  1.47e+00 7.54e-08  1.54e+02     0s
 113   7.28006979e+06  1.31594596e+07  1.42e+00 6.61e-08  1.49e+02     0s
 114   7.32594979e+06  1.31767044e+07  1.41e+00 6.29e-08  1.48e+02     0s
 115   8.18776814e+06  1.31766502e+07  1.21e+00 8.85e-08  1.33e+02     0s
 116   8.23034396e+06  1.34360373e+07  1.20e+00 2.80e-06  1.26e+02     0s
 117   8.35462108e+06  1.36562319e+07  1.17e+00 3.67e-06  1.21e+02     0s
 118   8.38802737e+06  1.37531348e+07  1.16e+00 3.53e-06  1.20e+02     0s
 119   8.53201583e+06  1.39758949e+07  1.13e+00 2.93e-06  1.17e+02     0s
 120   9.04946864e+06  1.39575206e+07  1.03e+00 1.12e-07  1.05e+02     0s
 121   9.25270190e+06  1.40397884e+07  9.85e-01 4.11e-06  9.48e+01     0s
 122   9.94967724e+06  1.41747583e+07  8.49e-01 7.08e-06  8.03e+01     0s
 123   9.98080429e+06  1.42339321e+07  8.43e-01 9.52e-06  7.84e+01     0s
 124   1.00936860e+07  1.43001700e+07  8.22e-01 9.88e-06  7.67e+01     0s
 125   1.01431879e+07  1.43417848e+07  8.12e-01 9.19e-06  7.56e+01     0s
 126   1.02594956e+07  1.43552378e+07  7.90e-01 7.43e-06  7.34e+01     0s
 127   1.03457360e+07  1.44474056e+07  7.74e-01 9.06e-06  7.07e+01     0s
 128   1.04255859e+07  1.44676964e+07  7.58e-01 8.88e-06  6.83e+01     0s
 129   1.04836434e+07  1.48671869e+07  7.46e-01 9.47e-06  6.72e+01     0s
 130   1.05745728e+07  1.49114821e+07  7.31e-01 1.07e-05  6.57e+01     0s
 131   1.06769940e+07  1.49369743e+07  7.14e-01 1.25e-05  6.39e+01     0s
 132   1.09260120e+07  1.49730841e+07  6.74e-01 1.04e-05  6.09e+01     0s
 133   1.09405014e+07  1.51341287e+07  6.71e-01 9.20e-06  6.06e+01     0s
 134   1.10005901e+07  1.50867256e+07  6.63e-01 9.17e-06  6.14e+01     0s
 135   1.12424358e+07  1.51617514e+07  6.25e-01 1.45e-06  5.77e+01     0s
 136   1.14225142e+07  1.52551985e+07  5.96e-01 1.56e-06  5.14e+01     0s
 137   1.14300003e+07  1.52549459e+07  5.95e-01 1.61e-06  5.13e+01     0s
 138   1.14415331e+07  1.52708835e+07  5.93e-01 1.38e-06  5.12e+01     0s
 139   1.16159596e+07  1.52411395e+07  5.67e-01 1.11e-06  4.96e+01     0s
 140   1.16690281e+07  1.55515820e+07  5.58e-01 7.08e-08  4.73e+01     0s
 141   1.17834179e+07  1.56328338e+07  5.44e-01 7.92e-08  4.91e+01     0s
 142   1.18724226e+07  1.57510521e+07  5.35e-01 8.01e-08  5.41e+01     0s
 143   1.21069613e+07  1.57800770e+07  5.05e-01 2.04e-06  5.50e+01     0s
 144   1.21136145e+07  1.60383687e+07  5.01e-01 2.18e-07  5.00e+01     0s
 145   1.23166225e+07  1.62044084e+07  4.77e-01 2.43e-06  5.03e+01     0s
 146   1.26038630e+07  1.62821634e+07  4.43e-01 3.19e-06  4.84e+01     0s
 147   1.31799643e+07  1.61057745e+07  3.76e-01 1.54e-05  5.20e+01     0s
 148   1.34220060e+07  1.61074719e+07  3.49e-01 1.76e-05  5.55e+01     0s
 149   1.37721430e+07  1.62449623e+07  3.09e-01 7.98e-06  5.22e+01     0s
 150   1.38774489e+07  1.63195504e+07  2.97e-01 3.09e-07  4.53e+01     0s
 151   1.39046992e+07  1.63396289e+07  2.94e-01 3.45e-07  4.48e+01     0s
 152   1.39317486e+07  1.63771192e+07  2.91e-01 3.13e-07  4.42e+01     0s
 153   1.40114530e+07  1.64614172e+07  2.81e-01 3.24e-07  4.25e+01     0s
 154   1.40793583e+07  1.64882821e+07  2.74e-01 3.58e-07  4.15e+01     0s
 155   1.41729670e+07  1.65073749e+07  2.64e-01 4.23e-07  4.02e+01     0s
 156   1.43308311e+07  1.65272147e+07  2.47e-01 3.56e-07  3.82e+01     0s
 157   1.44353204e+07  1.65491752e+07  2.36e-01 5.96e-07  3.58e+01     0s
 158   1.45034391e+07  1.65559132e+07  2.28e-01 4.94e-07  3.40e+01     0s
 159   1.48716475e+07  1.65764446e+07  1.90e-01 3.80e-07  3.05e+01     0s
 160   1.50725873e+07  1.65977657e+07  1.69e-01 4.79e-07  2.68e+01     0s
 161   1.52405849e+07  1.66218807e+07  1.51e-01 5.85e-07  2.24e+01     0s
 162   1.52645206e+07  1.66579979e+07  1.48e-01 6.11e-07  2.12e+01     0s
 163   1.53346078e+07  1.66892933e+07  1.41e-01 5.38e-07  1.99e+01     0s
 164   1.53846499e+07  1.67243831e+07  1.36e-01 5.23e-07  1.89e+01     0s
 165   1.54348479e+07  1.67587151e+07  1.31e-01 5.40e-07  1.81e+01     0s
 166   1.54561828e+07  1.67689470e+07  1.29e-01 6.24e-07  1.76e+01     0s
 167   1.55518764e+07  1.67708593e+07  1.20e-01 6.30e-07  1.66e+01     0s
 168   1.55776721e+07  1.67822280e+07  1.17e-01 5.70e-07  1.60e+01     0s
 169   1.57498217e+07  1.67799083e+07  1.01e-01 5.12e-07  1.47e+01     0s
 170   1.58802900e+07  1.67908245e+07  8.86e-02 3.06e-06  1.25e+01     0s
 171   1.59127313e+07  1.68061877e+07  8.55e-02 4.07e-06  1.01e+01     0s
 172   1.59428747e+07  1.68072844e+07  8.26e-02 3.75e-06  9.84e+00     0s
 173   1.59531959e+07  1.68059601e+07  8.17e-02 5.26e-06  9.68e+00     0s
 174   1.59775397e+07  1.68103169e+07  7.94e-02 7.33e-06  9.34e+00     0s
 175   1.61443434e+07  1.68111022e+07  6.39e-02 1.01e-05  8.28e+00     0s
 176   1.61952174e+07  1.68190177e+07  5.93e-02 1.02e-05  7.30e+00     0s
 177   1.62070563e+07  1.68257847e+07  5.82e-02 5.06e-06  6.55e+00     0s
 178   1.62336493e+07  1.68307033e+07  5.57e-02 1.83e-06  6.02e+00     0s
 179   1.62412316e+07  1.68469261e+07  5.50e-02 2.52e-06  5.71e+00     0s
 180   1.63116034e+07  1.68488388e+07  4.87e-02 3.54e-06  5.19e+00     0s
 181   1.63708317e+07  1.68506884e+07  4.34e-02 1.61e-06  4.84e+00     0s
 182   1.64048487e+07  1.68538104e+07  4.04e-02 1.29e-06  4.51e+00     0s
 183   1.64719587e+07  1.68548475e+07  3.45e-02 1.72e-06  3.87e+00     0s
 184   1.65236505e+07  1.68560500e+07  2.99e-02 1.43e-06  3.29e+00     0s
 185   1.66648654e+07  1.68574423e+07  1.74e-02 1.20e-06  2.20e+00     0s
 186   1.66699374e+07  1.68603112e+07  1.70e-02 3.99e-06  1.92e+00     0s
 187   1.66824384e+07  1.68607147e+07  1.59e-02 3.94e-06  1.83e+00     0s
 188   1.66882688e+07  1.68614201e+07  1.54e-02 1.41e-06  1.71e+00     0s
 189   1.66934234e+07  1.68650914e+07  1.49e-02 2.16e-06  1.63e+00     0s
 190   1.67302836e+07  1.68625807e+07  1.18e-02 2.46e-06  1.53e+00     0s
 191   1.67356215e+07  1.68662689e+07  1.13e-02 1.92e-06  1.21e+00     0s
 192   1.67373041e+07  1.68666318e+07  1.12e-02 2.06e-06  1.19e+00     0s
 193   1.67422760e+07  1.68668785e+07  1.08e-02 2.07e-06  1.19e+00     0s
 194   1.67552315e+07  1.68672305e+07  9.68e-03 9.22e-07  1.04e+00     0s
 195   1.67651924e+07  1.68681367e+07  8.84e-03 5.01e-07  9.31e-01     0s
 196   1.67871182e+07  1.68674206e+07  6.98e-03 6.80e-07  8.30e-01     0s
 197   1.67967610e+07  1.68688675e+07  6.18e-03 7.36e-06  6.69e-01     0s
 198   1.68217432e+07  1.68689440e+07  4.07e-03 5.56e-06  4.97e-01     0s
 199   1.68383691e+07  1.68690020e+07  2.65e-03 7.11e-06  3.46e-01     0s
 200   1.68668991e+07  1.68696686e+07  2.42e-04 9.06e-06  3.65e-02     0s
 201   1.68697474e+07  1.68697468e+07  4.95e-08 4.73e-06  2.43e-04     0s
 202   1.68697477e+07  1.68697477e+07  4.76e-09 3.78e-07  4.99e-06     0s
 203   1.68697477e+07  1.68697477e+07  2.50e-07 2.79e-07  4.61e-07     0s
 204   1.68697481e+07  1.68697477e+07  7.88e-06 2.71e-07  2.31e-07     0s

Barrier solved model in 204 iterations and 0.50 seconds (0.33 work units)
Optimal objective 1.68697481e+07

Crossover time: 0.01 seconds (0.02 work units)

Root relaxation: objective 1.686975e+07, 270 iterations, 0.43 seconds (0.26 work units)

    Nodes    |    Current Node    |     Objective Bounds      |     Work
 Expl Unexpl |  Obj  Depth IntInf | Incumbent    BestBd   Gap | It/Node Time

     0     0 1.6870e+07    0   43 2.0000e+07 1.6870e+07  15.7%     -    0s
     0     0 1.6870e+07    0   42 2.0000e+07 1.6870e+07  15.7%     -    0s
     0     0 1.7189e+07    0   44 2.0000e+07 1.7189e+07  14.1%     -    0s
     0     0 1.7276e+07    0   45 2.0000e+07 1.7276e+07  13.6%     -    0s
     0     0 1.7276e+07    0   45 2.0000e+07 1.7276e+07  13.6%     -    0s
     0     0 1.7276e+07    0   45 2.0000e+07 1.7276e+07  13.6%     -    0s
     0     0 1.7276e+07    0   48 2.0000e+07 1.7276e+07  13.6%     -    0s
     0     0 1.7305e+07    0   47 2.0000e+07 1.7305e+07  13.5%     -    0s
     0     0 1.7367e+07    0   48 2.0000e+07 1.7367e+07  13.2%     -    0s
     0     0 1.7376e+07    0   47 2.0000e+07 1.7376e+07  13.1%     -    0s
     0     0 1.7379e+07    0   51 2.0000e+07 1.7379e+07  13.1%     -    0s
     0     0 1.7385e+07    0   55 2.0000e+07 1.7385e+07  13.1%     -    0s
     0     0 1.7392e+07    0   57 2.0000e+07 1.7392e+07  13.0%     -    0s
     0     0 1.7428e+07    0   56 2.0000e+07 1.7428e+07  12.9%     -    0s
     0     0 1.7461e+07    0   56 2.0000e+07 1.7461e+07  12.7%     -    1s
     0     0 1.7461e+07    0   56 2.0000e+07 1.7461e+07  12.7%     -    1s
     0     2 1.7461e+07    0   56 2.0000e+07 1.7461e+07  12.7%     -    1s

Cutting planes:
  Gomory: 1
  Cover: 2
  Implied bound: 58
  MIR: 60
  Flow cover: 18
  RLT: 3
  Relax-and-lift: 2

Explored 1247 nodes (79537 simplex iterations) in 3.01 seconds (6.16 work units)
Thread count was 10 (of 10 available processors)

Solution count 1: 2e+07 

Optimal solution found (tolerance 5.00e-03)
Best objective 2.000000000000e+07, best bound 2.000000000000e+07, gap 0.0000%
