
Gurobi 13.0.3 (mac64[arm]) logging started Sat Sep 26 12:19:49 2026

Set parameter LogFile to value "/Users/ashutosh/Desktop/Two-stage-Model/certainty_results/full/solves/nw_5_15_60M_phase1.log"
Gurobi Optimizer version 13.0.3 build v13.0.3rc0 (mac64[arm] - Darwin 27.0.0 26A428)

CPU model: Apple M1 Pro
Thread count: 10 physical cores, 10 logical processors, using up to 10 threads

Non-default parameters:
TimeLimit  21600
MIPGap  0.005
Method  2
LogToConsole  0

Optimize a model with 13555 rows, 5548 columns and 38171 nonzeros (Min)
Model fingerprint: 0x872ab713
Model has 663 linear objective coefficients and an objective constant of 396.859633
Variable types: 3498 continuous, 2050 integer (1688 binary)
Coefficient statistics:
  Matrix range     [1e-03, 1e+05]
  Objective range  [1e+00, 1e+00]
  Bounds range     [1e+00, 3e+00]
  RHS range        [1e-02, 6e+07]

Loaded user MIP start with objective 0.46851
MIP start from previous solve did not produce a new incumbent solution

Presolve removed 12005 rows and 3912 columns
Presolve time: 0.07s
Presolved: 1550 rows, 1636 columns, 6360 nonzeros
Variable types: 1411 continuous, 225 integer (225 binary)
Root barrier log...

Ordering time: 0.00s

Barrier statistics:
 AA' NZ     : 1.647e+04
 Factor NZ  : 5.800e+04 (roughly 2 MB of memory)
 Factor Ops : 4.013e+06 (less than 1 second per iteration)
 Threads    : 10

                  Objective                Residual
Iter       Primal          Dual         Primal    Dual     Compl     Time
   0  -5.80388801e+04 -2.30936391e+05  2.59e+02 2.76e+00  8.87e+02     0s
   1  -9.07500525e+03 -1.74621346e+05  4.00e+01 2.63e+00  1.64e+02     0s
   2  -8.59200115e+02 -7.91680134e+04  4.32e+00 4.40e-01  3.10e+01     0s
   3  -2.44884755e+01 -4.12753355e+04  6.53e-01 1.76e-01  1.20e+01     0s
   4   5.91967739e+01 -1.05171115e+04  1.68e-01 3.58e-02  2.91e+00     0s
   5   7.52186922e+01 -9.64642023e+02  1.15e-02 4.62e-14  2.72e-01     0s
   6   4.70903258e+01 -6.03129553e+02  3.33e-03 2.66e-14  1.69e-01     0s
   7   2.73132889e+01 -1.56966260e+02  1.39e-03 1.07e-14  4.77e-02     0s
   8   8.20122977e+00 -5.11432380e+01  3.44e-04 7.11e-15  1.53e-02     0s
   9   8.89638649e-01 -8.63145444e+00  1.36e-07 3.55e-15  2.45e-03     0s
  10   7.88038787e-02 -8.21367140e-01  1.82e-09 7.11e-15  2.31e-04     0s
  11   8.15303261e-03 -4.55460458e-02  1.64e-10 7.11e-15  1.38e-05     0s
  12   6.54759557e-04 -4.20624178e-03  2.25e-11 7.11e-15  1.25e-06     0s
  13   1.09615968e-06 -5.67949690e-05  8.40e-12 3.55e-15  1.49e-08     0s
  14   1.53477231e-12 -7.78186404e-11  7.80e-12 7.11e-15  2.05e-14     0s

Barrier solved model in 14 iterations and 0.13 seconds (0.09 work units)
Optimal objective 1.53477231e-12

Crossover time: 0.01 seconds (0.01 work units)

Root relaxation: objective -3.410605e-13, 368 iterations, 0.06 seconds (0.03 work units)

    Nodes    |    Current Node    |     Objective Bounds      |     Work
 Expl Unexpl |  Obj  Depth IntInf | Incumbent    BestBd   Gap | It/Node Time

     0     0    0.00000    0    3    0.46851    0.00000   100%     -    0s
     0     0    0.00000    0   13    0.46851    0.00000   100%     -    0s
H    0     0                       0.3479700    0.00000   100%     -    0s
     0     0    0.00000    0   12    0.34797    0.00000   100%     -    0s
     0     0    0.00000    0    6    0.34797    0.00000   100%     -    0s
     0     0    0.00000    0    3    0.34797    0.00000   100%     -    0s
     0     0    0.00000    0    3    0.34797    0.00000   100%     -    0s
     0     0    0.00000    0    3    0.34797    0.00000   100%     -    0s
     0     0    0.00000    0    3    0.34797    0.00000   100%     -    0s
     0     0    0.00000    0    3    0.34797    0.00000   100%     -    0s
     0     0    0.00000    0    3    0.34797    0.00000   100%     -    0s
     0     0    0.00000    0    3    0.34797    0.00000   100%     -    0s
     0     0    0.00000    0    3    0.34797    0.00000   100%     -    0s
     0     2    0.00000    0    3    0.34797    0.00000   100%     -    0s
H    8    10                       0.3103800    0.00000   100%   210    0s
H   11    10                       0.2830800    0.00000   100%   165    0s
*   23     7               5      -0.0000000   -0.00000  0.00%   195    0s

Cutting planes:
  Implied bound: 2
  MIR: 17

Explored 51 nodes (5675 simplex iterations) in 0.59 seconds (0.90 work units)
Thread count was 10 (of 10 available processors)

Solution count 5: -3.41061e-13 0.28308 0.31038 ... 0.46851

Optimal solution found (tolerance 5.00e-03)
Best objective -3.410605131648e-13, best bound -3.410605131648e-13, gap 0.0000%
