
Gurobi 13.0.3 (mac64[arm]) logging started Sat Sep 26 12:19:51 2026

Set parameter LogFile to value "/Users/ashutosh/Desktop/Two-stage-Model/certainty_results/full/solves/nw_5_25_0M_phase1.log"
Gurobi Optimizer version 13.0.3 build v13.0.3rc0 (mac64[arm] - Darwin 27.0.0 26A428)

CPU model: Apple M1 Pro
Thread count: 10 physical cores, 10 logical processors, using up to 10 threads

Non-default parameters:
TimeLimit  21600
MIPGap  0.005
Method  2
LogToConsole  0

Optimize a model with 13528 rows, 5548 columns and 38090 nonzeros (Min)
Model fingerprint: 0x5496d4db
Model has 663 linear objective coefficients and an objective constant of 396.859633
Variable types: 3498 continuous, 2050 integer (1688 binary)
Coefficient statistics:
  Matrix range     [1e-03, 1e+05]
  Objective range  [1e+00, 1e+00]
  Bounds range     [1e+00, 3e+00]
  RHS range        [1e-02, 2e+04]

Presolve removed 12790 rows and 4416 columns
Presolve time: 0.02s
Presolved: 738 rows, 1132 columns, 3775 nonzeros
Variable types: 995 continuous, 137 integer (137 binary)
Found heuristic solution: objective 86.6049000
Root barrier log...

Ordering time: 0.00s

Barrier statistics:
 AA' NZ     : 5.094e+03
 Factor NZ  : 2.094e+04 (roughly 1 MB of memory)
 Factor Ops : 8.715e+05 (less than 1 second per iteration)
 Threads    : 1

                  Objective                Residual
Iter       Primal          Dual         Primal    Dual     Compl     Time
   0  -1.03113114e+04 -1.28686462e+05  5.04e+01 2.69e+00  2.14e+02     0s
   1  -6.72097843e+02 -3.60410269e+04  4.08e+00 1.78e-14  2.48e+01     0s
   2   1.19201289e+02 -6.16526568e+03  3.95e-01 2.13e-14  3.09e+00     0s
   3   1.61306068e+02 -1.22068867e+03  2.44e-02 3.20e-14  5.84e-01     0s
   4   9.61195040e+01 -2.10009991e+02  6.10e-04 1.78e-14  1.27e-01     0s
   5   5.71838450e+01 -3.19960037e+01  4.09e-05 7.11e-15  3.68e-02     0s
   6   4.82963548e+01  1.90970948e+01  1.61e-05 7.11e-15  1.21e-02     0s
   7   4.44903730e+01  3.29414462e+01  6.07e-06 3.55e-15  4.77e-03     0s
   8   4.32093923e+01  3.79154460e+01  3.27e-06 3.55e-15  2.19e-03     0s
   9   4.27280493e+01  3.89669228e+01  2.06e-06 7.11e-15  1.55e-03     0s
  10   4.20584189e+01  4.09600324e+01  4.52e-07 6.11e-15  4.54e-04     0s
  11   4.17691794e+01  4.16418174e+01  4.80e-08 3.55e-15  5.26e-05     0s
  12   4.17189536e+01  4.16960165e+01  9.72e-09 7.11e-15  9.48e-06     0s
  13   4.17192702e+01  4.16998004e+01  9.56e-09 3.55e-15  8.04e-06     0s
  14   4.17097822e+01  4.17039452e+01  6.98e-08 3.55e-15  2.41e-06     0s
  15   4.17057539e+01  4.17057192e+01  6.31e-10 3.55e-15  1.43e-08     0s
  16   4.17057460e+01  4.17057459e+01  2.45e-11 3.55e-15  1.43e-11     0s

Barrier solved model in 16 iterations and 0.06 seconds (0.06 work units)
Optimal objective 4.17057460e+01

Crossover time: 0.00 seconds (0.00 work units)

Root relaxation: objective 4.170575e+01, 54 iterations, 0.02 seconds (0.02 work units)

    Nodes    |    Current Node    |     Objective Bounds      |     Work
 Expl Unexpl |  Obj  Depth IntInf | Incumbent    BestBd   Gap | It/Node Time

     0     0   41.70575    0    2   86.60490   41.70575  51.8%     -    0s
H    0     0                      86.5188600   41.70575  51.8%     -    0s
H    0     0                      41.7153698   41.70575  0.02%     -    0s
H    0     0                      41.7090804   41.70575  0.01%     -    0s

Explored 1 nodes (54 simplex iterations) in 0.10 seconds (0.08 work units)
Thread count was 10 (of 10 available processors)

Solution count 4: 41.7091 41.7154 86.5189 86.6049 

Optimal solution found (tolerance 5.00e-03)
Best objective 4.170908041300e+01, best bound 4.170647201514e+01, gap 0.0063%
