
Gurobi 13.0.3 (mac64[arm]) logging started Sat Sep 26 12:18:44 2026

Set parameter LogFile to value "/Users/ashutosh/Desktop/Two-stage-Model/certainty_results/full/solves/nw_5_05_20M_phase2.log"
Gurobi Optimizer version 13.0.3 build v13.0.3rc0 (mac64[arm] - Darwin 27.0.0 26A428)

CPU model: Apple M1 Pro
Thread count: 10 physical cores, 10 logical processors, using up to 10 threads

Non-default parameters:
TimeLimit  21600
MIPGap  0.005
Method  2
LogToConsole  0

Optimize a model with 13541 rows, 5548 columns and 38789 nonzeros (Min)
Model fingerprint: 0x27bcc214
Model has 724 linear objective coefficients
Variable types: 3498 continuous, 2050 integer (1688 binary)
Coefficient statistics:
  Matrix range     [1e-03, 1e+05]
  Objective range  [2e+04, 1e+05]
  Bounds range     [1e+00, 3e+00]
  RHS range        [1e-02, 2e+07]

Loaded user MIP start with objective 2e+07
MIP start from previous solve did not produce a new incumbent solution

Presolve removed 11444 rows and 3826 columns
Presolve time: 0.05s
Presolved: 2097 rows, 1722 columns, 8257 nonzeros
Variable types: 1466 continuous, 256 integer (256 binary)
Root barrier log...

Ordering time: 0.00s

Barrier statistics:
 AA' NZ     : 2.801e+04
 Factor NZ  : 8.531e+04 (roughly 2 MB of memory)
 Factor Ops : 6.544e+06 (less than 1 second per iteration)
 Threads    : 10

                  Objective                Residual
Iter       Primal          Dual         Primal    Dual     Compl     Time
   0   2.30016709e+08 -1.14754294e+08  1.55e+05 4.55e-13  5.35e+06     0s
   1   5.02024729e+07 -1.30883810e+08  3.16e+04 1.86e+03  1.14e+06     0s
   2   6.45759936e+06 -1.06993937e+08  4.00e+02 7.28e-12  3.83e+04     0s
   3   2.64425149e+06 -9.67572284e+06  7.41e+01 7.28e-12  4.17e+03     0s
   4   1.09309954e+06 -2.33915321e+06  2.94e+01 5.28e-11  1.21e+03     0s
   5   5.58693095e+05 -1.07237807e+06  1.49e+01 7.28e-11  5.79e+02     0s
   6   3.98406127e+05 -4.34500596e+05  1.05e+01 2.11e-10  3.61e+02     0s
   7   2.91771907e+05  2.63648068e+04  7.48e+00 7.71e-10  2.35e+02     0s
   8   2.69814684e+05  1.12007407e+06  6.25e+00 1.57e-09  2.01e+02     0s
   9   3.06013506e+05  1.13162869e+06  5.97e+00 3.09e-09  1.90e+02     0s
  10   3.16125787e+05  1.46048236e+06  5.89e+00 3.43e-09  1.87e+02     0s
  11   3.41055799e+05  2.09098926e+06  5.68e+00 6.05e-09  1.79e+02     0s
  12   4.17272379e+05  2.33704126e+06  5.42e+00 7.57e-09  1.68e+02     0s
  13   4.87830603e+05  2.41867882e+06  5.24e+00 1.34e-08  1.63e+02     0s
  14   5.36819292e+05  2.62809518e+06  5.13e+00 1.83e-08  1.59e+02     0s
  15   6.36309951e+05  2.93407426e+06  4.92e+00 1.06e-08  1.51e+02     0s
  16   6.66189702e+05  2.96711830e+06  4.88e+00 1.16e-08  1.51e+02     0s
  17   7.33245798e+05  3.03095896e+06  4.75e+00 1.13e-08  1.46e+02     0s
  18   8.71937536e+05  3.10171082e+06  4.49e+00 4.77e-09  1.39e+02     0s
  19   9.02773424e+05  3.26231870e+06  4.44e+00 8.15e-09  1.34e+02     0s
  20   9.88618691e+05  3.37642451e+06  4.29e+00 7.10e-09  1.29e+02     0s
  21   1.12775537e+06  3.74029108e+06  4.10e+00 6.29e-09  1.26e+02     0s
  22   1.22091485e+06  3.93148976e+06  3.96e+00 7.68e-09  1.21e+02     0s
  23   1.36598036e+06  3.90947298e+06  3.76e+00 1.69e-08  1.18e+02     0s
  24   1.40784655e+06  4.16202086e+06  3.70e+00 1.32e-08  1.15e+02     0s
  25   1.50355475e+06  4.22344707e+06  3.58e+00 1.30e-08  1.12e+02     0s
  26   1.57978812e+06  4.90432574e+06  3.49e+00 1.09e-08  1.07e+02     0s
  27   1.76334557e+06  4.80591218e+06  3.31e+00 5.17e-08  9.97e+01     0s
  28   1.79860319e+06  4.95737011e+06  3.28e+00 5.19e-08  9.79e+01     0s
  29   1.82862229e+06  5.37720622e+06  3.24e+00 5.05e-08  9.61e+01     0s
  30   1.85583685e+06  5.87930330e+06  3.22e+00 4.80e-08  9.52e+01     0s
  31   1.93781436e+06  6.12298846e+06  3.16e+00 4.61e-08  9.39e+01     0s
  32   1.95711509e+06  6.29986664e+06  3.14e+00 4.59e-08  9.37e+01     0s
  33   2.00871999e+06  6.35840789e+06  3.12e+00 4.61e-08  9.55e+01     0s
  34   2.11449476e+06  6.72802682e+06  3.05e+00 1.32e-07  9.43e+01     0s
  35   2.20647855e+06  6.83759026e+06  2.99e+00 4.10e-08  9.18e+01     0s
  36   2.25181728e+06  7.09062232e+06  2.97e+00 1.11e-07  8.97e+01     0s
  37   2.73850782e+06  7.23189377e+06  2.69e+00 3.47e-07  8.59e+01     0s
  38   2.91057214e+06  7.52130698e+06  2.59e+00 4.57e-07  7.86e+01     0s
  39   3.07461919e+06  7.60509884e+06  2.50e+00 4.49e-07  7.70e+01     0s
  40   3.09007566e+06  7.68366918e+06  2.49e+00 4.85e-07  7.65e+01     0s
  41   3.12900462e+06  8.11217815e+06  2.47e+00 2.33e-07  7.54e+01     0s
  42   3.20918374e+06  8.38052768e+06  2.44e+00 9.73e-08  7.61e+01     0s
  43   2.11545429e+09 -3.47750502e+08  1.55e+06 1.36e-12  1.41e+08     0s
  44   4.23239539e+08 -4.21954996e+08  3.96e+05 5.12e+03  3.68e+07     0s
  45   1.86819591e+07 -4.67572842e+08  1.53e+04 1.64e-11  1.54e+06     0s
  46   6.95772668e+06 -2.36389632e+08  7.05e+02 3.24e-10  1.14e+05     0s
  47   4.05817700e+06 -5.62307992e+07  2.01e+02 4.55e-11  2.57e+04     0s
  48   1.71986860e+06 -1.76634383e+07  6.07e+01 2.55e-11  7.12e+03     0s
  49   7.83853224e+05 -6.27644193e+06  2.44e+01 3.64e-11  2.47e+03     0s
  50   4.47886863e+05 -2.81215111e+06  1.34e+01 1.24e-10  1.20e+03     0s
  51   3.19494011e+05 -1.35213173e+06  9.08e+00 3.06e-10  7.17e+02     0s
  52   2.86849799e+05 -6.97933197e+05  7.23e+00 9.60e-10  5.48e+02     0s
  53   3.25728593e+05 -4.30492269e+04  6.68e+00 1.34e-09  4.91e+02     0s
  54   3.66135405e+05  7.45898357e+05  6.23e+00 4.07e-09  4.45e+02     0s
  55   5.02393633e+05  1.11806629e+06  5.87e+00 4.31e-09  4.37e+02     0s
  56   6.98255649e+05  1.48086902e+06  5.49e+00 3.49e-09  4.30e+02     0s
  57   8.69206804e+05  2.33120394e+06  5.20e+00 8.27e-09  4.03e+02     0s
  58   9.55227710e+05  2.53567976e+06  4.99e+00 6.87e-09  3.81e+02     0s
  59   1.03816296e+06  2.69473741e+06  4.80e+00 5.94e-09  3.62e+02     0s
  60   1.13680725e+06  3.11480067e+06  4.58e+00 1.09e-08  3.33e+02     0s
  61   1.22658144e+06  3.41017836e+06  4.40e+00 1.36e-08  3.16e+02     0s
  62   1.32193578e+06  3.59998359e+06  4.21e+00 1.71e-08  3.01e+02     0s
  63   1.37887474e+06  3.76532524e+06  4.11e+00 1.69e-08  2.94e+02     0s
  64   1.43677614e+06  3.87198192e+06  4.02e+00 1.56e-08  2.86e+02     0s
  65   1.52132092e+06  4.40680539e+06  3.86e+00 1.86e-08  2.71e+02     0s
  66   1.69755706e+06  4.58120047e+06  3.62e+00 1.56e-08  2.52e+02     0s
  67   1.85118139e+06  4.66978099e+06  3.45e+00 1.61e-08  2.41e+02     0s
  68   1.87742968e+06  4.91252966e+06  3.42e+00 1.63e-08  2.37e+02     0s
  69   1.96034717e+06  5.35015021e+06  3.30e+00 1.79e-08  2.26e+02     0s
  70   2.01906083e+06  5.69035334e+06  3.25e+00 2.17e-08  2.21e+02     0s
  71   2.04205723e+06  6.17241273e+06  3.23e+00 1.37e-08  2.18e+02     0s
  72   2.10254731e+06  6.32656610e+06  3.18e+00 1.47e-08  2.14e+02     0s
  73   2.21161464e+06  6.53704464e+06  3.11e+00 6.38e-08  2.09e+02     0s
  74   2.43360934e+06  6.67318223e+06  2.96e+00 2.41e-07  2.00e+02     0s
  75   2.51399825e+06  6.85794400e+06  2.91e+00 2.65e-07  1.96e+02     0s
  76   2.74175535e+06  6.96564107e+06  2.78e+00 2.07e-07  1.88e+02     0s
  77   2.78679491e+06  7.12842514e+06  2.75e+00 1.65e-07  1.85e+02     0s
  78   2.94696361e+06  7.20356094e+06  2.66e+00 1.02e-07  1.80e+02     0s
  79   3.00659863e+06  7.24185789e+06  2.62e+00 2.12e-08  1.77e+02     0s
  80   3.04037993e+06  7.30727503e+06  2.60e+00 2.49e-08  1.74e+02     0s
  81   3.09139773e+06  7.38262558e+06  2.57e+00 2.61e-08  1.72e+02     0s
  82   3.20366866e+06  7.42331311e+06  2.51e+00 2.51e-08  1.70e+02     0s
  83   3.24104345e+06  7.59041854e+06  2.49e+00 3.25e-08  1.67e+02     0s
  84   3.25199804e+06  7.83326643e+06  2.49e+00 4.68e-08  1.67e+02     0s
  85   3.26315876e+06  7.90780317e+06  2.48e+00 4.78e-08  1.66e+02     0s
  86   3.33773437e+06  7.95635784e+06  2.44e+00 4.81e-08  1.65e+02     0s
  87   3.37532555e+06  8.07102997e+06  2.43e+00 1.29e-07  1.64e+02     0s
  88   3.44707992e+06  8.14546849e+06  2.39e+00 2.82e-07  1.62e+02     0s
  89   3.52283610e+06  8.42271644e+06  2.36e+00 3.44e-07  1.63e+02     0s
  90   3.62829020e+06  8.67278585e+06  2.33e+00 2.75e-06  1.63e+02     0s
  91   3.89222489e+06  9.11626765e+06  2.22e+00 8.65e-07  1.54e+02     0s
  92   4.13179817e+06  9.45187280e+06  2.12e+00 2.09e-07  1.49e+02     0s
  93   4.19372036e+06  9.59819124e+06  2.10e+00 1.01e-06  1.46e+02     0s
  94   4.35022949e+06  9.74619789e+06  2.04e+00 6.46e-07  1.42e+02     0s
  95   4.51239341e+06  1.05614600e+07  1.99e+00 1.93e-06  1.38e+02     0s
  96   4.72504592e+06  1.08219167e+07  1.93e+00 2.58e-06  1.33e+02     0s
  97   4.85426204e+06  1.10663104e+07  1.89e+00 1.28e-05  1.27e+02     0s
  98   4.91115535e+06  1.11695319e+07  1.87e+00 1.35e-05  1.26e+02     0s
  99   4.96436329e+06  1.13043542e+07  1.86e+00 1.30e-05  1.25e+02     0s
 100   5.03790591e+06  1.14424949e+07  1.84e+00 6.51e-07  1.24e+02     0s
 101   5.18437847e+06  1.15099224e+07  1.80e+00 7.82e-06  1.21e+02     0s
 102   5.41263664e+06  1.16036532e+07  1.74e+00 1.03e-05  1.15e+02     0s
 103   5.72286051e+06  1.16817063e+07  1.66e+00 1.14e-05  1.12e+02     0s
 104   5.83877765e+06  1.17299461e+07  1.63e+00 1.05e-05  1.07e+02     0s
 105   5.92374808e+06  1.17598435e+07  1.60e+00 2.05e-05  1.05e+02     0s
 106   5.99680194e+06  1.18454681e+07  1.59e+00 2.85e-05  1.03e+02     0s
 107   6.06996882e+06  1.20454847e+07  1.57e+00 2.97e-05  1.01e+02     0s
 108   6.16283886e+06  1.21153207e+07  1.54e+00 2.86e-05  1.01e+02     0s
 109   6.19682140e+06  1.22655808e+07  1.54e+00 3.37e-05  9.89e+01     0s
 110   6.28010854e+06  1.24732066e+07  1.52e+00 3.26e-07  9.69e+01     0s
 111   6.35634012e+06  1.24848092e+07  1.50e+00 3.56e-07  9.59e+01     0s
 112   6.41798685e+06  1.24892973e+07  1.49e+00 3.65e-07  9.52e+01     0s
 113   6.56656455e+06  1.25044785e+07  1.45e+00 3.82e-07  9.32e+01     0s
 114   6.65833505e+06  1.25191892e+07  1.43e+00 4.68e-07  9.17e+01     0s
 115   6.69537189e+06  1.25530915e+07  1.42e+00 1.83e-06  9.04e+01     0s
 116   6.75292632e+06  1.25784217e+07  1.41e+00 2.04e-06  8.95e+01     0s
 117   6.81712425e+06  1.26104162e+07  1.39e+00 2.48e-06  8.86e+01     0s
 118   6.98371071e+06  1.27157433e+07  1.35e+00 2.88e-06  8.60e+01     0s
 119   7.12147479e+06  1.27131404e+07  1.32e+00 1.12e-06  8.41e+01     0s
 120   7.18419284e+06  1.28129829e+07  1.31e+00 2.48e-06  8.30e+01     0s
 121   7.49596548e+06  1.28277254e+07  1.24e+00 4.64e-06  8.03e+01     0s
 122   7.76434971e+06  1.27602563e+07  1.18e+00 1.52e-05  7.61e+01     0s
 123   7.85297082e+06  1.28025240e+07  1.16e+00 1.11e-05  7.37e+01     0s
 124   7.99697612e+06  1.28158183e+07  1.13e+00 1.21e-05  7.26e+01     0s
 125   8.30540792e+06  1.30162336e+07  1.06e+00 1.54e-05  6.25e+01     0s
 126   8.31114103e+06  1.30631080e+07  1.06e+00 1.55e-05  6.24e+01     0s
 127   8.48045052e+06  1.31228714e+07  1.02e+00 1.55e-05  6.10e+01     0s
 128   8.61061642e+06  1.31776592e+07  9.93e-01 3.20e-06  5.85e+01     0s
 129   8.62070352e+06  1.32260015e+07  9.90e-01 3.01e-06  5.83e+01     0s
 130   8.66137215e+06  1.33021441e+07  9.82e-01 2.90e-06  5.78e+01     0s
 131   8.78466793e+06  1.34004330e+07  9.62e-01 4.57e-07  6.30e+01     0s
 132   9.30593520e+06  1.35968920e+07  8.61e-01 1.86e-05  5.50e+01     0s
 133   9.38332109e+06  1.39530741e+07  8.46e-01 1.18e-05  5.22e+01     0s
 134   9.46602899e+06  1.42858648e+07  8.31e-01 1.02e-05  5.09e+01     0s
 135   9.58069254e+06  1.44042935e+07  8.11e-01 7.01e-07  5.31e+01     0s
 136   9.67568675e+06  1.40644725e+07  8.00e-01 7.01e-07  5.75e+01     0s
 137   9.93216738e+06  1.42617555e+07  7.66e-01 5.80e-07  6.64e+01     0s
 138   1.00864909e+07  1.46127991e+07  7.35e-01 3.39e-06  6.08e+01     0s
 139   1.01257049e+07  1.49269190e+07  7.28e-01 1.95e-06  6.06e+01     0s
 140   1.01911032e+07  1.49867930e+07  7.18e-01 2.64e-06  5.95e+01     0s
 141   1.02225494e+07  1.51773040e+07  7.14e-01 2.28e-06  5.91e+01     0s
 142   1.02887750e+07  1.52992175e+07  7.04e-01 5.90e-06  5.83e+01     0s
 143   1.03558762e+07  1.53948225e+07  6.95e-01 3.26e-06  5.76e+01     0s
 144   1.04762173e+07  1.55293336e+07  6.80e-01 3.67e-06  5.64e+01     0s
 145   1.04848132e+07  1.56558354e+07  6.78e-01 5.00e-06  5.65e+01     0s
 146   1.05652435e+07  1.57929558e+07  6.68e-01 4.07e-06  5.57e+01     0s
 147   1.06003149e+07  1.57766030e+07  6.64e-01 4.50e-07  5.55e+01     0s
 148   1.06215102e+07  1.59379430e+07  6.61e-01 2.91e-06  5.48e+01     0s
 149   1.07020738e+07  1.59198468e+07  6.52e-01 8.34e-07  5.47e+01     0s
 150   1.07312715e+07  1.59837874e+07  6.48e-01 4.01e-06  5.33e+01     0s
 151   1.09163647e+07  1.60151092e+07  6.26e-01 5.34e-06  5.16e+01     0s
 152   1.09411559e+07  1.61434912e+07  6.23e-01 4.54e-06  4.97e+01     0s
 153   1.10712203e+07  1.62035952e+07  6.08e-01 5.42e-06  4.87e+01     0s
 154   1.11616758e+07  1.62363679e+07  5.98e-01 8.72e-07  4.71e+01     0s
 155   1.13376387e+07  1.62635960e+07  5.77e-01 1.08e-06  4.54e+01     0s
 156   1.13524971e+07  1.62831464e+07  5.76e-01 9.41e-07  4.51e+01     0s
 157   1.14136942e+07  1.63028790e+07  5.69e-01 1.03e-06  4.46e+01     0s
 158   1.15008826e+07  1.63046181e+07  5.59e-01 6.80e-07  4.42e+01     0s
 159   1.15149865e+07  1.64969663e+07  5.57e-01 1.13e-05  4.38e+01     0s
 160   1.15605061e+07  1.67158836e+07  5.52e-01 8.20e-07  4.28e+01     0s
 161   1.16475278e+07  1.68812585e+07  5.43e-01 8.03e-07  4.21e+01     0s
 162   1.19228618e+07  1.69261343e+07  5.15e-01 3.80e-06  4.03e+01     0s
 163   1.21385255e+07  1.69390664e+07  4.93e-01 7.38e-06  3.85e+01     0s
 164   1.21743478e+07  1.69930365e+07  4.89e-01 1.13e-06  3.79e+01     0s
 165   1.22037917e+07  1.70467068e+07  4.86e-01 2.23e-05  3.73e+01     0s
 166   1.22596965e+07  1.70860023e+07  4.81e-01 2.38e-05  3.71e+01     0s
 167   1.23484018e+07  1.71582977e+07  4.72e-01 1.98e-05  3.63e+01     0s
 168   1.23674471e+07  1.71955665e+07  4.70e-01 1.05e-06  3.61e+01     0s
 169   1.23964330e+07  1.72062187e+07  4.68e-01 1.01e-06  3.59e+01     0s
 170   1.25123154e+07  1.72427421e+07  4.57e-01 1.47e-06  3.53e+01     0s
 171   1.27121795e+07  1.72555787e+07  4.38e-01 5.33e-06  3.46e+01     0s
 172   1.28137622e+07  1.72677465e+07  4.28e-01 3.06e-06  3.38e+01     0s
 173   1.28877112e+07  1.73306584e+07  4.22e-01 4.97e-05  3.50e+01     0s
 174   1.33219995e+07  1.72366870e+07  3.82e-01 6.55e-05  3.61e+01     0s
 175   1.33620273e+07  1.72683383e+07  3.78e-01 1.80e-05  3.48e+01     0s
 176   1.34035370e+07  1.74117910e+07  3.74e-01 1.26e-06  3.72e+01     0s
 177   1.34968106e+07  1.75548746e+07  3.65e-01 1.41e-06  3.51e+01     0s
 178   1.41353642e+07  1.73641825e+07  3.10e-01 5.64e-06  4.29e+01     0s
 179   1.42323721e+07  1.74162693e+07  3.02e-01 1.09e-05  4.17e+01     0s
 180   1.42844907e+07  1.78174769e+07  2.97e-01 4.50e-05  4.07e+01     0s
 181   1.43366280e+07  1.80589280e+07  2.92e-01 5.10e-05  3.88e+01     0s
 182   1.45795249e+07  1.79065198e+07  2.75e-01 5.26e-05  4.35e+01     0s
 183   1.49044624e+07  1.78826786e+07  2.50e-01 1.39e-04  3.91e+01     0s
 184   1.49282113e+07  1.80353754e+07  2.48e-01 4.35e-06  3.39e+01     0s
 185   1.49430559e+07  1.81036053e+07  2.47e-01 3.27e-06  3.36e+01     0s
 186   1.50201280e+07  1.81444345e+07  2.41e-01 3.99e-06  3.29e+01     0s
 187   1.57032706e+07  1.80492060e+07  1.93e-01 1.69e-06  4.16e+01     0s
 188   1.58335098e+07  1.81469942e+07  1.83e-01 1.87e-05  3.79e+01     0s
 189   1.58636436e+07  1.81873468e+07  1.81e-01 1.98e-05  3.76e+01     0s
 190   1.59754050e+07  1.82183754e+07  1.73e-01 2.54e-05  3.81e+01     0s
 191   1.67554266e+07  1.82081398e+07  1.18e-01 1.62e-04  3.50e+01     0s
 192   1.71571121e+07  1.82414363e+07  8.84e-02 1.15e-05  3.01e+01     0s
 193   1.72661585e+07  1.83204503e+07  8.05e-02 2.14e-05  1.64e+01     0s
 194   1.74659947e+07  1.83331109e+07  6.55e-02 1.33e-05  1.23e+01     0s
 195   1.75836111e+07  1.83447864e+07  5.70e-02 1.02e-05  9.79e+00     0s
 196   1.78776448e+07  1.83712550e+07  3.56e-02 8.14e-06  3.74e+00     0s
 197   1.78881505e+07  1.83785919e+07  3.48e-02 7.93e-06  3.61e+00     0s
 198   1.78915552e+07  1.83884493e+07  3.46e-02 7.70e-06  3.65e+00     0s
 199   1.78956973e+07  1.83911741e+07  3.42e-02 7.70e-06  3.47e+00     0s
 200   1.79028108e+07  1.83932538e+07  3.37e-02 5.22e-07  3.46e+00     0s
 201   1.80222735e+07  1.83947047e+07  2.56e-02 6.72e-07  2.76e+00     0s
 202   1.82358853e+07  1.83967866e+07  1.11e-02 1.37e-05  1.32e+00     0s
 203   1.83177489e+07  1.83973403e+07  5.56e-03 1.28e-05  8.66e-01     0s
 204   1.83837827e+07  1.83979834e+07  1.08e-03 9.54e-06  4.50e-01     0s
 205   1.83987573e+07  1.83990434e+07  6.07e-05 5.20e-06  1.38e-01     0s
 206   1.83992988e+07  1.83996163e+07  2.33e-05 2.44e-06  7.42e-03     0s
 207   1.83996328e+07  1.83996352e+07  2.53e-07 3.18e-06  3.06e-04     0s
 208   1.83996352e+07  1.83996357e+07  3.26e-07 4.32e-07  8.62e-05     0s
 209   1.83996358e+07  1.83996358e+07  1.29e-07 3.28e-07  9.10e-07     0s
 210   1.83996358e+07  1.83996358e+07  1.25e-08 4.68e-07  1.01e-09     0s

Barrier solved model in 210 iterations and 0.47 seconds (0.32 work units)
Optimal objective 1.83996358e+07

Crossover time: 0.01 seconds (0.02 work units)

Root relaxation: objective 1.839964e+07, 266 iterations, 0.41 seconds (0.26 work units)

    Nodes    |    Current Node    |     Objective Bounds      |     Work
 Expl Unexpl |  Obj  Depth IntInf | Incumbent    BestBd   Gap | It/Node Time

     0     0 1.8400e+07    0   23 2.0000e+07 1.8400e+07  8.00%     -    0s
     0     0 1.8400e+07    0   23 2.0000e+07 1.8400e+07  8.00%     -    0s
     0     0 1.8583e+07    0   25 2.0000e+07 1.8583e+07  7.08%     -    0s
     0     0 1.8659e+07    0   33 2.0000e+07 1.8659e+07  6.71%     -    0s
     0     0 1.8659e+07    0   33 2.0000e+07 1.8659e+07  6.71%     -    0s
     0     0 1.8834e+07    0   46 2.0000e+07 1.8834e+07  5.83%     -    0s
     0     0 1.8839e+07    0   37 2.0000e+07 1.8839e+07  5.81%     -    0s
     0     0 1.9044e+07    0   37 2.0000e+07 1.9044e+07  4.78%     -    0s
     0     0 1.9057e+07    0   37 2.0000e+07 1.9057e+07  4.72%     -    0s
     0     0 1.9083e+07    0   37 2.0000e+07 1.9083e+07  4.59%     -    0s
     0     0 1.9083e+07    0   37 2.0000e+07 1.9083e+07  4.59%     -    0s
     0     2 1.9083e+07    0   37 2.0000e+07 1.9083e+07  4.59%     -    0s

Cutting planes:
  Cover: 5
  Implied bound: 26
  MIR: 29
  Flow cover: 15
  RLT: 2
  Relax-and-lift: 6

Explored 124 nodes (14671 simplex iterations) in 1.41 seconds (1.96 work units)
Thread count was 10 (of 10 available processors)

Solution count 1: 2e+07 

Optimal solution found (tolerance 5.00e-03)
Best objective 2.000000000000e+07, best bound 2.000000000000e+07, gap 0.0000%
