
Gurobi 13.0.3 (mac64[arm]) logging started Sat Sep 26 12:19:07 2026

Set parameter LogFile to value "/Users/ashutosh/Desktop/Two-stage-Model/certainty_results/full/solves/nw_5_10_30M_phase2.log"
Gurobi Optimizer version 13.0.3 build v13.0.3rc0 (mac64[arm] - Darwin 27.0.0 26A428)

CPU model: Apple M1 Pro
Thread count: 10 physical cores, 10 logical processors, using up to 10 threads

Non-default parameters:
TimeLimit  21600
MIPGap  0.005
Method  2
LogToConsole  0

Optimize a model with 13561 rows, 5548 columns and 38849 nonzeros (Min)
Model fingerprint: 0xa72b96a8
Model has 724 linear objective coefficients
Variable types: 3498 continuous, 2050 integer (1688 binary)
Coefficient statistics:
  Matrix range     [1e-03, 1e+05]
  Objective range  [2e+04, 1e+05]
  Bounds range     [1e+00, 3e+00]
  RHS range        [1e-02, 3e+07]

Loaded user MIP start with objective 2.9925e+07
MIP start from previous solve did not produce a new incumbent solution

Presolve removed 11317 rows and 3792 columns
Presolve time: 0.06s
Presolved: 2244 rows, 1756 columns, 8651 nonzeros
Variable types: 1495 continuous, 261 integer (261 binary)
Root barrier log...

Ordering time: 0.00s

Barrier statistics:
 AA' NZ     : 3.153e+04
 Factor NZ  : 9.020e+04 (roughly 2 MB of memory)
 Factor Ops : 6.525e+06 (less than 1 second per iteration)
 Threads    : 10

                  Objective                Residual
Iter       Primal          Dual         Primal    Dual     Compl     Time
   0   2.89780183e+08 -2.05496783e+08  9.28e+04 9.09e-13  6.60e+06     0s
   1   1.31459976e+08 -2.27994986e+08  4.24e+04 4.83e+03  3.06e+06     0s
   2   1.48325117e+07 -2.45707812e+08  1.03e+03 2.91e-11  1.29e+05     0s
   3   5.98266381e+06 -5.29646177e+07  1.06e+02 4.00e-11  1.79e+04     0s
   4   3.26374446e+06 -1.68738706e+07  4.34e+01 2.18e-11  5.92e+03     0s
   5   1.72882264e+06 -7.35774431e+06  2.11e+01 8.73e-11  2.64e+03     0s
   6   1.09521225e+06 -2.56693650e+06  1.27e+01 2.04e-10  1.24e+03     0s
   7   8.85786449e+05 -2.62155911e+03  9.38e+00 6.40e-10  6.83e+02     0s
   8   9.66176230e+05  1.14328645e+06  8.37e+00 1.57e-09  5.89e+02     0s
   9   1.07666996e+06  1.71503129e+06  7.38e+00 1.63e-09  5.14e+02     0s
  10   1.17035151e+06  2.08347676e+06  7.14e+00 2.85e-09  5.02e+02     0s
  11   1.26745959e+06  2.58830506e+06  6.69e+00 2.79e-09  4.81e+02     0s
  12   1.42352776e+06  3.22562251e+06  6.09e+00 2.10e-09  4.29e+02     0s
  13   1.62853060e+06  3.42231955e+06  5.60e+00 5.82e-09  3.87e+02     0s
  14   1.75476012e+06  3.77959188e+06  5.31e+00 7.92e-09  3.61e+02     0s
  15   1.81839628e+06  4.17226112e+06  5.17e+00 5.91e-09  3.51e+02     0s
  16   1.85002197e+06  4.68607212e+06  5.11e+00 4.89e-09  3.45e+02     0s
  17   2.02566026e+06  5.25660993e+06  4.84e+00 6.75e-09  3.24e+02     0s
  18   2.05372026e+06  5.37147727e+06  4.80e+00 6.75e-09  3.20e+02     0s
  19   2.08375191e+06  5.42180234e+06  4.77e+00 6.98e-09  3.18e+02     0s
  20   2.16030229e+06  5.86119532e+06  4.68e+00 1.71e-08  3.12e+02     0s
  21   2.32035903e+06  5.90257819e+06  4.50e+00 4.66e-09  3.03e+02     0s
  22   2.33522936e+06  6.10638217e+06  4.49e+00 4.42e-09  2.99e+02     0s
  23   2.42219967e+06  6.14857082e+06  4.40e+00 4.89e-09  2.95e+02     0s
  24   2.46394865e+06  6.20543946e+06  4.35e+00 4.66e-09  2.92e+02     0s
  25   2.63089820e+06  6.33686418e+06  4.20e+00 3.73e-09  2.86e+02     0s
  26   2.75477443e+06  6.82782618e+06  4.08e+00 1.10e-08  2.73e+02     0s
  27   2.91646224e+06  7.12499169e+06  3.93e+00 2.82e-08  2.62e+02     0s
  28   3.07660801e+06  7.26835093e+06  3.81e+00 3.14e-08  2.57e+02     0s
  29   3.17739865e+06  7.76900260e+06  3.73e+00 3.05e-08  2.48e+02     0s
  30   3.25095720e+06  8.29119858e+06  3.68e+00 2.19e-08  2.41e+02     0s
  31   3.36076026e+06  8.66341699e+06  3.61e+00 2.19e-08  2.35e+02     0s
  32   3.42852596e+06  8.65485572e+06  3.57e+00 2.00e-08  2.35e+02     0s
  33   3.57071955e+06  8.55302079e+06  3.48e+00 2.03e-08  2.33e+02     0s
  34   3.59583575e+06  8.82181100e+06  3.47e+00 7.37e-08  2.29e+02     0s
  35   3.78975660e+06  9.03597519e+06  3.35e+00 1.61e-08  2.24e+02     0s
  36   4.02592783e+06  9.55494060e+06  3.22e+00 3.08e-07  2.05e+02     0s
  37   4.09793152e+06  9.91223181e+06  3.18e+00 2.91e-07  2.02e+02     0s
  38   4.19454117e+06  1.03774295e+07  3.14e+00 2.18e-07  2.00e+02     0s
  39   4.39349987e+06  1.08052784e+07  3.05e+00 1.87e-07  1.99e+02     0s
  40   4.93689421e+06  1.13225139e+07  2.84e+00 3.59e-08  1.98e+02     0s
  41   5.20012041e+06  1.15005559e+07  2.74e+00 3.70e-08  1.90e+02     0s
  42   5.22904615e+06  1.19004822e+07  2.72e+00 4.10e-08  1.85e+02     0s
  43   5.50060238e+06  1.20272061e+07  2.61e+00 4.05e-08  1.77e+02     0s
  44   5.55444507e+06  1.20538557e+07  2.59e+00 4.00e-08  1.76e+02     0s
  45   5.89803274e+06  1.22745622e+07  2.47e+00 5.82e-08  1.68e+02     0s
  46   5.93707730e+06  1.25485965e+07  2.45e+00 5.87e-08  1.66e+02     0s
  47   5.97108074e+06  1.30329087e+07  2.44e+00 1.97e-07  1.65e+02     0s
  48   6.05817336e+06  1.39476132e+07  2.41e+00 2.60e-07  1.62e+02     0s
  49   6.10223075e+06  1.47003697e+07  2.39e+00 4.52e-08  1.61e+02     0s
  50   6.26315889e+06  1.57376873e+07  2.36e+00 4.80e-08  1.66e+02     0s
  51   6.99138049e+06  1.56382748e+07  2.19e+00 7.03e-08  1.62e+02     0s
  52   7.08250172e+06  1.58402640e+07  2.17e+00 8.48e-08  1.57e+02     0s
  53   7.30583655e+06  1.60720058e+07  2.11e+00 8.85e-08  1.53e+02     0s
  54   7.49265547e+06  1.63782711e+07  2.07e+00 7.08e-08  1.49e+02     0s
  55   7.66347115e+06  1.65816320e+07  2.03e+00 8.61e-08  1.46e+02     0s
  56   8.31962518e+06  1.66907956e+07  1.89e+00 3.89e-07  1.37e+02     0s
  57   8.42194292e+06  1.69770066e+07  1.87e+00 2.02e-07  1.33e+02     0s
  58   8.61008309e+06  1.68160554e+07  1.84e+00 2.00e-07  1.45e+02     0s
  59   8.78677236e+06  1.73199080e+07  1.80e+00 2.50e-07  1.36e+02     0s
  60   9.04582905e+06  1.74755075e+07  1.75e+00 1.16e-07  1.34e+02     0s
  61   9.22560887e+06  1.75607317e+07  1.72e+00 1.22e-07  1.32e+02     0s
  62   9.45314019e+06  1.76140248e+07  1.67e+00 2.13e-07  1.30e+02     0s
  63   1.00242976e+07  1.79558962e+07  1.56e+00 1.53e-06  1.11e+02     0s
  64   1.00525723e+07  1.81119014e+07  1.56e+00 1.40e-06  1.10e+02     0s
  65   1.02724505e+07  1.82889074e+07  1.52e+00 2.27e-06  1.11e+02     0s
  66   1.03533993e+07  1.85946318e+07  1.50e+00 1.96e-06  1.08e+02     0s
  67   1.06679785e+07  1.93904612e+07  1.45e+00 2.09e-07  1.03e+02     0s
  68   1.08061077e+07  1.94384992e+07  1.42e+00 3.77e-07  1.01e+02     0s
  69   1.09803213e+07  1.97997744e+07  1.40e+00 7.00e-07  9.79e+01     0s
  70   1.10353601e+07  1.96617071e+07  1.39e+00 6.84e-07  9.98e+01     0s
  71   1.13062493e+07  1.97885392e+07  1.35e+00 1.13e-06  9.61e+01     0s
  72   1.13581993e+07  1.99322218e+07  1.34e+00 1.59e-07  9.53e+01     0s
  73   1.13865984e+07  1.99688108e+07  1.33e+00 1.54e-07  9.34e+01     0s
  74   1.17439161e+07  2.00830405e+07  1.28e+00 2.15e-07  8.92e+01     0s
  75   1.17570466e+07  2.02669362e+07  1.28e+00 2.20e-07  8.90e+01     0s
  76   1.18128543e+07  2.12193596e+07  1.27e+00 2.29e-07  8.81e+01     0s
  77   1.19300769e+07  2.13273460e+07  1.25e+00 2.02e-07  8.74e+01     0s
  78   1.20844357e+07  2.15434049e+07  1.23e+00 2.38e-07  8.62e+01     0s
  79   1.22626058e+07  2.15254268e+07  1.21e+00 6.92e-07  8.60e+01     0s
  80   1.23339770e+07  2.16177328e+07  1.20e+00 6.77e-07  8.55e+01     0s
  81   1.23604393e+07  2.20524249e+07  1.20e+00 2.14e-07  8.49e+01     0s
  82   1.26533115e+07  2.16783415e+07  1.16e+00 9.53e-07  8.79e+01     0s
  83   1.28364255e+07  2.21269918e+07  1.14e+00 3.93e-07  8.63e+01     0s
  84   1.38024663e+07  2.22610994e+07  1.04e+00 2.66e-06  9.50e+01     0s
  85   1.40401446e+07  2.27271822e+07  1.01e+00 2.00e-06  9.34e+01     0s
  86   1.41528860e+07  2.27561580e+07  9.97e-01 6.37e-07  9.36e+01     0s
  87   1.48784956e+07  2.31907681e+07  9.22e-01 3.15e-06  9.00e+01     0s
  88   1.50224352e+07  2.34142605e+07  9.07e-01 1.37e-06  8.32e+01     0s
  89   1.52990176e+07  2.38332661e+07  8.77e-01 3.87e-06  7.87e+01     0s
  90   1.54765160e+07  2.41412739e+07  8.60e-01 4.32e-06  7.85e+01     0s
  91   1.56110167e+07  2.43715649e+07  8.47e-01 3.63e-06  7.65e+01     0s
  92   1.56581501e+07  2.45121693e+07  8.43e-01 5.90e-07  7.64e+01     0s
  93   1.57830866e+07  2.44909973e+07  8.31e-01 5.29e-07  7.58e+01     0s
  94   1.60270921e+07  2.45525385e+07  8.08e-01 2.34e-06  7.29e+01     0s
  95   1.61213179e+07  2.46392337e+07  8.00e-01 1.78e-06  7.20e+01     0s
  96   1.62675326e+07  2.48767787e+07  7.86e-01 2.62e-06  7.05e+01     0s
  97   1.64088631e+07  2.50570386e+07  7.73e-01 2.81e-06  6.91e+01     0s
  98   1.68380984e+07  2.51567381e+07  7.35e-01 2.51e-06  6.54e+01     0s
  99   1.69109931e+07  2.54411393e+07  7.28e-01 3.40e-06  6.45e+01     0s
 100   1.72408068e+07  2.54585971e+07  7.01e-01 3.98e-06  6.30e+01     0s
 101   1.72967886e+07  2.54990888e+07  6.96e-01 2.74e-06  6.13e+01     0s
 102   1.73282232e+07  2.56757262e+07  6.93e-01 3.23e-06  6.12e+01     0s
 103   1.75009874e+07  2.57007576e+07  6.79e-01 3.15e-06  5.94e+01     0s
 104   1.75310094e+07  2.58110432e+07  6.76e-01 4.14e-07  5.93e+01     0s
 105   1.76512857e+07  2.58760465e+07  6.67e-01 1.84e-06  5.85e+01     0s
 106   1.76661820e+07  2.59476640e+07  6.66e-01 1.42e-06  5.83e+01     0s
 107   2.62310503e+09 -2.05496783e+08  9.28e+05 9.09e-13  6.54e+07     0s
 108   1.07925050e+09 -2.48207622e+08  4.40e+05 4.73e+03  3.14e+07     0s
 109   2.67261893e+08 -3.18773965e+08  8.48e+04 2.41e+01  6.30e+06     0s
 110   1.82760336e+07 -2.74491776e+08  3.19e+02 1.64e-11  8.49e+04     0s
 111   1.27911769e+07 -3.11613043e+07  9.99e+01 9.09e-12  1.34e+04     0s
 112   4.99696967e+06 -1.38784350e+07  3.64e+01 1.75e-10  5.20e+03     0s
 113   2.74113130e+06 -5.88107957e+06  1.95e+01 1.09e-10  2.42e+03     0s
 114   1.87416003e+06 -1.90512845e+06  1.30e+01 1.89e-10  1.21e+03     0s
 115   1.59342486e+06 -5.06261455e+05  1.07e+01 3.04e-09  8.72e+02     0s
 116   1.36941139e+06  3.05242775e+05  8.85e+00 2.33e-10  7.19e+02     0s
 117   1.34112911e+06  6.90420527e+05  7.99e+00 9.90e-10  6.48e+02     0s
 118   1.36685465e+06  1.27831312e+06  7.48e+00 3.09e-09  5.98e+02     0s
 119   1.44046201e+06  1.50700580e+06  7.27e+00 4.66e-09  5.89e+02     0s
 120   1.47323373e+06  1.86265025e+06  7.05e+00 6.69e-09  5.63e+02     0s
 121   1.54119044e+06  1.98597266e+06  6.69e+00 6.64e-09  5.45e+02     0s
 122   1.58169671e+06  2.24356669e+06  6.49e+00 8.27e-09  5.26e+02     0s
 123   1.64055752e+06  2.53479875e+06  6.23e+00 1.09e-08  5.04e+02     0s
 124   1.71473933e+06  3.15094293e+06  5.96e+00 1.48e-08  4.74e+02     0s
 125   1.92927107e+06  3.32787444e+06  5.41e+00 1.94e-08  4.36e+02     0s
 126   1.98337619e+06  3.53127904e+06  5.27e+00 5.83e-08  4.18e+02     0s
 127   2.03155818e+06  3.79434473e+06  5.16e+00 5.10e-08  4.05e+02     0s
 128   2.11200013e+06  4.00330451e+06  4.98e+00 4.32e-08  3.93e+02     0s
 129   2.17313412e+06  4.87409955e+06  4.88e+00 2.89e-08  3.79e+02     0s
 130   2.27127170e+06  5.23270875e+06  4.75e+00 2.79e-08  3.67e+02     0s
 131   2.44512759e+06  5.70320521e+06  4.54e+00 3.45e-08  3.49e+02     0s
 132   2.52120700e+06  5.81664636e+06  4.45e+00 3.52e-08  3.44e+02     0s
 133   2.64089120e+06  5.90736714e+06  4.33e+00 3.35e-08  3.39e+02     0s
 134   2.72038340e+06  6.03165646e+06  4.25e+00 9.15e-08  3.31e+02     0s
 135   2.77847643e+06  6.19317421e+06  4.19e+00 1.03e-07  3.26e+02     0s
 136   2.78134780e+06  6.20283450e+06  4.19e+00 1.08e-07  3.25e+02     0s
 137   2.84668177e+06  6.21234689e+06  4.13e+00 1.08e-07  3.25e+02     0s
 138   3.00518985e+06  6.74983699e+06  3.99e+00 8.41e-08  3.07e+02     0s
 139   3.13863387e+06  7.17431572e+06  3.88e+00 3.70e-08  3.05e+02     0s
 140   3.46140300e+06  7.56342768e+06  3.69e+00 9.15e-08  3.16e+02     0s
 141   3.75501407e+06  8.64716735e+06  3.51e+00 4.47e-08  3.08e+02     0s
 142   4.02047856e+06  9.18107939e+06  3.35e+00 2.15e-07  2.99e+02     0s
 143   4.23606230e+06  9.75869026e+06  3.23e+00 1.51e-07  2.82e+02     0s
 144   4.45958679e+06  1.01426863e+07  3.11e+00 2.65e-07  2.88e+02     0s
 145   4.98892078e+06  9.88641606e+06  2.93e+00 6.06e-07  3.09e+02     0s
 146   5.19909570e+06  1.04938095e+07  2.83e+00 1.10e-07  2.91e+02     0s
 147   5.33381959e+06  1.06276939e+07  2.77e+00 6.26e-08  2.84e+02     0s
 148   5.38284990e+06  1.11357605e+07  2.74e+00 3.63e-07  2.65e+02     0s
 149   5.45594641e+06  1.14341286e+07  2.71e+00 6.32e-07  2.58e+02     0s
 150   5.77305554e+06  1.16484093e+07  2.58e+00 6.20e-07  2.47e+02     0s
 151   5.90874648e+06  1.19928580e+07  2.52e+00 5.91e-07  2.41e+02     0s
 152   5.97015572e+06  1.21359493e+07  2.50e+00 4.64e-07  2.38e+02     0s
 153   6.03045321e+06  1.22777348e+07  2.48e+00 2.00e-07  2.34e+02     0s
 154   6.10194416e+06  1.24288846e+07  2.45e+00 1.55e-07  2.30e+02     0s
 155   6.14416682e+06  1.27047507e+07  2.44e+00 1.63e-07  2.29e+02     0s
 156   6.24631965e+06  1.36745291e+07  2.40e+00 2.50e-07  2.23e+02     0s
 157   6.36017769e+06  1.43652718e+07  2.37e+00 3.91e-07  2.20e+02     0s
 158   6.63631179e+06  1.55766917e+07  2.30e+00 8.52e-07  2.10e+02     0s
 159   6.80714906e+06  1.57620200e+07  2.25e+00 1.64e-06  2.05e+02     0s
 160   7.22080116e+06  1.58222340e+07  2.16e+00 2.87e-06  1.97e+02     0s
 161   7.30096842e+06  1.59218324e+07  2.14e+00 3.85e-06  1.92e+02     0s
 162   7.48605159e+06  1.60653138e+07  2.09e+00 3.15e-06  1.87e+02     0s
 163   7.74241224e+06  1.61792914e+07  2.04e+00 2.79e-06  1.93e+02     0s
 164   8.03664764e+06  1.63537556e+07  1.98e+00 2.09e-06  1.84e+02     0s
 165   8.25915481e+06  1.65891144e+07  1.93e+00 2.24e-06  1.76e+02     0s
 166   8.54721861e+06  1.65883510e+07  1.87e+00 3.27e-06  1.76e+02     0s
 167   8.64995258e+06  1.66199154e+07  1.84e+00 3.36e-06  1.75e+02     0s
 168   8.71802412e+06  1.75355671e+07  1.83e+00 1.24e-06  1.68e+02     0s
 169   8.85142557e+06  1.78091898e+07  1.80e+00 1.55e-06  1.65e+02     0s
 170   9.24051635e+06  1.78441945e+07  1.73e+00 1.19e-06  1.59e+02     0s
 171   9.36686063e+06  1.78765101e+07  1.70e+00 1.42e-06  1.55e+02     0s
 172   9.91624273e+06  1.79200651e+07  1.60e+00 1.13e-06  1.47e+02     0s
 173   1.00952227e+07  1.80777489e+07  1.56e+00 1.66e-06  1.42e+02     0s
 174   1.05003897e+07  1.82289067e+07  1.49e+00 1.42e-06  1.36e+02     0s
 175   1.05348483e+07  1.86137503e+07  1.48e+00 1.60e-06  1.31e+02     0s
 176   1.06543648e+07  1.92877445e+07  1.46e+00 1.37e-06  1.28e+02     0s
 177   1.07654194e+07  1.90823817e+07  1.44e+00 1.38e-06  1.30e+02     0s
 178   1.10644854e+07  1.93924395e+07  1.39e+00 1.07e-06  1.23e+02     0s
 179   1.11028758e+07  1.97055700e+07  1.39e+00 9.23e-07  1.21e+02     0s
 180   1.14436296e+07  2.00169300e+07  1.33e+00 1.35e-06  1.15e+02     0s
 181   1.14681350e+07  2.00635997e+07  1.33e+00 1.33e-06  1.15e+02     0s
 182   1.14931564e+07  2.00007021e+07  1.33e+00 1.49e-06  1.14e+02     0s
 183   1.16973580e+07  2.00029261e+07  1.29e+00 3.65e-07  1.12e+02     0s
 184   1.20960240e+07  2.01477835e+07  1.25e+00 5.21e-06  1.24e+02     0s
 185   1.22241224e+07  2.04108818e+07  1.23e+00 4.90e-06  1.20e+02     0s
 186   1.22906669e+07  2.12116957e+07  1.22e+00 1.22e-06  1.17e+02     0s
 187   1.24678312e+07  2.17207049e+07  1.20e+00 1.87e-06  1.15e+02     0s
 188   1.26959816e+07  2.23700477e+07  1.17e+00 1.74e-06  1.18e+02     0s
 189   1.30794504e+07  2.23597588e+07  1.13e+00 5.33e-06  1.18e+02     0s
 190   1.35456398e+07  2.21325347e+07  1.07e+00 3.47e-06  1.18e+02     0s
 191   1.41567646e+07  2.27243141e+07  1.01e+00 6.08e-06  1.07e+02     0s
 192   1.42465622e+07  2.33377922e+07  9.95e-01 1.63e-06  1.05e+02     0s
 193   1.53085290e+07  2.34128520e+07  8.83e-01 1.14e-06  9.72e+01     0s
 194   1.53957442e+07  2.35470094e+07  8.74e-01 5.99e-06  8.91e+01     0s
 195   1.55278517e+07  2.36978764e+07  8.60e-01 6.40e-06  8.75e+01     0s
 196   1.55895054e+07  2.40375086e+07  8.53e-01 6.68e-06  8.61e+01     0s
 197   1.57074504e+07  2.41275297e+07  8.42e-01 6.73e-06  8.58e+01     0s
 198   1.58333725e+07  2.43122769e+07  8.30e-01 6.47e-06  8.40e+01     1s
 199   1.59686615e+07  2.44134065e+07  8.17e-01 1.77e-06  8.21e+01     1s
 200   1.62030849e+07  2.44951428e+07  7.95e-01 2.02e-06  7.90e+01     1s
 201   1.62529638e+07  2.45379668e+07  7.91e-01 2.74e-06  7.83e+01     1s
 202   1.63733120e+07  2.46034465e+07  7.79e-01 1.20e-06  7.73e+01     1s
 203   1.64876638e+07  2.47890672e+07  7.69e-01 2.63e-06  7.55e+01     1s
 204   1.65662273e+07  2.48500631e+07  7.62e-01 1.44e-06  7.49e+01     1s
 205   1.66411111e+07  2.49534771e+07  7.55e-01 1.62e-06  7.42e+01     1s
 206   1.70140108e+07  2.51024705e+07  7.22e-01 1.01e-06  7.11e+01     1s
 207   1.70492701e+07  2.51963822e+07  7.19e-01 1.63e-06  7.07e+01     1s
 208   1.70528276e+07  2.52611705e+07  7.19e-01 1.68e-06  7.06e+01     1s
 209   1.70974826e+07  2.53558905e+07  7.15e-01 2.70e-07  7.05e+01     1s
 210   1.72874593e+07  2.53427456e+07  6.99e-01 6.08e-06  6.87e+01     1s
 211   1.73830569e+07  2.54760331e+07  6.91e-01 1.42e-06  6.84e+01     1s
 212   1.75539382e+07  2.57442866e+07  6.77e-01 2.63e-06  6.87e+01     1s
 213   1.78124169e+07  2.59896281e+07  6.57e-01 1.72e-06  6.97e+01     1s
 214   1.82230024e+07  2.60240154e+07  6.25e-01 1.10e-05  6.40e+01     1s
 215   1.86027872e+07  2.57809960e+07  5.96e-01 9.63e-06  6.77e+01     1s
 216   1.87719842e+07  2.62337274e+07  5.83e-01 6.93e-06  6.46e+01     1s
 217   1.91606175e+07  2.61805638e+07  5.54e-01 8.89e-06  6.32e+01     1s
 218   1.94936910e+07  2.63171189e+07  5.29e-01 9.11e-06  6.01e+01     1s
 219   1.95883818e+07  2.63517239e+07  5.22e-01 1.17e-05  5.73e+01     1s
 220   1.98044484e+07  2.63783552e+07  5.05e-01 1.10e-05  5.50e+01     1s
 221   1.99454848e+07  2.65927947e+07  4.95e-01 2.80e-05  5.19e+01     1s
 222   2.00026733e+07  2.66721843e+07  4.90e-01 2.86e-05  5.15e+01     1s
 223   2.01048322e+07  2.68145084e+07  4.83e-01 2.97e-05  5.03e+01     1s
 224   2.02716863e+07  2.68898325e+07  4.71e-01 1.84e-06  4.90e+01     1s
 225   2.03165056e+07  2.70381878e+07  4.68e-01 3.97e-06  4.82e+01     1s
 226   2.06232846e+07  2.70440221e+07  4.47e-01 4.78e-06  4.64e+01     1s
 227   2.07359846e+07  2.70506503e+07  4.39e-01 9.27e-06  4.50e+01     1s
 228   2.08077968e+07  2.70544072e+07  4.34e-01 1.11e-05  4.41e+01     1s
 229   2.09044907e+07  2.70566476e+07  4.27e-01 1.48e-05  4.33e+01     1s
 230   2.10433839e+07  2.70581141e+07  4.18e-01 1.57e-05  4.25e+01     1s
 231   2.12897676e+07  2.70593220e+07  4.01e-01 1.46e-05  4.12e+01     1s
 232   2.22859603e+07  2.70894789e+07  3.33e-01 5.42e-05  3.03e+01     1s
 233   2.22941454e+07  2.71040568e+07  3.32e-01 5.32e-05  3.01e+01     1s
 234   2.23480120e+07  2.71445089e+07  3.28e-01 5.26e-05  2.98e+01     1s
 235   2.23738648e+07  2.72298440e+07  3.27e-01 2.96e-06  2.97e+01     1s
 236   2.25808144e+07  2.72403350e+07  3.13e-01 3.47e-06  2.87e+01     1s
 237   2.26637264e+07  2.72520590e+07  3.07e-01 2.39e-06  2.81e+01     1s
 238   2.29019607e+07  2.71881457e+07  2.92e-01 5.96e-06  2.83e+01     1s
 239   2.31532379e+07  2.72719773e+07  2.75e-01 1.23e-05  2.45e+01     1s
 240   2.32328364e+07  2.72740866e+07  2.70e-01 4.18e-06  2.40e+01     1s
 241   2.32735973e+07  2.72774935e+07  2.67e-01 3.71e-06  2.37e+01     1s
 242   2.33051239e+07  2.72880030e+07  2.65e-01 4.69e-06  2.34e+01     1s
 243   2.33222202e+07  2.73035619e+07  2.64e-01 4.79e-06  2.33e+01     1s
 244   2.33344478e+07  2.73261744e+07  2.63e-01 4.94e-06  2.32e+01     1s
 245   2.33975764e+07  2.72963098e+07  2.59e-01 2.69e-05  2.28e+01     1s
 246   2.34449612e+07  2.73839249e+07  2.55e-01 6.43e-07  2.25e+01     1s
 247   2.37292520e+07  2.73883283e+07  2.38e-01 1.69e-05  2.29e+01     1s
 248   2.41497242e+07  2.74115231e+07  2.11e-01 1.41e-05  2.11e+01     1s
 249   2.41738151e+07  2.74992440e+07  2.09e-01 5.17e-06  2.05e+01     1s
 250   2.42124105e+07  2.75198174e+07  2.07e-01 5.52e-06  1.99e+01     1s
 251   2.42444030e+07  2.77894836e+07  2.05e-01 7.49e-06  1.97e+01     1s
 252   2.42771798e+07  2.76517935e+07  2.03e-01 9.82e-06  1.94e+01     1s
 253   2.44056187e+07  2.77909285e+07  1.96e-01 1.16e-05  2.09e+01     1s
 254   2.45099151e+07  2.78471763e+07  1.90e-01 7.84e-06  1.98e+01     1s
 255   2.58557509e+07  2.78707638e+07  1.15e-01 1.73e-05  1.33e+01     1s
 256   2.59337911e+07  2.78747867e+07  1.10e-01 3.40e-05  1.22e+01     1s
 257   2.59901947e+07  2.79030651e+07  1.07e-01 2.58e-05  1.07e+01     1s
 258   2.60896821e+07  2.79578034e+07  1.02e-01 2.81e-05  1.01e+01     1s
 259   2.61944750e+07  2.79828402e+07  9.61e-02 2.62e-05  9.58e+00     1s
 260   2.62269921e+07  2.79935212e+07  9.44e-02 2.94e-05  9.22e+00     1s
 261   2.62443324e+07  2.79968234e+07  9.35e-02 2.80e-05  9.09e+00     1s
 262   2.62582152e+07  2.80002121e+07  9.28e-02 2.43e-05  8.95e+00     1s
 263   2.62945769e+07  2.80044930e+07  9.09e-02 2.54e-05  8.72e+00     1s
 264   2.63182516e+07  2.80060862e+07  8.97e-02 2.55e-05  8.69e+00     1s
 265   2.63947589e+07  2.80027941e+07  8.57e-02 4.10e-05  8.97e+00     1s
 266   2.65534323e+07  2.80178640e+07  7.74e-02 2.23e-05  7.65e+00     1s
 267   2.68493684e+07  2.80252335e+07  6.19e-02 2.03e-04  4.80e+00     1s
 268   2.68606127e+07  2.80259879e+07  6.13e-02 1.98e-04  4.75e+00     1s
 269   2.69107569e+07  2.80284086e+07  5.87e-02 2.00e-04  4.55e+00     1s
 270   2.69534264e+07  2.80359939e+07  5.64e-02 1.95e-04  4.30e+00     1s
 271   2.70130652e+07  2.80398073e+07  5.34e-02 1.85e-04  4.03e+00     1s
 272   2.70670536e+07  2.80368832e+07  5.06e-02 1.82e-04  4.05e+00     1s
 273   2.71042103e+07  2.80382926e+07  4.87e-02 1.70e-04  3.90e+00     1s
 274   2.71862701e+07  2.80429594e+07  4.44e-02 9.07e-06  3.41e+00     1s
 275   2.72188576e+07  2.80457451e+07  4.28e-02 3.46e-05  3.26e+00     1s
 276   2.73096299e+07  2.80449276e+07  3.81e-02 3.49e-05  3.03e+00     1s
 277   2.73583593e+07  2.80467052e+07  3.56e-02 1.36e-05  2.77e+00     1s
 278   2.75699856e+07  2.80473782e+07  2.47e-02 5.19e-05  2.14e+00     1s
 279   2.77329046e+07  2.80497802e+07  1.64e-02 6.90e-05  1.38e+00     1s
 280   2.79981235e+07  2.80500726e+07  2.77e-03 5.26e-05  5.67e-01     1s
 281   2.80446992e+07  2.80516349e+07  3.67e-04 2.24e-05  6.84e-02     1s
 282   2.80496972e+07  2.80517937e+07  1.09e-04 6.91e-06  1.06e-02     1s
 283   2.80517510e+07  2.80517953e+07  2.34e-06 1.49e-05  4.46e-04     1s
 284   2.80517675e+07  2.80517958e+07  1.48e-06 3.01e-06  2.14e-04     1s
 285   2.80517958e+07  2.80517958e+07  1.22e-11 3.48e-06  1.77e-09     1s

Barrier solved model in 285 iterations and 0.67 seconds (0.43 work units)
Optimal objective 2.80517958e+07

Crossover time: 0.01 seconds (0.02 work units)

Root relaxation: objective 2.805180e+07, 241 iterations, 0.61 seconds (0.36 work units)

    Nodes    |    Current Node    |     Objective Bounds      |     Work
 Expl Unexpl |  Obj  Depth IntInf | Incumbent    BestBd   Gap | It/Node Time

     0     0 2.8052e+07    0   50 2.9925e+07 2.8052e+07  6.26%     -    0s
     0     0 2.8052e+07    0   51 2.9925e+07 2.8052e+07  6.26%     -    0s
     0     0 2.8394e+07    0   38 2.9925e+07 2.8394e+07  5.12%     -    0s
     0     0 2.8394e+07    0   38 2.9925e+07 2.8394e+07  5.12%     -    0s
     0     0 2.8408e+07    0   50 2.9925e+07 2.8408e+07  5.07%     -    0s
     0     0 2.8430e+07    0   50 2.9925e+07 2.8430e+07  5.00%     -    0s
     0     0 2.8430e+07    0   51 2.9925e+07 2.8430e+07  5.00%     -    0s
     0     0 2.8437e+07    0   43 2.9925e+07 2.8437e+07  4.97%     -    0s
     0     0 2.8439e+07    0   41 2.9925e+07 2.8439e+07  4.97%     -    0s
     0     0 2.8439e+07    0   43 2.9925e+07 2.8439e+07  4.97%     -    1s
     0     0 2.8439e+07    0   43 2.9925e+07 2.8439e+07  4.97%     -    1s
     0     0 2.8440e+07    0   42 2.9925e+07 2.8440e+07  4.96%     -    1s
     0     0 2.8457e+07    0   42 2.9925e+07 2.8457e+07  4.90%     -    1s
     0     0 2.8458e+07    0   48 2.9925e+07 2.8458e+07  4.90%     -    1s
     0     0 2.8477e+07    0   48 2.9925e+07 2.8477e+07  4.84%     -    1s
     0     0 2.8477e+07    0   48 2.9925e+07 2.8477e+07  4.84%     -    1s
     0     0 2.8477e+07    0   49 2.9925e+07 2.8477e+07  4.84%     -    1s
     0     0 2.8477e+07    0   49 2.9925e+07 2.8477e+07  4.84%     -    1s
     0     0 2.8486e+07    0   48 2.9925e+07 2.8486e+07  4.81%     -    1s
     0     0 2.8608e+07    0   48 2.9925e+07 2.8608e+07  4.40%     -    1s
     0     0 2.8608e+07    0   48 2.9925e+07 2.8608e+07  4.40%     -    1s
     0     2 2.8608e+07    0   48 2.9925e+07 2.8608e+07  4.40%     -    1s

Cutting planes:
  Cover: 2
  Implied bound: 46
  MIR: 54
  Flow cover: 23
  RLT: 10
  Relax-and-lift: 1

Explored 610 nodes (37947 simplex iterations) in 2.34 seconds (3.76 work units)
Thread count was 10 (of 10 available processors)

Solution count 1: 2.9925e+07 

Optimal solution found (tolerance 5.00e-03)
Best objective 2.992500000000e+07, best bound 2.985000000000e+07, gap 0.2506%
