
Gurobi 13.0.3 (mac64[arm]) logging started Sat Sep 26 12:20:00 2026

Set parameter LogFile to value "/Users/ashutosh/Desktop/Two-stage-Model/certainty_results/full/solves/nw_5_25_40M_phase1.log"
Gurobi Optimizer version 13.0.3 build v13.0.3rc0 (mac64[arm] - Darwin 27.0.0 26A428)

CPU model: Apple M1 Pro
Thread count: 10 physical cores, 10 logical processors, using up to 10 threads

Non-default parameters:
TimeLimit  21600
MIPGap  0.005
Method  2
LogToConsole  0

Optimize a model with 13528 rows, 5548 columns and 38090 nonzeros (Min)
Model fingerprint: 0xd4b56382
Model has 663 linear objective coefficients and an objective constant of 396.859633
Variable types: 3498 continuous, 2050 integer (1688 binary)
Coefficient statistics:
  Matrix range     [1e-03, 1e+05]
  Objective range  [1e+00, 1e+00]
  Bounds range     [1e+00, 3e+00]
  RHS range        [1e-02, 4e+07]

Loaded user MIP start with objective 2.21698
MIP start from previous solve did not produce a new incumbent solution

Presolve removed 11615 rows and 3854 columns
Presolve time: 0.05s
Presolved: 1913 rows, 1694 columns, 7395 nonzeros
Variable types: 1448 continuous, 246 integer (246 binary)
Root barrier log...

Ordering time: 0.00s

Barrier statistics:
 AA' NZ     : 2.390e+04
 Factor NZ  : 7.246e+04 (roughly 2 MB of memory)
 Factor Ops : 4.955e+06 (less than 1 second per iteration)
 Threads    : 10

                  Objective                Residual
Iter       Primal          Dual         Primal    Dual     Compl     Time
   0  -1.91675625e+06 -5.38115005e+05  5.55e+04 2.69e+00  2.82e+04     0s
   1  -5.89244047e+05 -5.46845086e+05  1.71e+04 7.80e+00  8.88e+03     0s
   2  -3.69011469e+03 -5.06861744e+05  1.13e+02 1.78e-14  1.75e+02     0s
   3  -2.02739181e+02 -6.82335573e+04  1.08e+01 2.66e-13  1.92e+01     0s
   4   1.30804280e+02 -1.02581483e+04  1.03e+00 2.49e-14  2.54e+00     0s
   5   1.37650390e+02 -2.97709748e+03  3.14e-02 3.20e-14  7.23e-01     0s
   6   1.02733934e+02 -1.96807351e+03  1.09e-02 2.13e-14  4.80e-01     0s
   7   6.66535559e+01 -6.54780547e+02  2.21e-03 3.55e-15  1.67e-01     0s
   8   3.98724768e+01 -2.18441185e+02  8.87e-04 1.42e-14  5.99e-02     0s
   9   1.25761602e+01 -6.22657907e+01  1.03e-04 5.33e-15  1.73e-02     0s
  10   2.07082212e+00 -1.55110907e+01  2.77e-06 3.55e-15  4.07e-03     0s
  11   1.36940285e+00 -3.13531392e+00  1.55e-06 7.11e-15  1.04e-03     0s
  12   8.41691277e-01 -8.27339820e-01  7.90e-07 7.11e-15  3.87e-04     0s
  13   4.79015471e-01 -1.23768733e-01  3.30e-07 3.55e-15  1.40e-04     0s
  14   3.03601278e-01  9.62318521e-02  1.11e-07 3.55e-15  4.80e-05     0s
  15   2.55715053e-01  1.88597535e-01  4.64e-08 3.55e-15  1.55e-05     0s
  16   2.22875792e-01  2.07216223e-01  4.59e-09 3.55e-15  3.63e-06     0s
  17   2.19817931e-01  2.15187120e-01  1.60e-09 3.55e-15  1.07e-06     0s
  18   2.18586619e-01  2.16603123e-01  5.48e-10 3.55e-15  4.59e-07     0s
  19   2.18333116e-01  2.17325790e-01  3.42e-10 3.55e-15  2.33e-07     0s
  20   2.17955881e-01  2.17599065e-01  5.64e-11 3.55e-15  8.27e-08     0s
  21   2.17868018e-01  2.17806353e-01  6.30e-11 3.55e-15  1.43e-08     0s
  22   2.17863813e-01  2.17845032e-01  6.58e-11 3.55e-15  4.35e-09     0s
  23   2.17860269e-01  2.17859929e-01  2.17e-10 7.11e-15  7.89e-11     0s

Barrier solved model in 23 iterations and 0.11 seconds (0.11 work units)
Optimal objective 2.17860269e-01

Crossover time: 0.01 seconds (0.02 work units)

Root relaxation: objective 2.178602e-01, 342 iterations, 0.06 seconds (0.05 work units)

    Nodes    |    Current Node    |     Objective Bounds      |     Work
 Expl Unexpl |  Obj  Depth IntInf | Incumbent    BestBd   Gap | It/Node Time

     0     0    0.21786    0    9    2.21698    0.21786  90.2%     -    0s
H    0     0                       1.1048342    0.21786  80.3%     -    0s
     0     0    0.21861    0   14    1.10483    0.21861  80.2%     -    0s
     0     0    0.22058    0   15    1.10483    0.22058  80.0%     -    0s
     0     0    0.22058    0   15    1.10483    0.22058  80.0%     -    0s
     0     0    0.22940    0   15    1.10483    0.22940  79.2%     -    0s
H    0     0                       1.0978296    0.22941  79.1%     -    0s
     0     0    0.23030    0   14    1.09783    0.23030  79.0%     -    0s
     0     0    0.23070    0   15    1.09783    0.23070  79.0%     -    0s
     0     0    0.23073    0   16    1.09783    0.23073  79.0%     -    0s
     0     0    0.25990    0   16    1.09783    0.25990  76.3%     -    0s
     0     0    0.25990    0   14    1.09783    0.25990  76.3%     -    0s
     0     2    0.25990    0   14    1.09783    0.25990  76.3%     -    0s
H   18    21                       0.9054541    0.26278  71.0%   123    0s
H   19    20                       0.3479700    0.26565  23.7%   118    0s
H   23    16                       0.3227400    0.26565  17.7%   104    0s

Cutting planes:
  Learned: 1
  Cover: 8
  Implied bound: 5
  MIR: 12
  Flow cover: 1
  RLT: 2
  Relax-and-lift: 4

Explored 39 nodes (2911 simplex iterations) in 0.61 seconds (0.90 work units)
Thread count was 10 (of 10 available processors)

Solution count 6: 0.32274 0.34797 0.905454 ... 2.21698

Optimal solution found (tolerance 5.00e-03)
Best objective 3.227399999997e-01, best bound 3.227399999997e-01, gap 0.0000%
