
Gurobi 13.0.3 (mac64[arm]) logging started Sat Sep 26 12:18:49 2026

Set parameter LogFile to value "/Users/ashutosh/Desktop/Two-stage-Model/certainty_results/full/solves/nw_5_05_40M_phase2.log"
Gurobi Optimizer version 13.0.3 build v13.0.3rc0 (mac64[arm] - Darwin 27.0.0 26A428)

CPU model: Apple M1 Pro
Thread count: 10 physical cores, 10 logical processors, using up to 10 threads

Non-default parameters:
TimeLimit  21600
MIPGap  0.005
Method  2
LogToConsole  0

Optimize a model with 13541 rows, 5548 columns and 38789 nonzeros (Min)
Model fingerprint: 0xccfada01
Model has 724 linear objective coefficients
Variable types: 3498 continuous, 2050 integer (1688 binary)
Coefficient statistics:
  Matrix range     [1e-03, 1e+05]
  Objective range  [2e+04, 1e+05]
  Bounds range     [1e+00, 3e+00]
  RHS range        [1e-02, 4e+07]

Loaded user MIP start with objective 3.9875e+07
MIP start from previous solve did not produce a new incumbent solution

Presolve removed 11749 rows and 3870 columns
Presolve time: 0.06s
Presolved: 1792 rows, 1678 columns, 7542 nonzeros
Variable types: 1435 continuous, 243 integer (243 binary)
Root barrier log...

Ordering time: 0.00s

Barrier statistics:
 Dense cols : 7
 AA' NZ     : 1.537e+04
 Factor NZ  : 5.959e+04 (roughly 2 MB of memory)
 Factor Ops : 3.772e+06 (less than 1 second per iteration)
 Threads    : 10

                  Objective                Residual
Iter       Primal          Dual         Primal    Dual     Compl     Time
   0   1.41703130e+08 -9.13720332e+07  1.02e+05 4.55e-13  3.37e+06     0s
   1   5.06553705e+07 -8.92434787e+07  2.38e+04 1.88e+03  8.13e+05     0s
   2   1.53011298e+07 -7.47771993e+07  6.51e+02 7.70e+01  4.19e+04     0s
   3   1.32798469e+07 -8.45774914e+05  3.92e+02 1.45e+00  1.18e+04     0s
   4   1.26213704e+07  1.73426681e+06  2.66e+02 1.04e+00  8.21e+03     0s
   5   1.32761822e+07  4.12415245e+06  1.40e+02 7.74e-01  5.08e+03     0s
   6   1.33469063e+07  4.84059002e+06  1.26e+02 6.97e-01  4.61e+03     0s
   7   1.33287532e+07  8.42854815e+06  1.20e+02 4.67e-01  3.85e+03     0s
   8   1.33987703e+07  8.90916766e+06  1.14e+02 4.25e-01  3.60e+03     0s
   9   1.39190337e+07  1.02412842e+07  8.67e+01 3.71e-01  2.90e+03     0s
  10   1.43970259e+07  1.31027119e+07  6.37e+01 8.65e-02  1.60e+03     0s
  11   1.50616740e+07  1.31320120e+07  3.78e+01 7.91e-02  1.20e+03     0s
  12   1.51077850e+07  1.40592403e+07  3.61e+01 5.49e-02  9.77e+02     0s
  13   1.59142498e+07  1.43773922e+07  1.33e+01 4.77e-02  6.37e+02     0s
  14   1.59585872e+07  1.55587954e+07  9.09e+00 1.27e-02  2.77e+02     0s
  15   1.60553550e+07  1.58518593e+07  7.42e+00 6.63e-03  2.07e+02     0s
  16   1.60856276e+07  1.60512938e+07  4.47e+00 2.98e-03  1.19e+02     0s
  17   1.60993382e+07  1.61723757e+07  3.32e+00 1.98e-03  8.26e+01     0s
  18   1.61020170e+07  1.62864585e+07  3.14e+00 1.77e-03  7.73e+01     0s
  19   1.61091528e+07  1.64849588e+07  2.87e+00 1.60e-03  6.74e+01     0s
  20   1.61218028e+07  1.65307714e+07  2.78e+00 1.56e-03  6.50e+01     0s
  21   1.61275567e+07  1.66126910e+07  2.74e+00 1.52e-03  6.42e+01     0s
  22   1.61289524e+07  1.67966633e+07  2.73e+00 1.48e-03  6.47e+01     0s
  23   1.61353999e+07  1.76161454e+07  2.69e+00 1.42e-03  6.73e+01     0s
  24   1.06249097e+09 -1.70270075e+08  1.02e+06 9.09e-13  5.48e+07     0s
  25   9.10195310e+07 -2.09227899e+08  1.54e+05 1.76e+03  8.54e+06     0s
  26   1.67231740e+07 -2.02058563e+08  7.60e+02 1.64e-11  9.26e+04     0s
  27   1.45582395e+07 -1.86892559e+07  3.30e+02 2.64e-11  2.02e+04     0s
  28   1.40928046e+07 -1.03391567e+07  2.38e+02 7.28e-12  1.42e+04     0s
  29   1.36491913e+07  2.07516682e+06  1.35e+02 7.28e-12  6.82e+03     0s
  30   1.35826821e+07  8.57551692e+06  1.16e+02 1.33e-10  4.67e+03     0s
  31   1.39971427e+07  9.98447628e+06  9.18e+01 2.23e-10  3.73e+03     0s
  32   1.47735613e+07  1.25421870e+07  5.79e+01 3.77e-10  2.12e+03     0s
  33   1.52035140e+07  1.40707960e+07  3.67e+01 6.67e-10  1.21e+03     0s
  34   1.58301047e+07  1.43688932e+07  1.75e+01 6.42e-10  8.06e+02     0s
  35   1.59318431e+07  1.55225385e+07  8.40e+00 1.38e-10  3.19e+02     0s
  36   1.61038950e+07  1.56369475e+07  4.82e+00 2.38e-10  2.42e+02     0s
  37   1.61071374e+07  1.61518214e+07  3.34e+00 1.02e-10  1.26e+02     0s
  38   1.61108022e+07  1.63299255e+07  3.07e+00 2.62e-10  1.13e+02     0s
  39   1.61256293e+07  1.63821529e+07  2.92e+00 4.95e-10  1.06e+02     0s
  40   1.61320593e+07  1.64553488e+07  2.86e+00 4.07e-10  1.04e+02     0s
  41   1.61403971e+07  1.71351149e+07  2.75e+00 4.66e-10  1.01e+02     0s
  42   1.61542299e+07  1.75156254e+07  2.70e+00 1.63e-09  9.87e+01     0s
  43   1.62573048e+07  1.76501195e+07  2.51e+00 1.51e-09  9.18e+01     0s
  44   1.64571330e+07  1.76930955e+07  2.21e+00 1.94e-08  7.92e+01     0s
  45   1.65964146e+07  1.77693149e+07  2.00e+00 2.00e-08  6.91e+01     0s
  46   1.66116090e+07  1.77790671e+07  1.98e+00 1.96e-08  6.80e+01     0s
  47   1.66247496e+07  1.78025837e+07  1.96e+00 2.01e-08  6.61e+01     0s
  48   1.66679780e+07  1.78220646e+07  1.90e+00 1.85e-08  6.41e+01     0s
  49   1.67069455e+07  1.78501989e+07  1.84e+00 2.75e-08  6.17e+01     0s
  50   1.67466723e+07  1.79952196e+07  1.78e+00 5.40e-08  5.89e+01     0s
  51   1.67618528e+07  1.80515815e+07  1.76e+00 5.63e-08  5.82e+01     0s
  52   1.67795863e+07  1.81558494e+07  1.74e+00 6.22e-08  5.74e+01     0s
  53   1.67952349e+07  1.83442841e+07  1.72e+00 1.75e-08  5.58e+01     0s
  54   1.68104628e+07  1.83888695e+07  1.71e+00 1.72e-08  5.56e+01     0s
  55   1.68249069e+07  1.84022856e+07  1.70e+00 8.17e-08  5.63e+01     0s
  56   1.68343994e+07  1.88333743e+07  1.69e+00 4.94e-08  5.56e+01     0s
  57   1.68651133e+07  1.91862810e+07  1.66e+00 2.00e-08  5.51e+01     0s
  58   1.69476820e+07  1.93110723e+07  1.61e+00 2.41e-08  5.71e+01     0s
  59   1.69699126e+07  1.94014060e+07  1.60e+00 2.52e-07  5.64e+01     0s
  60   1.70127798e+07  1.95412450e+07  1.57e+00 2.32e-08  5.52e+01     0s
  61   1.70343970e+07  1.95633170e+07  1.56e+00 2.58e-08  5.46e+01     0s
  62   1.70900477e+07  1.97063109e+07  1.53e+00 8.64e-08  5.27e+01     0s
  63   1.71813322e+07  1.97708729e+07  1.48e+00 4.62e-07  5.09e+01     0s
  64   1.71857283e+07  1.98357400e+07  1.47e+00 2.81e-07  5.09e+01     0s
  65   1.71950093e+07  2.01248315e+07  1.47e+00 3.04e-07  5.09e+01     0s
  66   1.72122229e+07  2.03666338e+07  1.46e+00 6.94e-08  5.06e+01     0s
  67   1.72310035e+07  2.04445602e+07  1.45e+00 7.12e-08  5.06e+01     0s
  68   1.72925766e+07  2.04286104e+07  1.43e+00 6.71e-08  5.62e+01     0s
  69   1.73440469e+07  2.06234137e+07  1.41e+00 8.24e-08  5.26e+01     0s
  70   1.73598400e+07  2.10119010e+07  1.40e+00 1.35e-07  5.24e+01     0s
  71   1.74733045e+07  2.10840052e+07  1.36e+00 1.57e-07  5.25e+01     0s
  72   1.75828430e+07  2.05318501e+07  1.32e+00 2.81e-06  6.01e+01     0s
  73   1.76427453e+07  2.12531057e+07  1.30e+00 1.05e-06  5.26e+01     0s
  74   1.76588411e+07  2.17543038e+07  1.30e+00 1.54e-06  5.23e+01     0s
  75   1.76824398e+07  2.16706907e+07  1.29e+00 1.50e-06  5.31e+01     0s
  76   1.77863107e+07  2.15395767e+07  1.26e+00 1.13e-07  5.36e+01     0s
  77   1.78326114e+07  2.16595005e+07  1.24e+00 3.19e-07  5.31e+01     0s
  78   1.78392437e+07  2.17549963e+07  1.24e+00 1.20e-07  5.30e+01     0s
  79   1.78417694e+07  2.17124492e+07  1.24e+00 1.23e-07  5.27e+01     0s
  80   1.78641604e+07  2.18850701e+07  1.23e+00 3.16e-07  5.20e+01     0s
  81   1.80559853e+07  2.13417247e+07  1.18e+00 4.00e-06  6.63e+01     0s
  82   1.81003191e+07  2.18905005e+07  1.17e+00 1.23e-06  5.88e+01     0s
  83   1.81755757e+07  2.24437508e+07  1.15e+00 9.50e-07  6.31e+01     0s
  84   1.83526230e+07  2.25011627e+07  1.11e+00 3.22e-06  7.52e+01     0s
  85   1.85522884e+07  2.24370439e+07  1.07e+00 8.54e-07  8.63e+01     0s
  86   1.86335051e+07  2.24471485e+07  1.05e+00 3.07e-06  8.90e+01     0s
  87   1.87790015e+07  2.33121798e+07  1.01e+00 1.06e-06  8.99e+01     0s
  88   1.88096882e+07  2.37846100e+07  1.00e+00 1.20e-06  9.09e+01     0s
  89   1.88600166e+07  2.39780289e+07  9.93e-01 4.00e-07  8.96e+01     0s
  90   1.89071795e+07  2.39480478e+07  9.84e-01 3.32e-07  8.89e+01     0s
  91   1.89200751e+07  2.40647680e+07  9.82e-01 6.61e-07  8.85e+01     0s
  92   1.89307275e+07  2.43620516e+07  9.78e-01 3.19e-07  8.93e+01     0s
  93   1.89696000e+07  2.51470508e+07  9.69e-01 4.74e-07  9.09e+01     0s
  94   1.89954507e+07  2.53214025e+07  9.63e-01 1.07e-07  8.96e+01     0s
  95   1.90702540e+07  2.54562476e+07  9.49e-01 1.30e-07  8.48e+01     0s
  96   1.91013626e+07  2.54697714e+07  9.45e-01 3.15e-07  8.46e+01     0s
  97   1.91673297e+07  2.58104677e+07  9.37e-01 1.32e-06  8.80e+01     0s
  98   1.91824741e+07  2.61278607e+07  9.34e-01 5.16e-07  8.91e+01     0s
  99   1.92091076e+07  2.68026789e+07  9.30e-01 6.78e-07  9.12e+01     0s
 100   1.93068365e+07  2.72607149e+07  9.14e-01 3.19e-07  8.38e+01     0s
 101   1.94458318e+07  2.74738857e+07  9.01e-01 1.12e-06  8.74e+01     0s
 102   1.96125639e+07  2.78529021e+07  8.82e-01 9.00e-07  8.76e+01     0s
 103   1.98247515e+07  2.78115348e+07  8.61e-01 3.14e-06  8.98e+01     0s
 104   1.98450373e+07  2.84239386e+07  8.59e-01 6.14e-06  8.86e+01     0s
 105   1.98917746e+07  2.81792775e+07  8.54e-01 4.97e-07  8.79e+01     0s
 106   1.99144682e+07  2.82844211e+07  8.52e-01 2.76e-07  8.78e+01     0s
 107   1.99548223e+07  2.83367138e+07  8.48e-01 2.76e-07  8.73e+01     0s
 108   1.99710051e+07  2.84623970e+07  8.46e-01 1.87e-07  8.75e+01     0s
 109   1.99950601e+07  2.86243135e+07  8.44e-01 1.45e-06  8.77e+01     0s
 110   2.00941826e+07  2.86297497e+07  8.34e-01 6.52e-08  8.70e+01     0s
 111   2.01090959e+07  2.87044697e+07  8.33e-01 5.63e-07  8.68e+01     0s
 112   2.01394737e+07  2.86467981e+07  8.30e-01 2.89e-07  8.82e+01     0s
 113   2.04014855e+07  2.86823558e+07  8.05e-01 3.45e-07  8.57e+01     0s
 114   2.05132757e+07  2.92651100e+07  7.94e-01 8.21e-06  8.51e+01     0s
 115   2.08981457e+07  2.92622253e+07  7.62e-01 8.42e-06  8.96e+01     0s
 116   2.11526851e+07  2.88130707e+07  7.40e-01 2.52e-05  8.94e+01     0s
 117   2.12400317e+07  2.93873961e+07  7.32e-01 2.02e-05  7.97e+01     0s
 118   2.12617734e+07  2.96404605e+07  7.29e-01 1.09e-06  7.92e+01     0s
 119   2.13742721e+07  3.06796629e+07  7.17e-01 1.27e-06  7.57e+01     0s
 120   2.17720224e+07  2.96815853e+07  6.90e-01 4.03e-06  8.80e+01     0s
 121   2.19376374e+07  3.06203944e+07  6.76e-01 1.43e-05  7.57e+01     0s
 122   2.19553975e+07  3.08268501e+07  6.74e-01 1.28e-05  7.17e+01     0s
 123   2.22850140e+07  3.09220814e+07  6.49e-01 1.40e-05  6.89e+01     0s
 124   2.26030015e+07  3.09646692e+07  6.26e-01 1.58e-05  6.72e+01     0s
 125   2.28365138e+07  3.07339940e+07  6.09e-01 2.69e-05  7.05e+01     0s
 126   2.28785831e+07  3.10243278e+07  6.06e-01 3.20e-05  6.59e+01     0s
 127   2.28940075e+07  3.13396979e+07  6.04e-01 1.37e-06  6.51e+01     0s
 128   2.30799729e+07  3.15262437e+07  5.90e-01 1.04e-06  6.11e+01     0s
 129   2.33581229e+07  3.16831510e+07  5.71e-01 8.88e-06  5.89e+01     0s
 130   2.35163885e+07  3.16929737e+07  5.60e-01 1.57e-05  5.74e+01     0s
 131   2.35713047e+07  3.17172318e+07  5.56e-01 3.97e-06  5.56e+01     0s
 132   2.36027457e+07  3.19823634e+07  5.54e-01 6.02e-06  5.53e+01     0s
 133   2.37413280e+07  3.22480058e+07  5.45e-01 5.07e-06  5.38e+01     0s
 134   2.38637540e+07  3.23038077e+07  5.38e-01 1.07e-06  5.35e+01     0s
 135   2.40716579e+07  3.22842540e+07  5.25e-01 4.18e-06  5.25e+01     0s
 136   2.42423376e+07  3.23525853e+07  5.14e-01 7.33e-06  5.08e+01     0s
 137   2.43997740e+07  3.23934205e+07  5.04e-01 2.00e-05  4.92e+01     0s
 138   2.44692114e+07  3.24541145e+07  5.00e-01 3.48e-06  4.75e+01     0s
 139   2.44755161e+07  3.25921115e+07  4.99e-01 5.03e-06  4.77e+01     0s
 140   2.44890207e+07  3.34891963e+07  4.98e-01 5.59e-06  4.77e+01     0s
 141   2.45510062e+07  3.30756974e+07  4.95e-01 6.09e-06  4.75e+01     0s
 142   2.46523117e+07  3.31605545e+07  4.90e-01 2.58e-06  5.01e+01     0s
 143   2.46834044e+07  3.32667046e+07  4.88e-01 7.34e-07  5.07e+01     0s
 144   2.47805406e+07  3.37193525e+07  4.84e-01 1.34e-06  5.42e+01     0s
 145   2.49866083e+07  3.32741722e+07  4.73e-01 7.23e-05  6.76e+01     0s
 146   2.49943996e+07  3.33998030e+07  4.73e-01 2.02e-06  6.76e+01     0s
 147   2.50029321e+07  3.36554341e+07  4.72e-01 7.45e-07  6.83e+01     0s
 148   2.50847000e+07  3.45536812e+07  4.68e-01 9.21e-06  6.75e+01     0s
 149   2.51421629e+07  3.49503269e+07  4.65e-01 2.63e-06  6.78e+01     0s
 150   2.53003838e+07  3.46722096e+07  4.58e-01 2.16e-05  7.12e+01     0s
 151   2.57016788e+07  3.47326421e+07  4.41e-01 6.48e-05  7.82e+01     0s
 152   2.60012520e+07  3.51888954e+07  4.28e-01 3.55e-05  7.42e+01     0s
 153   2.66255784e+07  3.54638289e+07  4.01e-01 8.07e-06  6.97e+01     0s
 154   2.70486162e+07  3.55178278e+07  3.83e-01 1.10e-05  6.83e+01     0s
 155   2.71264191e+07  3.56732006e+07  3.79e-01 2.23e-05  6.23e+01     0s
 156   2.71499434e+07  3.57966022e+07  3.79e-01 2.67e-05  6.17e+01     0s
 157   2.76013081e+07  3.60193567e+07  3.60e-01 1.85e-05  6.01e+01     0s
 158   2.77933846e+07  3.59562631e+07  3.52e-01 2.71e-05  6.00e+01     0s
 159   2.79944662e+07  3.60460248e+07  3.43e-01 7.48e-06  5.54e+01     0s
 160   2.81024457e+07  3.64513294e+07  3.39e-01 8.90e-06  5.13e+01     0s
 161   2.86353952e+07  3.63181938e+07  3.18e-01 2.74e-05  4.79e+01     0s
 162   2.91665817e+07  3.64961856e+07  2.97e-01 4.05e-05  3.87e+01     0s
 163   2.92098643e+07  3.65840297e+07  2.95e-01 2.24e-04  3.40e+01     0s
 164   2.93720639e+07  3.67805069e+07  2.89e-01 2.16e-04  3.34e+01     0s
 165   2.94982152e+07  3.68083005e+07  2.84e-01 2.17e-04  3.34e+01     0s
 166   2.95116442e+07  3.68303179e+07  2.83e-01 2.25e-04  3.31e+01     0s
 167   2.95653403e+07  3.68436052e+07  2.81e-01 5.77e-06  3.30e+01     0s
 168   2.96253570e+07  3.68744264e+07  2.79e-01 6.73e-06  3.27e+01     0s
 169   2.96647353e+07  3.68826438e+07  2.78e-01 2.87e-06  3.27e+01     0s
 170   2.97222444e+07  3.69223934e+07  2.75e-01 7.63e-06  3.22e+01     0s
 171   2.97818000e+07  3.69435979e+07  2.73e-01 2.13e-05  3.17e+01     0s
 172   2.98506626e+07  3.69498595e+07  2.71e-01 2.28e-05  3.15e+01     0s
 173   3.00174212e+07  3.69607075e+07  2.64e-01 5.04e-06  3.07e+01     0s
 174   3.00762196e+07  3.69740808e+07  2.62e-01 2.20e-05  2.98e+01     0s
 175   3.01106177e+07  3.70177639e+07  2.61e-01 3.26e-05  2.95e+01     0s
 176   3.02224237e+07  3.70803268e+07  2.57e-01 6.74e-05  2.86e+01     0s
 177   3.02680611e+07  3.71153465e+07  2.55e-01 6.97e-05  2.82e+01     0s
 178   3.03076460e+07  3.71205581e+07  2.54e-01 6.81e-05  2.81e+01     0s
 179   3.03442847e+07  3.71341606e+07  2.52e-01 8.51e-05  2.76e+01     0s
 180   3.03588802e+07  3.71720496e+07  2.52e-01 1.43e-06  2.76e+01     0s
 181   3.03669857e+07  3.71877903e+07  2.51e-01 2.49e-06  2.76e+01     0s
 182   3.03931275e+07  3.72228573e+07  2.51e-01 3.81e-06  2.75e+01     0s
 183   3.04381058e+07  3.73062092e+07  2.49e-01 1.21e-05  2.73e+01     0s
 184   3.06125238e+07  3.73518753e+07  2.43e-01 1.25e-05  2.71e+01     0s
 185   3.06680150e+07  3.74057910e+07  2.41e-01 2.22e-06  2.77e+01     0s
 186   3.09682690e+07  3.75374596e+07  2.31e-01 9.92e-05  2.58e+01     0s
 187   3.21725511e+07  3.72810394e+07  1.90e-01 3.81e-04  4.14e+01     0s
 188   3.22131308e+07  3.74016069e+07  1.88e-01 3.40e-04  3.63e+01     0s
 189   3.23839622e+07  3.76033352e+07  1.82e-01 7.02e-05  3.30e+01     0s
 190   3.29220768e+07  3.77082305e+07  1.64e-01 1.01e-04  3.14e+01     0s
 191   3.33680132e+07  3.77062964e+07  1.49e-01 2.20e-04  2.73e+01     0s
 192   3.38354472e+07  3.77419772e+07  1.33e-01 4.61e-04  2.25e+01     0s
 193   3.38788487e+07  3.77558380e+07  1.32e-01 4.90e-04  2.01e+01     0s
 194   3.39477587e+07  3.77811923e+07  1.30e-01 4.48e-04  1.95e+01     0s
 195   3.41688607e+07  3.77987161e+07  1.22e-01 4.31e-04  1.90e+01     0s
 196   3.46557328e+07  3.77768034e+07  1.06e-01 2.77e-04  1.68e+01     0s
 197   3.47726338e+07  3.77920821e+07  1.02e-01 1.86e-04  1.52e+01     0s
 198   3.50499840e+07  3.77923218e+07  9.32e-02 2.50e-04  1.49e+01     0s
 199   3.52617171e+07  3.78117273e+07  8.62e-02 5.40e-04  1.15e+01     0s
 200   3.52710461e+07  3.78948780e+07  8.59e-02 5.21e-04  1.10e+01     0s
 201   3.52964867e+07  3.80836224e+07  8.51e-02 4.87e-04  1.09e+01     0s
 202   3.52970129e+07  3.80306462e+07  8.51e-02 4.87e-04  1.10e+01     0s
 203   3.52999588e+07  3.81285330e+07  8.50e-02 7.64e-07  1.10e+01     0s
 204   3.53017207e+07  3.82430438e+07  8.49e-02 8.20e-07  1.11e+01     0s
 205   3.53069608e+07  3.83155662e+07  8.48e-02 1.77e-06  1.12e+01     0s
 206   3.54931109e+07  3.82170293e+07  8.00e-02 8.29e-05  1.57e+01     0s
 207   3.58613626e+07  3.81925395e+07  7.00e-02 2.20e-05  2.06e+01     0s
 208   3.64474125e+07  3.81369015e+07  5.43e-02 1.29e-04  3.70e+01     0s
 209   3.65214179e+07  3.81507298e+07  5.23e-02 4.22e-05  3.45e+01     0s
 210   3.65250121e+07  3.81546292e+07  5.22e-02 1.83e-07  3.46e+01     0s
 211   3.65933144e+07  3.81645696e+07  5.04e-02 5.76e-06  3.50e+01     0s
 212   3.67314443e+07  3.82000284e+07  4.67e-02 1.27e-05  3.47e+01     0s
 213   3.71268372e+07  3.83275591e+07  3.62e-02 1.21e-04  2.42e+01     0s
 214   3.71344166e+07  3.83930799e+07  3.60e-02 1.06e-04  1.59e+01     0s
 215   3.71459878e+07  3.84399498e+07  3.56e-02 1.02e-04  1.54e+01     0s
 216   3.72301382e+07  3.84633615e+07  3.35e-02 1.00e-04  1.51e+01     0s
 217   3.73505099e+07  3.84885340e+07  3.04e-02 8.54e-05  1.34e+01     0s
 218   3.78552525e+07  3.85048116e+07  1.75e-02 1.57e-04  8.61e+00     0s
 219   3.81833474e+07  3.85313091e+07  9.12e-03 5.37e-04  2.44e+00     0s
 220   3.82819099e+07  3.85327344e+07  6.59e-03 4.43e-04  1.98e+00     0s
 221   3.84001364e+07  3.85342064e+07  3.57e-03 3.25e-04  1.46e+00     0s
 222   3.84962489e+07  3.85371375e+07  1.11e-03 1.28e-04  6.87e-01     0s
 223   3.85160750e+07  3.85371979e+07  6.04e-04 1.23e-04  6.16e-01     0s
 224   3.85234156e+07  3.85381994e+07  4.15e-04 6.68e-05  3.59e-01     0s
 225   3.85332517e+07  3.85392935e+07  1.62e-04 6.33e-05  8.22e-02     0s
 226   3.85389711e+07  3.85395626e+07  1.55e-05 3.46e-05  3.99e-03     0s
 227   3.85395723e+07  3.85395723e+07  7.69e-09 2.29e-05  2.20e-05     0s
 228   3.85395724e+07  3.85395724e+07  3.35e-11 7.73e-06  7.20e-11     0s

Barrier solved model in 228 iterations and 0.46 seconds (0.36 work units)
Optimal objective 3.85395724e+07

Crossover time: 0.01 seconds (0.01 work units)

Root relaxation: objective 3.853957e+07, 189 iterations, 0.39 seconds (0.28 work units)

    Nodes    |    Current Node    |     Objective Bounds      |     Work
 Expl Unexpl |  Obj  Depth IntInf | Incumbent    BestBd   Gap | It/Node Time

     0     0 3.8540e+07    0    8 3.9875e+07 3.8540e+07  3.35%     -    0s
     0     0 3.8540e+07    0    9 3.9875e+07 3.8540e+07  3.35%     -    0s
     0     0 3.9129e+07    0   13 3.9875e+07 3.9129e+07  1.87%     -    0s
     0     0 3.9132e+07    0   14 3.9875e+07 3.9132e+07  1.86%     -    0s
     0     0 3.9145e+07    0   16 3.9875e+07 3.9145e+07  1.83%     -    0s
H    0     0                    3.972500e+07 3.9145e+07  1.46%     -    0s
     0     0 3.9145e+07    0   16 3.9725e+07 3.9145e+07  1.46%     -    0s
     0     0 3.9145e+07    0   16 3.9725e+07 3.9145e+07  1.46%     -    0s
     0     0 3.9146e+07    0   14 3.9725e+07 3.9146e+07  1.46%     -    0s
     0     0 3.9146e+07    0   14 3.9725e+07 3.9146e+07  1.46%     -    0s
     0     0 3.9146e+07    0   17 3.9725e+07 3.9146e+07  1.46%     -    0s
     0     0 3.9146e+07    0   18 3.9725e+07 3.9146e+07  1.46%     -    0s
     0     0 3.9189e+07    0   16 3.9725e+07 3.9189e+07  1.35%     -    0s
     0     0 3.9189e+07    0   16 3.9725e+07 3.9189e+07  1.35%     -    0s
     0     0 3.9189e+07    0   16 3.9725e+07 3.9189e+07  1.35%     -    0s
     0     0 3.9189e+07    0   17 3.9725e+07 3.9189e+07  1.35%     -    0s
     0     0 3.9194e+07    0   18 3.9725e+07 3.9194e+07  1.34%     -    0s
     0     0 3.9194e+07    0   14 3.9725e+07 3.9194e+07  1.34%     -    0s
     0     0 3.9239e+07    0   15 3.9725e+07 3.9239e+07  1.22%     -    0s
     0     0 3.9239e+07    0   14 3.9725e+07 3.9239e+07  1.22%     -    0s
     0     0 3.9725e+07    0   15 3.9725e+07 3.9725e+07  0.00%     -    0s

Cutting planes:
  Learned: 1
  Cover: 1
  Implied bound: 10
  MIR: 11
  Flow cover: 7
  RLT: 1
  Relax-and-lift: 5

Explored 1 nodes (746 simplex iterations) in 0.95 seconds (0.85 work units)
Thread count was 10 (of 10 available processors)

Solution count 2: 3.9725e+07 3.9875e+07 

Optimal solution found (tolerance 5.00e-03)
Best objective 3.972500000000e+07, best bound 3.972500000000e+07, gap 0.0000%
