
Gurobi 13.0.3 (mac64[arm]) logging started Sat Sep 26 12:19:24 2026

Set parameter LogFile to value "/Users/ashutosh/Desktop/Two-stage-Model/certainty_results/full/solves/nw_5_15_10M_phase2.log"
Gurobi Optimizer version 13.0.3 build v13.0.3rc0 (mac64[arm] - Darwin 27.0.0 26A428)

CPU model: Apple M1 Pro
Thread count: 10 physical cores, 10 logical processors, using up to 10 threads

Non-default parameters:
TimeLimit  21600
MIPGap  0.005
Method  2
LogToConsole  0

Optimize a model with 13556 rows, 5548 columns and 38834 nonzeros (Min)
Model fingerprint: 0x8cee614f
Model has 724 linear objective coefficients
Variable types: 3498 continuous, 2050 integer (1688 binary)
Coefficient statistics:
  Matrix range     [1e-03, 1e+05]
  Objective range  [2e+04, 1e+05]
  Bounds range     [1e+00, 3e+00]
  RHS range        [1e-02, 1e+07]

Loaded user MIP start with objective 9.9e+06
MIP start from previous solve did not produce a new incumbent solution

Presolve removed 11363 rows and 3796 columns
Presolve time: 0.06s
Presolved: 2193 rows, 1752 columns, 8503 nonzeros
Variable types: 1494 continuous, 258 integer (258 binary)
Root barrier log...

Ordering time: 0.00s

Barrier statistics:
 AA' NZ     : 3.036e+04
 Factor NZ  : 9.242e+04 (roughly 2 MB of memory)
 Factor Ops : 7.505e+06 (less than 1 second per iteration)
 Threads    : 10

                  Objective                Residual
Iter       Primal          Dual         Primal    Dual     Compl     Time
   0   2.79562854e+08 -1.94798868e+08  1.00e+05 9.09e-13  7.01e+06     0s
   1   9.57162392e+07 -2.33234655e+08  3.70e+04 4.19e+03  2.64e+06     0s
   2   1.50701461e+07 -2.30431850e+08  1.90e+03 1.46e-11  1.85e+05     0s
   3   8.61567793e+06 -6.02423273e+07  1.56e+02 1.00e-11  2.32e+04     0s
   4   4.36570994e+06 -1.14986660e+07  5.61e+01 1.46e-11  5.39e+03     0s
   5   1.75003151e+06 -4.91306180e+06  2.08e+01 5.60e-10  2.06e+03     0s
   6   9.64443744e+05 -1.75772944e+06  1.11e+01 1.38e-10  9.16e+02     0s
   7   6.86068301e+05 -1.97087960e+05  7.68e+00 3.20e-10  4.79e+02     0s
   8   6.02471851e+05  6.93793425e+05  5.74e+00 4.66e-10  3.62e+02     0s
   9   6.12758070e+05  1.30670099e+06  5.57e+00 3.32e-09  3.48e+02     0s
  10   6.91610244e+05  1.43024409e+06  5.06e+00 3.26e-09  3.16e+02     0s
  11   7.58653907e+05  1.65106859e+06  4.76e+00 6.52e-09  2.94e+02     0s
  12   8.71364634e+05  1.87925193e+06  4.50e+00 5.12e-09  2.83e+02     0s
  13   1.07591249e+06  2.09012563e+06  3.86e+00 8.03e-09  2.38e+02     0s
  14   1.14099014e+06  2.26932947e+06  3.66e+00 6.64e-09  2.18e+02     0s
  15   1.17738241e+06  2.31920712e+06  3.56e+00 5.70e-09  2.11e+02     0s
  16   1.20266293e+06  2.37291928e+06  3.49e+00 5.59e-09  2.07e+02     0s
  17   1.23722198e+06  2.44269190e+06  3.40e+00 6.29e-09  2.01e+02     0s
  18   1.25387206e+06  2.54389170e+06  3.35e+00 5.94e-09  1.97e+02     0s
  19   1.36947481e+06  2.83096260e+06  3.06e+00 8.47e-09  1.76e+02     0s
  20   1.51371852e+06  2.88872921e+06  2.76e+00 8.61e-09  1.62e+02     0s
  21   1.56393690e+06  3.21295531e+06  2.66e+00 1.14e-08  1.54e+02     0s
  22   1.59283848e+06  3.28394318e+06  2.61e+00 1.05e-08  1.52e+02     0s
  23   1.60658960e+06  3.31522075e+06  2.59e+00 1.08e-08  1.51e+02     0s
  24   1.62731627e+06  3.53273972e+06  2.57e+00 1.19e-08  1.54e+02     0s
  25   1.72128469e+06  3.81932419e+06  2.45e+00 1.93e-08  1.45e+02     0s
  26   1.77010693e+06  4.01349014e+06  2.40e+00 2.84e-08  1.36e+02     0s
  27   1.88936217e+06  4.13311650e+06  2.29e+00 4.70e-08  1.29e+02     0s
  28   2.07603787e+06  4.18620922e+06  2.13e+00 4.75e-08  1.22e+02     0s
  29   2.10385803e+06  4.39806511e+06  2.10e+00 6.82e-08  1.15e+02     0s
  30   2.15638138e+06  4.48058878e+06  2.06e+00 8.53e-08  1.11e+02     0s
  31   2.20479468e+06  4.49978445e+06  2.02e+00 8.96e-08  1.10e+02     0s
  32   2.33373048e+06  4.53003357e+06  1.92e+00 9.46e-08  1.06e+02     0s
  33   2.38535272e+06  4.60283929e+06  1.88e+00 1.57e-07  1.04e+02     0s
  34   2.49881590e+06  4.68349834e+06  1.79e+00 1.67e-07  9.95e+01     0s
  35   2.54068985e+06  4.71963077e+06  1.76e+00 1.55e-07  9.71e+01     0s
  36   2.64224619e+06  4.74221717e+06  1.69e+00 1.50e-07  9.36e+01     0s
  37   2.76037178e+06  4.75697093e+06  1.60e+00 3.21e-08  9.18e+01     0s
  38   2.84463129e+06  4.90733155e+06  1.54e+00 2.86e-08  8.55e+01     0s
  39   2.93924941e+06  5.11693666e+06  1.47e+00 2.51e-08  8.03e+01     0s
  40   3.00600640e+06  5.32866980e+06  1.44e+00 2.31e-08  8.11e+01     0s
  41   3.04739518e+06  5.37401786e+06  1.42e+00 2.44e-08  7.93e+01     0s
  42   3.11718517e+06  5.45058472e+06  1.38e+00 2.00e-08  7.59e+01     0s
  43   3.25004982e+06  5.56447232e+06  1.30e+00 3.68e-07  6.87e+01     0s
  44   3.33266504e+06  5.61866691e+06  1.26e+00 3.98e-07  6.55e+01     0s
  45   3.35773132e+06  5.68383396e+06  1.25e+00 3.53e-07  6.53e+01     0s
  46   3.48556860e+06  5.83223658e+06  1.18e+00 2.68e-07  6.05e+01     0s
  47   3.52425054e+06  5.87570628e+06  1.16e+00 7.92e-08  5.89e+01     0s
  48   3.54522691e+06  5.90497848e+06  1.15e+00 6.75e-08  5.83e+01     0s
  49   3.62383476e+06  5.90828660e+06  1.11e+00 7.19e-08  5.68e+01     0s
  50   3.67392119e+06  6.03040732e+06  1.09e+00 2.15e-07  5.46e+01     0s
  51   3.77105837e+06  5.93054631e+06  1.05e+00 2.22e-07  5.52e+01     0s
  52   3.84123034e+06  6.03926163e+06  1.02e+00 1.06e-07  5.21e+01     0s
  53   3.96757036e+06  6.09028829e+06  9.61e-01 4.49e-08  4.93e+01     0s
  54   3.99823812e+06  6.09585339e+06  9.47e-01 4.54e-08  4.87e+01     0s
  55   4.02157950e+06  6.13090414e+06  9.37e-01 6.50e-08  4.79e+01     0s
  56   4.10700650e+06  6.16678837e+06  9.02e-01 8.06e-08  4.66e+01     0s
  57   4.16975219e+06  6.17819729e+06  8.75e-01 8.10e-08  4.67e+01     0s
  58   4.24900028e+06  6.26560730e+06  8.43e-01 1.02e-07  4.65e+01     0s
  59   4.36114111e+06  6.53766687e+06  7.98e-01 3.21e-08  4.50e+01     0s
  60   4.41787796e+06  6.28112658e+06  7.77e-01 3.35e-08  4.52e+01     0s
  61   4.43327440e+06  6.58831656e+06  7.72e-01 2.55e-07  4.32e+01     0s
  62   4.53253378e+06  6.66147288e+06  7.39e-01 6.85e-08  4.17e+01     0s
  63   4.58499450e+06  6.62586431e+06  7.21e-01 3.70e-07  4.15e+01     0s
  64   4.70163607e+06  6.77378011e+06  6.85e-01 6.07e-07  3.98e+01     0s
  65   4.76151116e+06  6.83388347e+06  6.68e-01 3.73e-08  3.94e+01     0s
  66   4.78838122e+06  6.88593243e+06  6.60e-01 7.03e-08  3.84e+01     0s
  67   5.28297357e+06  6.73674373e+06  5.12e-01 6.33e-08  4.35e+01     0s
  68   5.34209049e+06  6.93577123e+06  4.94e-01 4.36e-07  2.86e+01     0s
  69   5.35001411e+06  6.96321183e+06  4.92e-01 6.19e-08  2.85e+01     0s
  70   5.38616530e+06  7.00933988e+06  4.81e-01 1.53e-07  2.76e+01     0s
  71   5.40278326e+06  7.15690233e+06  4.77e-01 1.26e-08  2.72e+01     0s
  72   5.42327129e+06  7.13945149e+06  4.71e-01 5.03e-08  2.71e+01     0s
  73   5.44979090e+06  7.21908797e+06  4.64e-01 6.10e-08  2.63e+01     0s
  74   5.52456356e+06  7.23160975e+06  4.45e-01 1.37e-07  2.52e+01     0s
  75   5.53540691e+06  7.23346476e+06  4.42e-01 1.44e-07  2.49e+01     0s
  76   5.59208627e+06  7.23945475e+06  4.27e-01 9.64e-08  2.41e+01     0s
  77   5.63289675e+06  7.28899649e+06  4.17e-01 1.63e-07  2.42e+01     0s
  78   5.65281365e+06  7.32185748e+06  4.13e-01 1.98e-07  2.49e+01     0s
  79   5.73015425e+06  7.33814049e+06  3.95e-01 8.48e-08  2.47e+01     0s
  80   5.93855177e+06  7.27290795e+06  3.46e-01 9.92e-08  2.47e+01     0s
  81   6.00763127e+06  7.38560780e+06  3.30e-01 6.88e-07  1.86e+01     0s
  82   6.37782031e+06  7.40113160e+06  2.43e-01 2.75e-06  1.18e+01     0s
  83   6.41260537e+06  7.41189154e+06  2.35e-01 3.72e-06  1.05e+01     0s
  84   6.44670930e+06  7.43685763e+06  2.27e-01 3.54e-06  1.00e+01     0s
  85   6.71787454e+06  7.45088309e+06  1.67e-01 1.56e-06  7.77e+00     0s
  86   6.74053229e+06  7.45333774e+06  1.62e-01 1.72e-06  7.37e+00     0s
  87   6.85436517e+06  7.45327514e+06  1.36e-01 1.77e-06  6.47e+00     0s
  88   7.09812697e+06  7.45572328e+06  8.14e-02 1.28e-06  4.08e+00     0s
  89   7.10909804e+06  7.45755720e+06  7.90e-02 9.60e-07  3.71e+00     0s
  90   7.14716151e+06  7.45778817e+06  7.05e-02 9.88e-07  3.40e+00     0s
  91   7.33746581e+06  7.46058977e+06  2.78e-02 3.06e-06  1.20e+00     0s
  92   7.36109683e+06  7.46131160e+06  2.25e-02 8.07e-07  8.90e-01     0s
  93   7.43103884e+06  7.46149078e+06  6.84e-03 1.68e-06  2.79e-01     0s
  94   7.46117099e+06  7.46168295e+06  1.21e-04 1.61e-06  1.03e-02     0s
  95   7.46170182e+06  7.46170203e+06  5.57e-08 6.87e-07  1.14e-05     0s
  96   7.46170205e+06  7.46170205e+06  6.41e-10 3.60e-07  1.85e-08     0s
  97   7.46170205e+06  7.46170205e+06  7.11e-14 2.51e-07  2.42e-12     0s

Barrier solved model in 97 iterations and 0.33 seconds (0.20 work units)
Optimal objective 7.46170205e+06

Crossover time: 0.01 seconds (0.01 work units)

Root relaxation: objective 7.461702e+06, 300 iterations, 0.26 seconds (0.14 work units)

    Nodes    |    Current Node    |     Objective Bounds      |     Work
 Expl Unexpl |  Obj  Depth IntInf | Incumbent    BestBd   Gap | It/Node Time

     0     0 7461702.05    0   41 9900000.00 7461702.05  24.6%     -    0s
     0     0 7812371.41    0   41 9900000.00 7812371.41  21.1%     -    0s
     0     0 7834933.25    0   41 9900000.00 7834933.25  20.9%     -    0s
     0     0 7834933.25    0   44 9900000.00 7834933.25  20.9%     -    0s
     0     0 8004077.46    0   43 9900000.00 8004077.46  19.2%     -    0s
     0     0 8023397.30    0   43 9900000.00 8023397.30  19.0%     -    0s
     0     0 8049291.73    0   43 9900000.00 8049291.73  18.7%     -    0s
     0     0 8071964.89    0   43 9900000.00 8071964.89  18.5%     -    0s
     0     0 8071964.89    0   43 9900000.00 8071964.89  18.5%     -    0s
     0     2 8071964.89    0   43 9900000.00 8071964.89  18.5%     -    0s

Cutting planes:
  Gomory: 5
  Cover: 4
  Implied bound: 30
  MIR: 48
  Flow cover: 13
  RLT: 1

Explored 894 nodes (50616 simplex iterations) in 2.44 seconds (4.40 work units)
Thread count was 10 (of 10 available processors)

Solution count 1: 9.9e+06 

Optimal solution found (tolerance 5.00e-03)
Best objective 9.900000000000e+06, best bound 9.900000000000e+06, gap 0.0000%
