
Gurobi 13.0.3 (mac64[arm]) logging started Sat Sep 26 12:19:53 2026

Set parameter LogFile to value "/Users/ashutosh/Desktop/Two-stage-Model/certainty_results/full/solves/nw_5_25_10M_phase2.log"
Gurobi Optimizer version 13.0.3 build v13.0.3rc0 (mac64[arm] - Darwin 27.0.0 26A428)

CPU model: Apple M1 Pro
Thread count: 10 physical cores, 10 logical processors, using up to 10 threads

Non-default parameters:
TimeLimit  21600
MIPGap  0.005
Method  2
LogToConsole  0

Optimize a model with 13529 rows, 5548 columns and 38753 nonzeros (Min)
Model fingerprint: 0x988e58ab
Model has 724 linear objective coefficients
Variable types: 3498 continuous, 2050 integer (1688 binary)
Coefficient statistics:
  Matrix range     [1e-03, 1e+05]
  Objective range  [2e+04, 1e+05]
  Bounds range     [1e+00, 3e+00]
  RHS range        [1e-02, 1e+07]

Loaded user MIP start with objective 9.9e+06
MIP start from previous solve did not produce a new incumbent solution

Presolve removed 11565 rows and 3847 columns
Presolve time: 0.06s
Presolved: 1964 rows, 1701 columns, 7882 nonzeros
Variable types: 1454 continuous, 247 integer (247 binary)
Root barrier log...

Ordering time: 0.00s

Barrier statistics:
 AA' NZ     : 2.571e+04
 Factor NZ  : 7.837e+04 (roughly 2 MB of memory)
 Factor Ops : 5.766e+06 (less than 1 second per iteration)
 Threads    : 10

                  Objective                Residual
Iter       Primal          Dual         Primal    Dual     Compl     Time
   0   1.91244466e+08 -1.04795431e+08  1.53e+05 4.55e-13  5.26e+06     0s
   1   3.94360489e+07 -1.23247716e+08  3.18e+04 1.42e+03  1.13e+06     0s
   2   4.88065515e+06 -8.91451668e+07  2.94e+02 4.55e-12  3.12e+04     0s
   3   2.08366103e+06 -8.64288972e+06  6.44e+01 4.55e-11  3.71e+03     0s
   4   7.61804330e+05 -3.35546097e+06  2.26e+01 6.55e-11  1.31e+03     0s
   5   4.14407964e+05 -1.63886934e+06  1.22e+01 8.73e-11  6.50e+02     0s
   6   2.62916541e+05 -7.53240423e+05  7.66e+00 1.64e-10  3.47e+02     0s
   7   1.98664350e+05 -4.11167730e+05  5.70e+00 1.02e-10  2.54e+02     0s
   8   1.88521753e+05 -3.07879526e+05  5.31e+00 5.82e-11  2.35e+02     0s
   9   1.67863629e+05  3.58477658e+05  4.54e+00 9.60e-10  1.78e+02     0s
  10   1.90154216e+05  6.12179175e+05  4.23e+00 1.46e-09  1.64e+02     0s
  11   2.01567708e+05  6.47419555e+05  4.14e+00 1.51e-09  1.61e+02     0s
  12   2.24887645e+05  7.00993542e+05  4.02e+00 1.92e-09  1.56e+02     0s
  13   2.27529996e+05  8.55759686e+05  4.00e+00 1.40e-09  1.54e+02     0s
  14   2.37819580e+05  9.87859397e+05  3.96e+00 1.75e-09  1.52e+02     0s
  15   2.63108369e+05  1.03314523e+06  3.94e+00 1.92e-09  1.57e+02     0s
  16   3.18106061e+05  1.30896900e+06  3.74e+00 3.61e-09  1.48e+02     0s
  17   3.66142521e+05  1.59734418e+06  3.62e+00 2.91e-09  1.43e+02     0s
  18   3.89736904e+05  1.68954463e+06  3.58e+00 3.96e-09  1.41e+02     0s
  19   4.40086918e+05  1.83393509e+06  3.48e+00 4.54e-09  1.38e+02     0s
  20   5.26468309e+05  2.00751737e+06  3.34e+00 1.89e-08  1.33e+02     0s
  21   5.94130860e+05  2.17612828e+06  3.23e+00 1.98e-08  1.26e+02     0s
  22   6.53178988e+05  2.17705598e+06  3.13e+00 1.83e-08  1.23e+02     0s
  23   7.78773230e+05  2.38409471e+06  2.95e+00 3.35e-08  1.14e+02     0s
  24   1.03100666e+06  2.45470764e+06  2.56e+00 8.61e-08  9.91e+01     0s
  25   1.08492771e+06  2.48356667e+06  2.48e+00 7.87e-08  9.47e+01     0s
  26   1.14479015e+06  2.49761801e+06  2.39e+00 8.16e-08  9.23e+01     0s
  27   1.22107756e+06  2.52256664e+06  2.28e+00 7.11e-08  9.02e+01     0s
  28   1.26755833e+06  2.56556145e+06  2.21e+00 7.23e-08  8.42e+01     0s
  29   1.28605286e+06  2.61455669e+06  2.19e+00 7.32e-08  8.13e+01     0s
  30   1.34152813e+06  2.78451061e+06  2.11e+00 5.39e-08  7.61e+01     0s
  31   1.36651276e+06  2.81131321e+06  2.07e+00 3.03e-08  7.34e+01     0s
  32   1.38081856e+06  2.88448303e+06  2.05e+00 5.23e-08  7.17e+01     0s
  33   1.44298532e+06  2.91156837e+06  1.97e+00 3.60e-08  6.89e+01     0s
  34   1.52455011e+06  2.97312225e+06  1.87e+00 4.14e-08  6.54e+01     0s
  35   1.63141967e+06  3.12901452e+06  1.76e+00 6.61e-08  5.97e+01     0s
  36   1.68480392e+06  3.27217525e+06  1.70e+00 9.57e-08  5.67e+01     0s
  37   1.69923292e+06  3.37399996e+06  1.68e+00 8.92e-08  5.57e+01     0s
  38   1.70649899e+06  3.48780015e+06  1.67e+00 9.10e-08  5.55e+01     0s
  39   1.74061597e+06  3.55168713e+06  1.65e+00 9.22e-08  5.50e+01     0s
  40   1.88487849e+06  3.64796681e+06  1.52e+00 1.99e-07  4.92e+01     0s
  41   1.90441754e+06  3.63268002e+06  1.50e+00 1.35e-07  4.87e+01     0s
  42   1.94714174e+06  3.88193995e+06  1.47e+00 1.24e-07  4.67e+01     0s
  43   1.98087147e+06  3.96254860e+06  1.44e+00 1.22e-07  4.53e+01     0s
  44   1.98945427e+06  3.86196011e+06  1.44e+00 1.22e-07  4.54e+01     0s
  45   2.00469333e+06  3.95813446e+06  1.43e+00 1.27e-07  4.47e+01     0s
  46   2.04833288e+06  3.97474276e+06  1.40e+00 1.11e-07  4.43e+01     0s
  47   2.20776937e+06  4.00837037e+06  1.29e+00 1.00e-07  4.36e+01     0s
  48   2.27908545e+06  3.99711017e+06  1.25e+00 8.80e-08  4.41e+01     0s
  49   2.33107916e+06  4.11111774e+06  1.21e+00 1.29e-07  4.06e+01     0s
  50   2.33324504e+06  4.22374303e+06  1.21e+00 1.21e-07  3.97e+01     0s
  51   2.34927354e+06  4.26941008e+06  1.20e+00 1.29e-07  3.95e+01     0s
  52   2.36660935e+06  4.37398278e+06  1.19e+00 1.24e-07  3.91e+01     0s
  53   2.41423989e+06  4.29053051e+06  1.16e+00 9.01e-08  3.90e+01     0s
  54   1.81325264e+09 -3.11199752e+08  1.53e+06 1.36e-12  1.36e+08     0s
  55   3.84012979e+08 -3.87398249e+08  4.05e+05 4.29e+03  3.69e+07     0s
  56   1.60876566e+07 -4.06989715e+08  1.28e+04 1.09e-11  1.26e+06     0s
  57   6.19915700e+06 -1.87018664e+08  2.94e+02 4.00e-11  6.85e+04     0s
  58   3.90020042e+06 -4.53719685e+07  1.36e+02 6.18e-11  1.88e+04     0s
  59   1.78544897e+06 -1.40947228e+07  4.78e+01 2.91e-11  5.67e+03     0s
  60   6.85094197e+05 -4.39578890e+06  1.62e+01 4.37e-11  1.78e+03     0s
  61   3.96985238e+05 -1.40100933e+06  9.01e+00 4.95e-10  7.97e+02     0s
  62   2.91996952e+05 -6.18350711e+05  6.25e+00 2.50e-09  5.48e+02     0s
  63   2.80253286e+05 -2.43184551e+05  5.11e+00 2.59e-09  4.70e+02     0s
  64   2.92450088e+05 -1.29368964e+04  4.73e+00 2.91e-09  4.33e+02     0s
  65   3.04326979e+05  2.70555416e+05  4.51e+00 4.25e-09  4.08e+02     0s
  66   3.67429841e+05  5.67704810e+05  3.96e+00 4.19e-09  3.68e+02     0s
  67   4.39926216e+05  1.12326860e+06  3.74e+00 8.96e-09  3.44e+02     0s
  68   5.45098771e+05  1.40137089e+06  3.50e+00 1.28e-09  3.24e+02     0s
  69   6.85942680e+05  1.56186844e+06  3.33e+00 2.33e-09  3.21e+02     0s
  70   7.98416904e+05  1.67841643e+06  3.15e+00 5.12e-09  3.05e+02     0s
  71   1.02590951e+06  1.82345093e+06  2.78e+00 1.12e-08  2.73e+02     0s
  72   1.19111853e+06  2.21632020e+06  2.50e+00 4.68e-08  2.21e+02     0s
  73   1.21877724e+06  2.34693742e+06  2.46e+00 6.52e-08  2.10e+02     0s
  74   1.32130289e+06  2.44598202e+06  2.30e+00 7.40e-08  1.97e+02     0s
  75   1.45294229e+06  2.67048989e+06  2.10e+00 7.74e-08  1.71e+02     0s
  76   1.55197766e+06  2.64748003e+06  1.97e+00 8.13e-08  1.61e+02     0s
  77   1.60551203e+06  2.83264524e+06  1.89e+00 7.46e-08  1.54e+02     0s
  78   1.64629723e+06  2.91877169e+06  1.84e+00 5.89e-08  1.49e+02     0s
  79   1.68014222e+06  2.99885428e+06  1.80e+00 5.08e-08  1.46e+02     0s
  80   1.72456350e+06  3.27511832e+06  1.75e+00 3.03e-08  1.39e+02     0s
  81   1.80863871e+06  3.28258449e+06  1.67e+00 3.33e-08  1.36e+02     0s
  82   1.89627984e+06  3.38811711e+06  1.59e+00 1.63e-08  1.29e+02     0s
  83   1.91154428e+06  3.39918855e+06  1.57e+00 1.65e-08  1.28e+02     0s
  84   1.97583873e+06  3.41278224e+06  1.51e+00 2.33e-08  1.23e+02     0s
  85   2.01235809e+06  3.62583583e+06  1.48e+00 2.44e-08  1.18e+02     0s
  86   2.06695086e+06  3.72326820e+06  1.44e+00 2.28e-08  1.18e+02     0s
  87   2.13001674e+06  3.74955342e+06  1.39e+00 2.65e-08  1.13e+02     0s
  88   2.25479232e+06  3.82821739e+06  1.31e+00 2.72e-08  1.06e+02     0s
  89   2.28687290e+06  3.88541316e+06  1.28e+00 2.77e-08  1.04e+02     0s
  90   2.33048976e+06  4.00563598e+06  1.25e+00 2.37e-08  1.01e+02     0s
  91   2.42300323e+06  4.25646297e+06  1.19e+00 2.31e-08  9.48e+01     0s
  92   2.46644034e+06  4.40099642e+06  1.16e+00 7.12e-08  9.22e+01     0s
  93   2.47881520e+06  4.62440568e+06  1.16e+00 8.66e-08  9.02e+01     0s
  94   2.62925058e+06  4.75402249e+06  1.08e+00 1.09e-07  8.47e+01     0s
  95   2.84081538e+06  4.68223019e+06  9.84e-01 7.06e-07  7.83e+01     0s
  96   2.85686984e+06  4.86458520e+06  9.76e-01 7.19e-07  7.73e+01     0s
  97   2.93279286e+06  5.37732985e+06  9.56e-01 7.21e-07  8.22e+01     0s
  98   3.03307880e+06  5.33396781e+06  9.23e-01 5.25e-07  8.11e+01     0s
  99   3.22912941e+06  5.67564245e+06  8.59e-01 1.24e-07  7.27e+01     0s
 100   3.29564285e+06  5.75186099e+06  8.39e-01 3.50e-07  6.93e+01     0s
 101   3.74999153e+06  5.88505376e+06  7.04e-01 2.74e-07  6.51e+01     0s
 102   4.10468287e+06  5.86783979e+06  6.00e-01 1.58e-06  5.52e+01     0s
 103   4.13236457e+06  6.12098478e+06  5.92e-01 1.19e-06  4.71e+01     0s
 104   4.17771016e+06  6.21646235e+06  5.79e-01 1.17e-06  4.58e+01     0s
 105   4.35744557e+06  6.21113373e+06  5.33e-01 1.15e-06  4.53e+01     0s
 106   4.38476479e+06  6.26669381e+06  5.25e-01 1.02e-06  4.20e+01     0s
 107   4.44098368e+06  6.33418837e+06  5.10e-01 1.04e-06  4.06e+01     0s
 108   4.61916505e+06  6.42984748e+06  4.70e-01 1.02e-06  4.20e+01     0s
 109   4.70778095e+06  6.46110362e+06  4.48e-01 1.46e-06  3.87e+01     0s
 110   4.74640727e+06  6.53885091e+06  4.39e-01 8.08e-07  3.70e+01     0s
 111   4.79474676e+06  6.56596871e+06  4.27e-01 7.87e-07  3.61e+01     0s
 112   4.80617645e+06  6.61635072e+06  4.25e-01 7.04e-07  3.52e+01     0s
 113   5.07761747e+06  6.59427785e+06  3.68e-01 7.90e-07  3.74e+01     0s
 114   5.11592010e+06  6.65233173e+06  3.60e-01 3.10e-06  3.38e+01     0s
 115   5.12954008e+06  6.72589034e+06  3.56e-01 3.57e-07  3.36e+01     0s
 116   5.15651003e+06  6.81270922e+06  3.50e-01 3.40e-07  3.26e+01     0s
 117   5.23755326e+06  6.71731497e+06  3.35e-01 3.86e-07  3.33e+01     0s
 118   5.25900939e+06  6.82371103e+06  3.30e-01 2.20e-06  3.14e+01     0s
 119   5.27863806e+06  6.84396255e+06  3.26e-01 3.97e-07  3.11e+01     0s
 120   5.36946152e+06  6.86937779e+06  3.13e-01 6.75e-07  3.56e+01     0s
 121   5.49686985e+06  6.82927742e+06  2.88e-01 1.96e-06  3.42e+01     0s
 122   5.50938084e+06  6.88105622e+06  2.85e-01 1.25e-06  3.25e+01     0s
 123   5.52232555e+06  6.90310286e+06  2.82e-01 1.22e-06  3.22e+01     0s
 124   5.65856886e+06  6.93780804e+06  2.55e-01 1.18e-06  2.90e+01     0s
 125   6.08583304e+06  6.90985347e+06  1.75e-01 1.14e-05  2.27e+01     0s
 126   6.10961811e+06  7.02566569e+06  1.70e-01 3.37e-06  2.06e+01     0s
 127   6.20265078e+06  7.03061213e+06  1.54e-01 3.23e-06  1.93e+01     0s
 128   6.20364036e+06  7.07458084e+06  1.54e-01 3.18e-06  1.92e+01     0s
 129   6.22143298e+06  7.11227997e+06  1.50e-01 3.10e-06  1.86e+01     0s
 130   6.30612434e+06  7.11630202e+06  1.39e-01 3.27e-07  2.04e+01     0s
 131   6.64652667e+06  7.04254963e+06  9.21e-02 4.87e-06  3.45e+01     0s
 132   6.69783159e+06  7.17924694e+06  8.40e-02 1.61e-06  2.10e+01     0s
 133   6.87876577e+06  7.18066381e+06  5.50e-02 6.90e-07  1.69e+01     0s
 134   7.07247964e+06  7.18839448e+06  2.27e-02 1.24e-06  9.00e+00     0s
 135   7.10518177e+06  7.20417983e+06  1.74e-02 3.51e-06  4.63e+00     0s
 136   7.13240232e+06  7.21225032e+06  1.24e-02 2.97e-06  1.94e+00     0s
 137   7.18707835e+06  7.21339244e+06  4.40e-03 3.13e-06  1.21e+00     0s
 138   7.19569725e+06  7.21538642e+06  3.06e-03 3.91e-06  5.88e-01     0s
 139   7.21476044e+06  7.21567974e+06  1.54e-04 2.31e-06  4.54e-02     0s
 140   7.21573708e+06  7.21575623e+06  4.42e-06 1.52e-06  2.98e-03     0s
 141   7.21574873e+06  7.21576377e+06  2.64e-06 1.19e-06  9.48e-04     0s
 142   7.21576585e+06  7.21576589e+06  7.57e-09 1.30e-06  3.42e-06     0s
 143   7.21576590e+06  7.21576590e+06  1.33e-12 6.46e-07  2.48e-09     0s

Barrier solved model in 143 iterations and 0.28 seconds (0.23 work units)
Optimal objective 7.21576590e+06

Crossover time: 0.01 seconds (0.01 work units)

Root relaxation: objective 7.215766e+06, 254 iterations, 0.21 seconds (0.17 work units)

    Nodes    |    Current Node    |     Objective Bounds      |     Work
 Expl Unexpl |  Obj  Depth IntInf | Incumbent    BestBd   Gap | It/Node Time

     0     0 7215765.90    0   33 9900000.00 7215765.90  27.1%     -    0s
     0     0 7684927.30    0   41 9900000.00 7684927.30  22.4%     -    0s
     0     0 7810398.00    0   41 9900000.00 7810398.00  21.1%     -    0s
     0     0 7872956.47    0   41 9900000.00 7872956.47  20.5%     -    0s
     0     0 7933437.35    0   40 9900000.00 7933437.35  19.9%     -    0s
     0     0 7956040.72    0   39 9900000.00 7956040.72  19.6%     -    0s
     0     0 7956040.72    0   41 9900000.00 7956040.72  19.6%     -    0s
     0     0 7990366.21    0   41 9900000.00 7990366.21  19.3%     -    0s
     0     0 7990366.21    0   41 9900000.00 7990366.21  19.3%     -    0s
     0     0 7990366.21    0   41 9900000.00 7990366.21  19.3%     -    0s
     0     2 7990366.21    0   41 9900000.00 7990366.21  19.3%     -    0s

Cutting planes:
  Learned: 1
  Gomory: 1
  Cover: 1
  Implied bound: 43
  MIR: 25
  Flow cover: 14
  RLT: 1
  Relax-and-lift: 2

Explored 488 nodes (29912 simplex iterations) in 1.54 seconds (2.98 work units)
Thread count was 10 (of 10 available processors)

Solution count 1: 9.9e+06 

Optimal solution found (tolerance 5.00e-03)
Best objective 9.900000000000e+06, best bound 9.900000000000e+06, gap 0.0000%
