
Gurobi 13.0.3 (mac64[arm]) logging started Sat Sep 26 12:18:47 2026

Set parameter LogFile to value "/Users/ashutosh/Desktop/Two-stage-Model/certainty_results/full/solves/nw_5_05_40M_phase1.log"
Gurobi Optimizer version 13.0.3 build v13.0.3rc0 (mac64[arm] - Darwin 27.0.0 26A428)

CPU model: Apple M1 Pro
Thread count: 10 physical cores, 10 logical processors, using up to 10 threads

Non-default parameters:
TimeLimit  21600
MIPGap  0.005
Method  2
LogToConsole  0

Optimize a model with 13540 rows, 5548 columns and 38126 nonzeros (Min)
Model fingerprint: 0xad04558d
Model has 663 linear objective coefficients and an objective constant of 396.859633
Variable types: 3498 continuous, 2050 integer (1688 binary)
Coefficient statistics:
  Matrix range     [1e-03, 1e+05]
  Objective range  [1e+00, 1e+00]
  Bounds range     [1e+00, 3e+00]
  RHS range        [1e-02, 4e+07]

Loaded user MIP start with objective 3.61843
MIP start from previous solve did not produce a new incumbent solution

Presolve removed 11444 rows and 3826 columns
Presolve time: 0.06s
Presolved: 2096 rows, 1722 columns, 7903 nonzeros
Variable types: 1466 continuous, 256 integer (256 binary)
Root barrier log...

Ordering time: 0.00s

Barrier statistics:
 AA' NZ     : 2.760e+04
 Factor NZ  : 8.656e+04 (roughly 2 MB of memory)
 Factor Ops : 7.030e+06 (less than 1 second per iteration)
 Threads    : 10

                  Objective                Residual
Iter       Primal          Dual         Primal    Dual     Compl     Time
   0  -1.34451341e+06 -6.05907679e+05  4.55e+04 2.69e+00  2.00e+04     0s
   1  -4.00795492e+05 -6.16675219e+05  1.36e+04 8.47e+00  6.15e+03     0s
   2  -2.99390562e+03 -5.37752236e+05  1.09e+02 2.84e-14  1.66e+02     0s
   3  -3.56207053e+01 -6.36069751e+04  7.74e+00 3.84e-14  1.59e+01     0s
   4   1.65601934e+02 -1.00712908e+04  5.27e-01 2.84e-14  2.30e+00     0s
   5   1.36779622e+02 -3.49420444e+03  1.38e-02 1.42e-14  7.99e-01     0s
   6   1.01833391e+02 -1.93785129e+03  3.91e-03 1.42e-14  4.49e-01     0s
   7   7.17160806e+01 -9.82178270e+02  1.05e-03 7.11e-15  2.32e-01     0s
   8   3.42926690e+01 -1.84538728e+02  8.15e-05 1.42e-14  4.81e-02     0s
   9   1.18032573e+01 -5.17787093e+01  9.33e-06 3.55e-15  1.40e-02     0s
  10   5.43842229e+00 -1.92099428e+01  2.85e-06 3.55e-15  5.42e-03     0s
  11   4.25457097e+00 -1.06842107e+01  1.77e-06 3.55e-15  3.28e-03     0s
  12   2.50871841e+00 -1.50323993e+00  7.43e-07 3.55e-15  8.82e-04     0s
  13   1.25566406e+00  1.01721801e-01  1.36e-07 3.55e-15  2.54e-04     0s
  14   1.04589585e+00  7.11820519e-01  3.42e-08 3.55e-15  7.35e-05     0s
  15   9.63604024e-01  8.80595972e-01  1.19e-08 3.55e-15  1.83e-05     0s
  16   9.47571610e-01  8.97110287e-01  7.62e-09 3.55e-15  1.11e-05     0s
  17   9.38147008e-01  9.08310292e-01  5.19e-09 3.55e-15  6.56e-06     0s
  18   9.27738223e-01  9.13283823e-01  2.53e-09 3.55e-15  3.18e-06     0s
  19   9.21753540e-01  9.16670219e-01  8.95e-10 7.11e-15  1.12e-06     0s
  20   9.19108017e-01  9.17910014e-01  2.02e-10 3.55e-15  2.63e-07     0s
  21   9.18300504e-01  9.18124565e-01  6.63e-10 3.55e-15  3.87e-08     0s
  22   9.18247633e-01  9.18213168e-01  4.00e-10 3.55e-15  7.58e-09     0s
  23   9.18238734e-01  9.18237605e-01  5.46e-10 3.73e-15  2.48e-10     0s

Barrier solved model in 23 iterations and 0.13 seconds (0.11 work units)
Optimal objective 9.18238734e-01

Crossover time: 0.02 seconds (0.03 work units)

Root relaxation: objective 9.182384e-01, 513 iterations, 0.08 seconds (0.06 work units)

    Nodes    |    Current Node    |     Objective Bounds      |     Work
 Expl Unexpl |  Obj  Depth IntInf | Incumbent    BestBd   Gap | It/Node Time

     0     0    0.91824    0    7    3.61843    0.91824  74.6%     -    0s
H    0     0                       2.1805903    0.91824  57.9%     -    0s
H    0     0                       2.1805903    0.91824  57.9%     -    0s
     0     0    1.02735    0   16    2.18059    1.02735  52.9%     -    0s
     0     0    1.03424    0   18    2.18059    1.03424  52.6%     -    0s
H    0     0                       1.9682807    1.03424  47.5%     -    0s
H    0     0                       1.9682807    1.03424  47.5%     -    0s
     0     0    1.03432    0   17    1.96828    1.03432  47.5%     -    0s
     0     0    1.03452    0   18    1.96828    1.03452  47.4%     -    0s
     0     0    1.03518    0   18    1.96828    1.03518  47.4%     -    0s
     0     0    1.03518    0   19    1.96828    1.03518  47.4%     -    0s
     0     0    1.03645    0   18    1.96828    1.03645  47.3%     -    0s
H    0     0                       1.9228428    1.03645  46.1%     -    0s
     0     0    1.03645    0   18    1.92284    1.03645  46.1%     -    0s
     0     0    1.03645    0   18    1.92284    1.03645  46.1%     -    0s
     0     0    1.04009    0   16    1.92284    1.04009  45.9%     -    0s
     0     0    1.04054    0   16    1.92284    1.04054  45.9%     -    0s
     0     0    1.04054    0   16    1.92284    1.04054  45.9%     -    0s
     0     0    1.04054    0   16    1.92284    1.04054  45.9%     -    0s
     0     0    1.04060    0   16    1.92284    1.04060  45.9%     -    0s
     0     0    1.04342    0   17    1.92284    1.04342  45.7%     -    0s
     0     0    1.04342    0   17    1.92284    1.04342  45.7%     -    0s
     0     0    1.04356    0   18    1.92284    1.04356  45.7%     -    0s
H    0     0                       1.8858300    1.04356  44.7%     -    0s
     0     0    1.04356    0   18    1.88583    1.04356  44.7%     -    0s
     0     0    1.04356    0   18    1.88583    1.04356  44.7%     -    0s
     0     0    1.04356    0   18    1.88583    1.04356  44.7%     -    0s
H    0     0                       1.7626200    1.04356  40.8%     -    0s
     0     2    1.04356    0   18    1.76262    1.04356  40.8%     -    0s
H   20    20                       1.6977300    1.06285  37.4%   112    0s
*   92    77              10       1.6566900    1.10567  33.3%  71.8    1s
H  165   115                       1.5930300    1.12218  29.6%  57.2    1s
*  224   141              32       1.4565900    1.12991  22.4%  51.7    1s
*  227   141              20       1.2044100    1.13273  5.95%  52.1    1s
*  374    27              15       1.1950500    1.16809  2.26%  40.1    1s

Cutting planes:
  Learned: 1
  Cover: 9
  Implied bound: 10
  MIR: 14
  StrongCG: 2
  Flow cover: 7

Explored 397 nodes (16107 simplex iterations) in 1.23 seconds (2.31 work units)
Thread count was 10 (of 10 available processors)

Solution count 10: 1.19505 1.20441 1.45659 ... 1.96828

Optimal solution found (tolerance 5.00e-03)
Best objective 1.195050000000e+00, best bound 1.189390000000e+00, gap 0.4736%
