
Gurobi 13.0.3 (mac64[arm]) logging started Sat Sep 26 12:20:02 2026

Set parameter LogFile to value "/Users/ashutosh/Desktop/Two-stage-Model/certainty_results/full/solves/nw_5_25_80M_phase1.log"
Gurobi Optimizer version 13.0.3 build v13.0.3rc0 (mac64[arm] - Darwin 27.0.0 26A428)

CPU model: Apple M1 Pro
Thread count: 10 physical cores, 10 logical processors, using up to 10 threads

Non-default parameters:
TimeLimit  21600
MIPGap  0.005
Method  2
LogToConsole  0

Optimize a model with 13528 rows, 5548 columns and 38090 nonzeros (Min)
Model fingerprint: 0x444d19e9
Model has 663 linear objective coefficients and an objective constant of 396.859633
Variable types: 3498 continuous, 2050 integer (1688 binary)
Coefficient statistics:
  Matrix range     [1e-03, 1e+05]
  Objective range  [1e+00, 1e+00]
  Bounds range     [1e+00, 3e+00]
  RHS range        [1e-02, 8e+07]

Loaded user MIP start with objective -3.41061e-13
MIP start from previous solve did not produce a new incumbent solution

Presolve removed 12375 rows and 4018 columns
Presolve time: 0.06s
Presolved: 1153 rows, 1530 columns, 5298 nonzeros
Variable types: 1329 continuous, 201 integer (201 binary)

Explored 0 nodes (0 simplex iterations) in 0.08 seconds (0.07 work units)
Thread count was 10 (of 10 available processors)

Solution count 1: -3.41061e-13 

Optimal solution found (tolerance 5.00e-03)
Best objective -3.410605131648e-13, best bound -3.410605131648e-13, gap 0.0000%
