
Gurobi 13.0.3 (mac64[arm]) logging started Sat Sep 26 12:20:01 2026

Set parameter LogFile to value "/Users/ashutosh/Desktop/Two-stage-Model/certainty_results/full/solves/nw_5_25_40M_phase2.log"
Gurobi Optimizer version 13.0.3 build v13.0.3rc0 (mac64[arm] - Darwin 27.0.0 26A428)

CPU model: Apple M1 Pro
Thread count: 10 physical cores, 10 logical processors, using up to 10 threads

Non-default parameters:
TimeLimit  21600
MIPGap  0.005
Method  2
LogToConsole  0

Optimize a model with 13529 rows, 5548 columns and 38753 nonzeros (Min)
Model fingerprint: 0xd43624d9
Model has 724 linear objective coefficients
Variable types: 3498 continuous, 2050 integer (1688 binary)
Coefficient statistics:
  Matrix range     [1e-03, 1e+05]
  Objective range  [2e+04, 1e+05]
  Bounds range     [1e+00, 3e+00]
  RHS range        [1e-02, 4e+07]

Loaded user MIP start with objective 3.9925e+07
MIP start from previous solve did not produce a new incumbent solution

Presolve removed 12247 rows and 3980 columns
Presolve time: 0.06s
Presolved: 1282 rows, 1568 columns, 6028 nonzeros
Variable types: 1357 continuous, 211 integer (211 binary)
Root barrier log...

Ordering time: 0.00s

Barrier statistics:
 AA' NZ     : 1.236e+04
 Factor NZ  : 4.768e+04 (roughly 2 MB of memory)
 Factor Ops : 3.066e+06 (less than 1 second per iteration)
 Threads    : 1

                  Objective                Residual
Iter       Primal          Dual         Primal    Dual     Compl     Time
   0   5.87461278e+07 -2.25587083e+07  6.94e+04 4.55e-13  2.11e+06     0s
   1   4.28486320e+07 -2.26606654e+07  2.02e+04 9.88e+02  6.28e+05     0s
   2   3.69373385e+07 -9.07463867e+06  3.07e+02 1.10e+01  2.17e+04     0s
   3   3.63753159e+07  2.98365034e+07  6.37e+01 1.21e-01  2.98e+03     0s
   4   3.61600374e+07  3.47270585e+07  1.34e+01 2.55e-11  5.62e+02     0s
   5   3.61139539e+07  3.58809009e+07  2.99e+00 1.64e-11  9.04e+01     0s
   6   3.61029240e+07  3.60534010e+07  6.05e-01 3.46e-11  1.81e+01     0s
   7   3.61020012e+07  3.60703910e+07  4.13e-01 2.91e-11  1.20e+01     0s
   8   3.61016240e+07  3.60990944e+07  3.37e-01 7.28e-11  6.44e+00     0s
   9   3.61010977e+07  3.61020506e+07  2.28e-01 6.55e-11  4.30e+00     0s
  10   3.61009923e+07  3.61291683e+07  1.97e-01 2.04e-10  3.80e+00     0s
  11   3.61010582e+07  3.62021160e+07  1.90e-01 1.28e-09  4.12e+00     0s
  12   3.61025761e+07  3.62306188e+07  1.84e-01 1.86e-09  3.50e+00     0s
  13   3.61078032e+07  3.62419631e+07  1.77e-01 1.66e-08  3.35e+00     0s
  14   3.61078381e+07  3.63238287e+07  1.77e-01 7.45e-09  3.44e+00     0s
  15   3.61078814e+07  3.62447873e+07  1.77e-01 1.43e-08  3.33e+00     0s
  16   3.61078479e+07  3.62783471e+07  1.77e-01 8.03e-09  3.36e+00     0s
  17   2.23672453e+08 -2.55661742e+07  6.94e+05 4.55e-13  2.19e+07     0s
  18   3.79452434e+07 -1.61611503e+08  2.40e+04 9.09e-12  1.98e+06     0s
  19   3.66652419e+07 -9.89493737e+07  5.79e+02 1.67e-10  8.23e+04     0s
  20   3.63628270e+07  1.45891058e+07  3.18e+01 2.26e-10  7.80e+03     0s
  21   3.61673858e+07  3.29620741e+07  4.24e+00 4.37e-11  1.06e+03     0s
  22   3.61188350e+07  3.56085308e+07  9.27e-01 4.07e-10  1.75e+02     0s
  23   3.61083147e+07  3.58830349e+07  3.54e-01 5.38e-10  7.76e+01     0s
  24   3.61059400e+07  3.60282675e+07  2.46e-01 4.07e-10  4.40e+01     0s
  25   3.61057850e+07  3.60360016e+07  2.30e-01 4.66e-10  4.22e+01     0s
  26   3.61120949e+07  3.60779687e+07  1.94e-01 2.15e-09  3.83e+01     0s
  27   3.61163525e+07  3.61430295e+07  1.87e-01 1.76e-08  3.26e+01     0s
  28   3.61203059e+07  3.62277562e+07  1.78e-01 2.19e-08  2.95e+01     0s
  29   3.61458047e+07  3.62212563e+07  1.58e-01 1.61e-08  2.93e+01     0s
  30   3.61759743e+07  3.61663648e+07  1.32e-01 5.48e-08  3.05e+01     0s
  31   3.61768402e+07  3.62597513e+07  1.31e-01 3.59e-08  2.36e+01     0s
  32   3.62170435e+07  3.62808086e+07  9.78e-02 1.57e-07  1.41e+01     0s
  33   3.62173322e+07  3.62873826e+07  9.75e-02 1.54e-07  1.38e+01     0s
  34   3.62177854e+07  3.63040732e+07  9.70e-02 1.53e-07  1.37e+01     0s
  35   3.62278828e+07  3.63205981e+07  8.96e-02 1.49e-07  1.31e+01     0s
  36   3.62773250e+07  3.63313585e+07  5.67e-02 3.68e-07  7.28e+00     0s
  37   3.62775061e+07  3.64343593e+07  5.65e-02 3.10e-07  5.19e+00     0s
  38   3.62777452e+07  3.68192648e+07  5.60e-02 3.09e-07  4.75e+00     0s
  39   3.62791990e+07  3.63471020e+07  5.60e-02 3.12e-07  5.12e+00     0s
  40   3.62792078e+07  3.66139101e+07  5.60e-02 3.14e-07  5.11e+00     0s
  41   3.64453646e+07  3.68383019e+07  4.51e-02 1.06e-07  2.01e+01     0s
  42   3.64855336e+07  3.67191204e+07  4.11e-02 9.42e-07  2.80e+01     0s
  43   3.64906339e+07  3.67992643e+07  4.05e-02 4.51e-07  3.99e+01     0s
  44   3.64987831e+07  3.73664310e+07  3.69e-02 3.20e-07  2.59e+01     0s
  45   3.65013365e+07  3.79003498e+07  3.65e-02 3.13e-07  2.43e+01     0s
  46   3.65367585e+07  3.78735786e+07  3.62e-02 3.73e-07  3.05e+01     0s
  47   3.67196245e+07  3.69442612e+07  3.18e-02 3.49e-05  5.63e+01     0s
  48   3.67256680e+07  3.87047514e+07  3.16e-02 2.48e-06  4.20e+01     0s
  49   3.67381531e+07  3.84263991e+07  3.15e-02 2.24e-07  4.29e+01     0s
  50   3.69524613e+07  3.87113520e+07  2.81e-02 1.91e-06  3.81e+01     0s
  51   3.76500873e+07  3.80333338e+07  1.79e-02 7.12e-05  1.13e+02     0s
  52   3.77889923e+07  3.83776714e+07  1.59e-02 9.94e-05  7.46e+01     0s
  53   3.78411225e+07  3.84378810e+07  1.51e-02 1.98e-05  6.88e+01     0s
  54   3.78784032e+07  3.84783571e+07  1.46e-02 2.15e-05  6.46e+01     0s
  55   3.79142267e+07  3.85579590e+07  1.40e-02 2.63e-05  5.40e+01     0s
  56   3.79211277e+07  3.86453994e+07  1.40e-02 5.77e-05  4.53e+01     0s
  57   3.81130882e+07  3.87693917e+07  1.12e-02 1.16e-04  3.42e+01     0s
  58   3.86313781e+07  3.88417018e+07  3.73e-03 2.14e-04  1.37e+01     0s
  59   3.86663590e+07  3.88830097e+07  3.22e-03 8.78e-05  2.34e+00     0s
  60   3.86709001e+07  3.88856964e+07  3.16e-03 7.64e-05  2.17e+00     0s
  61   3.86732477e+07  3.88975772e+07  3.12e-03 7.63e-05  2.04e+00     0s
  62   3.86749759e+07  3.89084366e+07  3.10e-03 7.61e-05  2.00e+00     0s
  63   3.86927441e+07  3.89071160e+07  2.87e-03 6.66e-05  1.89e+00     0s
  64   3.87819950e+07  3.89107312e+07  1.72e-03 5.43e-05  1.51e+00     0s
  65   3.89140612e+07  3.89154161e+07  1.96e-05 1.59e-04  4.82e-02     0s
  66   3.89143429e+07  3.89155562e+07  1.59e-05 1.30e-05  7.55e-03     0s
  67   3.89147273e+07  3.89155593e+07  1.09e-05 1.08e-05  5.18e-03     0s
  68   3.89155555e+07  3.89155605e+07  7.65e-08 9.83e-06  2.69e-04     0s
  69   3.89155614e+07  3.89155614e+07  3.99e-10 1.39e-05  5.87e-07     0s
  70   3.89155614e+07  3.89155614e+07  1.75e-12 1.69e-05  4.70e-12     0s

Barrier solved model in 70 iterations and 0.18 seconds (0.18 work units)
Optimal objective 3.89155614e+07

Crossover time: 0.01 seconds (0.01 work units)

Root relaxation: objective 3.891556e+07, 133 iterations, 0.10 seconds (0.12 work units)

    Nodes    |    Current Node    |     Objective Bounds      |     Work
 Expl Unexpl |  Obj  Depth IntInf | Incumbent    BestBd   Gap | It/Node Time

     0     0 3.8916e+07    0    8 3.9925e+07 3.8916e+07  2.53%     -    0s
     0     0 3.9925e+07    0   10 3.9925e+07 3.9925e+07  0.00%     -    0s

Cutting planes:
  Gomory: 1
  Implied bound: 3
  MIR: 9
  Flow cover: 5

Explored 1 nodes (251 simplex iterations) in 0.25 seconds (0.24 work units)
Thread count was 10 (of 10 available processors)

Solution count 1: 3.9925e+07 

Optimal solution found (tolerance 5.00e-03)
Best objective 3.992500000000e+07, best bound 3.992500000000e+07, gap 0.0000%
