
Gurobi 13.0.3 (mac64[arm]) logging started Sat Sep 26 12:19:48 2026

Set parameter LogFile to value "/Users/ashutosh/Desktop/Two-stage-Model/certainty_results/full/solves/nw_5_15_50M_phase2.log"
Gurobi Optimizer version 13.0.3 build v13.0.3rc0 (mac64[arm] - Darwin 27.0.0 26A428)

CPU model: Apple M1 Pro
Thread count: 10 physical cores, 10 logical processors, using up to 10 threads

Non-default parameters:
TimeLimit  21600
MIPGap  0.005
Method  2
LogToConsole  0

Optimize a model with 13556 rows, 5548 columns and 38834 nonzeros (Min)
Model fingerprint: 0x474b86e6
Model has 724 linear objective coefficients
Variable types: 3498 continuous, 2050 integer (1688 binary)
Coefficient statistics:
  Matrix range     [1e-03, 1e+05]
  Objective range  [2e+04, 1e+05]
  Bounds range     [1e+00, 3e+00]
  RHS range        [1e-02, 5e+07]

Loaded user MIP start with objective 4.975e+07
MIP start from previous solve did not produce a new incumbent solution

Presolve removed 12019 rows and 3925 columns
Presolve time: 0.06s
Presolved: 1537 rows, 1623 columns, 6753 nonzeros
Variable types: 1400 continuous, 223 integer (223 binary)
Root barrier log...

Ordering time: 0.00s

Barrier statistics:
 AA' NZ     : 1.892e+04
 Factor NZ  : 6.530e+04 (roughly 2 MB of memory)
 Factor Ops : 5.112e+06 (less than 1 second per iteration)
 Threads    : 10

                  Objective                Residual
Iter       Primal          Dual         Primal    Dual     Compl     Time
   0   7.25365046e+07 -3.41939331e+07  4.57e+04 4.55e-13  1.32e+06     0s
   1   5.10835033e+07 -2.74455273e+07  1.27e+04 1.60e+03  3.81e+05     0s
   2   3.76274044e+07 -1.09917063e+07  6.79e+02 4.06e+01  3.09e+04     0s
   3   3.63097099e+07  2.72479612e+07  1.41e+02 4.78e-01  4.97e+03     0s
   4   3.62287668e+07  3.31564341e+07  1.17e+02 3.63e-02  2.52e+03     0s
   5   3.62270259e+07  3.33704950e+07  1.00e+02 3.38e-02  2.22e+03     0s
   6   3.62241289e+07  3.51421624e+07  5.94e+01 3.33e-11  1.02e+03     0s
   7   3.62330624e+07  3.53088655e+07  3.38e+01 1.63e-11  6.41e+02     0s
   8   3.62336502e+07  3.58684426e+07  3.32e+01 3.54e-11  4.97e+02     0s
   9   3.62975478e+07  3.60841377e+07  2.71e+01 8.23e-12  4.06e+02     0s
  10   3.64149649e+07  3.62324899e+07  2.69e+01 1.68e-11  4.33e+02     0s
  11   3.69059135e+07  3.64293844e+07  2.09e+01 2.47e-11  4.55e+02     0s
  12   3.69610362e+07  3.65259382e+07  2.02e+01 6.85e-11  4.45e+02     0s
  13   3.70139027e+07  3.69993763e+07  1.79e+01 8.65e-11  3.48e+02     0s
  14   3.70221127e+07  3.70543638e+07  1.56e+01 1.24e-10  3.00e+02     0s
  15   3.70484595e+07  3.70814823e+07  1.49e+01 4.64e-11  2.91e+02     0s
  16   3.71332426e+07  3.71802897e+07  1.17e+01 4.50e-11  2.32e+02     0s
  17   3.74028637e+07  3.72350684e+07  5.99e+00 5.92e-11  1.73e+02     0s
  18   3.74248963e+07  3.73059585e+07  4.64e+00 1.18e-10  1.33e+02     0s
  19   3.74389773e+07  3.73403051e+07  4.04e+00 7.14e-11  1.18e+02     0s
  20   3.74588378e+07  3.74391287e+07  3.16e+00 1.64e-10  8.60e+01     0s
  21   3.74944529e+07  3.74523023e+07  2.21e+00 2.14e-10  6.84e+01     0s
  22   3.75157291e+07  3.74822214e+07  1.68e+00 1.19e-10  5.54e+01     0s
  23   3.75240124e+07  3.75744889e+07  1.50e+00 1.68e-10  4.48e+01     0s
  24   3.75269743e+07  3.76807386e+07  1.44e+00 2.33e-10  4.18e+01     0s
  25   3.75317825e+07  3.77740892e+07  1.39e+00 4.66e-10  3.97e+01     0s
  26   3.75368244e+07  3.78689119e+07  1.36e+00 4.07e-10  3.88e+01     0s
  27   3.75532961e+07  3.78605259e+07  1.31e+00 7.57e-10  3.80e+01     0s
  28   3.75989524e+07  3.78027371e+07  1.20e+00 3.58e-09  3.99e+01     0s
  29   3.76041471e+07  3.78253780e+07  1.18e+00 3.58e-09  3.95e+01     0s
  30   3.76100102e+07  3.78336536e+07  1.17e+00 3.55e-09  3.94e+01     0s
  31   2.78125526e+08 -3.41939331e+07  4.57e+05 4.55e-13  1.30e+07     0s
  32   1.10252908e+08 -4.34605831e+07  1.66e+05 1.14e+03  4.78e+06     0s
  33   4.11544238e+07 -4.37997589e+07  1.76e+03 3.64e-12  7.24e+04     0s
  34   3.74066816e+07  1.91591631e+07  1.35e+02 2.91e-11  7.64e+03     0s
  35   3.71431462e+07  3.12568987e+07  1.10e+02 2.46e-11  3.21e+03     0s
  36   3.70850220e+07  3.20234808e+07  8.58e+01 1.42e-11  2.62e+03     0s
  37   3.66578353e+07  3.40258084e+07  4.45e+01 2.00e-11  1.27e+03     0s
  38   3.65333511e+07  3.47415404e+07  2.80e+01 2.91e-11  8.11e+02     0s
  39   3.65713507e+07  3.59911430e+07  2.56e+01 4.13e-11  5.04e+02     0s
  40   3.67079053e+07  3.62898786e+07  2.30e+01 1.27e-10  4.82e+02     0s
  41   3.67856902e+07  3.66443817e+07  1.96e+01 1.04e-10  3.88e+02     0s
  42   3.68459823e+07  3.70322757e+07  1.74e+01 1.37e-10  2.84e+02     0s
  43   3.71897010e+07  3.71994538e+07  9.32e+00 1.90e-10  1.86e+02     0s
  44   3.74375112e+07  3.74441634e+07  4.11e+00 1.15e-10  8.92e+01     0s
  45   3.74783087e+07  3.74977663e+07  2.82e+00 1.19e-10  6.18e+01     0s
  46   3.74801090e+07  3.75200718e+07  2.72e+00 1.88e-10  5.85e+01     0s
  47   3.74828884e+07  3.75208909e+07  2.60e+00 1.12e-10  5.61e+01     0s
  48   3.74968151e+07  3.75268267e+07  2.18e+00 2.42e-10  4.84e+01     0s
  49   3.75070768e+07  3.76088111e+07  1.87e+00 2.47e-10  3.87e+01     0s
  50   3.75128520e+07  3.76713049e+07  1.69e+00 2.18e-10  3.65e+01     0s
  51   3.75184575e+07  3.78536630e+07  1.60e+00 8.73e-10  3.84e+01     0s
  52   3.75386628e+07  3.79203720e+07  1.50e+00 1.22e-09  3.67e+01     0s
  53   3.75625019e+07  3.79727097e+07  1.40e+00 1.11e-09  3.44e+01     0s
  54   3.75886550e+07  3.79455653e+07  1.32e+00 1.11e-09  3.24e+01     0s
  55   3.75944191e+07  3.79657446e+07  1.28e+00 1.16e-09  3.09e+01     0s
  56   3.76185883e+07  3.79933914e+07  1.21e+00 1.59e-09  2.93e+01     0s
  57   3.76217443e+07  3.80215274e+07  1.20e+00 1.51e-09  2.85e+01     0s
  58   3.76360214e+07  3.80684668e+07  1.14e+00 1.51e-09  2.52e+01     0s
  59   3.76626839e+07  3.80797224e+07  1.08e+00 1.69e-09  2.40e+01     0s
  60   3.76830819e+07  3.81022517e+07  1.03e+00 7.48e-09  2.24e+01     0s
  61   3.77037867e+07  3.81110540e+07  9.86e-01 6.95e-09  2.15e+01     0s
  62   3.77136047e+07  3.81262840e+07  9.64e-01 6.42e-09  2.07e+01     0s
  63   3.77630024e+07  3.81490222e+07  8.58e-01 2.58e-07  1.81e+01     0s
  64   3.77679423e+07  3.81629695e+07  8.48e-01 3.13e-07  1.71e+01     0s
  65   3.77802612e+07  3.81649681e+07  8.23e-01 3.15e-07  1.67e+01     0s
  66   3.77815058e+07  3.81752748e+07  8.20e-01 2.95e-07  1.65e+01     0s
  67   3.77950923e+07  3.81800016e+07  7.93e-01 2.72e-07  1.59e+01     0s
  68   3.77956290e+07  3.82187751e+07  7.90e-01 2.77e-07  1.62e+01     0s
  69   3.78334049e+07  3.81820256e+07  7.30e-01 2.51e-07  1.63e+01     0s
  70   3.78457261e+07  3.82056264e+07  7.05e-01 2.10e-08  1.47e+01     0s
  71   3.78642933e+07  3.82276864e+07  6.72e-01 3.64e-08  1.34e+01     0s
  72   3.78760650e+07  3.82430826e+07  6.52e-01 2.39e-08  1.25e+01     0s
  73   3.79069154e+07  3.82423793e+07  5.98e-01 1.85e-08  1.17e+01     0s
  74   3.79111999e+07  3.83244451e+07  5.91e-01 2.47e-08  1.21e+01     0s
  75   3.79180280e+07  3.83739630e+07  5.77e-01 2.50e-08  1.11e+01     0s
  76   3.79232307e+07  3.83204167e+07  5.71e-01 2.33e-08  1.10e+01     0s
  77   3.79251191e+07  3.83854432e+07  5.68e-01 2.36e-08  1.09e+01     0s
  78   3.79336289e+07  3.84235813e+07  5.58e-01 7.14e-08  1.08e+01     0s
  79   3.79424517e+07  3.84691811e+07  5.47e-01 2.21e-08  1.06e+01     0s
  80   3.79425463e+07  3.84951232e+07  5.47e-01 2.24e-08  1.05e+01     0s
  81   3.79548925e+07  3.85275448e+07  5.34e-01 2.28e-08  9.89e+00     0s
  82   3.79600735e+07  3.85328354e+07  5.29e-01 1.75e-08  9.78e+00     0s
  83   3.79718732e+07  3.85372046e+07  5.18e-01 2.65e-08  9.53e+00     0s
  84   3.79742655e+07  3.85591562e+07  5.16e-01 2.44e-08  9.50e+00     0s
  85   3.79991650e+07  3.85697831e+07  4.94e-01 1.96e-08  9.08e+00     0s
  86   3.80026813e+07  3.85802580e+07  4.91e-01 3.21e-08  8.94e+00     0s
  87   3.80034695e+07  3.86491494e+07  4.90e-01 2.49e-08  8.72e+00     0s
  88   3.80093994e+07  3.86582107e+07  4.86e-01 2.56e-08  8.66e+00     0s
  89   3.80144093e+07  3.86648426e+07  4.82e-01 2.61e-08  8.62e+00     0s
  90   3.80225354e+07  3.86772759e+07  4.76e-01 1.81e-07  8.52e+00     0s
  91   3.80255571e+07  3.86672096e+07  4.74e-01 2.68e-08  8.45e+00     0s
  92   3.80314102e+07  3.86914926e+07  4.70e-01 2.51e-08  8.35e+00     0s
  93   3.80380046e+07  3.87095341e+07  4.66e-01 1.26e-06  7.94e+00     0s
  94   3.80379901e+07  3.87183113e+07  4.65e-01 1.26e-06  7.92e+00     0s
  95   3.80395472e+07  3.87401021e+07  4.64e-01 1.26e-06  7.90e+00     0s
  96   3.80610406e+07  3.87379748e+07  4.51e-01 1.94e-06  8.07e+00     0s
  97   3.80727348e+07  3.87843897e+07  4.45e-01 1.92e-06  8.29e+00     0s
  98   3.80820304e+07  3.87983800e+07  4.40e-01 1.89e-06  8.77e+00     0s
  99   3.81039601e+07  3.87778480e+07  4.28e-01 1.83e-06  9.23e+00     0s
 100   3.81633707e+07  3.88001183e+07  3.97e-01 5.40e-06  1.03e+01     0s
 101   3.81647370e+07  3.89193939e+07  3.96e-01 1.49e-07  1.02e+01     0s
 102   3.81715747e+07  3.88606449e+07  3.96e-01 1.49e-07  1.18e+01     0s
 103   3.82116144e+07  3.88522438e+07  3.77e-01 1.42e-07  1.27e+01     0s
 104   3.82531257e+07  3.89119692e+07  3.57e-01 2.34e-07  1.23e+01     0s
 105   3.82727348e+07  3.91269760e+07  3.47e-01 8.54e-07  1.74e+01     0s
 106   3.82958590e+07  4.04828869e+07  3.35e-01 3.82e-07  1.07e+01     0s
 107   3.83502890e+07  3.89935211e+07  3.27e-01 1.05e-06  1.91e+01     0s
 108   3.83503976e+07  4.20278776e+07  3.26e-01 1.02e-06  1.15e+01     0s
 109   3.83520846e+07  4.12460097e+07  3.26e-01 8.38e-07  1.12e+01     0s
 110   3.83989967e+07  4.11416186e+07  3.24e-01 1.39e-06  1.85e+01     0s
 111   3.84048475e+07  4.25692738e+07  3.24e-01 1.02e-06  2.38e+01     0s
 112   3.84092275e+07  4.22285997e+07  3.24e-01 9.91e-07  2.38e+01     0s
 113   3.84442324e+07  4.14282265e+07  3.22e-01 3.55e-06  2.69e+01     0s
 114   3.84541828e+07  4.20308212e+07  3.21e-01 6.91e-06  2.81e+01     0s
 115   3.84516473e+07  4.22441909e+07  3.21e-01 6.90e-06  2.80e+01     0s
 116   3.84582590e+07  4.25587343e+07  3.20e-01 6.90e-06  2.69e+01     0s
 117   3.84724422e+07  4.27697161e+07  3.18e-01 6.93e-06  2.66e+01     0s
 118   3.85227030e+07  4.30407685e+07  3.16e-01 7.39e-06  3.10e+01     0s
 119   3.88690796e+07  4.20739249e+07  2.93e-01 3.25e-05  5.56e+01     0s
 120   3.90744112e+07  4.19187894e+07  2.81e-01 1.97e-05  7.61e+01     0s
 121   3.91816157e+07  4.23700569e+07  2.73e-01 1.08e-05  6.83e+01     0s
 122   3.92625613e+07  4.31027878e+07  2.68e-01 2.19e-06  6.31e+01     0s
 123   3.92827812e+07  4.33344673e+07  2.66e-01 9.67e-07  6.25e+01     0s
 124   3.94987351e+07  4.35946902e+07  2.54e-01 8.85e-06  6.23e+01     0s
 125   3.95818223e+07  4.36808226e+07  2.49e-01 5.26e-06  5.93e+01     0s
 126   3.98324539e+07  4.37100484e+07  2.34e-01 1.81e-05  4.90e+01     0s
 127   3.98633640e+07  4.37516935e+07  2.32e-01 1.48e-05  4.48e+01     0s
 128   3.98941017e+07  4.37851147e+07  2.30e-01 1.53e-05  4.42e+01     0s
 129   3.99528477e+07  4.37980498e+07  2.27e-01 1.55e-05  4.40e+01     0s
 130   4.00279704e+07  4.38503004e+07  2.23e-01 1.24e-05  4.24e+01     0s
 131   4.00413419e+07  4.38581627e+07  2.22e-01 9.13e-08  4.23e+01     0s
 132   4.00855897e+07  4.38652177e+07  2.20e-01 3.73e-08  4.22e+01     0s
 133   4.00948075e+07  4.38706856e+07  2.19e-01 1.60e-07  4.20e+01     0s
 134   4.01008527e+07  4.38749418e+07  2.19e-01 4.84e-08  4.20e+01     0s
 135   4.01569264e+07  4.38970975e+07  2.16e-01 4.66e-07  4.19e+01     0s
 136   4.01650288e+07  4.39481525e+07  2.15e-01 4.63e-06  4.14e+01     0s
 137   4.01913606e+07  4.40382008e+07  2.14e-01 1.42e-07  4.14e+01     0s
 138   4.04649490e+07  4.40220858e+07  2.00e-01 1.70e-06  4.39e+01     0s
 139   4.06904035e+07  4.41767526e+07  1.88e-01 3.25e-05  3.59e+01     0s
 140   4.06993511e+07  4.41940233e+07  1.88e-01 5.46e-06  3.47e+01     0s
 141   4.07191531e+07  4.42446972e+07  1.87e-01 7.98e-06  3.45e+01     0s
 142   4.07386917e+07  4.43337620e+07  1.86e-01 6.85e-06  3.46e+01     0s
 143   4.08352949e+07  4.45069952e+07  1.81e-01 2.77e-06  3.30e+01     0s
 144   4.08418937e+07  4.45447752e+07  1.80e-01 4.58e-07  3.29e+01     0s
 145   4.08515970e+07  4.45949613e+07  1.80e-01 4.66e-07  3.29e+01     0s
 146   4.08859219e+07  4.46157326e+07  1.78e-01 1.06e-06  3.29e+01     0s
 147   4.09086845e+07  4.46465976e+07  1.77e-01 1.27e-06  3.28e+01     0s
 148   4.09213218e+07  4.47254033e+07  1.77e-01 6.11e-07  3.29e+01     0s
 149   4.09901043e+07  4.49261427e+07  1.74e-01 3.26e-06  3.33e+01     0s
 150   4.11249717e+07  4.51197788e+07  1.70e-01 2.45e-06  4.26e+01     0s
 151   4.15215196e+07  4.51236681e+07  1.55e-01 1.58e-06  5.17e+01     0s
 152   4.20302586e+07  4.51715820e+07  1.36e-01 2.42e-05  5.89e+01     0s
 153   4.21979620e+07  4.55786669e+07  1.30e-01 1.52e-04  3.05e+01     0s
 154   4.22465084e+07  4.56647030e+07  1.28e-01 3.08e-05  2.96e+01     0s
 155   4.22533306e+07  4.58002461e+07  1.28e-01 3.18e-05  2.91e+01     0s
 156   4.22676197e+07  4.59432663e+07  1.27e-01 3.12e-05  2.91e+01     0s
 157   4.23043291e+07  4.59605680e+07  1.26e-01 3.13e-05  2.96e+01     0s
 158   4.23460902e+07  4.60295517e+07  1.25e-01 6.24e-06  3.00e+01     0s
 159   4.24117516e+07  4.62082105e+07  1.23e-01 2.02e-05  3.02e+01     0s
 160   4.26820461e+07  4.62781069e+07  1.15e-01 2.94e-05  2.75e+01     0s
 161   4.29600117e+07  4.63422544e+07  1.06e-01 2.31e-05  2.56e+01     0s
 162   4.30089342e+07  4.64429363e+07  1.05e-01 6.54e-06  2.05e+01     0s
 163   4.34381502e+07  4.64373967e+07  9.22e-02 3.19e-05  2.17e+01     0s
 164   4.35828494e+07  4.64671453e+07  8.79e-02 2.36e-05  1.77e+01     0s
 165   4.40058858e+07  4.64779006e+07  7.53e-02 1.12e-04  1.61e+01     0s
 166   4.40218743e+07  4.65004871e+07  7.48e-02 1.08e-04  1.43e+01     0s
 167   4.40345762e+07  4.65323429e+07  7.44e-02 1.08e-04  1.42e+01     0s
 168   4.40582258e+07  4.66071536e+07  7.37e-02 1.67e-04  1.38e+01     0s
 169   4.40642088e+07  4.67036898e+07  7.35e-02 6.38e-06  1.38e+01     0s
 170   4.40944541e+07  4.67388704e+07  7.27e-02 6.73e-06  1.37e+01     0s
 171   4.40955860e+07  4.67643386e+07  7.27e-02 1.64e-07  1.37e+01     0s
 172   4.41114101e+07  4.68016139e+07  7.23e-02 2.32e-06  1.39e+01     0s
 173   4.41147921e+07  4.70344862e+07  7.22e-02 6.94e-06  1.36e+01     0s
 174   4.41290980e+07  4.70386240e+07  7.18e-02 3.73e-07  1.36e+01     0s
 175   4.41331298e+07  4.72743411e+07  7.17e-02 8.17e-06  1.36e+01     0s
 176   4.41360784e+07  4.73703674e+07  7.17e-02 1.39e-06  1.37e+01     0s

Barrier performed 176 iterations in 0.45 seconds (0.29 work units)
Sub-optimal termination - objective 4.41360784e+07

Crossover time: 0.06 seconds (0.09 work units)
Crossover changed status from Sub-Optimal to Optimal

Root relaxation: objective 4.831746e+07, 1952 iterations, 0.42 seconds (0.30 work units)

    Nodes    |    Current Node    |     Objective Bounds      |     Work
 Expl Unexpl |  Obj  Depth IntInf | Incumbent    BestBd   Gap | It/Node Time

     0     0 4.8317e+07    0   20 4.9750e+07 4.8317e+07  2.88%     -    0s
     0     0 4.8350e+07    0   26 4.9750e+07 4.8350e+07  2.81%     -    0s
     0     0 4.8359e+07    0   27 4.9750e+07 4.8359e+07  2.80%     -    0s
     0     0 4.8361e+07    0   27 4.9750e+07 4.8361e+07  2.79%     -    0s
     0     0 4.8361e+07    0   28 4.9750e+07 4.8361e+07  2.79%     -    0s
     0     0 4.8392e+07    0   28 4.9750e+07 4.8392e+07  2.73%     -    0s
     0     0 4.8392e+07    0   28 4.9750e+07 4.8392e+07  2.73%     -    0s
     0     0 4.8392e+07    0   28 4.9750e+07 4.8392e+07  2.73%     -    0s
     0     0 4.8392e+07    0   24 4.9750e+07 4.8392e+07  2.73%     -    0s
     0     0 4.8541e+07    0   24 4.9750e+07 4.8541e+07  2.43%     -    0s
     0     0 4.8541e+07    0   24 4.9750e+07 4.8541e+07  2.43%     -    0s
     0     2 4.8541e+07    0   24 4.9750e+07 4.8541e+07  2.43%     -    0s

Cutting planes:
  Implied bound: 6
  MIR: 11
  Flow cover: 9

Explored 31 nodes (3972 simplex iterations) in 0.96 seconds (0.87 work units)
Thread count was 10 (of 10 available processors)

Solution count 1: 4.975e+07 

Optimal solution found (tolerance 5.00e-03)
Best objective 4.975000000000e+07, best bound 4.975000000000e+07, gap 0.0000%
