
Gurobi 13.0.3 (mac64[arm]) logging started Sat Sep 26 12:19:45 2026

Set parameter LogFile to value "/Users/ashutosh/Desktop/Two-stage-Model/certainty_results/full/solves/nw_5_15_40M_phase2.log"
Gurobi Optimizer version 13.0.3 build v13.0.3rc0 (mac64[arm] - Darwin 27.0.0 26A428)

CPU model: Apple M1 Pro
Thread count: 10 physical cores, 10 logical processors, using up to 10 threads

Non-default parameters:
TimeLimit  21600
MIPGap  0.005
Method  2
LogToConsole  0

Optimize a model with 13556 rows, 5548 columns and 38834 nonzeros (Min)
Model fingerprint: 0xfc52417e
Model has 724 linear objective coefficients
Variable types: 3498 continuous, 2050 integer (1688 binary)
Coefficient statistics:
  Matrix range     [1e-03, 1e+05]
  Objective range  [2e+04, 1e+05]
  Bounds range     [1e+00, 3e+00]
  RHS range        [1e-02, 4e+07]

Loaded user MIP start with objective 4e+07
MIP start from previous solve did not produce a new incumbent solution

Presolve removed 11437 rows and 3810 columns
Presolve time: 0.06s
Presolved: 2119 rows, 1738 columns, 8325 nonzeros
Variable types: 1482 continuous, 256 integer (256 binary)
Root barrier log...

Ordering time: 0.00s

Barrier statistics:
 AA' NZ     : 2.892e+04
 Factor NZ  : 9.120e+04 (roughly 2 MB of memory)
 Factor Ops : 7.863e+06 (less than 1 second per iteration)
 Threads    : 10

                  Objective                Residual
Iter       Primal          Dual         Primal    Dual     Compl     Time
   0   1.31266821e+08 -1.85965939e+08  3.60e+04 9.09e-13  2.55e+06     0s
   1   5.54948909e+07 -1.82356667e+08  1.12e+04 4.54e+03  8.33e+05     0s
   2   1.03156490e+07 -1.48473188e+08  4.16e+02 3.48e+02  6.34e+04     0s
   3   6.85626769e+06 -1.71901959e+07  1.71e+02 1.32e+01  1.23e+04     0s
   4   3.52704890e+06 -4.94581785e+06  3.64e+01 2.43e+00  3.06e+03     0s
   5   3.19574979e+06 -5.07065210e+05  2.43e+01 9.29e-01  1.55e+03     0s
   6   2.94050536e+06  6.42984755e+05  1.39e+01 5.67e-01  9.29e+02     0s
   7   2.90884618e+06  2.09532836e+06  1.20e+01 2.45e-01  6.13e+02     0s
   8   2.92600188e+06  2.75395518e+06  8.92e+00 1.81e-01  4.71e+02     0s
   9   2.97943603e+06  3.83750430e+06  7.93e+00 1.24e-01  4.03e+02     0s
  10   3.01482443e+06  4.19763581e+06  7.52e+00 1.14e-01  3.80e+02     0s
  11   3.04342289e+06  4.56770969e+06  7.28e+00 1.05e-01  3.69e+02     0s
  12   3.16076550e+06  4.73501862e+06  6.67e+00 1.01e-01  3.34e+02     0s
  13   3.25111155e+06  4.90304390e+06  6.32e+00 9.77e-02  3.16e+02     0s
  14   3.43944296e+06  5.31883617e+06  5.83e+00 8.85e-02  2.96e+02     0s
  15   3.56346728e+06  5.20269452e+06  5.52e+00 8.50e-02  2.84e+02     0s
  16   3.62643719e+06  5.47748217e+06  5.35e+00 7.72e-02  2.67e+02     0s
  17   3.76701699e+06  5.73123328e+06  5.04e+00 6.72e-02  2.46e+02     0s
  18   3.83109643e+06  5.92126909e+06  4.89e+00 6.22e-02  2.36e+02     0s
  19   3.92277566e+06  6.15698904e+06  4.68e+00 5.25e-02  2.24e+02     0s
  20   4.06186409e+06  6.62196068e+06  4.35e+00 4.80e-02  2.04e+02     0s
  21   4.11810022e+06  7.15817327e+06  4.23e+00 4.58e-02  1.98e+02     0s
  22   4.17612153e+06  7.32441957e+06  4.13e+00 4.53e-02  1.91e+02     0s
  23   4.28821581e+06  7.62583966e+06  3.97e+00 4.42e-02  1.81e+02     0s
  24   4.39539385e+06  7.95523726e+06  3.85e+00 3.98e-02  1.73e+02     0s
  25   4.50192917e+06  8.08568564e+06  3.74e+00 3.92e-02  1.67e+02     0s
  26   4.52285111e+06  8.60731868e+06  3.72e+00 3.61e-02  1.67e+02     0s
  27   4.75193478e+06  8.86366984e+06  3.51e+00 3.50e-02  1.57e+02     0s
  28   4.80988392e+06  9.13940758e+06  3.46e+00 3.38e-02  1.53e+02     0s
  29   4.90307988e+06  9.40391882e+06  3.38e+00 3.31e-02  1.49e+02     0s
  30   4.97409359e+06  9.47079257e+06  3.33e+00 3.29e-02  1.47e+02     0s
  31   5.00181169e+06  9.67635919e+06  3.31e+00 3.19e-02  1.46e+02     0s
  32   5.09810403e+06  9.95552600e+06  3.26e+00 3.14e-02  1.47e+02     0s
  33   5.26665635e+06  1.04057193e+07  3.14e+00 3.01e-02  1.42e+02     0s
  34   5.37806865e+06  1.07267255e+07  3.08e+00 2.92e-02  1.38e+02     0s
  35   5.47585309e+06  1.08858803e+07  3.02e+00 2.84e-02  1.35e+02     0s
  36   5.53553905e+06  1.09930073e+07  2.99e+00 2.82e-02  1.34e+02     0s
  37   5.61459799e+06  1.11650891e+07  2.95e+00 2.70e-02  1.31e+02     0s
  38   5.75984204e+06  1.12449862e+07  2.87e+00 2.68e-02  1.28e+02     0s
  39   5.81389835e+06  1.14950303e+07  2.84e+00 2.63e-02  1.26e+02     0s
  40   6.05203581e+06  1.18548362e+07  2.73e+00 2.44e-02  1.21e+02     0s
  41   6.08969106e+06  1.20134281e+07  2.71e+00 2.41e-02  1.20e+02     0s
  42   6.09851273e+06  1.18593369e+07  2.71e+00 2.41e-02  1.20e+02     0s
  43   6.10267307e+06  1.22736268e+07  2.71e+00 2.37e-02  1.21e+02     0s
  44   9.56313917e+08 -1.85965939e+08  3.60e+05 9.09e-13  2.50e+07     0s
  45   1.73528572e+07 -4.91416852e+08  3.21e+04 1.09e-11  2.56e+06     0s
  46   5.47213335e+06 -3.11209665e+08  4.32e+02 2.91e-11  1.00e+05     0s
  47   4.93113880e+06 -2.49082487e+07  1.82e+02 1.09e-11  1.43e+04     0s
  48   3.16690080e+06 -2.85710689e+06  3.01e+01 1.07e-11  2.33e+03     0s
  49   2.93133356e+06  1.47986276e+06  1.38e+01 3.64e-11  7.99e+02     0s
  50   2.88528706e+06  1.58096458e+06  1.10e+01 4.37e-11  6.75e+02     0s
  51   3.00479667e+06  1.76009417e+06  9.17e+00 5.82e-11  6.19e+02     0s
  52   3.01029814e+06  2.21526338e+06  8.94e+00 7.28e-11  5.71e+02     0s
  53   3.05825338e+06  2.58548489e+06  7.92e+00 8.73e-11  5.12e+02     0s
  54   3.06291717e+06  2.95062881e+06  7.57e+00 1.75e-10  4.96e+02     0s
  55   3.08445429e+06  3.18299167e+06  7.12e+00 1.46e-10  4.66e+02     0s
  56   3.11472077e+06  3.35007457e+06  6.80e+00 2.33e-10  4.46e+02     0s
  57   3.14657473e+06  3.55415583e+06  6.57e+00 2.33e-10  4.30e+02     0s
  58   3.18498876e+06  3.83270151e+06  6.36e+00 2.91e-10  4.15e+02     0s
  59   3.26608541e+06  4.43428576e+06  6.02e+00 8.73e-10  3.84e+02     0s
  60   3.35103884e+06  4.87861351e+06  5.77e+00 8.73e-10  3.61e+02     0s
  61   3.40424196e+06  4.94171834e+06  5.63e+00 8.15e-10  3.55e+02     0s
  62   3.53592430e+06  4.63002956e+06  5.32e+00 1.01e-09  3.46e+02     0s
  63   3.56314053e+06  5.15845254e+06  5.25e+00 1.30e-09  3.26e+02     0s
  64   3.80184709e+06  5.36275743e+06  4.73e+00 2.56e-09  2.97e+02     0s
  65   3.87724953e+06  5.44868644e+06  4.57e+00 2.68e-09  2.88e+02     0s
  66   3.95306764e+06  5.66451808e+06  4.41e+00 5.70e-09  2.77e+02     0s
  67   4.00218893e+06  5.74452231e+06  4.32e+00 5.94e-09  2.72e+02     0s
  68   4.08866476e+06  6.00836426e+06  4.14e+00 8.96e-09  2.58e+02     0s
  69   4.14358466e+06  6.20232335e+06  4.05e+00 7.80e-09  2.53e+02     0s
  70   4.19582971e+06  6.57089068e+06  3.97e+00 1.41e-08  2.47e+02     0s
  71   4.22890531e+06  6.86242851e+06  3.93e+00 1.22e-08  2.43e+02     0s
  72   4.29907363e+06  7.21729805e+06  3.85e+00 4.02e-09  2.37e+02     0s
  73   4.42511208e+06  7.50477897e+06  3.73e+00 3.49e-09  2.27e+02     0s
  74   4.43863595e+06  7.66920300e+06  3.71e+00 1.93e-08  2.22e+02     0s
  75   4.50607769e+06  7.71255254e+06  3.65e+00 2.21e-08  2.20e+02     0s
  76   4.53902466e+06  7.73720895e+06  3.62e+00 2.28e-08  2.19e+02     0s
  77   4.56518494e+06  7.83443745e+06  3.59e+00 2.22e-08  2.17e+02     0s
  78   4.63599530e+06  8.11998159e+06  3.53e+00 4.48e-08  2.12e+02     0s
  79   4.71413760e+06  8.39616747e+06  3.46e+00 3.61e-08  2.07e+02     0s
  80   4.76113340e+06  8.65636581e+06  3.42e+00 4.59e-08  2.04e+02     0s
  81   4.85281789e+06  8.79006905e+06  3.35e+00 3.95e-08  2.00e+02     0s
  82   4.90555946e+06  8.96023063e+06  3.31e+00 5.86e-08  1.97e+02     0s
  83   4.95595969e+06  8.98874459e+06  3.28e+00 5.39e-08  1.96e+02     0s
  84   5.00320608e+06  9.26998057e+06  3.24e+00 7.80e-08  1.92e+02     0s
  85   5.02549967e+06  9.65286708e+06  3.23e+00 6.39e-08  1.91e+02     0s
  86   5.12644411e+06  9.70325371e+06  3.17e+00 6.50e-08  1.89e+02     0s
  87   5.20745592e+06  1.00864296e+07  3.12e+00 1.05e-07  1.84e+02     0s
  88   5.28576069e+06  1.02443558e+07  3.07e+00 1.14e-07  1.81e+02     0s
  89   5.28858695e+06  1.02792543e+07  3.07e+00 1.23e-07  1.81e+02     0s
  90   5.41249561e+06  1.04757588e+07  3.00e+00 1.69e-07  1.78e+02     0s
  91   5.47939107e+06  1.05924233e+07  2.97e+00 6.24e-08  1.76e+02     0s
  92   5.50054461e+06  1.06834494e+07  2.95e+00 2.52e-08  1.73e+02     0s
  93   5.56602755e+06  1.09468285e+07  2.92e+00 1.46e-07  1.70e+02     0s
  94   5.65182646e+06  1.09776914e+07  2.88e+00 1.18e-07  1.69e+02     0s
  95   5.86685805e+06  1.13617100e+07  2.77e+00 4.08e-07  1.61e+02     0s
  96   6.02981850e+06  1.16240070e+07  2.70e+00 3.45e-07  1.56e+02     0s
  97   6.06271543e+06  1.17185452e+07  2.68e+00 3.89e-07  1.54e+02     0s
  98   6.12454893e+06  1.20302520e+07  2.65e+00 2.20e-07  1.52e+02     0s
  99   6.14317941e+06  1.27910904e+07  2.65e+00 2.57e-07  1.52e+02     0s
 100   6.21808430e+06  1.35605185e+07  2.62e+00 2.78e-07  1.51e+02     0s
 101   6.25992520e+06  1.39046016e+07  2.61e+00 2.87e-07  1.50e+02     0s
 102   6.26881646e+06  1.36829100e+07  2.60e+00 1.41e-06  1.48e+02     0s
 103   6.43139560e+06  1.38805238e+07  2.55e+00 2.89e-07  1.47e+02     0s
 104   7.02854697e+06  1.41817485e+07  2.39e+00 3.23e-06  1.73e+02     0s
 105   7.21894142e+06  1.40564477e+07  2.34e+00 3.10e-06  1.79e+02     0s
 106   7.50812762e+06  1.52004384e+07  2.26e+00 6.97e-07  1.65e+02     0s
 107   7.89739368e+06  1.52457989e+07  2.17e+00 1.11e-06  1.76e+02     0s
 108   8.13944444e+06  1.60484376e+07  2.12e+00 2.48e-06  1.85e+02     0s
 109   8.22181345e+06  1.66168741e+07  2.10e+00 1.77e-06  1.84e+02     0s
 110   8.44386375e+06  1.76483203e+07  2.05e+00 1.48e-06  1.75e+02     0s
 111   8.53353481e+06  1.79956677e+07  2.03e+00 4.57e-07  1.78e+02     0s
 112   8.57678107e+06  1.83376905e+07  2.03e+00 7.04e-07  1.77e+02     0s
 113   8.72192009e+06  1.89582961e+07  2.00e+00 2.37e-07  1.72e+02     0s
 114   8.87609304e+06  1.96380918e+07  1.97e+00 2.40e-06  1.65e+02     0s
 115   9.27423203e+06  1.97505327e+07  1.90e+00 2.03e-06  1.62e+02     0s
 116   9.39022325e+06  1.97752378e+07  1.88e+00 3.06e-07  1.60e+02     0s
 117   9.46462220e+06  1.97940225e+07  1.87e+00 2.98e-07  1.59e+02     0s
 118   9.54209166e+06  1.98151587e+07  1.86e+00 2.95e-07  1.58e+02     0s
 119   9.63045459e+06  1.98467064e+07  1.84e+00 1.07e-06  1.57e+02     0s
 120   9.86416524e+06  1.99230077e+07  1.80e+00 2.87e-06  1.54e+02     0s
 121   9.98231924e+06  2.00386002e+07  1.78e+00 2.70e-06  1.48e+02     0s
 122   1.00119051e+07  2.03721811e+07  1.78e+00 4.24e-06  1.47e+02     0s
 123   1.01103335e+07  2.04395767e+07  1.76e+00 2.51e-06  1.46e+02     0s
 124   1.03289381e+07  2.07736068e+07  1.73e+00 2.81e-06  1.42e+02     0s
 125   1.03709845e+07  2.14147384e+07  1.72e+00 1.39e-06  1.41e+02     0s
 126   1.04592290e+07  2.17873763e+07  1.71e+00 1.73e-06  1.40e+02     0s
 127   1.06498049e+07  2.20307790e+07  1.68e+00 1.25e-06  1.42e+02     0s
 128   1.06704184e+07  2.21840875e+07  1.68e+00 1.64e-06  1.42e+02     0s
 129   1.09082670e+07  2.19670247e+07  1.65e+00 1.77e-06  1.49e+02     0s
 130   1.10038928e+07  2.27587294e+07  1.64e+00 9.23e-06  1.45e+02     0s
 131   1.12496433e+07  2.29221235e+07  1.61e+00 2.87e-06  1.51e+02     0s
 132   1.15450300e+07  2.37482846e+07  1.57e+00 8.29e-06  1.48e+02     0s
 133   1.18050285e+07  2.40035590e+07  1.54e+00 2.94e-06  1.51e+02     0s
 134   1.26664838e+07  2.46569622e+07  1.44e+00 1.31e-05  1.38e+02     0s
 135   1.28723729e+07  2.46329468e+07  1.42e+00 3.17e-07  1.37e+02     0s
 136   1.32539705e+07  2.47832603e+07  1.38e+00 1.49e-05  1.28e+02     0s
 137   1.36046622e+07  2.48685802e+07  1.34e+00 6.30e-06  1.22e+02     0s
 138   1.38132200e+07  2.50634965e+07  1.31e+00 9.76e-06  1.14e+02     0s
 139   1.41170251e+07  2.53176606e+07  1.28e+00 1.36e-05  1.09e+02     0s
 140   1.42047490e+07  2.61068232e+07  1.27e+00 1.74e-05  1.07e+02     0s
 141   1.44221162e+07  2.64736590e+07  1.24e+00 1.82e-05  1.04e+02     0s
 142   1.44455923e+07  2.65609875e+07  1.24e+00 1.96e-05  1.04e+02     0s
 143   1.44692942e+07  2.66332429e+07  1.24e+00 1.96e-05  1.04e+02     0s
 144   1.46978020e+07  2.68788349e+07  1.22e+00 4.78e-06  1.03e+02     0s
 145   1.51461333e+07  2.66615114e+07  1.18e+00 7.55e-06  1.17e+02     0s
 146   1.55975731e+07  2.79864323e+07  1.14e+00 3.28e-05  9.83e+01     0s
 147   1.56229299e+07  2.88976621e+07  1.13e+00 7.97e-06  9.67e+01     0s
 148   1.58981761e+07  2.81606358e+07  1.11e+00 9.89e-06  1.05e+02     0s
 149   1.59845570e+07  2.90096418e+07  1.11e+00 1.03e-05  9.72e+01     0s
 150   1.61619333e+07  3.02807183e+07  1.09e+00 1.05e-05  1.01e+02     0s
 151   1.62021982e+07  3.03026630e+07  1.09e+00 1.06e-05  1.01e+02     0s
 152   1.63634863e+07  3.08652498e+07  1.08e+00 9.00e-06  9.87e+01     0s
 153   1.70477017e+07  3.09035265e+07  1.03e+00 9.64e-06  9.64e+01     0s
 154   1.73012154e+07  3.09617198e+07  1.01e+00 1.05e-05  9.31e+01     0s
 155   1.74225636e+07  3.10330232e+07  1.00e+00 1.31e-05  9.10e+01     0s
 156   1.76776073e+07  3.12048657e+07  9.84e-01 2.90e-05  8.74e+01     0s
 157   1.88307837e+07  3.11166165e+07  9.01e-01 3.97e-05  8.34e+01     0s
 158   1.89551121e+07  3.13154993e+07  8.92e-01 4.11e-05  7.55e+01     0s
 159   1.90056934e+07  3.14051616e+07  8.89e-01 4.05e-05  7.53e+01     0s
 160   1.90776902e+07  3.15357177e+07  8.83e-01 3.89e-05  7.49e+01     0s
 161   1.98759833e+07  3.14840046e+07  8.28e-01 3.65e-05  7.29e+01     0s
 162   1.99792720e+07  3.15566287e+07  8.21e-01 3.24e-05  7.03e+01     0s
 163   1.99995472e+07  3.16380624e+07  8.19e-01 3.25e-05  7.04e+01     0s
 164   2.01217685e+07  3.18736782e+07  8.10e-01 3.19e-05  6.95e+01     0s
 165   2.02968221e+07  3.19333402e+07  7.98e-01 3.01e-05  6.86e+01     0s
 166   2.07106278e+07  3.19717259e+07  7.70e-01 2.71e-05  6.61e+01     0s
 167   2.07520616e+07  3.21756901e+07  7.67e-01 1.83e-05  6.49e+01     0s
 168   2.08404716e+07  3.24368316e+07  7.61e-01 1.83e-05  6.37e+01     0s
 169   2.11462104e+07  3.23281822e+07  7.42e-01 2.07e-05  6.34e+01     0s
 170   2.14739716e+07  3.24809371e+07  7.20e-01 2.29e-05  6.03e+01     0s
 171   2.15046976e+07  3.27240554e+07  7.18e-01 2.35e-05  5.89e+01     0s
 172   2.15990931e+07  3.30766442e+07  7.12e-01 2.38e-05  5.84e+01     0s
 173   2.24454288e+07  3.30871244e+07  6.61e-01 2.29e-05  5.91e+01     0s
 174   2.28946704e+07  3.28901442e+07  6.34e-01 2.43e-05  6.29e+01     0s
 175   2.31472477e+07  3.30557113e+07  6.19e-01 3.96e-05  5.77e+01     0s
 176   2.32307745e+07  3.31265531e+07  6.13e-01 4.24e-05  5.57e+01     0s
 177   2.33246340e+07  3.35784994e+07  6.08e-01 3.79e-05  5.28e+01     0s
 178   2.34766818e+07  3.36345958e+07  5.99e-01 3.73e-05  5.23e+01     0s
 179   2.36768094e+07  3.36663811e+07  5.87e-01 3.67e-05  5.18e+01     0s
 180   2.40725613e+07  3.36997751e+07  5.65e-01 3.72e-05  5.00e+01     0s
 181   2.41164086e+07  3.37422551e+07  5.62e-01 3.14e-05  4.87e+01     0s
 182   2.42340464e+07  3.38043414e+07  5.55e-01 3.09e-05  4.82e+01     0s
 183   2.42618060e+07  3.38386162e+07  5.54e-01 3.05e-05  4.80e+01     0s
 184   2.43091295e+07  3.38847445e+07  5.51e-01 3.08e-05  4.76e+01     0s
 185   2.45049343e+07  3.39404280e+07  5.40e-01 3.00e-05  4.70e+01     0s
 186   2.47223646e+07  3.40020457e+07  5.28e-01 2.50e-05  4.59e+01     0s
 187   2.50758427e+07  3.41015828e+07  5.08e-01 6.72e-05  4.34e+01     0s
 188   2.52461579e+07  3.41206846e+07  4.99e-01 7.65e-05  4.23e+01     0s
 189   2.52960506e+07  3.41370934e+07  4.96e-01 8.18e-05  4.15e+01     0s
 190   2.53540186e+07  3.42259261e+07  4.93e-01 8.54e-05  4.07e+01     0s
 191   2.53601306e+07  3.41709344e+07  4.92e-01 8.62e-05  4.06e+01     0s
 192   2.53781680e+07  3.41882840e+07  4.91e-01 8.51e-05  4.06e+01     0s
 193   2.56350660e+07  3.41933154e+07  4.77e-01 1.82e-05  4.08e+01     0s
 194   2.57186524e+07  3.43099122e+07  4.73e-01 2.98e-05  3.99e+01     0s
 195   2.59711364e+07  3.44100630e+07  4.60e-01 1.60e-05  4.08e+01     0s
 196   2.61395450e+07  3.44869261e+07  4.50e-01 1.19e-05  4.04e+01     0s
 197   2.63947982e+07  3.45271855e+07  4.38e-01 8.86e-06  4.39e+01     0s
 198   2.69483171e+07  3.45948156e+07  4.09e-01 1.16e-05  4.33e+01     0s
 199   2.71597318e+07  3.46809081e+07  3.98e-01 7.90e-05  3.98e+01     0s
 200   2.73054393e+07  3.48710529e+07  3.90e-01 6.42e-05  3.98e+01     0s
 201   2.73713765e+07  3.48932598e+07  3.87e-01 6.40e-05  3.87e+01     0s
 202   2.74301683e+07  3.49609954e+07  3.84e-01 2.57e-06  3.84e+01     0s
 203   2.74379422e+07  3.50945645e+07  3.83e-01 1.06e-06  3.91e+01     0s
 204   2.74566390e+07  3.52815712e+07  3.82e-01 1.82e-06  3.94e+01     0s
 205   2.74735747e+07  3.53928434e+07  3.81e-01 2.07e-06  3.93e+01     0s
 206   2.75203400e+07  3.55907299e+07  3.79e-01 2.87e-07  3.87e+01     0s
 207   2.76722800e+07  3.49595763e+07  3.72e-01 3.64e-05  3.94e+01     0s
 208   2.76988011e+07  3.56388571e+07  3.70e-01 3.13e-05  4.00e+01     0s
 209   2.77338736e+07  3.60020872e+07  3.69e-01 1.07e-06  4.05e+01     0s
 210   2.80550064e+07  3.61747010e+07  3.56e-01 7.30e-06  4.82e+01     0s
 211   2.91291969e+07  3.62022515e+07  3.12e-01 1.98e-04  5.21e+01     0s
 212   2.94839200e+07  3.63507143e+07  2.97e-01 5.77e-05  4.31e+01     0s
 213   2.95497089e+07  3.64465143e+07  2.94e-01 4.14e-05  4.24e+01     0s
 214   2.97756780e+07  3.66359791e+07  2.84e-01 1.10e-04  4.04e+01     0s
 215   2.98285587e+07  3.67050043e+07  2.82e-01 8.02e-05  4.03e+01     0s
 216   2.98800707e+07  3.67521624e+07  2.80e-01 8.48e-05  4.00e+01     0s
 217   2.99725028e+07  3.68907930e+07  2.76e-01 1.70e-06  3.91e+01     0s
 218   3.00032387e+07  3.70106954e+07  2.74e-01 6.05e-06  3.95e+01     0s
 219   3.00382067e+07  3.70161417e+07  2.73e-01 1.61e-05  3.92e+01     0s
 220   3.00695619e+07  3.70606329e+07  2.72e-01 5.18e-06  3.92e+01     0s
 221   3.00869141e+07  3.70791570e+07  2.71e-01 4.40e-07  3.91e+01     0s
 222   3.01296421e+07  3.70945745e+07  2.69e-01 6.74e-07  3.85e+01     0s
 223   3.02568315e+07  3.70901513e+07  2.65e-01 9.31e-08  3.91e+01     0s
 224   3.04145578e+07  3.71443718e+07  2.59e-01 6.82e-06  3.80e+01     0s
 225   3.16711767e+07  3.69868507e+07  2.11e-01 6.55e-05  4.83e+01     0s
 226   3.20634826e+07  3.71375578e+07  1.96e-01 4.02e-04  3.59e+01     0s
 227   3.21900062e+07  3.71726909e+07  1.92e-01 1.16e-05  3.43e+01     0s
 228   3.27049491e+07  3.72190312e+07  1.72e-01 2.51e-05  3.16e+01     0s
 229   3.30851778e+07  3.72507803e+07  1.58e-01 4.70e-05  2.88e+01     0s
 230   3.34389896e+07  3.72542217e+07  1.45e-01 3.95e-05  2.69e+01     0s
 231   3.35099777e+07  3.72664963e+07  1.42e-01 2.91e-05  2.61e+01     0s
 232   3.35179730e+07  3.72688863e+07  1.42e-01 2.88e-05  2.61e+01     0s
 233   3.35240854e+07  3.72736088e+07  1.41e-01 2.88e-05  2.60e+01     0s
 234   3.35631080e+07  3.72913050e+07  1.40e-01 8.94e-08  2.49e+01     0s
 235   3.38715633e+07  3.72893823e+07  1.28e-01 8.55e-05  2.36e+01     1s
 236   3.46839658e+07  3.73363800e+07  9.83e-02 1.13e-04  1.69e+01     1s
 237   3.48345927e+07  3.74094575e+07  9.26e-02 8.29e-05  1.44e+01     1s
 238   3.48504542e+07  3.75521028e+07  9.20e-02 7.41e-05  1.51e+01     1s
 239   3.48628518e+07  3.76062166e+07  9.14e-02 7.45e-05  1.46e+01     1s
 240   3.49905373e+07  3.75393409e+07  8.73e-02 4.18e-06  1.49e+01     1s
 241   3.52924478e+07  3.74783566e+07  7.72e-02 5.41e-05  1.59e+01     1s
 242   3.58764657e+07  3.75492809e+07  5.79e-02 5.21e-05  1.46e+01     1s
 243   3.64756270e+07  3.75107476e+07  3.82e-02 3.72e-05  2.06e+01     1s
 244   3.67904592e+07  3.75613107e+07  2.79e-02 3.80e-05  1.49e+01     1s
 245   3.69082909e+07  3.76102100e+07  2.40e-02 5.23e-05  7.13e+00     1s
 246   3.69199107e+07  3.76353409e+07  2.36e-02 3.66e-05  6.46e+00     1s
 247   3.69306304e+07  3.76497185e+07  2.32e-02 3.54e-05  6.35e+00     1s
 248   3.69527854e+07  3.76498251e+07  2.25e-02 4.24e-05  6.15e+00     1s
 249   3.71426116e+07  3.76532477e+07  1.65e-02 3.33e-05  5.20e+00     1s
 250   3.71591714e+07  3.76561720e+07  1.60e-02 6.33e-05  4.56e+00     1s
 251   3.73204937e+07  3.76590488e+07  1.10e-02 4.77e-05  3.47e+00     1s
 252   3.75237319e+07  3.76598292e+07  4.57e-03 4.53e-05  2.55e+00     1s
 253   3.75918670e+07  3.76669024e+07  2.43e-03 5.41e-05  7.65e-01     1s
 254   3.76610661e+07  3.76681849e+07  2.52e-04 3.44e-05  2.23e-01     1s
 255   3.76635660e+07  3.76689691e+07  1.72e-04 2.39e-05  3.77e-02     1s
 256   3.76689983e+07  3.76690108e+07  7.69e-07 1.57e-05  2.71e-03     1s
 257   3.76690197e+07  3.76690125e+07  3.35e-08 1.11e-05  1.82e-03     1s
 258   3.76690199e+07  3.76690180e+07  1.94e-08 3.48e-06  4.82e-04     1s
 259   3.76690197e+07  3.76690196e+07  2.69e-08 2.75e-06  2.48e-05     1s
 260   3.76690196e+07  3.76690196e+07  7.28e-10 1.64e-06  1.74e-08     1s
 261   3.76690196e+07  3.76690196e+07  1.92e-11 1.69e-06  4.86e-11     1s

Barrier solved model in 261 iterations and 0.56 seconds (0.44 work units)
Optimal objective 3.76690196e+07

Crossover time: 0.01 seconds (0.02 work units)

Root relaxation: objective 3.766902e+07, 240 iterations, 0.49 seconds (0.37 work units)

    Nodes    |    Current Node    |     Objective Bounds      |     Work
 Expl Unexpl |  Obj  Depth IntInf | Incumbent    BestBd   Gap | It/Node Time

     0     0 3.7669e+07    0   36 4.0000e+07 3.7669e+07  5.83%     -    0s
     0     0 3.8233e+07    0   41 4.0000e+07 3.8233e+07  4.42%     -    0s
     0     0 3.8234e+07    0   41 4.0000e+07 3.8234e+07  4.41%     -    0s
     0     0 3.8234e+07    0   39 4.0000e+07 3.8234e+07  4.41%     -    0s
     0     0 3.8244e+07    0   39 4.0000e+07 3.8244e+07  4.39%     -    0s
     0     0 3.8244e+07    0   40 4.0000e+07 3.8244e+07  4.39%     -    0s
     0     0 3.8244e+07    0   42 4.0000e+07 3.8244e+07  4.39%     -    0s
     0     0 3.8244e+07    0   42 4.0000e+07 3.8244e+07  4.39%     -    0s
     0     0 3.8244e+07    0   42 4.0000e+07 3.8244e+07  4.39%     -    0s
     0     0 3.8244e+07    0   41 4.0000e+07 3.8244e+07  4.39%     -    0s
     0     0 3.8244e+07    0   41 4.0000e+07 3.8244e+07  4.39%     -    0s
     0     2 3.8244e+07    0   41 4.0000e+07 3.8244e+07  4.39%     -    1s
*   21    10               6    3.977499e+07 3.8438e+07  3.36%   103    1s

Cutting planes:
  Cover: 2
  Implied bound: 15
  MIR: 25
  Flow cover: 4
  RLT: 3

Explored 36 nodes (4721 simplex iterations) in 1.27 seconds (1.66 work units)
Thread count was 10 (of 10 available processors)

Solution count 3: 3.9775e+07 3.9775e+07 4e+07 
No other solutions better than 3.9775e+07

Optimal solution found (tolerance 5.00e-03)
Warning: max integrality violation (5.7580e-05) exceeds tolerance
Best objective 3.977499400657e+07, best bound 3.977499400657e+07, gap 0.0000%
