
Gurobi 13.0.3 (mac64[arm]) logging started Sat Sep 26 12:18:46 2026

Set parameter LogFile to value "/Users/ashutosh/Desktop/Two-stage-Model/certainty_results/full/solves/nw_5_05_30M_phase2.log"
Gurobi Optimizer version 13.0.3 build v13.0.3rc0 (mac64[arm] - Darwin 27.0.0 26A428)

CPU model: Apple M1 Pro
Thread count: 10 physical cores, 10 logical processors, using up to 10 threads

Non-default parameters:
TimeLimit  21600
MIPGap  0.005
Method  2
LogToConsole  0

Optimize a model with 13541 rows, 5548 columns and 38789 nonzeros (Min)
Model fingerprint: 0xe249cad1
Model has 724 linear objective coefficients
Variable types: 3498 continuous, 2050 integer (1688 binary)
Coefficient statistics:
  Matrix range     [1e-03, 1e+05]
  Objective range  [2e+04, 1e+05]
  Bounds range     [1e+00, 3e+00]
  RHS range        [1e-02, 3e+07]

Loaded user MIP start with objective 2.9975e+07
MIP start from previous solve did not produce a new incumbent solution

Presolve removed 11444 rows and 3826 columns
Presolve time: 0.05s
Presolved: 2097 rows, 1722 columns, 8265 nonzeros
Variable types: 1466 continuous, 256 integer (256 binary)
Root barrier log...

Ordering time: 0.00s

Barrier statistics:
 AA' NZ     : 2.828e+04
 Factor NZ  : 8.614e+04 (roughly 2 MB of memory)
 Factor Ops : 6.533e+06 (less than 1 second per iteration)
 Threads    : 10

                  Objective                Residual
Iter       Primal          Dual         Primal    Dual     Compl     Time
   0   9.33339821e+07 -1.15482556e+08  4.68e+04 4.55e-13  1.66e+06     0s
   1   3.75922463e+07 -1.07193333e+08  1.02e+04 2.21e+03  3.85e+05     0s
   2   6.97315079e+06 -7.13133858e+07  9.13e+02 3.23e+02  4.74e+04     0s
   3   2.65661777e+06 -1.27950993e+07  2.73e+02 3.82e+00  9.64e+03     0s
   4   2.65568927e+06 -1.14798757e+07  1.93e+02 3.33e+00  7.46e+03     0s
   5   1.14881790e+06 -2.77116156e+06  5.27e+01 1.16e-01  1.75e+03     0s
   6   8.60672641e+05 -5.87014076e+05  2.34e+01 2.52e-02  6.54e+02     0s
   7   7.26988309e+05  2.33638672e+05  9.93e+00 6.51e-03  2.50e+02     0s
   8   6.94996315e+05  7.34905456e+05  6.97e+00 2.46e-03  1.54e+02     0s
   9   6.92640909e+05  1.60564315e+06  6.23e+00 1.57e-03  1.43e+02     0s
  10   7.01956714e+05  1.72056035e+06  5.96e+00 1.55e-03  1.33e+02     0s
  11   7.14068934e+05  1.80729271e+06  5.83e+00 1.53e-03  1.29e+02     0s
  12   7.43382237e+05  1.94457341e+06  5.64e+00 1.49e-03  1.24e+02     0s
  13   7.50463086e+05  2.19903693e+06  5.59e+00 1.43e-03  1.25e+02     0s
  14   7.69839027e+05  3.15813723e+06  5.38e+00 1.36e-03  1.22e+02     0s
  15   9.69291378e+05  3.45907515e+06  5.08e+00 1.34e-03  1.28e+02     0s
  16   1.02747716e+06  3.63120910e+06  4.97e+00 1.27e-03  1.24e+02     0s
  17   1.11439968e+06  3.69942822e+06  4.81e+00 1.22e-03  1.19e+02     0s
  18   1.15214638e+06  3.83425583e+06  4.74e+00 1.18e-03  1.17e+02     0s
  19   1.19205669e+06  4.45449903e+06  4.66e+00 1.11e-03  1.19e+02     0s
  20   1.34320657e+06  4.68168272e+06  4.44e+00 1.03e-03  1.12e+02     0s
  21   1.40623506e+06  5.16967648e+06  4.32e+00 1.01e-03  1.08e+02     0s
  22   1.50686930e+06  5.43890446e+06  4.18e+00 9.91e-04  9.96e+01     0s
  23   1.56593554e+06  5.55383407e+06  4.12e+00 9.66e-04  9.79e+01     0s
  24   1.73301263e+06  5.58315747e+06  3.95e+00 9.26e-04  9.40e+01     0s
  25   1.76594174e+06  6.28236854e+06  3.92e+00 8.39e-04  9.61e+01     0s
  26   1.84943645e+06  6.66172736e+06  3.85e+00 8.17e-04  9.86e+01     0s
  27   6.64417314e+08 -1.15482556e+08  4.68e+05 4.55e-13  1.62e+07     0s
  28   1.08138057e+08 -1.35457006e+08  9.21e+04 1.92e+03  3.27e+06     0s
  29   9.10277962e+06 -1.37593508e+08  2.39e+03 6.37e-12  1.14e+05     0s
  30   2.94796085e+06 -3.62338555e+07  3.06e+02 2.91e-10  1.71e+04     0s
  31   2.57185384e+06 -1.13046436e+07  2.56e+02 2.82e-11  8.51e+03     0s
  32   1.34654589e+06 -9.11337976e+06  7.86e+01 1.27e-11  3.87e+03     0s
  33   1.07679837e+06 -5.28803829e+06  4.67e+01 1.18e-11  2.23e+03     0s
  34   8.13137774e+05 -1.67353309e+06  1.84e+01 4.00e-11  8.26e+02     0s
  35   7.46363102e+05 -1.10780727e+06  1.18e+01 2.52e-11  5.89e+02     0s
  36   7.11153032e+05 -3.31111294e+05  8.22e+00 4.37e-11  3.65e+02     0s
  37   7.03214934e+05 -8.29443959e+04  7.32e+00 8.00e-11  3.11e+02     0s
  38   6.95802706e+05  8.59573639e+05  6.03e+00 2.33e-10  2.08e+02     0s
  39   7.13105967e+05  1.42232599e+06  5.69e+00 9.90e-10  1.94e+02     0s
  40   7.46203082e+05  1.49733879e+06  5.45e+00 1.40e-09  1.84e+02     0s
  41   7.52962509e+05  1.94395171e+06  5.40e+00 2.04e-09  1.82e+02     0s
  42   7.64221176e+05  2.55699026e+06  5.29e+00 3.49e-09  1.78e+02     0s
  43   8.44169199e+05  3.08569001e+06  5.17e+00 2.91e-09  1.81e+02     0s
  44   9.80974783e+05  3.30095266e+06  4.91e+00 2.10e-09  1.73e+02     0s
  45   1.04447464e+06  3.43057803e+06  4.80e+00 4.42e-09  1.66e+02     0s
  46   1.14515370e+06  3.65738181e+06  4.62e+00 7.33e-09  1.55e+02     0s
  47   1.20216813e+06  3.84639026e+06  4.52e+00 7.92e-09  1.50e+02     0s
  48   1.26655667e+06  4.05201080e+06  4.42e+00 8.38e-09  1.46e+02     0s
  49   1.32785331e+06  4.25131954e+06  4.34e+00 6.98e-09  1.43e+02     0s
  50   1.36439778e+06  4.38230169e+06  4.29e+00 9.78e-09  1.40e+02     0s
  51   1.37295989e+06  4.48369955e+06  4.27e+00 9.90e-09  1.40e+02     0s
  52   1.41812785e+06  4.82336848e+06  4.21e+00 1.09e-08  1.37e+02     0s
  53   1.45251795e+06  4.95595004e+06  4.17e+00 1.22e-08  1.37e+02     0s
  54   1.49122203e+06  5.26214237e+06  4.13e+00 1.04e-08  1.36e+02     0s
  55   1.56146517e+06  5.35838746e+06  4.06e+00 1.47e-08  1.33e+02     0s
  56   1.74023600e+06  5.42458347e+06  3.88e+00 2.35e-08  1.28e+02     0s
  57   1.76351199e+06  5.80825704e+06  3.86e+00 2.54e-08  1.26e+02     0s
  58   1.81833036e+06  6.34181541e+06  3.81e+00 2.44e-08  1.24e+02     0s
  59   1.87359349e+06  6.61326784e+06  3.76e+00 2.28e-08  1.24e+02     0s
  60   1.92333555e+06  6.46619765e+06  3.74e+00 2.58e-08  1.28e+02     0s
  61   1.96137180e+06  7.08829312e+06  3.71e+00 2.96e-08  1.27e+02     0s
  62   2.01977744e+06  7.12243647e+06  3.67e+00 2.63e-08  1.26e+02     0s
  63   2.06333920e+06  7.45134604e+06  3.64e+00 2.54e-08  1.25e+02     0s
  64   2.10125086e+06  7.58609458e+06  3.62e+00 2.47e-08  1.24e+02     0s
  65   2.31027700e+06  7.68325402e+06  3.49e+00 6.08e-08  1.20e+02     0s
  66   2.34938564e+06  7.82558613e+06  3.47e+00 2.03e-08  1.19e+02     0s
  67   2.59830401e+06  7.97134652e+06  3.32e+00 4.77e-08  1.17e+02     0s
  68   2.60985387e+06  8.01291531e+06  3.32e+00 2.33e-08  1.17e+02     0s
  69   2.76540050e+06  8.11621723e+06  3.24e+00 2.17e-08  1.18e+02     0s
  70   3.17589098e+06  8.24715408e+06  3.01e+00 7.75e-08  1.12e+02     0s
  71   3.21683168e+06  8.67441613e+06  2.99e+00 6.57e-08  1.08e+02     0s
  72   3.26233149e+06  8.81394839e+06  2.96e+00 1.27e-07  1.08e+02     0s
  73   3.26734908e+06  9.02685477e+06  2.96e+00 1.19e-07  1.08e+02     0s
  74   3.31341736e+06  9.50700739e+06  2.94e+00 4.98e-08  1.06e+02     0s
  75   3.52930416e+06  1.01774410e+07  2.86e+00 6.61e-07  1.09e+02     0s
  76   3.69100405e+06  1.03787126e+07  2.79e+00 4.05e-07  1.05e+02     0s
  77   3.71668434e+06  1.04822826e+07  2.78e+00 8.56e-07  1.04e+02     0s
  78   3.84911517e+06  1.08332413e+07  2.73e+00 9.50e-08  1.02e+02     0s
  79   3.92267110e+06  1.10930449e+07  2.71e+00 1.25e-07  1.00e+02     0s
  80   4.18079803e+06  1.11849087e+07  2.61e+00 4.58e-07  9.66e+01     0s
  81   4.21140619e+06  1.12859464e+07  2.60e+00 4.95e-07  9.61e+01     0s
  82   4.28174774e+06  1.13410609e+07  2.58e+00 3.24e-07  9.56e+01     0s
  83   4.36703606e+06  1.17276385e+07  2.55e+00 2.60e-07  9.39e+01     0s
  84   4.41612817e+06  1.18633109e+07  2.53e+00 6.29e-08  9.38e+01     0s
  85   4.42264042e+06  1.20536398e+07  2.53e+00 5.54e-08  9.38e+01     0s
  86   4.43597336e+06  1.24100187e+07  2.52e+00 1.64e-07  9.50e+01     0s
  87   4.64760642e+06  1.26087205e+07  2.47e+00 9.17e-08  9.74e+01     0s
  88   4.82962417e+06  1.30234927e+07  2.41e+00 4.67e-07  9.36e+01     0s
  89   4.92650752e+06  1.33730093e+07  2.39e+00 1.26e-07  9.11e+01     0s
  90   5.21108382e+06  1.31882050e+07  2.32e+00 6.62e-07  9.63e+01     0s
  91   5.45969423e+06  1.36529388e+07  2.25e+00 1.34e-07  9.22e+01     0s
  92   5.56351700e+06  1.38049597e+07  2.22e+00 1.96e-07  8.79e+01     0s
  93   5.79789176e+06  1.40311142e+07  2.16e+00 5.66e-07  8.14e+01     0s
  94   5.89437485e+06  1.43944002e+07  2.14e+00 5.68e-07  8.02e+01     0s
  95   5.95413018e+06  1.44353035e+07  2.12e+00 5.88e-07  8.01e+01     0s
  96   6.11986968e+06  1.47085454e+07  2.08e+00 6.40e-07  7.82e+01     0s
  97   6.36162887e+06  1.47789676e+07  2.02e+00 6.17e-07  7.57e+01     0s
  98   6.42853357e+06  1.48506707e+07  2.01e+00 1.13e-06  7.47e+01     0s
  99   6.61412948e+06  1.48896805e+07  1.97e+00 1.17e-06  7.41e+01     0s
 100   6.87834415e+06  1.49923670e+07  1.90e+00 2.12e-06  7.09e+01     0s
 101   7.02732830e+06  1.50507286e+07  1.87e+00 4.88e-07  6.96e+01     0s
 102   7.07983759e+06  1.51788201e+07  1.86e+00 4.81e-07  6.82e+01     0s
 103   7.30490143e+06  1.52820890e+07  1.81e+00 5.38e-07  6.66e+01     0s
 104   7.60777185e+06  1.52975504e+07  1.74e+00 3.10e-07  6.49e+01     0s
 105   8.10972559e+06  1.52835238e+07  1.63e+00 2.22e-07  6.32e+01     0s
 106   8.27237098e+06  1.53069177e+07  1.59e+00 2.01e-07  6.20e+01     0s
 107   8.28139148e+06  1.53442164e+07  1.59e+00 1.97e-07  6.19e+01     0s
 108   8.29619672e+06  1.57102401e+07  1.59e+00 1.94e-07  6.21e+01     0s
 109   8.31181914e+06  1.55875483e+07  1.59e+00 1.47e-07  6.31e+01     0s
 110   8.57536205e+06  1.56396179e+07  1.53e+00 5.78e-07  6.17e+01     0s
 111   8.58149953e+06  1.58007630e+07  1.53e+00 2.04e-07  6.18e+01     0s
 112   8.60959304e+06  1.59863132e+07  1.52e+00 2.25e-07  6.13e+01     0s
 113   8.61566948e+06  1.62488389e+07  1.52e+00 6.04e-07  6.17e+01     0s
 114   8.71440185e+06  1.62816044e+07  1.50e+00 2.33e-07  6.26e+01     0s
 115   9.29865144e+06  1.57445425e+07  1.39e+00 6.77e-06  7.05e+01     0s
 116   9.44017207e+06  1.64271240e+07  1.36e+00 6.46e-07  6.73e+01     0s
 117   9.45506031e+06  1.70041941e+07  1.36e+00 3.46e-07  6.65e+01     0s
 118   9.51808701e+06  1.75417053e+07  1.35e+00 5.15e-07  6.62e+01     0s
 119   9.59699420e+06  1.78338474e+07  1.34e+00 1.29e-06  6.61e+01     0s
 120   9.70420118e+06  1.71276801e+07  1.32e+00 5.82e-07  7.63e+01     0s
 121   1.01853346e+07  1.74783283e+07  1.25e+00 1.64e-06  7.46e+01     0s
 122   1.02150800e+07  1.79694242e+07  1.24e+00 1.55e-06  6.93e+01     0s
 123   1.02617766e+07  1.84100542e+07  1.24e+00 1.70e-06  6.92e+01     0s
 124   1.03402407e+07  1.84797943e+07  1.23e+00 1.99e-06  7.19e+01     0s
 125   1.04166139e+07  1.87000452e+07  1.22e+00 4.33e-07  7.26e+01     0s
 126   1.04822917e+07  1.92503893e+07  1.21e+00 1.16e-06  7.13e+01     0s
 127   1.06329379e+07  1.96435634e+07  1.19e+00 2.52e-06  7.33e+01     0s
 128   1.08028708e+07  2.00001735e+07  1.17e+00 2.10e-07  7.63e+01     0s
 129   1.10957601e+07  2.01157842e+07  1.13e+00 2.61e-06  7.62e+01     0s
 130   1.13703678e+07  2.04056087e+07  1.10e+00 4.50e-06  7.71e+01     0s
 131   1.14843447e+07  2.05059448e+07  1.09e+00 2.75e-07  7.73e+01     0s
 132   1.15072429e+07  2.12944486e+07  1.09e+00 1.38e-07  7.73e+01     0s
 133   1.15932258e+07  2.19576944e+07  1.08e+00 1.22e-06  7.71e+01     0s
 134   1.20456450e+07  2.06769387e+07  1.03e+00 8.48e-06  8.65e+01     0s
 135   1.21011426e+07  2.16032597e+07  1.03e+00 4.45e-07  8.29e+01     0s
 136   1.23375401e+07  2.22638032e+07  1.00e+00 2.12e-06  8.25e+01     0s
 137   1.26187208e+07  2.23413148e+07  9.79e-01 3.10e-06  8.39e+01     0s
 138   1.27864508e+07  2.21010790e+07  9.63e-01 1.14e-05  8.88e+01     0s
 139   1.33407594e+07  2.27155710e+07  9.13e-01 8.93e-06  8.48e+01     0s
 140   1.35050643e+07  2.27999695e+07  8.97e-01 1.34e-05  8.34e+01     0s
 141   1.36121512e+07  2.35959612e+07  8.87e-01 1.13e-05  8.16e+01     0s
 142   1.43388452e+07  2.31222810e+07  8.25e-01 2.73e-05  7.84e+01     0s
 143   1.43626273e+07  2.43481253e+07  8.23e-01 1.15e-05  6.47e+01     0s
 144   1.43777746e+07  2.51272497e+07  8.21e-01 1.15e-05  6.50e+01     0s
 145   1.43863819e+07  2.48231794e+07  8.21e-01 1.14e-05  6.50e+01     0s
 146   1.47823322e+07  2.48004738e+07  7.92e-01 3.91e-07  6.99e+01     0s
 147   1.49330129e+07  2.41999187e+07  7.81e-01 1.86e-05  7.67e+01     0s
 148   1.51829372e+07  2.49313477e+07  7.64e-01 4.16e-06  8.07e+01     0s
 149   1.57105803e+07  2.43911277e+07  7.29e-01 2.42e-06  1.00e+02     0s
 150   1.64456247e+07  2.53801774e+07  6.78e-01 1.40e-04  8.05e+01     0s
 151   1.68300405e+07  2.56035055e+07  6.51e-01 7.01e-05  6.93e+01     0s
 152   1.68528816e+07  2.56651475e+07  6.49e-01 5.52e-05  6.84e+01     0s
 153   1.76436441e+07  2.62452919e+07  5.90e-01 5.79e-05  6.02e+01     0s
 154   1.79622733e+07  2.61100283e+07  5.69e-01 1.87e-05  5.78e+01     0s
 155   1.81209708e+07  2.62694773e+07  5.58e-01 1.62e-05  5.52e+01     0s
 156   1.81501179e+07  2.64949498e+07  5.56e-01 1.36e-05  5.61e+01     0s
 157   1.82986499e+07  2.66071093e+07  5.46e-01 1.35e-05  5.40e+01     0s
 158   1.84532558e+07  2.66716171e+07  5.36e-01 8.85e-07  5.30e+01     0s
 159   1.86534809e+07  2.67058347e+07  5.23e-01 2.54e-06  5.19e+01     0s
 160   1.92691490e+07  2.67436237e+07  4.83e-01 7.61e-06  4.85e+01     0s
 161   1.96634533e+07  2.67499950e+07  4.58e-01 5.20e-05  4.60e+01     0s
 162   2.00568722e+07  2.67697474e+07  4.33e-01 7.87e-05  4.10e+01     0s
 163   2.00662866e+07  2.68251223e+07  4.33e-01 7.76e-05  4.09e+01     0s
 164   2.03692456e+07  2.68641838e+07  4.13e-01 7.20e-05  3.92e+01     0s
 165   2.04454029e+07  2.68986797e+07  4.09e-01 2.40e-06  3.84e+01     0s
 166   2.05563853e+07  2.69295481e+07  4.02e-01 1.15e-05  3.75e+01     0s
 167   2.06909346e+07  2.69340569e+07  3.93e-01 1.14e-05  3.70e+01     0s
 168   2.10214085e+07  2.69476161e+07  3.73e-01 7.21e-06  3.55e+01     0s
 169   2.11943909e+07  2.69560117e+07  3.62e-01 5.70e-06  3.47e+01     0s
 170   2.14432353e+07  2.69506787e+07  3.47e-01 2.46e-05  3.51e+01     0s
 171   2.15035042e+07  2.70021964e+07  3.43e-01 1.71e-05  3.39e+01     0s
 172   2.15879547e+07  2.70483573e+07  3.38e-01 2.13e-06  3.32e+01     0s
 173   2.16567409e+07  2.70684948e+07  3.33e-01 3.15e-06  3.27e+01     0s
 174   2.17644897e+07  2.70851365e+07  3.27e-01 8.32e-06  3.18e+01     0s
 175   2.17717064e+07  2.71412411e+07  3.26e-01 5.66e-06  3.20e+01     0s
 176   2.17729283e+07  2.71137852e+07  3.26e-01 6.19e-06  3.18e+01     0s
 177   2.18194948e+07  2.71226289e+07  3.23e-01 8.38e-08  3.12e+01     0s
 178   2.19924779e+07  2.71531800e+07  3.13e-01 1.82e-06  3.07e+01     0s
 179   2.21298646e+07  2.71589956e+07  3.05e-01 1.83e-06  3.22e+01     1s
 180   2.23189450e+07  2.71709896e+07  2.94e-01 7.86e-06  3.10e+01     1s
 181   2.23479201e+07  2.72548729e+07  2.92e-01 2.67e-06  3.13e+01     1s
 182   2.23560026e+07  2.76369239e+07  2.91e-01 3.19e-06  3.27e+01     1s
 183   2.23967298e+07  2.77305600e+07  2.88e-01 8.94e-07  3.00e+01     1s
 184   2.24409691e+07  2.78734385e+07  2.86e-01 1.60e-06  3.06e+01     1s
 185   2.24858222e+07  2.78986451e+07  2.84e-01 2.92e-06  3.08e+01     1s
 186   2.25419410e+07  2.79772064e+07  2.81e-01 5.40e-07  3.09e+01     1s
 187   2.27247109e+07  2.80338294e+07  2.72e-01 6.74e-05  3.05e+01     1s
 188   2.28476870e+07  2.80632965e+07  2.66e-01 7.19e-06  3.02e+01     1s
 189   2.29661393e+07  2.81671202e+07  2.60e-01 5.51e-06  2.91e+01     1s
 190   2.30300955e+07  2.81858981e+07  2.57e-01 5.69e-06  2.88e+01     1s
 191   2.30372065e+07  2.82839653e+07  2.56e-01 5.56e-06  2.88e+01     1s
 192   2.30453088e+07  2.84423504e+07  2.56e-01 4.62e-07  2.89e+01     1s
 193   2.31901977e+07  2.82623854e+07  2.50e-01 7.52e-06  3.16e+01     1s
 194   2.36443637e+07  2.86118700e+07  2.29e-01 2.13e-05  2.99e+01     1s
 195   2.50297338e+07  2.86027836e+07  1.67e-01 1.51e-04  2.64e+01     1s
 196   2.50999095e+07  2.87271656e+07  1.64e-01 1.19e-04  1.65e+01     1s
 197   2.55707699e+07  2.88368389e+07  1.44e-01 1.16e-04  1.53e+01     1s
 198   2.59377236e+07  2.88164582e+07  1.28e-01 1.27e-04  1.56e+01     1s
 199   2.60700804e+07  2.88273376e+07  1.22e-01 1.09e-04  1.49e+01     1s
 200   2.62273891e+07  2.88427801e+07  1.16e-01 7.46e-05  1.40e+01     1s
 201   2.63659874e+07  2.88588400e+07  1.10e-01 1.11e-04  1.26e+01     1s
 202   2.65174208e+07  2.88642339e+07  1.03e-01 9.20e-05  1.21e+01     1s
 203   2.66627531e+07  2.88814964e+07  9.68e-02 2.10e-05  1.03e+01     1s
 204   2.66949353e+07  2.88900908e+07  9.54e-02 4.64e-05  9.59e+00     1s
 205   2.67076504e+07  2.89029230e+07  9.48e-02 4.26e-05  9.54e+00     1s
 206   2.68051006e+07  2.89492535e+07  9.05e-02 3.09e-05  8.45e+00     1s
 207   2.69472063e+07  2.89501599e+07  8.45e-02 4.90e-06  8.07e+00     1s
 208   2.74661976e+07  2.89381752e+07  6.28e-02 1.22e-04  6.46e+00     1s
 209   2.75025673e+07  2.89615770e+07  6.13e-02 6.00e-05  4.48e+00     1s
 210   2.75064352e+07  2.89875992e+07  6.11e-02 5.74e-05  4.30e+00     1s
 211   2.75125693e+07  2.90011755e+07  6.09e-02 5.69e-05  4.32e+00     1s
 212   2.75146388e+07  2.90211822e+07  6.08e-02 5.69e-05  4.38e+00     1s
 213   2.76032166e+07  2.90165810e+07  5.73e-02 2.08e-06  4.50e+00     1s
 214   2.78414018e+07  2.90319065e+07  4.78e-02 9.20e-05  3.90e+00     1s
 215   2.89632001e+07  2.90293266e+07  2.93e-03 6.51e-05  1.69e+00     1s
 216   2.90339999e+07  2.90357153e+07  8.90e-05 6.18e-05  1.18e-01     1s
 217   2.90361819e+07  2.90361973e+07  1.17e-06 2.27e-05  3.09e-03     1s
 218   2.90362088e+07  2.90362089e+07  1.71e-09 1.62e-06  3.79e-06     1s
 219   2.90362089e+07  2.90362089e+07  9.09e-13 8.05e-07  4.17e-09     1s

Barrier solved model in 219 iterations and 0.60 seconds (0.39 work units)
Optimal objective 2.90362089e+07

Crossover time: 0.01 seconds (0.02 work units)

Root relaxation: objective 2.903621e+07, 252 iterations, 0.54 seconds (0.33 work units)

    Nodes    |    Current Node    |     Objective Bounds      |     Work
 Expl Unexpl |  Obj  Depth IntInf | Incumbent    BestBd   Gap | It/Node Time

     0     0 2.9036e+07    0    8 2.9975e+07 2.9036e+07  3.13%     -    0s
     0     0 2.9400e+07    0    9 2.9975e+07 2.9400e+07  1.92%     -    0s
     0     0 2.9400e+07    0   12 2.9975e+07 2.9400e+07  1.92%     -    0s
     0     0 2.9408e+07    0   24 2.9975e+07 2.9408e+07  1.89%     -    0s
     0     0 2.9582e+07    0   25 2.9975e+07 2.9582e+07  1.31%     -    0s
     0     0 2.9594e+07    0   25 2.9975e+07 2.9594e+07  1.27%     -    0s
     0     0 2.9642e+07    0   26 2.9975e+07 2.9642e+07  1.11%     -    0s
     0     0 2.9661e+07    0   26 2.9975e+07 2.9661e+07  1.05%     -    0s
     0     0 2.9704e+07    0   27 2.9975e+07 2.9704e+07  0.91%     -    0s
     0     0 2.9710e+07    0   27 2.9975e+07 2.9710e+07  0.88%     -    0s

Cutting planes:
  Cover: 4
  Implied bound: 7
  MIR: 12
  Flow cover: 7
  RLT: 5
  Relax-and-lift: 3

Explored 1 nodes (425 simplex iterations) in 1.07 seconds (0.81 work units)
Thread count was 10 (of 10 available processors)

Solution count 1: 2.9975e+07 

Optimal solution found (tolerance 5.00e-03)
Best objective 2.997500000000e+07, best bound 2.997500000000e+07, gap 0.0000%
