
Gurobi 13.0.3 (mac64[arm]) logging started Sat Sep 26 12:19:17 2026

Set parameter LogFile to value "/Users/ashutosh/Desktop/Two-stage-Model/certainty_results/full/solves/nw_5_10_50M_phase2.log"
Gurobi Optimizer version 13.0.3 build v13.0.3rc0 (mac64[arm] - Darwin 27.0.0 26A428)

CPU model: Apple M1 Pro
Thread count: 10 physical cores, 10 logical processors, using up to 10 threads

Non-default parameters:
TimeLimit  21600
MIPGap  0.005
Method  2
LogToConsole  0

Optimize a model with 13561 rows, 5548 columns and 38849 nonzeros (Min)
Model fingerprint: 0xf0c4ddba
Model has 724 linear objective coefficients
Variable types: 3498 continuous, 2050 integer (1688 binary)
Coefficient statistics:
  Matrix range     [1e-03, 1e+05]
  Objective range  [2e+04, 1e+05]
  Bounds range     [1e+00, 3e+00]
  RHS range        [1e-02, 5e+07]

Loaded user MIP start with objective 4.985e+07
MIP start from previous solve did not produce a new incumbent solution

Presolve removed 11675 rows and 3853 columns
Presolve time: 0.09s
Presolved: 1886 rows, 1695 columns, 7760 nonzeros
Variable types: 1452 continuous, 243 integer (243 binary)
Root barrier log...

Ordering time: 0.00s

Barrier statistics:
 AA' NZ     : 2.653e+04
 Factor NZ  : 8.608e+04 (roughly 2 MB of memory)
 Factor Ops : 7.514e+06 (less than 1 second per iteration)
 Threads    : 10

                  Objective                Residual
Iter       Primal          Dual         Primal    Dual     Compl     Time
   0   1.17849515e+08 -1.61367304e+08  3.69e+04 9.09e-13  2.50e+06     0s
   1   6.61741833e+07 -1.52643321e+08  1.55e+04 3.92e+03  1.08e+06     0s
   2   2.26200800e+07 -1.32871880e+08  5.06e+02 8.75e+01  6.85e+04     0s
   3   2.04782721e+07 -2.13596414e+06  3.15e+02 1.65e+00  1.85e+04     0s
   4   1.98872722e+07 -1.25676813e+06  1.88e+02 1.43e+00  1.26e+04     0s
   5   2.04405256e+07  5.41350400e+06  1.60e+02 8.93e-01  9.89e+03     0s
   6   2.06297433e+07  1.03628448e+07  1.09e+02 5.08e-01  6.54e+03     0s
   7   2.23202926e+07  1.35785011e+07  7.11e+01 3.71e-01  4.78e+03     0s
   8   2.29643132e+07  1.83569789e+07  3.48e+01 1.25e-01  2.30e+03     0s
   9   2.30759696e+07  2.13690617e+07  1.85e+01 2.30e-02  1.04e+03     0s
  10   2.31581327e+07  2.23903287e+07  1.34e+01 9.54e-03  6.39e+02     0s
  11   2.32423619e+07  2.27736091e+07  9.70e+00 4.04e-03  4.53e+02     0s
  12   2.33224741e+07  2.32420797e+07  5.92e+00 2.02e-10  2.50e+02     0s
  13   2.33688060e+07  2.36181856e+07  4.40e+00 1.75e-10  1.73e+02     0s
  14   2.34337919e+07  2.36885847e+07  3.51e+00 2.33e-10  1.37e+02     0s
  15   2.34683635e+07  2.37848755e+07  3.19e+00 1.41e-10  1.23e+02     0s
  16   2.35116747e+07  2.38364271e+07  2.94e+00 3.20e-10  1.15e+02     0s
  17   2.35529406e+07  2.39538547e+07  2.66e+00 9.31e-10  1.07e+02     0s
  18   2.35932067e+07  2.39762711e+07  2.42e+00 9.31e-10  9.72e+01     0s
  19   2.36138043e+07  2.40768074e+07  2.31e+00 1.63e-09  9.13e+01     0s
  20   2.36320635e+07  2.41630747e+07  2.21e+00 1.57e-09  8.70e+01     0s
  21   2.36480401e+07  2.43632520e+07  2.12e+00 2.15e-09  8.42e+01     0s
  22   2.36560962e+07  2.45573227e+07  2.08e+00 2.10e-09  8.31e+01     0s
  23   2.36757076e+07  2.47391538e+07  2.00e+00 2.10e-09  7.74e+01     0s
  24   2.37320479e+07  2.48121715e+07  1.90e+00 2.91e-09  7.35e+01     0s
  25   2.38271920e+07  2.48536304e+07  1.76e+00 6.75e-09  6.71e+01     0s
  26   2.38685230e+07  2.49094942e+07  1.69e+00 8.27e-09  6.55e+01     0s
  27   2.39791840e+07  2.49322338e+07  1.53e+00 7.33e-09  6.01e+01     0s
  28   2.40173013e+07  2.49431885e+07  1.48e+00 6.87e-09  5.81e+01     0s
  29   2.40319913e+07  2.50315169e+07  1.46e+00 1.78e-08  5.48e+01     0s
  30   2.40422024e+07  2.51831119e+07  1.44e+00 1.36e-08  5.36e+01     0s
  31   2.40564414e+07  2.53085682e+07  1.41e+00 7.10e-09  5.25e+01     0s
  32   2.40626854e+07  2.53525501e+07  1.41e+00 7.45e-09  5.24e+01     0s
  33   2.40997325e+07  2.54441680e+07  1.38e+00 2.54e-08  5.31e+01     0s
  34   7.35146281e+08 -1.61367304e+08  3.69e+05 9.09e-13  2.45e+07     0s
  35   3.12361453e+08 -1.85724850e+08  1.71e+05 3.99e+03  1.15e+07     0s
  36   5.59331592e+07 -2.20467384e+08  1.35e+04 2.36e-11  9.80e+05     0s
  37   2.46432635e+07 -1.31974531e+08  3.17e+02 7.28e-12  5.66e+04     0s
  38   2.37397650e+07 -2.43132404e+07  2.58e+02 9.09e-12  2.27e+04     0s
  39   2.27933714e+07 -8.75374628e+05  1.76e+02 6.46e-11  1.24e+04     0s
  40   2.29646149e+07  1.07396927e+07  1.15e+02 5.32e-11  7.01e+03     0s
  41   2.40190331e+07  1.76066703e+07  4.00e+01 1.66e-11  2.91e+03     0s
  42   2.36572202e+07  1.92060694e+07  2.37e+01 5.83e-11  1.85e+03     0s
  43   2.34751241e+07  2.08350857e+07  1.47e+01 4.70e-11  1.11e+03     0s
  44   2.34685952e+07  2.22720853e+07  1.03e+01 2.95e-11  6.29e+02     0s
  45   2.34699593e+07  2.32400767e+07  5.38e+00 1.02e-10  2.63e+02     0s
  46   2.34876027e+07  2.35245247e+07  4.10e+00 1.16e-10  1.98e+02     0s
  47   2.35249969e+07  2.36459137e+07  3.41e+00 5.68e-10  1.64e+02     0s
  48   2.35759913e+07  2.37692175e+07  3.09e+00 1.17e-09  1.47e+02     0s
  49   2.36125210e+07  2.38793460e+07  2.79e+00 8.69e-10  1.28e+02     0s
  50   2.36250769e+07  2.39260040e+07  2.69e+00 8.44e-10  1.22e+02     0s
  51   2.36417224e+07  2.39935628e+07  2.58e+00 7.57e-10  1.19e+02     0s
  52   2.36638424e+07  2.41360630e+07  2.39e+00 6.98e-10  1.14e+02     0s
  53   2.36751024e+07  2.42310131e+07  2.32e+00 4.16e-09  1.11e+02     0s
  54   2.36778194e+07  2.42839607e+07  2.30e+00 4.71e-09  1.11e+02     0s
  55   2.36950321e+07  2.43771150e+07  2.18e+00 2.10e-09  1.03e+02     0s
  56   2.37031174e+07  2.44296136e+07  2.14e+00 1.75e-10  1.01e+02     0s
  57   2.37176574e+07  2.47073238e+07  2.08e+00 2.12e-09  1.01e+02     0s
  58   2.38272890e+07  2.46345404e+07  1.94e+00 1.05e-09  1.00e+02     0s
  59   2.39004301e+07  2.45820994e+07  1.78e+00 8.73e-09  9.49e+01     0s
  60   2.39820231e+07  2.45632482e+07  1.62e+00 1.09e-08  8.94e+01     0s
  61   2.40132216e+07  2.48296036e+07  1.59e+00 1.75e-09  8.05e+01     0s
  62   2.40444903e+07  2.50482895e+07  1.53e+00 1.98e-09  7.67e+01     0s
  63   2.40704627e+07  2.51731764e+07  1.47e+00 2.10e-09  7.24e+01     0s
  64   2.40914232e+07  2.53648409e+07  1.43e+00 2.33e-09  7.03e+01     0s
  65   2.41231925e+07  2.53063329e+07  1.39e+00 2.33e-09  6.71e+01     0s
  66   2.41400216e+07  2.53795912e+07  1.37e+00 2.79e-09  6.60e+01     0s
  67   2.41519796e+07  2.54049887e+07  1.36e+00 2.56e-09  6.50e+01     0s
  68   2.41635966e+07  2.56107365e+07  1.34e+00 3.03e-09  6.43e+01     0s
  69   2.41878017e+07  2.58684553e+07  1.32e+00 4.42e-09  6.29e+01     0s
  70   2.41915474e+07  2.59561614e+07  1.32e+00 4.19e-09  6.28e+01     0s
  71   2.42022554e+07  2.62608921e+07  1.31e+00 5.82e-09  6.25e+01     0s
  72   2.42246473e+07  2.60784389e+07  1.30e+00 7.23e-08  6.24e+01     0s
  73   2.42466768e+07  2.63640091e+07  1.29e+00 8.85e-09  6.15e+01     0s
  74   2.42574763e+07  2.63223205e+07  1.28e+00 9.55e-09  6.15e+01     0s
  75   2.42994691e+07  2.66174507e+07  1.26e+00 1.49e-08  6.35e+01     0s
  76   2.44032759e+07  2.64197198e+07  1.22e+00 3.89e-08  6.54e+01     0s
  77   2.44075364e+07  2.71323570e+07  1.21e+00 2.77e-08  6.60e+01     0s
  78   2.44315801e+07  2.70584787e+07  1.20e+00 3.42e-07  6.51e+01     0s
  79   2.44405526e+07  2.78152994e+07  1.19e+00 4.47e-08  6.38e+01     0s
  80   2.46603902e+07  2.75274478e+07  1.12e+00 5.03e-08  6.60e+01     0s
  81   2.46692777e+07  2.86299934e+07  1.11e+00 9.19e-07  6.88e+01     0s
  82   2.47084833e+07  2.97220050e+07  1.10e+00 1.74e-07  6.56e+01     0s
  83   2.47275450e+07  2.95703878e+07  1.10e+00 1.77e-07  6.59e+01     0s
  84   2.47638574e+07  2.97624440e+07  1.09e+00 1.66e-07  6.58e+01     0s
  85   2.47716460e+07  2.99442192e+07  1.09e+00 1.80e-07  6.60e+01     0s
  86   2.47907663e+07  3.00308031e+07  1.08e+00 1.75e-07  6.62e+01     0s
  87   2.49250162e+07  3.04814471e+07  1.06e+00 5.13e-07  6.96e+01     0s
  88   2.49621739e+07  3.05567667e+07  1.05e+00 4.07e-07  7.05e+01     0s
  89   2.50920364e+07  3.07338665e+07  1.03e+00 1.59e-07  7.48e+01     0s
  90   2.51942711e+07  3.14611759e+07  1.01e+00 3.27e-07  7.66e+01     0s
  91   2.54358712e+07  3.19503327e+07  9.78e-01 3.68e-07  7.87e+01     0s
  92   2.54407236e+07  3.21815041e+07  9.77e-01 2.49e-08  7.87e+01     0s
  93   2.54912045e+07  3.21471651e+07  9.70e-01 1.77e-08  7.87e+01     0s
  94   2.55690465e+07  3.23925079e+07  9.60e-01 1.68e-06  7.77e+01     0s
  95   2.55845050e+07  3.27503089e+07  9.58e-01 6.52e-09  7.77e+01     0s
  96   2.56315461e+07  3.31425733e+07  9.53e-01 1.31e-07  7.99e+01     0s
  97   2.57709272e+07  3.25257191e+07  9.43e-01 2.48e-07  9.59e+01     0s
  98   2.57986404e+07  3.34748676e+07  9.40e-01 6.15e-08  9.47e+01     0s
  99   2.59721378e+07  3.37415829e+07  9.23e-01 2.61e-08  9.91e+01     0s
 100   2.60102846e+07  3.51747519e+07  9.20e-01 4.19e-06  9.33e+01     0s
 101   2.60426793e+07  3.62611449e+07  9.17e-01 2.00e-07  9.38e+01     0s
 102   2.63111608e+07  3.59785701e+07  8.96e-01 1.82e-06  1.01e+02     0s
 103   2.66122919e+07  3.60144049e+07  8.71e-01 5.89e-06  1.03e+02     0s
 104   2.66905771e+07  3.68148787e+07  8.65e-01 8.66e-07  9.75e+01     0s
 105   2.71591199e+07  3.63454808e+07  8.30e-01 4.34e-07  1.14e+02     0s
 106   2.78278058e+07  3.69664582e+07  7.78e-01 1.59e-06  1.09e+02     0s
 107   2.82399752e+07  3.74821172e+07  7.46e-01 1.02e-06  9.17e+01     0s
 108   2.84419966e+07  3.75635893e+07  7.30e-01 1.14e-06  8.62e+01     0s
 109   2.85343996e+07  3.76467029e+07  7.23e-01 9.39e-07  8.26e+01     0s
 110   2.85724729e+07  3.77942531e+07  7.20e-01 1.07e-06  8.04e+01     0s
 111   2.87651217e+07  3.79486696e+07  7.06e-01 7.88e-07  7.93e+01     0s
 112   2.90854413e+07  3.79637341e+07  6.82e-01 8.66e-07  7.67e+01     0s
 113   2.91484869e+07  3.79942898e+07  6.77e-01 1.23e-06  7.38e+01     0s
 114   2.91698992e+07  3.80262902e+07  6.75e-01 1.23e-06  7.41e+01     0s
 115   2.92222229e+07  3.81164506e+07  6.72e-01 1.30e-06  7.37e+01     0s
 116   2.93111245e+07  3.84228836e+07  6.65e-01 6.28e-07  7.29e+01     0s
 117   2.93240813e+07  3.87578282e+07  6.64e-01 6.27e-07  7.30e+01     0s
 118   2.94963696e+07  3.91864149e+07  6.52e-01 7.49e-07  7.09e+01     0s
 119   2.99393359e+07  3.91949775e+07  6.23e-01 7.46e-07  6.97e+01     0s
 120   3.02679017e+07  3.89337388e+07  6.01e-01 3.47e-06  7.21e+01     0s
 121   3.03594747e+07  3.93184898e+07  5.95e-01 1.30e-05  6.22e+01     0s
 122   3.04995262e+07  3.94137531e+07  5.87e-01 6.27e-07  6.22e+01     0s
 123   3.08531182e+07  3.95305996e+07  5.64e-01 7.38e-06  5.95e+01     0s
 124   3.09403374e+07  3.96042551e+07  5.58e-01 5.13e-07  5.80e+01     0s
 125   3.09839658e+07  3.96266595e+07  5.56e-01 4.62e-07  5.75e+01     0s
 126   3.10879271e+07  3.96421356e+07  5.49e-01 4.86e-07  5.70e+01     0s
 127   3.11518925e+07  3.96833235e+07  5.45e-01 4.32e-07  5.64e+01     0s
 128   3.11920532e+07  3.97692862e+07  5.42e-01 2.33e-06  5.60e+01     0s
 129   3.11942627e+07  3.98005519e+07  5.42e-01 2.22e-06  5.59e+01     0s
 130   3.12016989e+07  3.98723600e+07  5.42e-01 3.94e-07  5.59e+01     0s
 131   3.12270648e+07  4.03063710e+07  5.40e-01 3.60e-07  5.66e+01     0s
 132   3.12335409e+07  4.02177336e+07  5.40e-01 3.61e-07  5.68e+01     0s
 133   3.12883191e+07  4.07612995e+07  5.37e-01 4.32e-06  5.71e+01     0s
 134   3.13132539e+07  4.09481742e+07  5.35e-01 4.49e-07  5.82e+01     0s
 135   3.16246370e+07  4.06961216e+07  5.20e-01 1.49e-06  6.77e+01     0s
 136   3.20136026e+07  4.13252406e+07  4.99e-01 5.09e-06  6.01e+01     0s
 137   3.20363040e+07  4.13866944e+07  4.98e-01 5.59e-07  5.93e+01     0s
 138   3.21354604e+07  4.14546129e+07  4.94e-01 7.86e-07  6.35e+01     0s
 139   3.23168711e+07  4.17784015e+07  4.85e-01 8.94e-07  6.16e+01     0s
 140   3.23817157e+07  4.18371774e+07  4.81e-01 1.38e-07  6.14e+01     0s
 141   3.23866156e+07  4.20649710e+07  4.81e-01 2.01e-07  6.13e+01     0s
 142   3.24517373e+07  4.21212880e+07  4.78e-01 6.89e-08  6.07e+01     0s
 143   3.24652674e+07  4.27431921e+07  4.77e-01 1.30e-06  6.11e+01     0s
 144   3.25752070e+07  4.28950672e+07  4.73e-01 7.04e-07  6.64e+01     0s

Barrier performed 144 iterations in 0.41 seconds (0.28 work units)
Numerical trouble encountered

Model may be infeasible or unbounded.  Consider using the
homogeneous algorithm (through parameter 'BarHomogeneous')

Warning: Markowitz tolerance tightened to 0.0625
Crossover changed status from Numeric to Optimal

Root relaxation: objective 4.773467e+07, 3031 iterations, 0.51 seconds (0.56 work units)

    Nodes    |    Current Node    |     Objective Bounds      |     Work
 Expl Unexpl |  Obj  Depth IntInf | Incumbent    BestBd   Gap | It/Node Time

     0     0 4.7735e+07    0   27 4.9850e+07 4.7735e+07  4.24%     -    0s
     0     0 4.8317e+07    0   24 4.9850e+07 4.8317e+07  3.08%     -    0s
     0     0 4.8423e+07    0   33 4.9850e+07 4.8423e+07  2.86%     -    0s
     0     0 4.8425e+07    0   31 4.9850e+07 4.8425e+07  2.86%     -    0s
     0     0 4.8457e+07    0   31 4.9850e+07 4.8457e+07  2.79%     -    0s
     0     0 4.8460e+07    0   29 4.9850e+07 4.8460e+07  2.79%     -    0s
     0     0 4.8476e+07    0   30 4.9850e+07 4.8476e+07  2.76%     -    0s
     0     0 4.8484e+07    0   31 4.9850e+07 4.8484e+07  2.74%     -    0s
     0     0 4.8485e+07    0   31 4.9850e+07 4.8485e+07  2.74%     -    0s
     0     0 4.8485e+07    0   31 4.9850e+07 4.8485e+07  2.74%     -    0s
     0     0 4.8524e+07    0   39 4.9850e+07 4.8524e+07  2.66%     -    0s
     0     0 4.8525e+07    0   39 4.9850e+07 4.8525e+07  2.66%     -    1s
     0     0 4.8525e+07    0   39 4.9850e+07 4.8525e+07  2.66%     -    1s
     0     0 4.8525e+07    0   39 4.9850e+07 4.8525e+07  2.66%     -    1s
     0     0 4.8525e+07    0   39 4.9850e+07 4.8525e+07  2.66%     -    1s
     0     0 4.8525e+07    0   39 4.9850e+07 4.8525e+07  2.66%     -    1s
     0     0 4.8525e+07    0   38 4.9850e+07 4.8525e+07  2.66%     -    1s
     0     2 4.8525e+07    0   38 4.9850e+07 4.8525e+07  2.66%     -    1s

Cutting planes:
  Learned: 1
  Cover: 2
  Implied bound: 12
  MIR: 33
  Flow cover: 12
  Relax-and-lift: 1

Explored 63 nodes (11892 simplex iterations) in 1.43 seconds (1.96 work units)
Thread count was 10 (of 10 available processors)

Solution count 1: 4.985e+07 

Optimal solution found (tolerance 5.00e-03)
Best objective 4.985000000000e+07, best bound 4.967500000000e+07, gap 0.3511%
