
Gurobi 13.0.3 (mac64[arm]) logging started Sat Sep 26 12:19:20 2026

Set parameter LogFile to value "/Users/ashutosh/Desktop/Two-stage-Model/certainty_results/full/solves/nw_5_10_60M_phase2.log"
Gurobi Optimizer version 13.0.3 build v13.0.3rc0 (mac64[arm] - Darwin 27.0.0 26A428)

CPU model: Apple M1 Pro
Thread count: 10 physical cores, 10 logical processors, using up to 10 threads

Non-default parameters:
TimeLimit  21600
MIPGap  0.005
Method  2
LogToConsole  0

Optimize a model with 13561 rows, 5548 columns and 38849 nonzeros (Min)
Model fingerprint: 0xe73f4062
Model has 724 linear objective coefficients
Variable types: 3498 continuous, 2050 integer (1688 binary)
Coefficient statistics:
  Matrix range     [1e-03, 1e+05]
  Objective range  [2e+04, 1e+05]
  Bounds range     [1e+00, 3e+00]
  RHS range        [1e-02, 6e+07]

Loaded user MIP start with objective 5.965e+07
MIP start from previous solve did not produce a new incumbent solution

Presolve removed 12311 rows and 4017 columns
Presolve time: 0.05s
Presolved: 1250 rows, 1531 columns, 5914 nonzeros
Variable types: 1333 continuous, 198 integer (198 binary)
Root barrier log...

Ordering time: 0.00s

Barrier statistics:
 Dense cols : 5
 AA' NZ     : 8.714e+03
 Factor NZ  : 3.923e+04 (roughly 1 MB of memory)
 Factor Ops : 2.324e+06 (less than 1 second per iteration)
 Threads    : 1

                  Objective                Residual
Iter       Primal          Dual         Primal    Dual     Compl     Time
   0   6.57329549e+07 -9.81454734e+07  1.64e+04 6.28e+03  1.54e+06     0s
   1   6.01651679e+07 -7.90360146e+07  6.76e+03 7.64e+02  6.30e+05     0s
   2   5.84894143e+07 -2.12528569e+07  1.65e+02 3.18e-11  3.61e+04     0s
   3   5.83527758e+07  2.24961477e+07  5.01e+01 2.18e-11  1.35e+04     0s
   4   5.82859077e+07  4.95828224e+07  1.52e+01 5.82e-11  3.25e+03     0s
   5   5.82457413e+07  5.47823823e+07  7.56e+00 8.73e-11  1.31e+03     0s
   6   5.82536538e+07  5.70379196e+07  2.52e+00 2.47e-10  4.38e+02     0s
   7   5.82411382e+07  5.75518213e+07  1.26e+00 6.98e-10  2.39e+02     0s
   8   5.82346131e+07  5.77931573e+07  9.28e-01 8.73e-10  1.56e+02     0s
   9   5.82327334e+07  5.80056944e+07  7.62e-01 8.15e-10  8.90e+01     0s
  10   5.82211796e+07  5.81037473e+07  3.31e-01 8.15e-10  4.54e+01     0s
  11   5.82208774e+07  5.81447184e+07  1.88e-01 4.07e-10  2.98e+01     0s
  12   5.82210270e+07  5.81586383e+07  1.70e-01 4.37e-10  2.58e+01     0s
  13   5.82215544e+07  5.81729368e+07  1.46e-01 3.20e-10  2.17e+01     0s
  14   5.82222268e+07  5.81841684e+07  1.34e-01 4.95e-10  1.94e+01     0s
  15   5.82230331e+07  5.81881624e+07  1.17e-01 3.49e-10  1.79e+01     0s
  16   5.82255840e+07  5.81982660e+07  9.00e-02 9.31e-10  1.48e+01     0s
  17   5.82259276e+07  5.82086064e+07  8.73e-02 2.74e-09  1.32e+01     0s
  18   5.82272465e+07  5.82126387e+07  8.15e-02 2.50e-09  1.26e+01     0s
  19   5.82302046e+07  5.82198297e+07  7.44e-02 2.62e-09  1.13e+01     0s
  20   5.82329292e+07  5.82334176e+07  6.73e-02 5.09e-08  8.83e+00     0s
  21   5.82349083e+07  5.82345059e+07  6.24e-02 6.27e-08  8.30e+00     0s
  22   5.82361785e+07  5.82395162e+07  5.93e-02 3.09e-08  6.88e+00     0s
  23   5.82376187e+07  5.82417476e+07  5.58e-02 2.29e-08  6.47e+00     0s
  24   5.82403419e+07  5.82503002e+07  4.90e-02 2.53e-08  4.14e+00     0s
  25   5.82418725e+07  5.82557448e+07  4.64e-02 2.82e-08  4.00e+00     0s
  26   5.82442591e+07  5.82662695e+07  4.11e-02 6.23e-08  2.18e+00     0s
  27   5.82464398e+07  5.82647595e+07  3.81e-02 6.19e-08  2.22e+00     0s
  28   5.82496267e+07  5.82679444e+07  3.39e-02 6.16e-08  2.06e+00     0s
  29   5.82511228e+07  5.82642832e+07  3.19e-02 5.57e-07  2.07e+00     0s
  30   5.82541340e+07  5.82701081e+07  2.77e-02 4.31e-07  1.83e+00     0s
  31   5.82583387e+07  5.82714400e+07  2.20e-02 1.29e-07  1.36e+00     0s
  32   5.82604530e+07  5.82732698e+07  1.92e-02 1.88e-07  8.99e-01     0s
  33   5.82607762e+07  5.82755037e+07  1.87e-02 1.67e-07  8.15e-01     0s
  34   5.82627925e+07  5.82749389e+07  1.65e-02 1.80e-07  7.60e-01     0s
  35   5.82648615e+07  5.82762549e+07  1.41e-02 3.36e-07  4.33e-01     0s
  36   5.82665083e+07  5.82777243e+07  1.29e-02 3.34e-07  5.61e-01     0s
  37   5.82674196e+07  5.82779373e+07  1.19e-02 1.98e-05  4.14e-01     0s
  38   5.82684285e+07  5.82792250e+07  1.06e-02 3.68e-06  3.79e-01     0s
  39   5.82713916e+07  5.82785094e+07  8.77e-03 4.17e-06  6.31e-01     0s
  40   5.82733115e+07  5.82799116e+07  6.54e-03 3.06e-06  3.73e-01     0s
  41   5.82734759e+07  5.82803824e+07  5.95e-03 2.39e-06  2.15e-01     0s
  42   5.82758322e+07  5.82807533e+07  3.89e-03 2.55e-06  1.12e-01     0s
  43   5.82768204e+07  5.82802133e+07  3.13e-03 7.72e-06  1.43e-01     0s
  44   5.82784009e+07  5.82811284e+07  2.11e-03 6.30e-06  1.83e-01     0s
  45   5.82807281e+07  5.82812891e+07  7.82e-04 1.65e-06  1.41e-01     0s
  46   5.82816583e+07  5.82816290e+07  8.48e-05 1.84e-06  2.39e-02     0s
  47   5.82816927e+07  5.82816903e+07  3.70e-06 6.92e-08  7.49e-04     0s
  48   5.82816914e+07  5.82816913e+07  8.69e-08 6.98e-09  1.99e-05     0s
  49   5.82816914e+07  5.82816914e+07  1.48e-10 4.66e-10  8.92e-10     0s

Barrier solved model in 49 iterations and 0.13 seconds (0.14 work units)
Optimal objective 5.82816914e+07

Crossover time: 0.01 seconds (0.01 work units)

Root relaxation: objective 5.828169e+07, 105 iterations, 0.07 seconds (0.08 work units)

    Nodes    |    Current Node    |     Objective Bounds      |     Work
 Expl Unexpl |  Obj  Depth IntInf | Incumbent    BestBd   Gap | It/Node Time

     0     0 5.8282e+07    0   18 5.9650e+07 5.8282e+07  2.29%     -    0s
     0     0 5.8314e+07    0   19 5.9650e+07 5.8314e+07  2.24%     -    0s
     0     0 5.8525e+07    0   19 5.9650e+07 5.8525e+07  1.89%     -    0s
     0     0 5.8525e+07    0   20 5.9650e+07 5.8525e+07  1.89%     -    0s
     0     0 5.8525e+07    0   19 5.9650e+07 5.8525e+07  1.89%     -    0s

Cutting planes:
  Implied bound: 3
  MIR: 23
  Flow cover: 6
  Relax-and-lift: 1

Explored 1 nodes (177 simplex iterations) in 0.27 seconds (0.28 work units)
Thread count was 10 (of 10 available processors)

Solution count 1: 5.965e+07 

Optimal solution found (tolerance 5.00e-03)
Best objective 5.965000000000e+07, best bound 5.965000000000e+07, gap 0.0000%
