
Gurobi 13.0.3 (mac64[arm]) logging started Sat Sep 26 12:19:13 2026

Set parameter LogFile to value "/Users/ashutosh/Desktop/Two-stage-Model/certainty_results/full/solves/nw_5_10_40M_phase2.log"
Gurobi Optimizer version 13.0.3 build v13.0.3rc0 (mac64[arm] - Darwin 27.0.0 26A428)

CPU model: Apple M1 Pro
Thread count: 10 physical cores, 10 logical processors, using up to 10 threads

Non-default parameters:
TimeLimit  21600
MIPGap  0.005
Method  2
LogToConsole  0

Optimize a model with 13561 rows, 5548 columns and 38849 nonzeros (Min)
Model fingerprint: 0x22553411
Model has 724 linear objective coefficients
Variable types: 3498 continuous, 2050 integer (1688 binary)
Coefficient statistics:
  Matrix range     [1e-03, 1e+05]
  Objective range  [2e+04, 1e+05]
  Bounds range     [1e+00, 3e+00]
  RHS range        [1e-02, 4e+07]

Loaded user MIP start with objective 4e+07
MIP start from previous solve did not produce a new incumbent solution

Presolve removed 11317 rows and 3792 columns
Presolve time: 0.05s
Presolved: 2244 rows, 1756 columns, 8684 nonzeros
Variable types: 1495 continuous, 261 integer (261 binary)
Root barrier log...

Ordering time: 0.00s

Barrier statistics:
 AA' NZ     : 3.272e+04
 Factor NZ  : 9.750e+04 (roughly 2 MB of memory)
 Factor Ops : 7.844e+06 (less than 1 second per iteration)
 Threads    : 10

                  Objective                Residual
Iter       Primal          Dual         Primal    Dual     Compl     Time
   0   1.41801312e+08 -2.06732751e+08  3.65e+04 9.09e-13  2.65e+06     0s
   1   7.17123053e+07 -2.02163380e+08  1.53e+04 4.90e+03  1.14e+06     0s
   2   8.84636306e+06 -1.84130078e+08  4.51e+02 1.07e+02  7.18e+04     0s
   3   5.79898036e+06 -2.02793581e+07  2.39e+02 3.19e+00  1.57e+04     0s
   4   5.66677558e+06 -1.85237177e+07  1.92e+02 2.70e+00  1.31e+04     0s
   5   4.07143882e+06 -1.59313839e+07  7.84e+01 2.23e+00  7.40e+03     0s
   6   3.36475339e+06 -3.23839493e+06  3.46e+01 4.55e-01  2.53e+03     0s
   7   2.87662115e+06  7.21780665e+05  1.52e+01 1.20e-01  9.41e+02     0s
   8   2.73246741e+06  1.96511288e+06  9.95e+00 5.69e-02  5.35e+02     0s
   9   2.76190892e+06  2.66361321e+06  8.82e+00 4.49e-02  4.61e+02     0s
  10   2.79873072e+06  2.84235705e+06  7.85e+00 4.24e-02  4.12e+02     0s
  11   2.85195785e+06  3.09192837e+06  7.41e+00 3.95e-02  3.91e+02     0s
  12   2.87514610e+06  3.22931891e+06  7.12e+00 3.81e-02  3.75e+02     0s
  13   2.94857008e+06  3.87195616e+06  6.53e+00 3.44e-02  3.37e+02     0s
  14   3.07602360e+06  4.47884329e+06  6.02e+00 3.15e-02  3.07e+02     0s
  15   3.18763773e+06  5.39160067e+06  5.71e+00 3.01e-02  2.91e+02     0s
  16   3.26085257e+06  5.55580907e+06  5.56e+00 2.92e-02  2.83e+02     0s
  17   3.39198345e+06  5.40735290e+06  5.30e+00 2.85e-02  2.78e+02     0s
  18   3.54414671e+06  5.51317513e+06  5.01e+00 2.79e-02  2.67e+02     0s
  19   3.58932041e+06  5.70899178e+06  4.92e+00 2.70e-02  2.60e+02     0s
  20   3.64132787e+06  5.98864052e+06  4.83e+00 2.59e-02  2.52e+02     0s
  21   3.70846721e+06  6.77167268e+06  4.72e+00 2.34e-02  2.46e+02     0s
  22   3.88908085e+06  7.35282348e+06  4.53e+00 2.30e-02  2.43e+02     0s
  23   4.03395770e+06  7.92540768e+06  4.44e+00 2.27e-02  2.51e+02     0s
  24   4.35824686e+06  8.10956744e+06  4.14e+00 2.23e-02  2.41e+02     0s
  25   4.41949198e+06  8.26618966e+06  4.08e+00 2.14e-02  2.33e+02     0s
  26   4.48710147e+06  8.36881613e+06  4.02e+00 2.11e-02  2.30e+02     0s
  27   4.61427356e+06  8.63607974e+06  3.92e+00 2.01e-02  2.20e+02     0s
  28   4.67910196e+06  9.05113738e+06  3.86e+00 1.92e-02  2.11e+02     0s
  29   4.88415309e+06  9.16034765e+06  3.71e+00 1.90e-02  2.06e+02     0s
  30   5.02966119e+06  9.31805054e+06  3.60e+00 1.85e-02  2.01e+02     0s
  31   5.16863154e+06  9.73171037e+06  3.50e+00 1.71e-02  1.93e+02     0s
  32   5.32560105e+06  1.03572698e+07  3.40e+00 1.65e-02  1.90e+02     0s
  33   5.44402018e+06  1.05178859e+07  3.33e+00 1.57e-02  1.82e+02     0s
  34   5.45445417e+06  1.09822635e+07  3.32e+00 1.55e-02  1.82e+02     0s
  35   5.47099635e+06  1.16076773e+07  3.31e+00 1.53e-02  1.82e+02     0s
  36   5.56455436e+06  1.16592206e+07  3.27e+00 1.51e-02  1.81e+02     0s
  37   1.06022057e+09 -2.06732751e+08  3.65e+05 9.09e-13  2.59e+07     0s
  38   9.54882500e+07 -3.32735669e+08  1.03e+05 2.55e-11  7.63e+06     0s
  39   6.32040355e+06 -2.94244806e+08  5.51e+02 4.09e-11  1.03e+05     0s
  40   4.75210974e+06 -2.90419344e+07  2.42e+02 1.36e-11  1.78e+04     0s
  41   5.20913976e+06 -2.28118843e+07  1.30e+02 9.55e-12  1.15e+04     0s
  42   3.30686631e+06 -2.71146437e+06  3.54e+01 1.10e-11  2.43e+03     0s
  43   2.86745035e+06  1.36717930e+06  1.56e+01 1.02e-10  8.54e+02     0s
  44   2.75404636e+06  2.55306372e+06  1.08e+01 3.06e-10  5.01e+02     0s
  45   2.79373868e+06  2.96207561e+06  9.21e+00 7.86e-10  4.27e+02     0s
  46   2.81769123e+06  3.28261152e+06  8.34e+00 9.90e-10  3.81e+02     0s
  47   2.87575499e+06  3.37790231e+06  7.68e+00 8.15e-10  3.54e+02     0s
  48   2.89879475e+06  3.87844406e+06  7.19e+00 1.57e-09  3.26e+02     0s
  49   3.05087737e+06  4.44933284e+06  6.34e+00 2.27e-09  2.82e+02     0s
  50   3.08418979e+06  4.83357824e+06  6.21e+00 1.05e-09  2.74e+02     0s
  51   3.12955799e+06  5.44676689e+06  6.00e+00 1.16e-09  2.62e+02     0s
  52   3.30738660e+06  5.67847021e+06  5.55e+00 1.28e-09  2.40e+02     0s
  53   3.39980237e+06  5.77929720e+06  5.36e+00 3.73e-09  2.32e+02     0s
  54   3.54159641e+06  5.92488416e+06  5.09e+00 5.70e-09  2.18e+02     0s
  55   3.58521720e+06  6.02425002e+06  5.00e+00 5.94e-09  2.13e+02     0s
  56   3.63971767e+06  6.18505299e+06  4.90e+00 2.79e-09  2.08e+02     0s
  57   3.67881589e+06  6.45872207e+06  4.83e+00 2.21e-09  2.05e+02     0s
  58   3.74054335e+06  6.78556866e+06  4.74e+00 2.33e-09  2.03e+02     0s
  59   3.83053809e+06  7.60848471e+06  4.64e+00 2.10e-09  2.01e+02     0s
  60   3.91155857e+06  7.68723930e+06  4.55e+00 9.31e-10  1.98e+02     0s
  61   3.95477578e+06  8.14030717e+06  4.50e+00 2.10e-09  1.95e+02     0s
  62   4.14310925e+06  7.69759491e+06  4.33e+00 2.79e-09  1.97e+02     0s
  63   4.22910792e+06  7.92768825e+06  4.24e+00 5.53e-08  1.92e+02     0s
  64   4.23715956e+06  8.17851755e+06  4.24e+00 4.77e-08  1.89e+02     0s
  65   4.39196867e+06  8.40134938e+06  4.10e+00 9.55e-09  1.85e+02     0s
  66   4.42394783e+06  8.54268961e+06  4.08e+00 4.66e-09  1.83e+02     0s
  67   4.49639073e+06  8.68549622e+06  4.02e+00 4.69e-09  1.80e+02     0s
  68   4.63622525e+06  8.78355528e+06  3.91e+00 1.18e-07  1.78e+02     0s
  69   4.69106749e+06  8.96609910e+06  3.86e+00 6.52e-08  1.75e+02     0s
  70   4.76726408e+06  9.25830922e+06  3.81e+00 6.87e-08  1.70e+02     0s
  71   4.91836739e+06  9.43457814e+06  3.69e+00 8.15e-09  1.65e+02     0s
  72   5.01296021e+06  9.45999921e+06  3.63e+00 9.15e-08  1.63e+02     0s
  73   5.11811118e+06  9.66827981e+06  3.55e+00 8.20e-08  1.58e+02     0s
  74   5.18666153e+06  1.00634614e+07  3.50e+00 2.22e-07  1.52e+02     0s
  75   5.32112490e+06  1.00628952e+07  3.41e+00 2.55e-07  1.51e+02     0s
  76   5.38977440e+06  1.01867933e+07  3.37e+00 2.23e-07  1.50e+02     0s
  77   5.40745121e+06  1.01357101e+07  3.36e+00 2.21e-07  1.48e+02     0s
  78   5.44643422e+06  1.07197381e+07  3.33e+00 1.48e-07  1.45e+02     0s
  79   5.51627065e+06  1.11104994e+07  3.29e+00 1.11e-07  1.44e+02     0s
  80   5.53274368e+06  1.15901985e+07  3.28e+00 8.68e-08  1.44e+02     0s
  81   5.67531439e+06  1.19439189e+07  3.22e+00 1.49e-07  1.42e+02     0s
  82   5.69602322e+06  1.21268103e+07  3.21e+00 6.98e-08  1.42e+02     0s
  83   5.77661482e+06  1.22522903e+07  3.17e+00 2.79e-08  1.40e+02     0s
  84   5.86781621e+06  1.24780126e+07  3.13e+00 2.79e-08  1.38e+02     0s
  85   5.92826916e+06  1.28830984e+07  3.10e+00 2.93e-08  1.37e+02     0s
  86   6.06571187e+06  1.30002225e+07  3.04e+00 3.26e-08  1.36e+02     0s
  87   6.26476308e+06  1.28474852e+07  2.96e+00 3.27e-07  1.37e+02     0s
  88   6.56786228e+06  1.29774775e+07  2.85e+00 3.28e-07  1.38e+02     0s
  89   6.60693261e+06  1.37731311e+07  2.83e+00 3.24e-07  1.30e+02     0s
  90   7.07344273e+06  1.40092859e+07  2.66e+00 1.86e-07  1.24e+02     0s
  91   7.11489371e+06  1.41424896e+07  2.64e+00 7.21e-07  1.21e+02     0s
  92   7.27917689e+06  1.43734283e+07  2.58e+00 9.73e-07  1.18e+02     0s
  93   7.30287301e+06  1.48107306e+07  2.58e+00 7.53e-07  1.17e+02     0s
  94   7.34828514e+06  1.56032272e+07  2.56e+00 8.19e-07  1.19e+02     0s
  95   7.35016189e+06  1.60681900e+07  2.56e+00 8.49e-07  1.20e+02     0s
  96   7.45838276e+06  1.62476485e+07  2.53e+00 8.33e-07  1.18e+02     0s
  97   7.56154188e+06  1.66391994e+07  2.50e+00 9.48e-07  1.23e+02     0s
  98   7.79116554e+06  1.68010873e+07  2.45e+00 1.15e-06  1.25e+02     0s
  99   7.90316472e+06  1.72296444e+07  2.42e+00 1.48e-06  1.22e+02     0s
 100   8.16468251e+06  1.78921521e+07  2.36e+00 2.47e-06  1.21e+02     0s
 101   8.66542096e+06  1.81834740e+07  2.25e+00 1.76e-06  1.12e+02     0s
 102   8.75004797e+06  1.86519392e+07  2.23e+00 3.58e-07  1.09e+02     0s
 103   9.59712582e+06  1.83486098e+07  2.04e+00 2.42e-06  1.10e+02     0s
 104   9.79079542e+06  1.89844809e+07  2.00e+00 2.40e-06  9.93e+01     0s
 105   9.84121483e+06  1.95031820e+07  1.99e+00 1.98e-06  9.71e+01     0s
 106   9.97761813e+06  1.99371739e+07  1.97e+00 1.70e-06  9.58e+01     0s
 107   1.00269663e+07  2.01889706e+07  1.96e+00 1.21e-06  9.36e+01     0s
 108   1.01577970e+07  2.07662174e+07  1.93e+00 1.53e-06  9.23e+01     0s
 109   1.04870021e+07  2.07943524e+07  1.87e+00 3.31e-06  8.93e+01     0s
 110   1.05232900e+07  2.09773056e+07  1.87e+00 3.42e-06  8.78e+01     0s
 111   1.06284454e+07  2.15761027e+07  1.85e+00 3.75e-06  8.67e+01     0s
 112   1.08890067e+07  2.18814633e+07  1.81e+00 2.73e-06  8.37e+01     0s
 113   1.09467060e+07  2.21479409e+07  1.80e+00 2.94e-06  8.15e+01     0s
 114   1.09683726e+07  2.23563926e+07  1.79e+00 2.94e-06  8.00e+01     0s
 115   1.13370131e+07  2.25088030e+07  1.74e+00 2.36e-06  7.97e+01     0s
 116   1.14255682e+07  2.26713043e+07  1.72e+00 2.35e-06  7.83e+01     0s
 117   1.15836716e+07  2.27059872e+07  1.70e+00 1.88e-06  7.81e+01     0s
 118   1.17864039e+07  2.27558266e+07  1.67e+00 1.98e-06  7.84e+01     0s
 119   1.17960318e+07  2.30787735e+07  1.67e+00 2.17e-06  7.79e+01     0s
 120   1.19673238e+07  2.30812901e+07  1.65e+00 2.09e-06  8.65e+01     0s
 121   1.21643850e+07  2.45870045e+07  1.63e+00 2.34e-06  8.02e+01     0s
 122   1.23611298e+07  2.45946666e+07  1.60e+00 2.37e-06  8.09e+01     0s
 123   1.24433180e+07  2.52128969e+07  1.59e+00 3.28e-06  7.91e+01     0s
 124   1.24833316e+07  2.56824134e+07  1.59e+00 2.05e-06  7.84e+01     0s
 125   1.26190338e+07  2.58722055e+07  1.57e+00 2.56e-06  7.98e+01     0s
 126   1.35099573e+07  2.52718032e+07  1.47e+00 3.84e-06  9.58e+01     0s
 127   1.38182178e+07  2.59128659e+07  1.44e+00 3.73e-06  8.77e+01     0s
 128   1.39184035e+07  2.61375631e+07  1.43e+00 5.04e-07  8.70e+01     0s
 129   1.41135996e+07  2.58742569e+07  1.40e+00 6.95e-07  8.92e+01     0s
 130   1.41401220e+07  2.59089166e+07  1.40e+00 4.67e-07  8.92e+01     0s
 131   1.41906853e+07  2.60403629e+07  1.40e+00 4.54e-07  8.93e+01     0s
 132   1.47233508e+07  2.66420833e+07  1.35e+00 1.64e-06  1.01e+02     0s
 133   1.51521080e+07  2.71630662e+07  1.30e+00 3.16e-06  9.33e+01     0s
 134   1.52952412e+07  2.78539942e+07  1.28e+00 2.81e-07  9.21e+01     0s
 135   1.56347561e+07  2.86205134e+07  1.25e+00 1.80e-06  9.27e+01     0s
 136   1.58957522e+07  2.85190726e+07  1.23e+00 1.85e-06  9.29e+01     0s
 137   1.62217305e+07  2.87748037e+07  1.20e+00 1.02e-06  9.03e+01     0s
 138   1.62565283e+07  2.89944654e+07  1.19e+00 3.22e-07  8.96e+01     0s
 139   1.63757316e+07  2.94856059e+07  1.18e+00 2.53e-07  8.81e+01     0s
 140   1.65463570e+07  2.97483538e+07  1.17e+00 1.30e-06  8.78e+01     0s
 141   1.68439967e+07  2.98095310e+07  1.14e+00 1.37e-06  8.61e+01     0s
 142   1.69045439e+07  3.02768438e+07  1.14e+00 7.39e-07  8.57e+01     0s
 143   1.70619163e+07  3.01457123e+07  1.12e+00 8.87e-07  8.67e+01     0s
 144   1.72410242e+07  3.03433655e+07  1.11e+00 7.85e-06  8.44e+01     0s
 145   1.72512724e+07  3.05408891e+07  1.11e+00 5.59e-08  8.47e+01     0s
 146   1.73668248e+07  3.05893690e+07  1.10e+00 6.33e-08  8.34e+01     0s
 147   1.79082970e+07  3.11964363e+07  1.06e+00 5.05e-07  9.13e+01     0s
 148   1.85284808e+07  3.08568422e+07  1.01e+00 1.77e-06  9.42e+01     0s
 149   1.90798860e+07  3.09058847e+07  9.67e-01 1.21e-05  9.24e+01     0s
 150   1.95352835e+07  3.15477476e+07  9.32e-01 1.13e-05  7.82e+01     0s
 151   1.97080565e+07  3.16777049e+07  9.19e-01 1.43e-05  7.89e+01     0s
 152   2.01375771e+07  3.19441770e+07  8.87e-01 1.58e-05  7.23e+01     0s
 153   2.04712790e+07  3.27969907e+07  8.64e-01 2.94e-06  7.26e+01     0s
 154   2.15527828e+07  3.22641445e+07  7.90e-01 1.04e-04  7.56e+01     0s
 155   2.19385830e+07  3.27893936e+07  7.66e-01 1.87e-05  6.89e+01     0s
 156   2.20269260e+07  3.31573376e+07  7.60e-01 2.96e-05  5.84e+01     0s
 157   2.24347237e+07  3.34228134e+07  7.32e-01 3.51e-05  5.40e+01     0s
 158   2.30757319e+07  3.34451366e+07  6.89e-01 3.11e-05  5.14e+01     0s
 159   2.32815612e+07  3.34472758e+07  6.76e-01 4.05e-05  5.08e+01     0s
 160   2.33764022e+07  3.35551780e+07  6.70e-01 3.78e-05  5.03e+01     0s
 161   2.34529110e+07  3.36747116e+07  6.64e-01 3.63e-05  4.97e+01     0s
 162   2.35699820e+07  3.38427420e+07  6.57e-01 3.72e-05  4.91e+01     0s
 163   2.40681309e+07  3.38845600e+07  6.25e-01 3.62e-05  4.77e+01     0s
 164   2.41487399e+07  3.39770410e+07  6.20e-01 4.20e-05  4.57e+01     0s
 165   2.41552612e+07  3.40856642e+07  6.20e-01 4.30e-05  4.60e+01     0s
 166   2.42096642e+07  3.44790249e+07  6.16e-01 3.92e-05  4.56e+01     0s
 167   2.46350974e+07  3.48910546e+07  5.93e-01 2.03e-06  4.82e+01     0s
 168   2.59790875e+07  3.44065314e+07  5.18e-01 1.21e-05  6.59e+01     0s
 169   2.61308563e+07  3.48313633e+07  5.09e-01 3.30e-05  5.24e+01     0s
 170   2.62066954e+07  3.52938149e+07  5.05e-01 2.48e-06  5.32e+01     0s
 171   2.63856766e+07  3.55427487e+07  4.96e-01 1.60e-05  5.19e+01     0s
 172   2.66198572e+07  3.55419948e+07  4.84e-01 9.12e-06  5.56e+01     0s
 173   2.73468796e+07  3.55720973e+07  4.48e-01 3.57e-05  5.96e+01     0s
 174   2.78379193e+07  3.58287825e+07  4.22e-01 3.51e-05  4.88e+01     0s
 175   2.79797831e+07  3.58633232e+07  4.15e-01 8.80e-06  4.62e+01     0s
 176   2.80370243e+07  3.59067445e+07  4.12e-01 1.88e-05  4.47e+01     0s
 177   2.80768272e+07  3.59709753e+07  4.10e-01 1.03e-05  4.30e+01     1s
 178   2.83153949e+07  3.60543971e+07  3.97e-01 1.90e-05  4.11e+01     1s
 179   2.86123578e+07  3.61035236e+07  3.82e-01 2.52e-05  3.98e+01     1s
 180   2.88581624e+07  3.61507407e+07  3.70e-01 2.70e-05  3.84e+01     1s
 181   2.89731504e+07  3.62058357e+07  3.64e-01 2.13e-05  3.72e+01     1s
 182   2.90827417e+07  3.62185824e+07  3.59e-01 2.26e-05  3.67e+01     1s
 183   2.91390119e+07  3.62282189e+07  3.56e-01 2.29e-05  3.62e+01     1s
 184   2.91577678e+07  3.62365130e+07  3.55e-01 2.02e-05  3.58e+01     1s
 185   2.92161707e+07  3.62810337e+07  3.52e-01 1.96e-05  3.49e+01     1s
 186   2.94664466e+07  3.63506248e+07  3.40e-01 1.96e-05  3.33e+01     1s
 187   2.97487348e+07  3.63609025e+07  3.26e-01 1.67e-05  3.24e+01     1s
 188   2.99168299e+07  3.63684139e+07  3.18e-01 1.04e-05  3.16e+01     1s
 189   2.99502801e+07  3.63698846e+07  3.16e-01 1.02e-05  3.14e+01     1s
 190   2.99711758e+07  3.63713605e+07  3.15e-01 1.02e-05  3.12e+01     1s
 191   2.99873478e+07  3.63772867e+07  3.14e-01 3.89e-06  3.11e+01     1s
 192   3.00450738e+07  3.63830485e+07  3.12e-01 2.20e-07  3.08e+01     1s
 193   3.00766119e+07  3.63936034e+07  3.10e-01 5.08e-06  3.06e+01     1s
 194   3.01099266e+07  3.64251049e+07  3.08e-01 1.65e-05  3.03e+01     1s
 195   3.01236060e+07  3.64602645e+07  3.08e-01 2.09e-07  3.03e+01     1s
 196   3.01427305e+07  3.64837436e+07  3.07e-01 9.69e-07  3.02e+01     1s
 197   3.01672124e+07  3.71116168e+07  3.05e-01 2.35e-06  3.30e+01     1s
 198   3.02622677e+07  3.73045674e+07  3.01e-01 1.14e-06  3.19e+01     1s
 199   3.06287205e+07  3.70719059e+07  2.86e-01 4.20e-05  3.12e+01     1s
 200   3.09261072e+07  3.66422980e+07  2.73e-01 2.44e-05  3.91e+01     1s
 201   3.09528940e+07  3.69664406e+07  2.72e-01 2.32e-05  3.63e+01     1s
 202   3.11074473e+07  3.72349721e+07  2.65e-01 2.58e-05  3.69e+01     1s
 203   3.24364663e+07  3.71982721e+07  2.11e-01 4.81e-05  4.73e+01     1s
 204   3.28517215e+07  3.74202523e+07  1.94e-01 2.50e-05  3.63e+01     1s
 205   3.30065338e+07  3.73990704e+07  1.88e-01 1.73e-05  3.62e+01     1s
 206   3.31879128e+07  3.76234748e+07  1.81e-01 8.85e-05  3.45e+01     1s
 207   3.32321822e+07  3.76827233e+07  1.79e-01 7.24e-06  3.42e+01     1s
 208   3.32547721e+07  3.77318342e+07  1.78e-01 1.46e-05  3.38e+01     1s
 209   3.33076400e+07  3.77858277e+07  1.76e-01 4.00e-06  3.32e+01     1s
 210   3.34013642e+07  3.77895643e+07  1.73e-01 4.56e-06  3.32e+01     1s
 211   3.34291716e+07  3.78246702e+07  1.72e-01 1.60e-05  3.21e+01     1s
 212   3.35501085e+07  3.78368188e+07  1.67e-01 6.17e-06  3.12e+01     1s
 213   3.36233540e+07  3.78453085e+07  1.64e-01 1.42e-05  3.06e+01     1s
 214   3.36761685e+07  3.78697810e+07  1.62e-01 1.17e-05  2.90e+01     1s
 215   3.37560223e+07  3.78884068e+07  1.59e-01 1.26e-05  2.83e+01     1s
 216   3.39803533e+07  3.78931371e+07  1.51e-01 1.17e-05  2.75e+01     1s
 217   3.40399525e+07  3.79038075e+07  1.49e-01 8.94e-06  2.62e+01     1s
 218   3.40702486e+07  3.79099438e+07  1.47e-01 9.24e-06  2.59e+01     1s
 219   3.41346910e+07  3.79169749e+07  1.45e-01 9.52e-06  2.54e+01     1s
 220   3.41658118e+07  3.79232275e+07  1.44e-01 1.41e-05  2.51e+01     1s
 221   3.41823209e+07  3.79281175e+07  1.43e-01 1.48e-05  2.48e+01     1s
 222   3.42243516e+07  3.79365594e+07  1.42e-01 1.60e-05  2.45e+01     1s
 223   3.42804221e+07  3.79438385e+07  1.40e-01 1.12e-05  2.42e+01     1s
 224   3.44388949e+07  3.79573354e+07  1.34e-01 7.39e-05  2.32e+01     1s
 225   3.46073096e+07  3.79605741e+07  1.28e-01 5.60e-05  2.26e+01     1s
 226   3.46789353e+07  3.79677360e+07  1.25e-01 3.93e-05  2.19e+01     1s
 227   3.47524099e+07  3.79715144e+07  1.22e-01 5.50e-05  2.14e+01     1s
 228   3.47912953e+07  3.79731971e+07  1.21e-01 6.28e-05  2.11e+01     1s
 229   3.48362471e+07  3.79780413e+07  1.19e-01 5.18e-05  2.06e+01     1s
 230   3.48771629e+07  3.79827418e+07  1.18e-01 6.10e-05  2.02e+01     1s
 231   3.49992806e+07  3.79863304e+07  1.13e-01 6.74e-05  1.98e+01     1s
 232   3.50270527e+07  3.79888773e+07  1.12e-01 6.60e-05  1.95e+01     1s
 233   3.50801726e+07  3.79905191e+07  1.10e-01 6.43e-05  1.93e+01     1s
 234   3.51732804e+07  3.79922063e+07  1.07e-01 4.09e-05  1.90e+01     1s
 235   3.51999752e+07  3.79956607e+07  1.06e-01 2.46e-05  1.85e+01     1s
 236   3.52766212e+07  3.80082375e+07  1.03e-01 1.74e-05  1.71e+01     1s
 237   3.54473965e+07  3.80107589e+07  9.65e-02 2.07e-05  1.63e+01     1s
 238   3.54886354e+07  3.80363222e+07  9.50e-02 2.51e-05  1.47e+01     1s
 239   3.54943126e+07  3.80788566e+07  9.48e-02 2.58e-05  1.47e+01     1s
 240   3.55446349e+07  3.80954605e+07  9.30e-02 2.54e-05  1.46e+01     1s
 241   3.58022942e+07  3.81189484e+07  8.38e-02 1.51e-05  1.36e+01     1s
 242   3.66902109e+07  3.81221108e+07  5.24e-02 3.37e-05  1.03e+01     1s
 243   3.72702165e+07  3.81332461e+07  3.18e-02 3.74e-05  7.40e+00     1s
 244   3.73138688e+07  3.81391329e+07  3.03e-02 4.82e-05  6.38e+00     1s
 245   3.73276243e+07  3.81781844e+07  2.98e-02 8.76e-05  3.55e+00     1s
 246   3.73379155e+07  3.81901689e+07  2.94e-02 8.82e-05  3.55e+00     1s
 247   3.73484443e+07  3.81951347e+07  2.91e-02 8.73e-05  3.53e+00     1s
 248   3.73929157e+07  3.82042984e+07  2.76e-02 6.94e-06  3.35e+00     1s
 249   3.75491611e+07  3.81973459e+07  2.23e-02 1.37e-05  3.40e+00     1s
 250   3.77102296e+07  3.81928481e+07  1.69e-02 1.05e-04  3.51e+00     1s
 251   3.79285810e+07  3.82121571e+07  9.61e-03 5.32e-05  1.10e+00     1s
 252   3.81270980e+07  3.82140699e+07  2.95e-03 2.75e-04  3.65e-01     1s
 253   3.81834639e+07  3.82147460e+07  1.06e-03 1.37e-04  1.23e-01     1s
 254   3.82058931e+07  3.82148944e+07  3.08e-04 1.80e-04  5.10e-02     1s
 255   3.82116141e+07  3.82150519e+07  1.16e-04 1.72e-04  7.34e-03     1s
 256   3.82150061e+07  3.82150567e+07  1.72e-06 4.86e-05  2.04e-04     1s
 257   3.82150569e+07  3.82150570e+07  4.02e-09 2.63e-05  4.29e-07     1s
 258   3.82150570e+07  3.82150570e+07  2.70e-13 1.95e-05  1.96e-11     1s

Barrier solved model in 258 iterations and 0.66 seconds (0.43 work units)
Optimal objective 3.82150570e+07

Crossover time: 0.01 seconds (0.02 work units)

Root relaxation: objective 3.821506e+07, 226 iterations, 0.59 seconds (0.36 work units)

    Nodes    |    Current Node    |     Objective Bounds      |     Work
 Expl Unexpl |  Obj  Depth IntInf | Incumbent    BestBd   Gap | It/Node Time

     0     0 3.8215e+07    0   34 4.0000e+07 3.8215e+07  4.46%     -    0s
     0     0 3.8215e+07    0   34 4.0000e+07 3.8215e+07  4.46%     -    0s
     0     0 3.8643e+07    0   33 4.0000e+07 3.8643e+07  3.39%     -    0s
     0     0 3.8654e+07    0   31 4.0000e+07 3.8654e+07  3.37%     -    0s
     0     0 3.8654e+07    0   30 4.0000e+07 3.8654e+07  3.37%     -    0s
     0     0 3.8654e+07    0   30 4.0000e+07 3.8654e+07  3.37%     -    0s
     0     0 3.8659e+07    0   31 4.0000e+07 3.8659e+07  3.35%     -    1s
     0     0 3.8661e+07    0   34 4.0000e+07 3.8661e+07  3.35%     -    1s
     0     0 3.8661e+07    0   34 4.0000e+07 3.8661e+07  3.35%     -    1s
     0     0 3.8661e+07    0   35 4.0000e+07 3.8661e+07  3.35%     -    1s
     0     0 3.8753e+07    0   35 4.0000e+07 3.8753e+07  3.12%     -    1s
     0     0 3.8753e+07    0   36 4.0000e+07 3.8753e+07  3.12%     -    1s
     0     0 3.8753e+07    0   36 4.0000e+07 3.8753e+07  3.12%     -    1s
     0     0 3.8753e+07    0   37 4.0000e+07 3.8753e+07  3.12%     -    1s
     0     0 3.8753e+07    0   37 4.0000e+07 3.8753e+07  3.12%     -    1s
     0     0 3.8753e+07    0   37 4.0000e+07 3.8753e+07  3.12%     -    1s
     0     0 3.8753e+07    0   34 4.0000e+07 3.8753e+07  3.12%     -    1s
     0     2 3.8753e+07    0   34 4.0000e+07 3.8753e+07  3.12%     -    1s

Cutting planes:
  Cover: 3
  Implied bound: 25
  MIR: 19
  Flow cover: 12
  RLT: 6
  Relax-and-lift: 2

Explored 28 nodes (2280 simplex iterations) in 1.50 seconds (1.49 work units)
Thread count was 10 (of 10 available processors)

Solution count 1: 4e+07 

Optimal solution found (tolerance 5.00e-03)
Warning: max constraint violation (1.3769e-06) exceeds tolerance
Best objective 4.000000000000e+07, best bound 3.990000000000e+07, gap 0.2500%
