
Gurobi 13.0.3 (mac64[arm]) logging started Sat Sep 26 12:19:22 2026

Set parameter LogFile to value "/Users/ashutosh/Desktop/Two-stage-Model/certainty_results/full/solves/nw_5_15_10M_phase1.log"
Gurobi Optimizer version 13.0.3 build v13.0.3rc0 (mac64[arm] - Darwin 27.0.0 26A428)

CPU model: Apple M1 Pro
Thread count: 10 physical cores, 10 logical processors, using up to 10 threads

Non-default parameters:
TimeLimit  21600
MIPGap  0.005
Method  2
LogToConsole  0

Optimize a model with 13555 rows, 5548 columns and 38171 nonzeros (Min)
Model fingerprint: 0x0f0de781
Model has 663 linear objective coefficients and an objective constant of 396.859633
Variable types: 3498 continuous, 2050 integer (1688 binary)
Coefficient statistics:
  Matrix range     [1e-03, 1e+05]
  Objective range  [1e+00, 1e+00]
  Bounds range     [1e+00, 3e+00]
  RHS range        [1e-02, 1e+07]

Loaded user MIP start with objective 53.4576
MIP start from previous solve did not produce a new incumbent solution

Presolve removed 11365 rows and 3798 columns
Presolve time: 0.05s
Presolved: 2190 rows, 1750 columns, 8143 nonzeros
Variable types: 1492 continuous, 258 integer (258 binary)
Root barrier log...

Ordering time: 0.00s

Barrier statistics:
 AA' NZ     : 2.996e+04
 Factor NZ  : 9.092e+04 (roughly 2 MB of memory)
 Factor Ops : 7.604e+06 (less than 1 second per iteration)
 Threads    : 10

                  Objective                Residual
Iter       Primal          Dual         Primal    Dual     Compl     Time
   0  -9.96740070e+05 -4.80574630e+05  3.35e+04 2.69e+00  1.51e+04     0s
   1  -3.70850847e+05 -5.57462817e+05  1.25e+04 8.84e+00  5.76e+03     0s
   2  -1.56512604e+04 -5.33374771e+05  5.39e+02 3.02e-14  3.60e+02     0s
   3  -9.30947244e+02 -1.18286180e+05  3.85e+01 1.56e-13  3.85e+01     0s
   4   8.24288872e+01 -5.56037728e+04  4.51e+00 4.62e-14  1.31e+01     0s
   5   1.68873070e+02 -1.91333695e+04  1.08e+00 4.26e-14  4.30e+00     0s
   6   1.67317487e+02 -7.47264566e+03  6.11e-02 5.68e-14  1.65e+00     0s
   7   1.22588596e+02 -1.33570840e+03  1.83e-03 7.11e-15  3.14e-01     0s
   8   5.15127193e+01 -2.50565619e+02  7.16e-05 7.11e-15  6.51e-02     0s
   9   3.23396463e+01 -1.04954724e+02  2.34e-05 3.55e-15  2.96e-02     0s
  10   2.56938746e+01 -4.54453602e+01  9.86e-06 3.55e-15  1.53e-02     0s
  11   2.04726460e+01 -6.36207224e+00  3.50e-06 3.55e-15  5.78e-03     0s
  12   1.88731611e+01  7.07006859e+00  2.01e-06 3.55e-15  2.54e-03     0s
  13   1.74508378e+01  1.28142553e+01  7.60e-07 3.55e-15  9.99e-04     0s
  14   1.67245962e+01  1.46401720e+01  2.34e-07 7.11e-15  4.49e-04     0s
  15   1.65040007e+01  1.59889272e+01  8.68e-08 3.55e-15  1.11e-04     0s
  16   1.64016991e+01  1.61633203e+01  3.42e-08 3.55e-15  5.14e-05     0s
  17   1.63683613e+01  1.62913885e+01  1.77e-08 3.55e-15  1.66e-05     0s
  18   1.63452648e+01  1.63217237e+01  6.43e-09 3.55e-15  5.07e-06     0s
  19   1.63380649e+01  1.63232409e+01  2.92e-09 3.55e-15  3.19e-06     0s
  20   1.63320719e+01  1.63307784e+01  1.39e-09 7.11e-15  2.79e-07     0s
  21   1.63316478e+01  1.63315289e+01  2.91e-09 3.55e-15  2.56e-08     0s
  22   1.63315735e+01  1.63315714e+01  1.98e-09 7.11e-15  4.47e-10     0s

Barrier solved model in 22 iterations and 0.15 seconds (0.14 work units)
Optimal objective 1.63315735e+01

Crossover time: 0.01 seconds (0.02 work units)

Root relaxation: objective 1.633157e+01, 293 iterations, 0.08 seconds (0.06 work units)

    Nodes    |    Current Node    |     Objective Bounds      |     Work
 Expl Unexpl |  Obj  Depth IntInf | Incumbent    BestBd   Gap | It/Node Time

     0     0   16.33157    0   41   53.45764   16.33157  69.4%     -    0s
H    0     0                      25.6228746   16.33157  36.3%     -    0s
     0     0   16.78057    0   32   25.62287   16.78057  34.5%     -    0s
     0     0   16.99058    0   32   25.62287   16.99058  33.7%     -    0s
     0     0   16.99058    0   34   25.62287   16.99058  33.7%     -    0s
H    0     0                      22.3806562   16.99058  24.1%     -    0s
     0     0   17.28366    0   37   22.38066   17.28366  22.8%     -    0s
     0     0   17.38198    0   37   22.38066   17.38198  22.3%     -    0s
     0     0   17.38198    0   37   22.38066   17.38198  22.3%     -    0s
     0     2   17.38198    0   37   22.38066   17.38198  22.3%     -    0s
H   13    16                      22.3806562   17.38198  22.3%   102    0s
H  120   123                      22.3806560   17.38198  22.3%  88.9    0s
H  342   285                      22.3126324   17.52180  21.5%  66.1    1s
*  397   322              41      22.1246276   17.52180  20.8%  65.0    1s
*  460   380              49      20.9114193   17.52180  16.2%  62.8    1s
*  559   400              35      20.1189475   17.81704  11.4%  60.6    1s
H  637   402                      20.1189475   17.81704  11.4%  59.3    1s
H  659   402                      20.1189473   17.81704  11.4%  58.9    1s
H  660   402                      20.1189470   17.81704  11.4%  59.1    1s
H  738   418                      20.1158206   17.81704  11.4%  59.1    1s
*  742   418              28      20.1033625   17.81704  11.4%  58.8    1s
H  919   454                      20.1033624   18.10804  9.93%  57.8    1s
H  962   473                      20.0061404   18.15403  9.26%  58.7    1s
H 1380   445                      20.0061404   18.60156  7.02%  58.7    2s
H 1390   445                      20.0061403   18.60156  7.02%  58.7    2s
H 1403   445                      20.0061399   18.60156  7.02%  58.6    2s
* 1629   399              22      20.0027864   18.98532  5.09%  57.9    2s
* 1630   399              23      20.0027354   18.98532  5.09%  57.9    2s
H 1831   322                      20.0027353   19.28845  3.57%  56.7    2s
H 1911   322                      20.0027353   19.35691  3.23%  55.8    2s

Cutting planes:
  Gomory: 8
  Cover: 11
  Implied bound: 74
  MIR: 43
  StrongCG: 3
  Flow cover: 12
  RLT: 1

Explored 2328 nodes (113439 simplex iterations) in 2.67 seconds (5.71 work units)
Thread count was 10 (of 10 available processors)

Solution count 10: 20.0027 20.0027 20.0027 ... 20.1034

Optimal solution found (tolerance 5.00e-03)
Best objective 2.000273526565e+01, best bound 2.000273526565e+01, gap 0.0000%
