
Gurobi 13.0.3 (mac64[arm]) logging started Sat Sep 26 12:18:39 2026

Set parameter LogFile to value "/Users/ashutosh/Desktop/Two-stage-Model/certainty_results/full/solves/nw_5_05_10M_phase2.log"
Gurobi Optimizer version 13.0.3 build v13.0.3rc0 (mac64[arm] - Darwin 27.0.0 26A428)

CPU model: Apple M1 Pro
Thread count: 10 physical cores, 10 logical processors, using up to 10 threads

Non-default parameters:
TimeLimit  21600
MIPGap  0.005
Method  2
LogToConsole  0

Optimize a model with 13541 rows, 5548 columns and 38789 nonzeros (Min)
Model fingerprint: 0xb0e35f9d
Model has 724 linear objective coefficients
Variable types: 3498 continuous, 2050 integer (1688 binary)
Coefficient statistics:
  Matrix range     [1e-03, 1e+05]
  Objective range  [2e+04, 1e+05]
  Bounds range     [1e+00, 3e+00]
  RHS range        [1e-02, 1e+07]

Loaded user MIP start with objective 9.975e+06
MIP start from previous solve did not produce a new incumbent solution

Presolve removed 11444 rows and 3826 columns
Presolve time: 0.06s
Presolved: 2097 rows, 1722 columns, 8257 nonzeros
Variable types: 1466 continuous, 256 integer (256 binary)
Root barrier log...

Ordering time: 0.00s

Barrier statistics:
 AA' NZ     : 2.801e+04
 Factor NZ  : 8.531e+04 (roughly 2 MB of memory)
 Factor Ops : 6.544e+06 (less than 1 second per iteration)
 Threads    : 10

                  Objective                Residual
Iter       Primal          Dual         Primal    Dual     Compl     Time
   0   2.31409024e+08 -1.14779898e+08  1.63e+05 4.55e-13  5.62e+06     0s
   1   4.39385323e+07 -1.37220942e+08  3.25e+04 1.60e+03  1.17e+06     0s
   2   5.62401586e+06 -1.02212555e+08  3.35e+02 4.09e-12  3.48e+04     0s
   3   2.40563447e+06 -8.34577697e+06  7.09e+01 8.19e-11  3.74e+03     0s
   4   9.12352441e+05 -2.32858402e+06  2.59e+01 2.55e-11  1.11e+03     0s
   5   4.60868953e+05 -9.68261739e+05  1.30e+01 2.18e-11  5.04e+02     0s
   6   2.97972372e+05 -3.80261149e+05  8.33e+00 4.37e-11  2.83e+02     0s
   7   2.18409810e+05  3.17194532e+03  5.99e+00 3.78e-10  1.79e+02     0s
   8   2.01490215e+05  6.55536926e+05  5.29e+00 8.73e-10  1.58e+02     0s
   9   2.72353758e+05  8.97198679e+05  4.76e+00 6.40e-10  1.50e+02     0s
  10   2.74106575e+05  1.04257078e+06  4.74e+00 8.15e-10  1.52e+02     0s
  11   2.80935195e+05  1.33697636e+06  4.62e+00 1.92e-09  1.50e+02     0s
  12   3.04618218e+05  1.71931667e+06  4.39e+00 2.62e-09  1.40e+02     0s
  13   3.93785605e+05  1.78842935e+06  4.10e+00 3.84e-09  1.28e+02     0s
  14   4.35215332e+05  1.91206235e+06  3.98e+00 1.05e-08  1.23e+02     0s
  15   4.94147849e+05  2.20232127e+06  3.83e+00 1.11e-08  1.17e+02     0s
  16   5.50290005e+05  2.36217027e+06  3.71e+00 1.14e-08  1.13e+02     0s
  17   6.26559368e+05  2.39037689e+06  3.57e+00 1.28e-08  1.09e+02     0s
  18   6.60779596e+05  2.42683055e+06  3.50e+00 1.05e-08  1.06e+02     0s
  19   7.10574035e+05  2.46575206e+06  3.41e+00 1.21e-08  1.03e+02     0s
  20   7.41479044e+05  2.57898780e+06  3.35e+00 2.99e-08  1.00e+02     0s
  21   8.12662943e+05  2.68310371e+06  3.23e+00 3.19e-08  9.61e+01     0s
  22   8.40861412e+05  2.72961987e+06  3.18e+00 3.99e-08  9.44e+01     0s
  23   9.46710442e+05  2.86187514e+06  3.02e+00 3.55e-08  8.98e+01     0s
  24   9.75894273e+05  2.91604497e+06  2.98e+00 3.27e-08  8.78e+01     0s
  25   1.01758537e+06  3.04821796e+06  2.92e+00 2.99e-08  8.23e+01     0s
  26   1.06889407e+06  3.22853868e+06  2.85e+00 2.75e-08  8.02e+01     0s
  27   1.25593188e+06  3.21773444e+06  2.62e+00 2.06e-08  7.48e+01     0s
  28   1.28222296e+06  3.30388651e+06  2.58e+00 2.71e-08  7.34e+01     0s
  29   1.32962090e+06  3.55973761e+06  2.52e+00 3.91e-08  7.10e+01     0s
  30   1.38877825e+06  3.72881396e+06  2.45e+00 4.24e-08  6.83e+01     0s
  31   1.45535708e+06  3.84284586e+06  2.39e+00 3.66e-08  6.86e+01     0s
  32   1.53741567e+06  3.84020506e+06  2.31e+00 5.21e-08  6.65e+01     0s
  33   1.62199099e+06  3.86841716e+06  2.23e+00 4.99e-08  6.25e+01     0s
  34   1.64170473e+06  3.94884018e+06  2.21e+00 1.59e-07  6.18e+01     0s
  35   1.67320969e+06  4.08292342e+06  2.18e+00 1.74e-07  6.02e+01     0s
  36   1.71945939e+06  4.43794446e+06  2.13e+00 1.13e-07  5.67e+01     0s
  37   1.76928130e+06  4.47365757e+06  2.09e+00 2.73e-07  5.56e+01     0s
  38   1.77654339e+06  4.58100542e+06  2.08e+00 2.75e-07  5.54e+01     0s
  39   1.81118867e+06  4.71336134e+06  2.06e+00 1.05e-07  5.48e+01     0s
  40   1.86187452e+06  4.90188271e+06  2.02e+00 7.33e-08  5.33e+01     0s
  41   2.11927441e+06  4.98794998e+06  1.86e+00 2.26e-07  4.97e+01     0s
  42   2.16154673e+06  5.03031382e+06  1.83e+00 6.46e-07  4.87e+01     0s
  43   2.18663907e+06  5.14979980e+06  1.82e+00 1.69e-07  4.77e+01     0s
  44   2.30981614e+06  5.12409370e+06  1.75e+00 5.28e-07  4.76e+01     0s
  45   2.61626073e+06  5.25772971e+06  1.57e+00 8.23e-07  4.31e+01     0s
  46   2.62817509e+06  5.33061246e+06  1.56e+00 7.78e-07  4.17e+01     0s
  47   2.64584881e+06  5.39042032e+06  1.55e+00 8.30e-07  4.12e+01     0s
  48   2.67376918e+06  5.41950476e+06  1.54e+00 6.04e-07  4.08e+01     0s
  49   2.70822741e+06  5.46705946e+06  1.52e+00 8.33e-07  4.00e+01     0s
  50   2.72799066e+06  5.47819274e+06  1.51e+00 7.81e-07  3.98e+01     0s
  51   2.76018225e+06  5.50448437e+06  1.49e+00 1.17e-06  3.88e+01     0s
  52   2.77416626e+06  5.56294213e+06  1.48e+00 1.25e-06  3.86e+01     0s
  53   2.81884140e+06  5.59913258e+06  1.46e+00 1.48e-06  3.79e+01     0s
  54   2.84664027e+06  5.64332568e+06  1.45e+00 1.35e-06  3.75e+01     0s
  55   2.88320643e+06  5.79407245e+06  1.43e+00 1.36e-06  3.65e+01     0s
  56   2.90618865e+06  5.89661576e+06  1.42e+00 1.26e-06  3.62e+01     0s
  57   2.96270545e+06  5.98980888e+06  1.40e+00 1.12e-06  3.87e+01     0s
  58   2.21358838e+09 -3.67070538e+08  1.63e+06 1.36e-12  1.56e+08     0s
  59   1.64574682e+08 -4.78700588e+08  2.65e+05 3.71e+03  2.62e+07     0s
  60   1.06218156e+07 -4.81825344e+08  4.36e+03 1.18e-11  5.33e+05     0s
  61   6.33059360e+06 -1.66822755e+08  3.65e+02 6.18e-11  6.86e+04     0s
  62   3.02626561e+06 -2.77402881e+07  8.39e+01 7.28e-11  1.16e+04     0s
  63   1.34982845e+06 -9.25190718e+06  3.37e+01 5.89e-10  3.79e+03     0s
  64   5.87248561e+05 -2.21497909e+06  1.39e+01 3.49e-10  1.15e+03     0s
  65   3.08407814e+05 -5.30175373e+05  6.91e+00 1.89e-10  5.08e+02     0s
  66   2.92690256e+05  5.55952075e+05  5.61e+00 5.24e-10  3.63e+02     0s
  67   3.13227094e+05  6.58439838e+05  5.33e+00 3.49e-10  3.45e+02     0s
  68   3.21205327e+05  9.24845400e+05  5.19e+00 1.28e-09  3.35e+02     0s
  69   4.27922114e+05  1.45232569e+06  4.79e+00 1.34e-09  3.22e+02     0s
  70   5.14937625e+05  1.72962169e+06  4.42e+00 3.26e-09  2.94e+02     0s
  71   6.55902025e+05  2.00459658e+06  4.11e+00 2.91e-09  2.76e+02     0s
  72   7.78123201e+05  2.12924818e+06  3.78e+00 5.12e-09  2.56e+02     0s
  73   9.08100776e+05  2.35752250e+06  3.48e+00 4.31e-09  2.32e+02     0s
  74   9.69334844e+05  2.51820192e+06  3.35e+00 4.42e-09  2.22e+02     0s
  75   1.02428882e+06  2.61913498e+06  3.24e+00 3.96e-09  2.15e+02     0s
  76   1.06755782e+06  2.65761582e+06  3.16e+00 4.31e-09  2.09e+02     0s
  77   1.25569279e+06  2.95544239e+06  2.88e+00 1.43e-08  1.94e+02     0s
  78   1.26156684e+06  3.06919397e+06  2.87e+00 7.57e-09  1.89e+02     0s
  79   1.29398362e+06  3.16258123e+06  2.82e+00 8.27e-09  1.85e+02     0s
  80   1.35476013e+06  3.48019034e+06  2.72e+00 9.31e-09  1.78e+02     0s
  81   1.47660213e+06  3.52520430e+06  2.55e+00 9.08e-09  1.63e+02     0s
  82   1.61008236e+06  3.62717335e+06  2.40e+00 1.05e-08  1.53e+02     0s
  83   1.68966261e+06  3.71545397e+06  2.31e+00 5.70e-09  1.45e+02     0s
  84   1.71082560e+06  3.97526973e+06  2.29e+00 5.36e-09  1.44e+02     0s
  85   1.77581437e+06  4.32409153e+06  2.22e+00 4.89e-09  1.41e+02     0s
  86   1.82029739e+06  4.40262619e+06  2.18e+00 8.73e-09  1.38e+02     0s
  87   1.87822754e+06  4.77944556e+06  2.13e+00 1.68e-08  1.36e+02     0s
  88   1.96838379e+06  4.88205476e+06  2.07e+00 2.07e-08  1.32e+02     0s
  89   2.14206838e+06  4.87329893e+06  1.95e+00 7.21e-08  1.21e+02     0s
  90   2.34930570e+06  5.09929742e+06  1.82e+00 8.27e-08  1.15e+02     0s
  91   2.59816130e+06  5.21489109e+06  1.67e+00 4.92e-08  1.03e+02     0s
  92   2.62491626e+06  5.32472502e+06  1.65e+00 7.15e-08  9.87e+01     0s
  93   2.69176482e+06  5.40993478e+06  1.61e+00 8.01e-08  9.58e+01     0s
  94   2.75575753e+06  5.44207136e+06  1.57e+00 8.54e-08  9.39e+01     0s
  95   2.78188836e+06  5.49924878e+06  1.56e+00 6.57e-08  9.17e+01     0s
  96   2.86502246e+06  5.62165434e+06  1.51e+00 6.53e-08  8.90e+01     0s
  97   2.94060696e+06  5.70323739e+06  1.47e+00 7.13e-08  8.68e+01     0s
  98   3.04375812e+06  6.22707140e+06  1.41e+00 8.85e-08  8.27e+01     0s
  99   3.19758723e+06  6.28325401e+06  1.35e+00 9.24e-08  7.91e+01     0s
 100   3.33337511e+06  6.34390491e+06  1.29e+00 6.80e-08  7.55e+01     0s
 101   3.47114711e+06  6.32626228e+06  1.23e+00 4.77e-08  7.32e+01     0s
 102   3.50846802e+06  6.40534525e+06  1.22e+00 5.08e-08  7.15e+01     0s
 103   3.55897251e+06  6.38817999e+06  1.20e+00 3.54e-08  7.30e+01     0s
 104   3.74601247e+06  6.46162802e+06  1.13e+00 4.63e-08  6.98e+01     0s
 105   3.82879946e+06  6.51964676e+06  1.09e+00 1.21e-07  6.70e+01     0s
 106   3.93658087e+06  6.58365325e+06  1.05e+00 1.84e-07  6.28e+01     0s
 107   3.98127988e+06  6.71222068e+06  1.04e+00 5.03e-08  5.83e+01     0s
 108   4.09426631e+06  6.75163654e+06  9.96e-01 9.06e-08  5.57e+01     0s
 109   4.15417341e+06  6.86919443e+06  9.73e-01 7.64e-08  5.37e+01     0s
 110   4.18159491e+06  6.94836031e+06  9.64e-01 9.66e-08  5.32e+01     0s
 111   4.19070965e+06  7.19714054e+06  9.60e-01 9.90e-08  5.41e+01     0s
 112   4.28621352e+06  7.39475951e+06  9.27e-01 6.75e-08  5.02e+01     0s
 113   4.51463322e+06  7.42639927e+06  8.61e-01 7.97e-08  4.74e+01     0s
 114   4.58038117e+06  7.47570505e+06  8.42e-01 3.11e-07  4.51e+01     0s
 115   4.60040083e+06  7.51929065e+06  8.37e-01 3.06e-07  4.53e+01     0s
 116   4.72508089e+06  7.64161015e+06  8.03e-01 2.35e-07  4.37e+01     0s
 117   5.04025137e+06  7.59155277e+06  7.18e-01 1.31e-07  4.19e+01     0s
 118   5.28904162e+06  7.61713479e+06  6.54e-01 1.83e-07  4.14e+01     0s
 119   5.41443876e+06  7.65694103e+06  6.21e-01 8.28e-07  3.67e+01     0s
 120   5.49919825e+06  7.65919931e+06  5.98e-01 8.09e-07  3.57e+01     0s
 121   5.53634634e+06  7.69137871e+06  5.88e-01 8.30e-07  3.47e+01     0s
 122   5.57976458e+06  7.72579048e+06  5.76e-01 8.14e-07  3.39e+01     0s
 123   5.64087416e+06  7.74502359e+06  5.60e-01 8.14e-07  3.33e+01     0s
 124   5.73219252e+06  7.81882082e+06  5.37e-01 8.39e-07  3.10e+01     0s
 125   5.80425392e+06  7.86149227e+06  5.19e-01 6.13e-07  2.96e+01     0s
 126   5.83323613e+06  7.86407104e+06  5.12e-01 6.06e-07  2.94e+01     0s
 127   5.86596726e+06  7.87142094e+06  5.04e-01 4.44e-07  2.86e+01     0s
 128   5.89509128e+06  7.89318595e+06  4.97e-01 1.35e-07  2.76e+01     0s
 129   6.25692365e+06  7.87158638e+06  4.08e-01 1.02e-07  2.47e+01     0s
 130   6.31419337e+06  7.87258087e+06  3.94e-01 3.32e-07  2.38e+01     0s
 131   6.35647362e+06  7.91443524e+06  3.84e-01 6.13e-07  2.20e+01     0s
 132   6.41504710e+06  7.95682792e+06  3.70e-01 3.15e-07  2.06e+01     0s
 133   6.53601031e+06  7.95886359e+06  3.42e-01 3.05e-07  1.92e+01     0s
 134   6.60775681e+06  7.96270218e+06  3.25e-01 2.94e-07  1.83e+01     0s
 135   6.67929348e+06  7.97131680e+06  3.08e-01 2.79e-07  1.77e+01     0s
 136   6.83144136e+06  7.97613029e+06  2.73e-01 2.16e-07  1.57e+01     0s
 137   6.91295804e+06  7.97900836e+06  2.54e-01 2.01e-07  1.46e+01     0s
 138   6.99267214e+06  7.98089018e+06  2.35e-01 2.25e-07  1.37e+01     0s
 139   7.01583325e+06  7.98287884e+06  2.30e-01 2.35e-07  1.34e+01     0s
 140   7.06685102e+06  8.00695276e+06  2.18e-01 4.57e-07  1.25e+01     0s
 141   7.10486810e+06  8.01334045e+06  2.10e-01 5.14e-07  1.31e+01     0s
 142   7.45862637e+06  8.01918610e+06  1.31e-01 2.46e-07  9.11e+00     0s
 143   7.56551527e+06  8.02715625e+06  1.07e-01 6.65e-07  7.24e+00     0s
 144   7.75404590e+06  8.03334693e+06  6.45e-02 3.49e-06  4.28e+00     0s
 145   7.89553317e+06  8.03955581e+06  3.29e-02 5.91e-06  1.90e+00     0s
 146   7.94934956e+06  8.04186530e+06  2.08e-02 9.04e-07  9.24e-01     0s
 147   8.03916059e+06  8.04224115e+06  7.55e-04 1.14e-06  9.35e-02     0s
 148   8.04137003e+06  8.04247049e+06  2.53e-04 7.86e-07  1.66e-02     0s
 149   8.04233041e+06  8.04247649e+06  3.57e-05 7.26e-07  4.34e-03     0s
 150   8.04247565e+06  8.04248287e+06  1.70e-06 9.15e-07  1.52e-04     0s
 151   8.04248290e+06  8.04248293e+06  2.89e-08 5.33e-07  1.62e-06     0s
 152   8.04248293e+06  8.04248293e+06  6.09e-08 6.98e-07  1.71e-09     0s

Barrier solved model in 152 iterations and 0.36 seconds (0.26 work units)
Optimal objective 8.04248293e+06

Crossover time: 0.01 seconds (0.01 work units)

Root relaxation: objective 8.042483e+06, 294 iterations, 0.30 seconds (0.19 work units)

    Nodes    |    Current Node    |     Objective Bounds      |     Work
 Expl Unexpl |  Obj  Depth IntInf | Incumbent    BestBd   Gap | It/Node Time

     0     0 8042482.93    0   26 9975000.00 8042482.93  19.4%     -    0s
     0     0 8391358.39    0   22 9975000.00 8391358.39  15.9%     -    0s
     0     0 8414924.17    0   30 9975000.00 8414924.17  15.6%     -    0s
     0     0 8570027.80    0   23 9975000.00 8570027.80  14.1%     -    0s
     0     0 8575915.54    0   30 9975000.00 8575915.54  14.0%     -    0s
     0     0 8575915.54    0   30 9975000.00 8575915.54  14.0%     -    0s
     0     0 8605079.13    0   32 9975000.00 8605079.13  13.7%     -    0s
     0     0 8605079.13    0   32 9975000.00 8605079.13  13.7%     -    0s
     0     0 8606833.79    0   32 9975000.00 8606833.79  13.7%     -    0s
     0     0 8620072.05    0   32 9975000.00 8620072.05  13.6%     -    0s
     0     0 8620072.05    0   32 9975000.00 8620072.05  13.6%     -    0s
     0     2 8620072.05    0   32 9975000.00 8620072.05  13.6%     -    0s

Cutting planes:
  Learned: 1
  Gomory: 6
  Cover: 1
  Implied bound: 34
  MIR: 24
  Flow cover: 16
  RLT: 2
  Relax-and-lift: 3

Explored 311 nodes (30070 simplex iterations) in 1.76 seconds (3.08 work units)
Thread count was 10 (of 10 available processors)

Solution count 1: 9.975e+06 

Optimal solution found (tolerance 5.00e-03)
Best objective 9.975000000000e+06, best bound 9.975000000000e+06, gap 0.0000%
