
Gurobi 13.0.3 (mac64[arm]) logging started Sat Sep 26 12:18:38 2026

Set parameter LogFile to value "/Users/ashutosh/Desktop/Two-stage-Model/certainty_results/full/solves/nw_5_05_10M_phase1.log"
Gurobi Optimizer version 13.0.3 build v13.0.3rc0 (mac64[arm] - Darwin 27.0.0 26A428)

CPU model: Apple M1 Pro
Thread count: 10 physical cores, 10 logical processors, using up to 10 threads

Non-default parameters:
TimeLimit  21600
MIPGap  0.005
Method  2
LogToConsole  0

Optimize a model with 13540 rows, 5548 columns and 38126 nonzeros (Min)
Model fingerprint: 0xcfbf65aa
Model has 663 linear objective coefficients and an objective constant of 396.859633
Variable types: 3498 continuous, 2050 integer (1688 binary)
Coefficient statistics:
  Matrix range     [1e-03, 1e+05]
  Objective range  [1e+00, 1e+00]
  Bounds range     [1e+00, 3e+00]
  RHS range        [1e-02, 1e+07]

Loaded user MIP start with objective 47.8479
MIP start from previous solve did not produce a new incumbent solution

Presolve removed 11444 rows and 3826 columns
Presolve time: 0.07s
Presolved: 2096 rows, 1722 columns, 7903 nonzeros
Variable types: 1466 continuous, 256 integer (256 binary)
Root barrier log...

Ordering time: 0.00s

Barrier statistics:
 AA' NZ     : 2.760e+04
 Factor NZ  : 8.656e+04 (roughly 2 MB of memory)
 Factor Ops : 7.030e+06 (less than 1 second per iteration)
 Threads    : 10

                  Objective                Residual
Iter       Primal          Dual         Primal    Dual     Compl     Time
   0  -1.62694651e+06 -6.07486988e+05  5.50e+04 2.69e+00  2.42e+04     0s
   1  -4.87601954e+05 -6.93614206e+05  1.65e+04 6.39e+00  7.46e+03     0s
   2  -5.50026825e+04 -5.43676732e+05  1.87e+03 9.51e-02  9.29e+02     0s
   3  -7.53984362e+02 -2.98910745e+05  3.25e+01 3.55e-14  7.87e+01     0s
   4   8.85433269e+01 -4.84508099e+04  4.09e+00 7.82e-14  1.15e+01     0s
   5   1.63285020e+02 -1.60139833e+04  8.62e-01 1.42e-13  3.65e+00     0s
   6   1.50763132e+02 -5.51673715e+03  1.34e-01 5.33e-14  1.25e+00     0s
   7   1.05051859e+02 -1.42217152e+03  3.18e-03 7.11e-15  3.36e-01     0s
   8   5.16157389e+01 -2.14624919e+02  3.92e-04 4.44e-15  5.85e-02     0s
   9   3.63062597e+01 -1.00036716e+02  1.95e-04 7.11e-15  3.00e-02     0s
  10   2.19061517e+01 -4.96761899e+01  3.70e-05 3.55e-15  1.57e-02     0s
  11   1.72055233e+01 -7.97720333e+00  1.14e-05 7.11e-15  5.54e-03     0s
  12   1.53655537e+01  4.45400272e+00  4.62e-06 3.55e-15  2.40e-03     0s
  13   1.42981260e+01  1.22238253e+01  1.19e-06 7.11e-15  4.56e-04     0s
  14   1.40172895e+01  1.32473622e+01  3.24e-07 3.55e-15  1.69e-04     0s
  15   1.39281044e+01  1.34999943e+01  1.24e-07 3.55e-15  9.41e-05     0s
  16   1.38924376e+01  1.37404527e+01  4.64e-08 3.55e-15  3.34e-05     0s
  17   1.38807180e+01  1.37899925e+01  3.03e-08 3.55e-15  1.99e-05     0s
  18   1.38709993e+01  1.38237389e+01  1.65e-08 3.55e-15  1.04e-05     0s
  19   1.38605604e+01  1.38408687e+01  8.92e-10 3.55e-15  4.33e-06     0s
  20   1.38591194e+01  1.38570389e+01  8.78e-11 7.11e-15  4.57e-07     0s
  21   1.38588528e+01  1.38587257e+01  4.99e-11 3.55e-15  2.80e-08     0s
  22   1.38588250e+01  1.38588236e+01  1.47e-10 7.11e-15  3.06e-10     0s

Barrier solved model in 22 iterations and 0.15 seconds (0.14 work units)
Optimal objective 1.38588250e+01

Crossover time: 0.02 seconds (0.03 work units)

Root relaxation: objective 1.385882e+01, 386 iterations, 0.07 seconds (0.07 work units)

    Nodes    |    Current Node    |     Objective Bounds      |     Work
 Expl Unexpl |  Obj  Depth IntInf | Incumbent    BestBd   Gap | It/Node Time

     0     0   13.85882    0   33   47.84793   13.85882  71.0%     -    0s
H    0     0                      23.3172614   13.85882  40.6%     -    0s
     0     0   14.22342    0   31   23.31726   14.22342  39.0%     -    0s
H    0     0                      22.8068841   14.22342  37.6%     -    0s
     0     0   14.42785    0   31   22.80688   14.42785  36.7%     -    0s
     0     0   14.42785    0   29   22.80688   14.42785  36.7%     -    0s
     0     0   14.42785    0   29   22.80688   14.42785  36.7%     -    0s
     0     0   14.58855    0   29   22.80688   14.58855  36.0%     -    0s
     0     0   14.61047    0   29   22.80688   14.61047  35.9%     -    0s
     0     0   14.61047    0   29   22.80688   14.61047  35.9%     -    0s
     0     2   14.61047    0   29   22.80688   14.61047  35.9%     -    0s
H   31    41                      22.8068841   14.94880  34.5%   112    0s
H   35    41                      22.3640625   14.94880  33.2%   120    0s
H   39    41                      22.3368841   14.94880  33.1%   121    0s
H  169   180                      22.3368841   14.94880  33.1%  74.5    0s
H  174   180                      22.3368840   14.94880  33.1%  72.7    0s
H  188   198                      20.0235750   14.94880  25.3%  72.0    0s
H  193   198                      19.3358878   14.94880  22.7%  71.6    0s
H  275   228                      18.3254605   15.02330  18.0%  72.4    1s
H  341   276                      18.0039038   15.02330  16.6%  69.4    1s
H  346   276                      17.8487995   15.02330  15.8%  69.1    1s
*  348   276              26      17.8423720   15.02330  15.8%  68.7    1s
H  422   288                      17.8423719   15.78831  11.5%  64.4    1s
*  576   365              37      17.1067138   15.84368  7.38%  60.8    1s
*  577   365              36      17.1067109   15.84368  7.38%  60.7    1s
H  656   351                      17.1067109   15.97126  6.64%  60.2    1s
H  921   315                      17.1067094   16.36618  4.33%  63.0    1s
H 1064   272                      17.0863576   16.46701  3.62%  62.6    1s
H 1096   272                      17.0053600   16.60128  2.38%  62.5    1s
H 1134   138                      16.7885474   16.70733  0.48%  61.3    1s

Cutting planes:
  Learned: 1
  Gomory: 7
  Cover: 9
  Implied bound: 47
  MIR: 27
  Flow cover: 13
  Relax-and-lift: 1

Explored 1280 nodes (71452 simplex iterations) in 1.92 seconds (4.38 work units)
Thread count was 10 (of 10 available processors)

Solution count 10: 16.7885 17.0054 17.0864 ... 17.8488

Optimal solution found (tolerance 5.00e-03)
Best objective 1.678854738886e+01, best bound 1.678850086259e+01, gap 0.0003%
