
Gurobi 13.0.3 (mac64[arm]) logging started Sat Sep 26 12:19:58 2026

Set parameter LogFile to value "/Users/ashutosh/Desktop/Two-stage-Model/certainty_results/full/solves/nw_5_25_30M_phase1.log"
Gurobi Optimizer version 13.0.3 build v13.0.3rc0 (mac64[arm] - Darwin 27.0.0 26A428)

CPU model: Apple M1 Pro
Thread count: 10 physical cores, 10 logical processors, using up to 10 threads

Non-default parameters:
TimeLimit  21600
MIPGap  0.005
Method  2
LogToConsole  0

Optimize a model with 13528 rows, 5548 columns and 38090 nonzeros (Min)
Model fingerprint: 0xb4c8cc1f
Model has 663 linear objective coefficients and an objective constant of 396.859633
Variable types: 3498 continuous, 2050 integer (1688 binary)
Coefficient statistics:
  Matrix range     [1e-03, 1e+05]
  Objective range  [1e+00, 1e+00]
  Bounds range     [1e+00, 3e+00]
  RHS range        [1e-02, 3e+07]

Loaded user MIP start with objective 5.39014
MIP start from previous solve did not produce a new incumbent solution

Presolve removed 11564 rows and 3846 columns
Presolve time: 0.07s
Presolved: 1964 rows, 1702 columns, 7532 nonzeros
Variable types: 1455 continuous, 247 integer (247 binary)
Root barrier log...

Ordering time: 0.00s

Barrier statistics:
 AA' NZ     : 2.530e+04
 Factor NZ  : 7.534e+04 (roughly 2 MB of memory)
 Factor Ops : 5.139e+06 (less than 1 second per iteration)
 Threads    : 10

                  Objective                Residual
Iter       Primal          Dual         Primal    Dual     Compl     Time
   0  -8.31510696e+05 -5.52805297e+05  2.46e+04 2.69e+00  1.24e+04     0s
   1  -2.51377102e+05 -5.45748876e+05  7.46e+03 7.73e+00  3.87e+03     0s
   2  -1.78926976e+03 -4.01256786e+05  5.88e+01 4.80e-14  1.20e+02     0s
   3   3.47734071e+01 -5.91877735e+04  4.73e+00 3.55e-14  1.49e+01     0s
   4   1.59496066e+02 -1.15533171e+04  6.98e-01 3.55e-14  2.77e+00     0s
   5   1.37993508e+02 -4.04231155e+03  4.85e-02 5.12e-13  9.61e-01     0s
   6   9.13176707e+01 -1.28219231e+03  1.19e-02 1.49e-13  3.15e-01     0s
   7   4.28545107e+01 -2.80791280e+02  2.44e-03 2.13e-14  7.42e-02     0s
   8   2.33635100e+01 -1.02700653e+02  1.12e-03 7.11e-15  2.89e-02     0s
   9   1.02034802e+01 -3.08708657e+01  3.47e-04 7.11e-15  9.42e-03     0s
  10   4.41602713e+00 -5.80206139e+00  3.98e-05 7.11e-15  2.34e-03     0s
  11   2.81883459e+00 -2.33328903e-01  1.27e-05 7.11e-15  7.00e-04     0s
  12   2.28193903e+00  1.22692797e+00  6.21e-06 3.55e-15  2.42e-04     0s
  13   2.02362019e+00  1.52517587e+00  2.39e-06 3.55e-15  1.14e-04     0s
  14   1.89478889e+00  1.68511508e+00  1.01e-06 3.55e-15  4.81e-05     0s
  15   1.82032671e+00  1.75565778e+00  2.97e-07 3.55e-15  1.48e-05     0s
  16   1.80180572e+00  1.77688888e+00  9.18e-08 3.55e-15  5.71e-06     0s
  17   1.79564700e+00  1.78521922e+00  4.25e-08 7.11e-15  2.39e-06     0s
  18   1.79256446e+00  1.78804105e+00  1.74e-08 3.55e-15  1.04e-06     0s
  19   1.79125636e+00  1.78927907e+00  6.71e-09 3.55e-15  4.53e-07     0s
  20   1.79060323e+00  1.79017149e+00  1.53e-09 3.55e-15  9.90e-08     0s
  21   1.79045016e+00  1.79036511e+00  3.40e-10 3.55e-15  1.95e-08     0s
  22   1.79040283e+00  1.79040098e+00  2.25e-10 3.55e-15  4.24e-10     0s

Barrier solved model in 22 iterations and 0.14 seconds (0.10 work units)
Optimal objective 1.79040283e+00

Crossover time: 0.03 seconds (0.04 work units)

Root relaxation: objective 1.790402e+00, 569 iterations, 0.08 seconds (0.07 work units)

    Nodes    |    Current Node    |     Objective Bounds      |     Work
 Expl Unexpl |  Obj  Depth IntInf | Incumbent    BestBd   Gap | It/Node Time

     0     0    1.79040    0    9    5.39014    1.79040  66.8%     -    0s
H    0     0                       2.8467302    1.79040  37.1%     -    0s
     0     0    1.91919    0    8    2.84673    1.91919  32.6%     -    0s
     0     0    1.92077    0    9    2.84673    1.92077  32.5%     -    0s
     0     0    1.92772    0    7    2.84673    1.92772  32.3%     -    0s
     0     0    1.92934    0    8    2.84673    1.92934  32.2%     -    0s
     0     0    1.93340    0    9    2.84673    1.93340  32.1%     -    0s
     0     0    1.93340    0    8    2.84673    1.93340  32.1%     -    0s
     0     0    1.93508    0    8    2.84673    1.93508  32.0%     -    0s
     0     0    1.93508    0    8    2.84673    1.93508  32.0%     -    0s
     0     2    1.93508    0    8    2.84673    1.93508  32.0%     -    0s
H   24    28                       2.8108555    1.95648  30.4%   105    0s
H   47    58                       2.8084216    1.95748  30.3%  98.2    0s
H   64    58                       2.6878000    1.95748  27.2%  92.2    0s
*  105   101              16       2.2539700    2.03248  9.83%   100    0s
*  189    49              14       2.2169800    2.08434  5.98%  70.9    0s

Cutting planes:
  Cover: 8
  Implied bound: 16
  MIR: 6
  StrongCG: 1
  Flow cover: 5

Explored 258 nodes (14638 simplex iterations) in 0.87 seconds (1.45 work units)
Thread count was 10 (of 10 available processors)

Solution count 7: 2.21698 2.25397 2.6878 ... 5.39014

Optimal solution found (tolerance 5.00e-03)
Best objective 2.216980000000e+00, best bound 2.216980000000e+00, gap 0.0000%
