
Gurobi 13.0.3 (mac64[arm]) logging started Sat Sep 26 12:18:51 2026

Set parameter LogFile to value "/Users/ashutosh/Desktop/Two-stage-Model/certainty_results/full/solves/nw_5_05_70M_phase2.log"
Gurobi Optimizer version 13.0.3 build v13.0.3rc0 (mac64[arm] - Darwin 27.0.0 26A428)

CPU model: Apple M1 Pro
Thread count: 10 physical cores, 10 logical processors, using up to 10 threads

Non-default parameters:
TimeLimit  21600
MIPGap  0.005
Method  2
LogToConsole  0

Optimize a model with 13541 rows, 5548 columns and 38789 nonzeros (Min)
Model fingerprint: 0x5ae9dc72
Model has 724 linear objective coefficients
Variable types: 3498 continuous, 2050 integer (1688 binary)
Coefficient statistics:
  Matrix range     [1e-03, 1e+05]
  Objective range  [2e+04, 1e+05]
  Bounds range     [1e+00, 3e+00]
  RHS range        [1e-02, 7e+07]

Loaded user MIP start with objective 5.215e+07
MIP start from previous solve did not produce a new incumbent solution

Presolve removed 12396 rows and 4039 columns
Presolve time: 0.04s
Presolved: 1145 rows, 1509 columns, 5661 nonzeros
Found heuristic solution: objective 5.100000e+07
Variable types: 1308 continuous, 201 integer (201 binary)
Root barrier log...

Ordering time: 0.00s

Barrier statistics:
 AA' NZ     : 7.782e+03
 Factor NZ  : 3.408e+04 (roughly 1 MB of memory)
 Factor Ops : 1.940e+06 (less than 1 second per iteration)
 Threads    : 1

                  Objective                Residual
Iter       Primal          Dual         Primal    Dual     Compl     Time
   0   5.07061798e+07  3.48575598e+07  4.54e+03 4.23e+02  6.00e+04     0s
   1   5.03853704e+07  4.00105621e+07  4.02e+02 3.65e+02  7.94e+03     0s
   2   5.03775074e+07  4.58084171e+07  7.75e+01 1.05e+02  2.18e+03     0s
   3   5.03759673e+07  4.95213724e+07  2.67e+01 8.48e+00  4.39e+02     0s
   4   5.03757067e+07  5.00138377e+07  1.94e+01 3.01e+00  2.22e+02     0s
   5   5.03755168e+07  5.01535952e+07  1.41e+01 1.85e+00  1.49e+02     0s
   6   5.03753395e+07  5.02770491e+07  9.54e+00 1.01e+00  9.45e+01     0s
   7   5.03752306e+07  5.04147321e+07  6.67e+00 6.08e-01  6.44e+01     0s
   8   5.03752155e+07  5.04615459e+07  6.21e+00 5.53e-01  5.92e+01     0s
   9   5.03752041e+07  5.07815326e+07  5.86e+00 4.78e-01  6.99e+01     0s
  10   5.03752025e+07  5.09111800e+07  5.63e+00 4.59e-01  6.58e+01     0s
  11   5.03752117e+07  5.13015341e+07  5.37e+00 4.26e-01  6.17e+01     0s
  12   5.03752450e+07  5.31113787e+07  5.21e+00 4.05e-01  7.96e+01     0s
  13   5.03762282e+07  5.39016893e+07  5.08e+00 4.02e-01  6.28e+01     0s
  14   5.03908379e+07  5.39599030e+07  5.05e+00 4.01e-01  5.98e+01     0s
  15   5.03900481e+07  5.44697392e+07  5.04e+00 4.01e-01  6.24e+01     0s
  16   5.03854938e+07  5.93995326e+07  4.98e+00 3.95e-01  6.03e+01     0s
  17   5.03911021e+07  6.03583525e+07  4.96e+00 3.93e-01  5.25e+01     0s
  18   5.04055112e+07  6.23462375e+07  4.95e+00 3.92e-01  5.21e+01     0s
  19   5.04090243e+07  6.57472008e+07  4.95e+00 3.90e-01  5.43e+01     0s
  20   5.04133139e+07  6.61563879e+07  4.95e+00 3.89e-01  5.52e+01     0s
  21   5.31665680e+07  3.48575598e+07  1.47e+05 4.23e+02  1.77e+06     0s
  22   5.04685419e+07  1.47594371e+07  6.11e+03 2.73e-12  1.76e+05     0s
  23   5.04163451e+07  3.09950478e+07  2.30e+02 1.73e-11  1.18e+04     0s
  24   5.04053188e+07  4.73521692e+07  3.86e+01 5.46e-12  1.60e+03     0s
  25   5.03884037e+07  4.96459848e+07  1.63e+01 2.73e-11  4.52e+02     0s
  26   5.03835241e+07  5.02217480e+07  1.07e+01 2.42e-11  2.20e+02     0s
  27   5.03811667e+07  5.05335003e+07  7.69e+00 1.07e-10  1.53e+02     0s
  28   5.03798864e+07  5.16492498e+07  6.00e+00 3.73e-10  1.56e+02     0s

Barrier performed 28 iterations in 0.10 seconds (0.10 work units)
Objective cutoff exceeded


Root relaxation: cutoff, 0 iterations, 0.04 seconds (0.04 work units)

    Nodes    |    Current Node    |     Objective Bounds      |     Work
 Expl Unexpl |  Obj  Depth IntInf | Incumbent    BestBd   Gap | It/Node Time

     0     0     cutoff    0      5.1000e+07 5.1000e+07  0.00%     -    0s

Explored 1 nodes (0 simplex iterations) in 0.10 seconds (0.10 work units)
Thread count was 10 (of 10 available processors)

Solution count 2: 5.1e+07 5.215e+07 

Optimal solution found (tolerance 5.00e-03)
Best objective 5.100000000000e+07, best bound 5.100000000000e+07, gap 0.0000%
