
Gurobi 13.0.3 (mac64[arm]) logging started Sat Sep 26 12:17:12 2026

Set parameter LogFile to value "/Users/ashutosh/Desktop/Two-stage-Model/certainty_results/full/solves/w_5_15_10M_phase2.log"
Gurobi Optimizer version 13.0.3 build v13.0.3rc0 (mac64[arm] - Darwin 27.0.0 26A428)

CPU model: Apple M1 Pro
Thread count: 10 physical cores, 10 logical processors, using up to 10 threads

Non-default parameters:
TimeLimit  21600
MIPGap  0.005
Method  2
LogToConsole  0

Optimize a model with 13497 rows, 5548 columns and 38657 nonzeros (Min)
Model fingerprint: 0xfcc90eec
Model has 724 linear objective coefficients
Variable types: 3498 continuous, 2050 integer (1688 binary)
Coefficient statistics:
  Matrix range     [1e-03, 1e+05]
  Objective range  [2e+04, 1e+05]
  Bounds range     [1e+00, 3e+00]
  RHS range        [1e-02, 1e+07]

Loaded user MIP start with objective 9.95e+06
MIP start from previous solve did not produce a new incumbent solution

Presolve removed 11741 rows and 3893 columns
Presolve time: 0.05s
Presolved: 1756 rows, 1655 columns, 7333 nonzeros
Variable types: 1418 continuous, 237 integer (237 binary)
Root barrier log...

Ordering time: 0.00s

Barrier statistics:
 AA' NZ     : 2.195e+04
 Factor NZ  : 6.885e+04 (roughly 2 MB of memory)
 Factor Ops : 4.746e+06 (less than 1 second per iteration)
 Threads    : 10

                  Objective                Residual
Iter       Primal          Dual         Primal    Dual     Compl     Time
   0   1.20082860e+08 -9.14032076e+07  1.34e+05 4.55e-13  4.31e+06     0s
   1   4.78402996e+07 -1.00637338e+08  5.37e+04 1.62e+03  1.76e+06     0s
   2   5.49126780e+06 -8.77208384e+07  8.90e+02 4.55e-12  5.08e+04     0s
   3   1.69226806e+06 -1.42024260e+07  9.65e+01 7.46e-11  5.96e+03     0s
   4   7.03354124e+05 -2.74238547e+06  3.64e+01 1.46e-11  1.37e+03     0s
   5   3.01607046e+05 -1.22554581e+06  1.52e+01 1.82e-11  5.66e+02     0s
   6   1.48782659e+05 -5.63931013e+05  7.38e+00 4.00e-11  2.66e+02     0s
   7   9.29196532e+04 -1.60222275e+05  4.50e+00 8.00e-11  1.36e+02     0s
   8   8.73503794e+04 -5.92884853e+04  3.85e+00 1.75e-10  1.15e+02     0s
   9   9.98390515e+04  1.47025528e+05  3.56e+00 1.89e-10  1.02e+02     0s
  10   1.09600310e+05  2.75600632e+05  3.26e+00 1.16e-09  9.08e+01     0s
  11   1.13438482e+05  3.07022602e+05  3.18e+00 1.05e-09  8.78e+01     0s
  12   1.29733638e+05  3.49151642e+05  3.00e+00 3.49e-10  8.23e+01     0s
  13   1.36664228e+05  3.63325694e+05  2.94e+00 3.49e-10  8.05e+01     0s
  14   1.42977830e+05  3.82930165e+05  2.89e+00 3.20e-10  7.86e+01     0s
  15   1.47922270e+05  4.12878415e+05  2.85e+00 8.80e-10  7.67e+01     0s
  16   1.53191736e+05  4.74872309e+05  2.81e+00 6.40e-10  7.42e+01     0s
  17   1.56951452e+05  5.00320217e+05  2.78e+00 3.78e-10  7.34e+01     0s
  18   1.61885202e+05  5.86181664e+05  2.72e+00 3.78e-10  7.20e+01     0s
  19   1.68570235e+05  6.61848472e+05  2.67e+00 5.82e-10  7.10e+01     0s
  20   1.87122249e+05  6.84018569e+05  2.57e+00 6.98e-10  6.82e+01     0s
  21   2.04566559e+05  6.61987898e+05  2.51e+00 8.15e-10  6.66e+01     0s
  22   2.42978281e+05  7.44433663e+05  2.34e+00 6.52e-09  6.10e+01     0s
  23   2.50309914e+05  8.22950491e+05  2.31e+00 1.11e-09  6.30e+01     0s
  24   2.62576587e+05  9.11805626e+05  2.23e+00 1.05e-09  6.03e+01     0s
  25   2.73115553e+05  9.53272909e+05  2.18e+00 1.75e-10  5.75e+01     0s
  26   2.78359617e+05  1.14203428e+06  2.14e+00 8.03e-09  5.62e+01     0s
  27   2.88103270e+05  1.25056384e+06  2.12e+00 4.67e-08  5.91e+01     0s
  28   3.10955070e+05  1.27593181e+06  2.07e+00 9.06e-08  5.73e+01     0s
  29   1.10466779e+09 -2.13357856e+08  1.34e+06 9.09e-13  9.16e+07     0s
  30   4.04728107e+08 -2.55719841e+08  5.74e+05 3.72e+03  4.00e+07     0s
  31   2.09381620e+07 -2.76593808e+08  4.16e+04 9.09e-12  3.00e+06     0s
  32   4.74593703e+06 -1.93601267e+08  2.92e+02 1.64e-11  6.77e+04     0s
  33   3.15712322e+06 -4.01627541e+07  1.30e+02 1.64e-11  1.60e+04     0s
  34   1.30303228e+06 -1.17397578e+07  4.08e+01 1.46e-11  4.45e+03     0s
  35   4.90653531e+05 -3.41902953e+06  1.22e+01 9.46e-11  1.30e+03     0s
  36   2.39010522e+05 -1.27276849e+06  5.39e+00 2.47e-10  5.42e+02     0s
  37   2.03294352e+05 -5.99131883e+05  3.87e+00 2.33e-10  3.56e+02     0s
  38   2.04510629e+05 -4.07396985e+05  3.61e+00 2.62e-10  3.20e+02     0s
  39   2.10006500e+05 -3.33103954e+05  3.44e+00 4.37e-10  3.05e+02     0s
  40   2.17081991e+05 -1.56793551e+05  3.31e+00 1.83e-09  2.77e+02     0s
  41   2.25369968e+05  3.65202090e+02  3.12e+00 2.01e-09  2.51e+02     0s
  42   2.40566281e+05  1.15893004e+05  2.92e+00 2.04e-09  2.34e+02     0s
  43   2.58276524e+05  1.74820130e+05  2.73e+00 2.17e-09  2.21e+02     0s
  44   2.82809585e+05  2.16261037e+05  2.55e+00 2.39e-09  2.11e+02     0s
  45   3.06371708e+05  2.63301672e+05  2.41e+00 3.43e-09  2.02e+02     0s
  46   3.25894331e+05  4.01327042e+05  2.29e+00 9.78e-09  1.85e+02     0s
  47   3.35934087e+05  6.26675986e+05  2.22e+00 1.14e-08  1.79e+02     0s
  48   3.45181588e+05  9.34749464e+05  2.18e+00 7.45e-09  1.76e+02     0s
  49   3.85498242e+05  1.04266068e+06  2.08e+00 6.29e-09  1.68e+02     0s
  50   4.04784161e+05  1.18499624e+06  2.03e+00 4.89e-09  1.64e+02     0s
  51   4.33298408e+05  1.39957037e+06  1.98e+00 8.38e-09  1.58e+02     0s
  52   5.68702718e+05  1.40340680e+06  1.80e+00 3.13e-08  1.34e+02     0s
  53   6.20784031e+05  1.46517770e+06  1.72e+00 2.28e-08  1.29e+02     0s
  54   6.48553234e+05  1.55743230e+06  1.68e+00 2.15e-08  1.24e+02     0s
  55   6.80333882e+05  2.15920122e+06  1.63e+00 2.79e-08  1.16e+02     0s
  56   7.13489307e+05  2.34997735e+06  1.59e+00 3.00e-08  1.13e+02     0s
  57   7.17457990e+05  2.39081321e+06  1.59e+00 3.14e-08  1.12e+02     0s
  58   7.62796563e+05  2.41035532e+06  1.56e+00 3.21e-08  1.12e+02     0s
  59   7.89066382e+05  2.57350993e+06  1.54e+00 2.42e-08  1.08e+02     0s
  60   8.97058600e+05  2.66285334e+06  1.46e+00 2.15e-07  1.02e+02     0s
  61   1.06727819e+06  2.55409252e+06  1.35e+00 1.10e-07  1.05e+02     0s
  62   1.15054340e+06  2.74996979e+06  1.29e+00 1.28e-07  1.01e+02     0s
  63   1.18512894e+06  2.79243743e+06  1.27e+00 8.61e-09  9.99e+01     0s
  64   1.19444941e+06  2.81045455e+06  1.26e+00 9.08e-09  9.94e+01     0s
  65   1.20071360e+06  2.82504953e+06  1.26e+00 2.47e-08  9.90e+01     0s
  66   1.20568181e+06  2.85813750e+06  1.25e+00 4.54e-08  9.78e+01     0s
  67   1.25095427e+06  3.14369169e+06  1.23e+00 8.52e-08  9.40e+01     0s
  68   1.27694648e+06  3.16384555e+06  1.21e+00 8.75e-08  9.38e+01     0s
  69   1.37975644e+06  3.24681496e+06  1.16e+00 1.45e-07  9.23e+01     0s
  70   1.50759003e+06  3.21232710e+06  1.09e+00 5.61e-07  8.72e+01     0s
  71   1.57375016e+06  3.32742993e+06  1.06e+00 4.60e-07  8.58e+01     0s
  72   1.58488939e+06  3.20322240e+06  1.05e+00 5.10e-07  8.57e+01     0s
  73   1.67068268e+06  3.33768565e+06  1.02e+00 1.81e-07  8.28e+01     0s
  74   1.82643642e+06  3.66171431e+06  9.43e-01 2.85e-07  7.28e+01     0s
  75   1.85598188e+06  3.70563285e+06  9.31e-01 2.66e-07  7.27e+01     0s
  76   1.90466307e+06  3.82316646e+06  9.11e-01 5.09e-07  7.11e+01     0s
  77   1.96959672e+06  3.88445924e+06  8.84e-01 6.01e-08  6.95e+01     0s
  78   2.04021418e+06  3.99261524e+06  8.56e-01 5.68e-08  6.64e+01     0s
  79   2.06538150e+06  4.12216134e+06  8.46e-01 7.36e-08  6.53e+01     0s
  80   2.32212206e+06  4.15712698e+06  7.47e-01 1.53e-07  5.93e+01     0s
  81   2.34208259e+06  4.20947989e+06  7.40e-01 1.53e-07  5.76e+01     0s
  82   2.34405114e+06  4.24588426e+06  7.39e-01 1.44e-07  5.75e+01     0s
  83   2.34717746e+06  4.45227620e+06  7.38e-01 1.42e-07  5.75e+01     0s
  84   2.37912979e+06  4.70345131e+06  7.31e-01 6.30e-08  5.98e+01     0s
  85   2.48651165e+06  4.24469313e+06  7.03e-01 4.04e-07  6.49e+01     0s
  86   2.52919391e+06  5.08376236e+06  6.93e-01 4.02e-07  6.43e+01     0s
  87   2.64518406e+06  5.02433701e+06  6.71e-01 7.17e-07  7.13e+01     0s
  88   2.96139709e+06  5.72693997e+06  6.08e-01 4.27e-06  6.39e+01     0s
  89   3.05001644e+06  5.94439704e+06  5.91e-01 1.27e-06  5.93e+01     0s
  90   3.09796856e+06  6.13877507e+06  5.83e-01 1.37e-06  6.03e+01     0s
  91   3.15877922e+06  6.20198957e+06  5.72e-01 1.30e-06  6.01e+01     0s
  92   3.22823879e+06  6.27131617e+06  5.61e-01 6.57e-07  6.08e+01     0s
  93   3.26883479e+06  6.36461587e+06  5.54e-01 3.89e-07  6.00e+01     0s
  94   3.30012843e+06  6.89328508e+06  5.49e-01 2.43e-07  5.82e+01     0s
  95   3.32444200e+06  7.57840571e+06  5.45e-01 3.94e-07  5.76e+01     0s
  96   3.61998959e+06  7.46871913e+06  5.11e-01 1.55e-06  6.18e+01     0s
  97   3.94317628e+06  7.66515146e+06  4.72e-01 5.34e-06  5.64e+01     0s
  98   4.89961465e+06  7.19879867e+06  3.58e-01 5.31e-05  8.79e+01     0s
  99   4.95986833e+06  7.48882754e+06  3.51e-01 3.62e-05  6.34e+01     0s
 100   5.02906522e+06  7.63011916e+06  3.43e-01 1.05e-06  6.70e+01     0s
 101   5.21876090e+06  7.54242545e+06  3.20e-01 9.72e-06  6.85e+01     0s
 102   5.25134735e+06  8.06046750e+06  3.16e-01 1.56e-06  6.43e+01     0s
 103   5.29485073e+06  8.04351765e+06  3.12e-01 1.29e-06  6.41e+01     0s
 104   5.33284429e+06  8.17978551e+06  3.08e-01 3.08e-06  6.20e+01     0s
 105   5.41752316e+06  8.20091473e+06  3.00e-01 1.14e-06  6.07e+01     0s
 106   5.53281400e+06  8.24109589e+06  2.88e-01 7.42e-06  5.77e+01     0s
 107   5.58609992e+06  8.24769749e+06  2.83e-01 6.65e-06  5.66e+01     0s
 108   5.68661806e+06  8.25617398e+06  2.73e-01 9.44e-06  5.54e+01     0s
 109   5.80513736e+06  8.25754771e+06  2.61e-01 1.00e-05  5.41e+01     0s
 110   5.90532819e+06  8.26818853e+06  2.52e-01 1.30e-05  5.26e+01     0s
 111   6.05980452e+06  8.28433887e+06  2.36e-01 7.56e-06  5.06e+01     0s
 112   6.12921302e+06  8.36106764e+06  2.30e-01 8.01e-06  5.01e+01     0s
 113   6.16771113e+06  8.43187088e+06  2.26e-01 7.15e-06  4.94e+01     0s
 114   6.44569400e+06  8.44153021e+06  2.00e-01 4.04e-06  4.71e+01     0s
 115   6.83386844e+06  8.47220198e+06  1.64e-01 1.54e-05  2.93e+01     0s
 116   6.84909896e+06  8.53676246e+06  1.63e-01 1.15e-05  2.59e+01     0s
 117   6.85322434e+06  8.60010820e+06  1.63e-01 1.14e-05  2.58e+01     0s
 118   6.85787216e+06  8.58268647e+06  1.62e-01 1.14e-05  2.58e+01     0s
 119   6.86170391e+06  8.64603942e+06  1.62e-01 1.94e-07  2.58e+01     0s
 120   6.86930832e+06  8.99718983e+06  1.61e-01 1.49e-06  2.63e+01     0s
 121   6.89841164e+06  8.99271673e+06  1.59e-01 1.40e-06  2.72e+01     0s
 122   6.98481835e+06  9.08042502e+06  1.53e-01 5.96e-06  2.64e+01     0s
 123   7.91328906e+06  9.01821916e+06  8.89e-02 1.07e-05  3.02e+01     0s
 124   7.94518774e+06  9.10899370e+06  8.67e-02 4.89e-05  2.06e+01     0s
 125   7.95482481e+06  9.17550173e+06  8.59e-02 2.55e-06  2.03e+01     0s
 126   7.97325366e+06  9.23408590e+06  8.45e-02 2.38e-06  1.97e+01     0s
 127   8.33248123e+06  9.17280874e+06  6.22e-02 6.71e-06  2.40e+01     0s
 128   9.02160375e+06  9.26480896e+06  1.82e-02 3.59e-05  1.04e+01     0s
 129   9.05517164e+06  9.28749621e+06  1.60e-02 2.60e-05  5.24e+00     0s
 130   9.07605470e+06  9.29993541e+06  1.45e-02 1.08e-05  4.83e+00     0s
 131   9.08559139e+06  9.30573306e+06  1.39e-02 1.13e-05  4.67e+00     0s
 132   9.11740507e+06  9.30125894e+06  1.19e-02 1.12e-05  4.09e+00     0s
 133   9.13494806e+06  9.30491753e+06  1.09e-02 9.99e-06  4.02e+00     0s
 134   9.19476702e+06  9.31032929e+06  7.28e-03 1.79e-05  2.52e+00     0s
 135   9.23514610e+06  9.31325241e+06  4.86e-03 1.36e-05  1.45e+00     0s
 136   9.29222595e+06  9.31462701e+06  1.42e-03 1.42e-05  5.33e-01     0s
 137   9.30195877e+06  9.31533747e+06  8.34e-04 1.39e-05  2.57e-01     0s
 138   9.31400829e+06  9.31542475e+06  1.06e-04 1.18e-05  1.01e-01     0s
 139   9.31572845e+06  9.31570234e+06  1.59e-06 1.34e-05  1.29e-02     0s
 140   9.31574795e+06  9.31574667e+06  3.46e-07 1.74e-06  1.76e-03     0s
 141   9.31575263e+06  9.31575254e+06  3.88e-08 1.20e-06  1.84e-04     0s
 142   9.31575317e+06  9.31575319e+06  4.09e-09 7.75e-07  1.37e-06     0s
 143   9.31575319e+06  9.31575319e+06  4.55e-13 6.41e-07  9.90e-12     0s

Barrier solved model in 143 iterations and 0.29 seconds (0.23 work units)
Optimal objective 9.31575319e+06

Crossover time: 0.01 seconds (0.01 work units)

Root relaxation: objective 9.315753e+06, 165 iterations, 0.23 seconds (0.16 work units)

    Nodes    |    Current Node    |     Objective Bounds      |     Work
 Expl Unexpl |  Obj  Depth IntInf | Incumbent    BestBd   Gap | It/Node Time

     0     0 9315753.19    0    9 9950000.00 9315753.19  6.37%     -    0s
H    0     0                    9725000.0000 9315753.19  4.21%     -    0s

Cutting planes:
  Implied bound: 2
  MIR: 4
  Flow cover: 1
  RLT: 2

Explored 1 nodes (165 simplex iterations) in 0.37 seconds (0.29 work units)
Thread count was 10 (of 10 available processors)

Solution count 2: 9.725e+06 9.95e+06 

Optimal solution found (tolerance 5.00e-03)
Best objective 9.725000000000e+06, best bound 9.725000000000e+06, gap 0.0000%
