
Gurobi 13.0.3 (mac64[arm]) logging started Sat Sep 26 12:17:18 2026

Set parameter LogFile to value "/Users/ashutosh/Desktop/Two-stage-Model/certainty_results/full/solves/w_5_25_40M_phase1.log"
Gurobi Optimizer version 13.0.3 build v13.0.3rc0 (mac64[arm] - Darwin 27.0.0 26A428)

CPU model: Apple M1 Pro
Thread count: 10 physical cores, 10 logical processors, using up to 10 threads

Non-default parameters:
TimeLimit  21600
MIPGap  0.005
Method  2
LogToConsole  0

Optimize a model with 13509 rows, 5548 columns and 38033 nonzeros (Min)
Model fingerprint: 0x76604eaf
Model has 663 linear objective coefficients and an objective constant of 396.859633
Variable types: 3498 continuous, 2050 integer (1688 binary)
Coefficient statistics:
  Matrix range     [1e-03, 1e+05]
  Objective range  [1e+00, 1e+00]
  Bounds range     [1e+00, 3e+00]
  RHS range        [1e-02, 4e+07]

Loaded user MIP start with objective 0.32436
MIP start from previous solve did not produce a new incumbent solution

Presolve removed 12140 rows and 3965 columns
Presolve time: 0.05s
Presolved: 1369 rows, 1583 columns, 5899 nonzeros
Variable types: 1366 continuous, 217 integer (217 binary)
Root barrier log...

Ordering time: 0.00s

Barrier statistics:
 AA' NZ     : 1.324e+04
 Factor NZ  : 4.685e+04 (roughly 2 MB of memory)
 Factor Ops : 2.725e+06 (less than 1 second per iteration)
 Threads    : 1

                  Objective                Residual
Iter       Primal          Dual         Primal    Dual     Compl     Time
   0  -6.22172394e+04 -2.01001613e+05  2.58e+02 2.75e+00  8.71e+02     0s
   1  -6.56237106e+03 -1.43922096e+05  2.73e+01 2.33e+00  1.21e+02     0s
   2  -5.31719711e+02 -7.26006169e+04  2.70e+00 6.71e-01  2.69e+01     0s
   3  -4.60649775e+01 -3.25887661e+04  5.97e-01 2.18e-01  1.01e+01     0s
   4   5.02813595e+01 -3.57771602e+03  4.33e-02 2.57e-03  1.03e+00     0s
   5   4.54228358e+01 -3.56069115e+02  4.61e-05 1.42e-14  1.10e-01     0s
   6   1.43070018e+01 -7.61770515e+01  3.24e-07 7.11e-15  2.47e-02     0s
   7   3.44757683e+00 -3.74241955e+01  6.11e-08 5.33e-15  1.12e-02     0s
   8   5.51724191e-01 -8.11561932e+00  1.44e-09 7.11e-15  2.36e-03     0s
   9   6.27656603e-02 -8.98671691e-01  1.45e-11 3.55e-15  2.62e-04     0s
  10   6.94290223e-03 -5.49673124e-02  1.15e-11 3.55e-15  1.68e-05     0s
  11   5.72507593e-04 -5.65253371e-03  1.07e-11 3.55e-15  1.69e-06     0s
  12   2.58100908e-06 -1.56681315e-05  1.85e-11 7.11e-15  4.95e-09     0s
  13   2.58120281e-09 -1.56982196e-08  1.84e-11 3.55e-15  4.95e-12     0s

Barrier solved model in 13 iterations and 0.09 seconds (0.09 work units)
Optimal objective 2.58120281e-09

Crossover time: 0.01 seconds (0.01 work units)

Root relaxation: objective -3.410605e-13, 366 iterations, 0.04 seconds (0.04 work units)

    Nodes    |    Current Node    |     Objective Bounds      |     Work
 Expl Unexpl |  Obj  Depth IntInf | Incumbent    BestBd   Gap | It/Node Time

     0     0    0.00000    0    1    0.32436    0.00000   100%     -    0s
     0     0    0.00000    0    4    0.32436    0.00000   100%     -    0s
     0     0    0.00000    0    4    0.32436    0.00000   100%     -    0s
     0     0    0.00000    0    3    0.32436    0.00000   100%     -    0s
     0     0    0.00000    0    3    0.32436    0.00000   100%     -    0s
     0     0    0.00000    0    3    0.32436    0.00000   100%     -    0s
     0     0    0.00000    0    3    0.32436    0.00000   100%     -    0s
     0     0    0.00000    0    3    0.32436    0.00000   100%     -    0s
     0     2    0.00000    0    3    0.32436    0.00000   100%     -    0s
*    2     1               1      -0.0000000   -0.00000  0.00%   299    0s

Cutting planes:
  Implied bound: 2
  MIR: 6

Explored 3 nodes (1203 simplex iterations) in 0.37 seconds (0.48 work units)
Thread count was 10 (of 10 available processors)

Solution count 2: -3.41061e-13 0.32436 

Optimal solution found (tolerance 5.00e-03)
Best objective -3.410605131648e-13, best bound -3.410605131648e-13, gap 0.0000%
