
Gurobi 13.0.3 (mac64[arm]) logging started Sat Sep 26 12:16:56 2026

Set parameter LogFile to value "/Users/ashutosh/Desktop/Two-stage-Model/certainty_results/full/solves/w_5_05_10M_phase1.log"
Gurobi Optimizer version 13.0.3 build v13.0.3rc0 (mac64[arm] - Darwin 27.0.0 26A428)

CPU model: Apple M1 Pro
Thread count: 10 physical cores, 10 logical processors, using up to 10 threads

Non-default parameters:
TimeLimit  21600
MIPGap  0.005
Method  2
LogToConsole  0

Optimize a model with 13541 rows, 5548 columns and 38129 nonzeros (Min)
Model fingerprint: 0x536a81fa
Model has 663 linear objective coefficients and an objective constant of 396.859633
Variable types: 3498 continuous, 2050 integer (1688 binary)
Coefficient statistics:
  Matrix range     [1e-03, 1e+05]
  Objective range  [1e+00, 1e+00]
  Bounds range     [1e+00, 3e+00]
  RHS range        [1e-02, 1e+07]

Loaded user MIP start with objective 43.1601
MIP start from previous solve produced solution with objective 43.1601 (0.06s)
MIP start from previous solve produced solution with objective 43.1601 (0.06s)
Loaded MIP start from previous solve with objective 43.1601

Presolve removed 11449 rows and 3800 columns
Presolve time: 0.06s
Presolved: 2092 rows, 1748 columns, 7876 nonzeros
Variable types: 1496 continuous, 252 integer (252 binary)
Root barrier log...

Ordering time: 0.00s

Barrier statistics:
 AA' NZ     : 2.722e+04
 Factor NZ  : 8.189e+04 (roughly 2 MB of memory)
 Factor Ops : 5.741e+06 (less than 1 second per iteration)
 Threads    : 10

                  Objective                Residual
Iter       Primal          Dual         Primal    Dual     Compl     Time
   0  -1.65749110e+06 -5.83963403e+05  4.76e+04 2.68e+00  2.36e+04     0s
   1  -6.96155281e+05 -6.50048301e+05  2.00e+04 6.47e+00  1.01e+04     0s
   2  -9.86426891e+04 -5.62025533e+05  2.85e+03 2.13e-14  1.55e+03     0s
   3  -2.34725019e+03 -3.61755785e+05  7.25e+01 3.38e-14  1.14e+02     0s
   4  -3.00369123e+01 -7.77404671e+04  6.73e+00 2.13e-14  1.91e+01     0s
   5   1.74112056e+02 -8.05759438e+03  5.64e-01 2.84e-14  1.87e+00     0s
   6   1.46355974e+02 -3.84659475e+03  1.06e-01 1.07e-14  8.85e-01     0s
   7   1.16960468e+02 -1.68223795e+03  2.77e-02 7.11e-15  3.97e-01     0s
   8   7.20216407e+01 -7.69699452e+02  3.67e-03 7.11e-15  1.85e-01     0s
   9   5.02802077e+01 -2.56588100e+02  1.72e-03 3.55e-15  6.75e-02     0s
  10   3.32656853e+01 -1.20466150e+02  9.18e-04 3.55e-15  3.38e-02     0s
  11   2.17344159e+01 -4.48343994e+01  3.65e-04 3.55e-15  1.46e-02     0s
  12   1.48045368e+01 -1.40461080e+01  1.21e-04 3.55e-15  6.35e-03     0s
  13   1.20731663e+01 -3.09279727e+00  5.36e-05 3.55e-15  3.34e-03     0s
  14   1.02409508e+01  7.39645884e+00  1.36e-05 7.11e-15  6.26e-04     0s
  15   9.67101651e+00  9.04174305e+00  2.66e-06 3.55e-15  1.38e-04     0s
  16   9.56522964e+00  9.33473513e+00  9.09e-07 3.55e-15  5.07e-05     0s
  17   9.53221487e+00  9.42191518e+00  4.18e-07 3.55e-15  2.43e-05     0s
  18   9.51818116e+00  9.45846098e+00  2.20e-07 3.55e-15  1.31e-05     0s
  19   9.50784872e+00  9.47524382e+00  8.79e-08 3.55e-15  7.17e-06     0s
  20   9.50205400e+00  9.49235270e+00  1.21e-08 3.55e-15  2.13e-06     0s
  21   9.50090572e+00  9.49944234e+00  3.47e-09 7.11e-15  3.22e-07     0s
  22   9.50047051e+00  9.50022978e+00  8.84e-10 3.55e-15  5.30e-08     0s
  23   9.50033287e+00  9.50030086e+00  1.50e-09 3.55e-15  7.04e-09     0s
  24   9.50031596e+00  9.50031456e+00  1.01e-09 3.55e-15  3.08e-10     0s

Barrier solved model in 24 iterations and 0.18 seconds (0.14 work units)
Optimal objective 9.50031596e+00

Crossover time: 0.02 seconds (0.03 work units)

Root relaxation: objective 9.500316e+00, 444 iterations, 0.09 seconds (0.07 work units)

    Nodes    |    Current Node    |     Objective Bounds      |     Work
 Expl Unexpl |  Obj  Depth IntInf | Incumbent    BestBd   Gap | It/Node Time

     0     0    9.50032    0   32   43.16006    9.50032  78.0%     -    0s
H    0     0                      15.9161321    9.50032  40.3%     -    0s
     0     0    9.78085    0   44   15.91613    9.78085  38.5%     -    0s
H    0     0                      11.7129908    9.78085  16.5%     -    0s
     0     0    9.83482    0   44   11.71299    9.83482  16.0%     -    0s
     0     0    9.83540    0   33   11.71299    9.83540  16.0%     -    0s
     0     0    9.84288    0   33   11.71299    9.84288  16.0%     -    0s
     0     0    9.85809    0   22   11.71299    9.85809  15.8%     -    0s
     0     0    9.85813    0   23   11.71299    9.85813  15.8%     -    0s
     0     0    9.86119    0   23   11.71299    9.86119  15.8%     -    0s
     0     0    9.86220    0   23   11.71299    9.86220  15.8%     -    0s
     0     0    9.86513    0   23   11.71299    9.86513  15.8%     -    0s
     0     0    9.86739    0   23   11.71299    9.86739  15.8%     -    0s
     0     0    9.86739    0   19   11.71299    9.86739  15.8%     -    0s
     0     2    9.86739    0   19   11.71299    9.86739  15.8%     -    0s
H   30    50                      10.8918635    9.92886  8.84%   105    0s
H   88    64                      10.8918634    9.92976  8.83%  63.8    0s
H   90    64                      10.8918634    9.92976  8.83%  63.8    0s
H  228   177                      10.8918632    9.92976  8.83%  58.0    1s
H  258   180                      10.6537461    9.92976  6.80%  61.1    1s
*  262   180              29      10.6535522    9.92976  6.79%  60.2    1s
H  266   180                      10.3376500    9.92976  3.95%  59.9    1s
H  363   133                      10.1782000   10.03485  1.41%  68.3    1s
H  420    89                      10.1067400   10.06225  0.44%  65.9    1s

Cutting planes:
  Cover: 9
  Implied bound: 21
  MIR: 37
  StrongCG: 1
  Flow cover: 14
  RLT: 2

Explored 454 nodes (30178 simplex iterations) in 1.50 seconds (2.82 work units)
Thread count was 10 (of 10 available processors)

Solution count 10: 10.1067 10.1782 10.3376 ... 15.9161

Optimal solution found (tolerance 5.00e-03)
Best objective 1.010674000000e+01, best bound 1.008019950590e+01, gap 0.2626%
