
Gurobi 13.0.3 (mac64[arm]) logging started Sat Sep 26 12:17:09 2026

Set parameter LogFile to value "/Users/ashutosh/Desktop/Two-stage-Model/certainty_results/full/solves/w_5_10_40M_phase2.log"
Gurobi Optimizer version 13.0.3 build v13.0.3rc0 (mac64[arm] - Darwin 27.0.0 26A428)

CPU model: Apple M1 Pro
Thread count: 10 physical cores, 10 logical processors, using up to 10 threads

Non-default parameters:
TimeLimit  21600
MIPGap  0.005
Method  2
LogToConsole  0

Optimize a model with 13534 rows, 5548 columns and 38768 nonzeros (Min)
Model fingerprint: 0x3046bd17
Model has 724 linear objective coefficients
Variable types: 3498 continuous, 2050 integer (1688 binary)
Coefficient statistics:
  Matrix range     [1e-03, 1e+05]
  Objective range  [2e+04, 1e+05]
  Bounds range     [1e+00, 3e+00]
  RHS range        [1e-02, 4e+07]

Loaded user MIP start with objective 3.905e+07
MIP start from previous solve did not produce a new incumbent solution

Presolve removed 12243 rows and 3982 columns
Presolve time: 0.04s
Presolved: 1291 rows, 1566 columns, 6059 nonzeros
Variable types: 1362 continuous, 204 integer (204 binary)
Root barrier log...

Ordering time: 0.00s

Barrier statistics:
 AA' NZ     : 1.393e+04
 Factor NZ  : 4.686e+04 (roughly 1 MB of memory)
 Factor Ops : 2.712e+06 (less than 1 second per iteration)
 Threads    : 1

                  Objective                Residual
Iter       Primal          Dual         Primal    Dual     Compl     Time
   0   4.17037306e+07 -5.02393379e+07  6.18e+03 2.70e+03  3.67e+05     0s
   1   3.85836482e+07 -2.85753793e+07  1.55e+03 2.23e+03  1.00e+05     0s
   2   3.83392870e+07  1.77168892e+07  1.66e+02 7.28e-12  1.25e+04     0s
   3   3.83075214e+07  3.41640309e+07  2.67e+01 1.09e-11  1.92e+03     0s
   4   3.82251291e+07  3.72252110e+07  4.02e+00 1.46e-11  3.73e+02     0s
   5   3.82045721e+07  3.80909563e+07  3.05e-01 2.91e-11  3.75e+01     0s
   6   3.81980565e+07  3.81654390e+07  9.01e-02 3.55e-11  1.07e+01     0s
   7   3.81954095e+07  3.81815963e+07  2.87e-02 1.23e-11  4.37e+00     0s
   8   3.81935095e+07  3.81892858e+07  4.78e-03 1.09e-11  1.27e+00     0s
   9   3.81928084e+07  3.81916236e+07  2.77e-04 7.28e-12  3.38e-01     0s
  10   3.81927087e+07  3.81921772e+07  6.79e-05 1.09e-11  1.51e-01     0s
  11   3.81926831e+07  3.81924872e+07  3.25e-05 1.46e-11  5.59e-02     0s
  12   3.81926606e+07  3.81926260e+07  8.02e-06 5.82e-11  9.95e-03     0s
  13   3.81926531e+07  3.81926501e+07  5.71e-07 2.62e-10  8.76e-04     0s
  14   3.81926528e+07  3.81926517e+07  2.94e-07 2.33e-10  3.36e-04     0s
  15   3.81926527e+07  3.81926525e+07  1.55e-07 5.24e-10  6.72e-05     0s
  16   3.81926525e+07  3.81926525e+07  1.02e-08 1.02e-09  3.25e-06     0s
  17   3.81926525e+07  3.81926525e+07  1.21e-07 1.05e-09  1.97e-06     0s
  18   3.81926525e+07  3.81926525e+07  1.11e-06 2.33e-10  2.01e-08     0s
  19   3.81926525e+07  3.81926525e+07  4.36e-07 2.04e-10  5.54e-11     0s

Barrier solved model in 19 iterations and 0.09 seconds (0.09 work units)
Optimal objective 3.81926525e+07

Crossover time: 0.01 seconds (0.01 work units)

Extra simplex iterations after uncrush: 204

Root relaxation: objective 3.819265e+07, 318 iterations, 0.05 seconds (0.05 work units)

    Nodes    |    Current Node    |     Objective Bounds      |     Work
 Expl Unexpl |  Obj  Depth IntInf | Incumbent    BestBd   Gap | It/Node Time

     0     0 3.8193e+07    0    9 3.9050e+07 3.8193e+07  2.20%     -    0s
H    0     0                    3.830000e+07 3.8193e+07  0.28%     -    0s
     0     0 3.8193e+07    0    9 3.8300e+07 3.8193e+07  0.28%     -    0s

Explored 1 nodes (318 simplex iterations) in 0.13 seconds (0.13 work units)
Thread count was 10 (of 10 available processors)

Solution count 2: 3.83e+07 3.905e+07 

Optimal solution found (tolerance 5.00e-03)
Best objective 3.830000000000e+07, best bound 3.830000000000e+07, gap 0.0000%
