
Gurobi 13.0.3 (mac64[arm]) logging started Sat Sep 26 12:17:09 2026

Set parameter LogFile to value "/Users/ashutosh/Desktop/Two-stage-Model/certainty_results/full/solves/w_5_10_30M_phase2.log"
Gurobi Optimizer version 13.0.3 build v13.0.3rc0 (mac64[arm] - Darwin 27.0.0 26A428)

CPU model: Apple M1 Pro
Thread count: 10 physical cores, 10 logical processors, using up to 10 threads

Non-default parameters:
TimeLimit  21600
MIPGap  0.005
Method  2
LogToConsole  0

Optimize a model with 13534 rows, 5548 columns and 38768 nonzeros (Min)
Model fingerprint: 0x015e8e60
Model has 724 linear objective coefficients
Variable types: 3498 continuous, 2050 integer (1688 binary)
Coefficient statistics:
  Matrix range     [1e-03, 1e+05]
  Objective range  [2e+04, 1e+05]
  Bounds range     [1e+00, 3e+00]
  RHS range        [1e-02, 3e+07]

Loaded user MIP start with objective 2.995e+07
MIP start from previous solve did not produce a new incumbent solution

Presolve removed 12130 rows and 3929 columns
Presolve time: 0.06s
Presolved: 1404 rows, 1619 columns, 6334 nonzeros
Variable types: 1403 continuous, 216 integer (216 binary)
Root barrier log...

Ordering time: 0.00s

Barrier statistics:
 AA' NZ     : 1.358e+04
 Factor NZ  : 4.923e+04 (roughly 2 MB of memory)
 Factor Ops : 2.890e+06 (less than 1 second per iteration)
 Threads    : 1

                  Objective                Residual
Iter       Primal          Dual         Primal    Dual     Compl     Time
   0   6.22947859e+07 -3.82019408e+07  9.29e+04 4.55e-13  2.51e+06     0s
   1   3.91125818e+07 -3.79085881e+07  3.61e+04 9.72e+02  9.94e+05     0s
   2   2.45813886e+07 -2.65758965e+07  4.19e+02 3.64e-12  2.48e+04     0s
   3   2.36448845e+07  1.60994816e+07  7.86e+01 1.46e-11  3.31e+03     0s
   4   2.34225743e+07  2.12464586e+07  3.81e+01 9.09e-12  1.02e+03     0s
   5   2.38488875e+07  2.29295869e+07  3.06e+01 1.55e-10  5.85e+02     0s
   6   2.37492195e+07  2.34199006e+07  1.99e+01 2.09e-11  3.14e+02     0s
   7   2.40381565e+07  2.35593654e+07  1.36e+01 1.25e-10  3.04e+02     0s
   8   2.39624698e+07  2.38004910e+07  6.56e+00 3.27e-11  1.33e+02     0s
   9   2.40137243e+07  2.38249560e+07  5.03e+00 2.73e-11  1.20e+02     0s
  10   2.40002879e+07  2.39383584e+07  2.93e+00 1.95e-10  6.09e+01     0s
  11   2.40029314e+07  2.39698648e+07  2.25e+00 6.81e-11  4.54e+01     0s
  12   2.40044102e+07  2.40134643e+07  2.00e+00 3.74e-11  3.90e+01     0s
  13   2.40066373e+07  2.40319229e+07  1.76e+00 9.83e-11  3.48e+01     0s
  14   2.40148856e+07  2.41014524e+07  1.27e+00 5.82e-11  2.37e+01     0s
  15   2.40230466e+07  2.41749456e+07  1.16e+00 1.16e-10  2.25e+01     0s
  16   2.40305290e+07  2.41826203e+07  1.11e+00 1.78e-10  2.15e+01     0s
  17   2.40488132e+07  2.42088483e+07  1.00e+00 4.07e-10  1.92e+01     0s
  18   2.40494869e+07  2.42278677e+07  9.94e-01 5.24e-10  1.82e+01     0s
  19   2.40541061e+07  2.42360481e+07  9.71e-01 5.24e-10  1.78e+01     0s
  20   2.40585402e+07  2.42597001e+07  9.49e-01 9.31e-10  1.71e+01     0s
  21   2.40619198e+07  2.42530200e+07  9.36e-01 1.02e-09  1.69e+01     0s
  22   2.40778013e+07  2.42618637e+07  8.67e-01 8.15e-10  1.57e+01     0s
  23   2.40779819e+07  2.42702279e+07  8.65e-01 8.44e-10  1.54e+01     0s
  24   2.40847259e+07  2.42933706e+07  8.38e-01 3.11e-09  1.45e+01     0s
  25   2.40911900e+07  2.43573726e+07  8.13e-01 9.02e-09  1.39e+01     0s
  26   2.41013735e+07  2.43450633e+07  7.83e-01 8.50e-09  1.36e+01     0s
  27   2.41309083e+07  2.43544685e+07  7.03e-01 3.20e-09  1.30e+01     0s
  28   2.41704314e+07  2.43673002e+07  5.93e-01 6.40e-09  1.12e+01     0s
  29   2.41769754e+07  2.43732453e+07  5.75e-01 5.70e-09  1.04e+01     0s
  30   2.41798090e+07  2.43839665e+07  5.68e-01 2.74e-09  9.99e+00     0s
  31   2.41906675e+07  2.43879927e+07  5.39e-01 3.84e-09  9.06e+00     0s
  32   2.42173650e+07  2.43882131e+07  4.71e-01 4.95e-09  7.81e+00     0s
  33   2.42189099e+07  2.43923862e+07  4.67e-01 4.83e-09  7.44e+00     0s
  34   2.42351098e+07  2.43963806e+07  4.25e-01 1.37e-08  6.24e+00     0s
  35   2.42869740e+07  2.43993983e+07  2.97e-01 2.20e-08  4.29e+00     0s
  36   2.43112036e+07  2.44009993e+07  2.35e-01 1.57e-08  3.23e+00     0s
  37   2.43173541e+07  2.44021499e+07  2.19e-01 1.90e-08  2.95e+00     0s
  38   2.43250655e+07  2.44045008e+07  1.99e-01 1.64e-08  2.77e+00     0s
  39   2.43287940e+07  2.44085621e+07  1.88e-01 1.40e-08  2.57e+00     0s
  40   2.43322618e+07  2.44110848e+07  1.79e-01 1.30e-08  2.44e+00     0s
  41   2.43351194e+07  2.44165807e+07  1.72e-01 1.12e-08  2.35e+00     0s
  42   2.43403198e+07  2.44140276e+07  1.61e-01 1.05e-08  2.14e+00     0s
  43   2.43528729e+07  2.44171221e+07  1.36e-01 4.44e-08  1.86e+00     0s
  44   2.43545843e+07  2.44187168e+07  1.32e-01 3.03e-08  1.85e+00     0s
  45   2.43554421e+07  2.44235552e+07  1.28e-01 3.07e-08  1.65e+00     0s
  46   2.43556104e+07  2.44278137e+07  1.28e-01 8.32e-09  1.70e+00     0s
  47   2.43564174e+07  2.44317146e+07  1.25e-01 9.60e-09  1.52e+00     0s
  48   2.43570161e+07  2.44226851e+07  1.25e-01 9.69e-09  1.58e+00     0s
  49   2.43571549e+07  2.44359181e+07  1.24e-01 2.33e-09  1.58e+00     0s
  50   2.43574080e+07  2.45830298e+07  1.23e-01 1.58e-08  2.16e+00     0s
  51   3.48991596e+08 -8.11362737e+07  9.29e+05 9.09e-13  4.02e+07     0s
  52   1.30449217e+08 -9.68592902e+07  3.89e+05 8.52e+02  1.72e+07     0s
  53   2.78049726e+07 -9.30428585e+07  1.02e+03 4.55e-12  7.71e+04     0s
  54   2.53880490e+07  4.53078200e+06  1.06e+02 2.27e-11  8.85e+03     0s
  55   2.38898392e+07  2.01168218e+07  3.01e+01 1.46e-11  1.63e+03     0s
  56   2.40522905e+07  2.25269714e+07  2.46e+01 3.64e-11  8.44e+02     0s
  57   2.39325557e+07  2.29039973e+07  1.77e+01 2.55e-11  5.81e+02     0s
  58   2.40389219e+07  2.31798601e+07  1.18e+01 3.75e-11  4.54e+02     0s
  59   2.40339227e+07  2.36591725e+07  3.46e+00 7.20e-11  1.68e+02     0s
  60   2.40342337e+07  2.39626165e+07  2.36e+00 5.09e-11  7.21e+01     0s
  61   2.40358168e+07  2.40209659e+07  1.37e+00 1.89e-10  4.13e+01     0s
  62   2.40402204e+07  2.40972290e+07  1.15e+00 1.90e-10  3.36e+01     0s
  63   2.40427943e+07  2.41242709e+07  1.12e+00 1.46e-10  3.24e+01     0s
  64   2.40464801e+07  2.41578797e+07  1.09e+00 1.16e-10  3.11e+01     0s
  65   2.40554842e+07  2.41838696e+07  1.02e+00 2.91e-10  2.93e+01     0s
  66   2.40618698e+07  2.41852065e+07  9.90e-01 4.66e-10  2.84e+01     0s
  67   2.40721783e+07  2.42273989e+07  9.38e-01 6.40e-10  2.52e+01     0s
  68   2.40844332e+07  2.42162267e+07  8.86e-01 1.25e-09  2.40e+01     0s
  69   2.40882995e+07  2.42700447e+07  8.67e-01 1.80e-09  2.12e+01     0s
  70   2.40948540e+07  2.42818883e+07  8.39e-01 1.86e-09  2.06e+01     0s
  71   2.40985163e+07  2.42875472e+07  8.24e-01 1.86e-09  2.02e+01     0s
  72   2.40999615e+07  2.43254190e+07  8.17e-01 1.46e-09  2.01e+01     0s
  73   2.41114033e+07  2.43288760e+07  7.86e-01 1.63e-09  1.99e+01     0s
  74   2.41336964e+07  2.43135514e+07  7.16e-01 1.34e-09  1.97e+01     0s
  75   2.41543106e+07  2.43314224e+07  6.66e-01 6.08e-09  1.85e+01     0s
  76   2.41728959e+07  2.43433929e+07  6.17e-01 7.16e-09  1.76e+01     0s
  77   2.41755700e+07  2.43572589e+07  6.09e-01 7.97e-09  1.70e+01     0s
  78   2.41855965e+07  2.43550125e+07  5.87e-01 6.69e-09  1.66e+01     0s
  79   2.42315520e+07  2.43654879e+07  4.72e-01 4.89e-09  1.56e+01     0s
  80   2.42534150e+07  2.43879051e+07  4.12e-01 8.67e-09  1.12e+01     0s
  81   2.42711754e+07  2.43963576e+07  3.62e-01 7.68e-09  9.23e+00     0s
  82   2.43044885e+07  2.43972024e+07  2.69e-01 6.98e-09  6.97e+00     0s
  83   2.43084779e+07  2.44013419e+07  2.58e-01 6.93e-09  6.15e+00     0s
  84   2.43304980e+07  2.44134846e+07  1.95e-01 6.17e-09  4.99e+00     0s
  85   2.43359806e+07  2.44061743e+07  1.85e-01 6.17e-09  4.67e+00     0s
  86   2.43410536e+07  2.44175680e+07  1.72e-01 5.59e-09  4.26e+00     0s
  87   2.43450074e+07  2.44179170e+07  1.63e-01 5.65e-09  4.03e+00     0s
  88   2.43486445e+07  2.44203506e+07  1.51e-01 6.05e-09  3.41e+00     0s
  89   2.43557078e+07  2.44232934e+07  1.34e-01 6.05e-09  2.75e+00     0s
  90   2.43581733e+07  2.44339013e+07  1.26e-01 5.70e-09  2.32e+00     0s
  91   2.43582151e+07  2.44549900e+07  1.26e-01 5.24e-09  2.59e+00     0s
  92   2.43581657e+07  2.45037250e+07  1.25e-01 1.98e-08  2.81e+00     0s
  93   2.43595915e+07  2.46293803e+07  1.21e-01 4.19e-09  1.97e+00     0s
  94   2.43605787e+07  2.51649502e+07  1.20e-01 1.77e-08  1.74e+00     0s
  95   2.43606191e+07  2.52555428e+07  1.20e-01 4.38e-08  1.68e+00     0s
  96   2.43701827e+07  2.57459443e+07  1.19e-01 1.07e-03  2.07e+00     0s
  97   2.43722001e+07  2.59338749e+07  1.19e-01 1.07e-03  2.22e+00     0s
  98   2.43740152e+07  2.59889562e+07  1.19e-01 1.20e-05  2.52e+00     0s
  99   2.43740593e+07  2.60873853e+07  1.19e-01 1.20e-05  2.52e+00     0s
 100   2.43745330e+07  2.61151931e+07  1.19e-01 1.19e-05  2.58e+00     0s
 101   2.43748252e+07  2.61193367e+07  1.19e-01 1.19e-05  2.62e+00     0s

Barrier performed 101 iterations in 0.22 seconds (0.23 work units)
Sub-optimal termination - objective 2.43748252e+07

Crossover time: 0.05 seconds (0.08 work units)
Crossover changed status from Sub-Optimal to Optimal

Root relaxation: objective 2.962386e+07, 1818 iterations, 0.18 seconds (0.23 work units)

    Nodes    |    Current Node    |     Objective Bounds      |     Work
 Expl Unexpl |  Obj  Depth IntInf | Incumbent    BestBd   Gap | It/Node Time

     0     0 2.9624e+07    0   13 2.9950e+07 2.9624e+07  1.09%     -    0s

Explored 1 nodes (1827 simplex iterations) in 0.29 seconds (0.32 work units)
Thread count was 10 (of 10 available processors)

Solution count 1: 2.995e+07 

Optimal solution found (tolerance 5.00e-03)
Best objective 2.995000000000e+07, best bound 2.995000000000e+07, gap 0.0000%
