
Gurobi 13.0.3 (mac64[arm]) logging started Sat Sep 26 12:17:12 2026

Set parameter LogFile to value "/Users/ashutosh/Desktop/Two-stage-Model/certainty_results/full/solves/w_5_15_20M_phase1.log"
Gurobi Optimizer version 13.0.3 build v13.0.3rc0 (mac64[arm] - Darwin 27.0.0 26A428)

CPU model: Apple M1 Pro
Thread count: 10 physical cores, 10 logical processors, using up to 10 threads

Non-default parameters:
TimeLimit  21600
MIPGap  0.005
Method  2
LogToConsole  0

Optimize a model with 13496 rows, 5548 columns and 37994 nonzeros (Min)
Model fingerprint: 0x418915bf
Model has 663 linear objective coefficients and an objective constant of 396.859633
Variable types: 3498 continuous, 2050 integer (1688 binary)
Coefficient statistics:
  Matrix range     [1e-03, 1e+05]
  Objective range  [1e+00, 1e+00]
  Bounds range     [1e+00, 3e+00]
  RHS range        [1e-02, 2e+07]

Loaded user MIP start with objective 5.15788
MIP start from previous solve did not produce a new incumbent solution

Presolve removed 11739 rows and 3891 columns
Presolve time: 0.05s
Presolved: 1757 rows, 1657 columns, 6985 nonzeros
Variable types: 1420 continuous, 237 integer (237 binary)
Root barrier log...

Ordering time: 0.00s

Barrier statistics:
 AA' NZ     : 2.154e+04
 Factor NZ  : 6.767e+04 (roughly 2 MB of memory)
 Factor Ops : 4.551e+06 (less than 1 second per iteration)
 Threads    : 10

                  Objective                Residual
Iter       Primal          Dual         Primal    Dual     Compl     Time
   0  -6.92641070e+05 -4.60294218e+05  1.40e+04 2.69e+00  9.44e+03     0s
   1  -2.78662507e+05 -4.42686134e+05  5.64e+03 7.35e+00  3.88e+03     0s
   2  -2.22530382e+03 -3.42411578e+05  4.84e+01 3.91e-14  1.14e+02     0s
   3  -2.54920944e+01 -5.72491885e+04  4.22e+00 5.68e-14  1.54e+01     0s
   4   1.43906792e+02 -8.65689609e+03  5.87e-01 7.82e-14  2.22e+00     0s
   5   1.18351335e+02 -3.19491066e+03  4.84e-02 2.84e-14  8.04e-01     0s
   6   7.50991214e+01 -1.34536692e+03  1.19e-02 1.42e-14  3.44e-01     0s
   7   3.41328392e+01 -3.78523586e+02  1.97e-03 3.55e-15  9.97e-02     0s
   8   1.81072938e+01 -1.29595663e+02  7.54e-04 3.55e-15  3.57e-02     0s
   9   6.91889205e+00 -2.42392411e+01  1.60e-04 6.22e-15  7.53e-03     0s
  10   3.10203860e+00 -4.05433976e+00  2.60e-05 3.55e-15  1.73e-03     0s
  11   1.63230284e+00 -3.03301760e-01  4.81e-06 3.55e-15  4.68e-04     0s
  12   1.33921439e+00  7.21916436e-01  9.00e-07 3.55e-15  1.49e-04     0s
  13   1.27187970e+00  1.13461505e+00  1.94e-07 3.55e-15  3.32e-05     0s
  14   1.25328363e+00  1.24455881e+00  1.70e-08 3.55e-15  2.11e-06     0s
  15   1.25145318e+00  1.25142161e+00  2.01e-10 3.55e-15  7.63e-09     0s
  16   1.25142921e+00  1.25142918e+00  3.44e-11 1.89e-14  7.63e-12     0s

Barrier solved model in 16 iterations and 0.10 seconds (0.09 work units)
Optimal objective 1.25142921e+00


Restart crossover...

Crossover time: 0.01 seconds (0.02 work units)

Root relaxation: objective 1.251429e+00, 373 iterations, 0.05 seconds (0.04 work units)

    Nodes    |    Current Node    |     Objective Bounds      |     Work
 Expl Unexpl |  Obj  Depth IntInf | Incumbent    BestBd   Gap | It/Node Time

     0     0    1.25143    0    3    5.15788    1.25143  75.7%     -    0s
H    0     0                       1.5069400    1.25143  17.0%     -    0s
H    0     0                       1.4420500    1.25143  13.2%     -    0s
     0     0    1.38213    0    2    1.44205    1.38213  4.15%     -    0s
     0     0    1.40752    0    4    1.44205    1.40752  2.39%     -    0s
     0     0    1.40752    0    2    1.44205    1.40752  2.39%     -    0s
     0     0    1.42923    0    4    1.44205    1.42923  0.89%     -    0s
     0     0    1.43197    0    3    1.44205    1.43197  0.70%     -    0s
H    0     0                       1.4344300    1.43443  0.00%     -    0s
     0     0    1.43443    0    3    1.43443    1.43443  0.00%     -    0s

Cutting planes:
  Cover: 2
  Implied bound: 5
  MIR: 1
  Flow cover: 1
  RLT: 1

Explored 1 nodes (551 simplex iterations) in 0.29 seconds (0.26 work units)
Thread count was 10 (of 10 available processors)

Solution count 4: 1.43443 1.44205 1.50694 5.15788 

Optimal solution found (tolerance 5.00e-03)
Best objective 1.434430000000e+00, best bound 1.434430000000e+00, gap 0.0000%
