
Gurobi 13.0.3 (mac64[arm]) logging started Sat Sep 26 12:17:00 2026

Set parameter LogFile to value "/Users/ashutosh/Desktop/Two-stage-Model/certainty_results/full/solves/w_5_05_20M_phase2.log"
Gurobi Optimizer version 13.0.3 build v13.0.3rc0 (mac64[arm] - Darwin 27.0.0 26A428)

CPU model: Apple M1 Pro
Thread count: 10 physical cores, 10 logical processors, using up to 10 threads

Non-default parameters:
TimeLimit  21600
MIPGap  0.005
Method  2
LogToConsole  0

Optimize a model with 13542 rows, 5548 columns and 38792 nonzeros (Min)
Model fingerprint: 0x01099879
Model has 724 linear objective coefficients
Variable types: 3498 continuous, 2050 integer (1688 binary)
Coefficient statistics:
  Matrix range     [1e-03, 1e+05]
  Objective range  [2e+04, 1e+05]
  Bounds range     [1e+00, 3e+00]
  RHS range        [1e-02, 2e+07]

Loaded user MIP start with objective 2e+07
MIP start from previous solve did not produce a new incumbent solution

Presolve removed 11449 rows and 3801 columns
Presolve time: 0.05s
Presolved: 2093 rows, 1747 columns, 8227 nonzeros
Variable types: 1495 continuous, 252 integer (252 binary)
Root barrier log...

Ordering time: 0.00s

Barrier statistics:
 AA' NZ     : 2.768e+04
 Factor NZ  : 8.127e+04 (roughly 2 MB of memory)
 Factor Ops : 5.636e+06 (less than 1 second per iteration)
 Threads    : 10

                  Objective                Residual
Iter       Primal          Dual         Primal    Dual     Compl     Time
   0   1.71366239e+08 -1.11836071e+08  1.29e+05 4.55e-13  4.35e+06     0s
   1   7.23294864e+07 -1.20497323e+08  5.12e+04 1.93e+03  1.76e+06     0s
   2   7.72753758e+06 -1.10641508e+08  8.73e+02 1.50e-11  5.53e+04     0s
   3   2.51256433e+06 -1.58817977e+07  9.60e+01 1.76e-10  6.20e+03     0s
   4   1.21598989e+06 -3.95414571e+06  4.03e+01 1.46e-11  1.79e+03     0s
   5   6.40873333e+05 -1.85794331e+06  2.06e+01 5.82e-11  8.52e+02     0s
   6   3.78600931e+05 -6.74257396e+05  1.18e+01 8.73e-11  4.14e+02     0s
   7   2.59078667e+05 -2.40948701e+05  7.43e+00 2.76e-10  2.58e+02     0s
   8   2.61619793e+05 -1.53036311e+05  6.96e+00 2.04e-10  2.44e+02     0s
   9   2.62433539e+05  2.17042331e+05  6.03e+00 5.09e-10  2.01e+02     0s
  10   2.92056450e+05  4.32452917e+05  5.45e+00 6.98e-10  1.85e+02     0s
  11   3.38185256e+05  5.92236490e+05  5.02e+00 1.28e-09  1.69e+02     0s
  12   3.53878123e+05  6.55030151e+05  4.88e+00 1.05e-09  1.63e+02     0s
  13   3.72885431e+05  7.55250324e+05  4.71e+00 1.28e-09  1.57e+02     0s
  14   4.12214317e+05  8.23391791e+05  4.45e+00 1.57e-09  1.48e+02     0s
  15   4.56195728e+05  9.58792631e+05  4.29e+00 1.98e-09  1.44e+02     0s
  16   4.88074253e+05  1.11147448e+06  4.10e+00 1.51e-09  1.41e+02     0s
  17   5.21431650e+05  1.31503670e+06  3.92e+00 1.86e-09  1.33e+02     0s
  18   5.36968517e+05  1.63466937e+06  3.85e+00 4.48e-09  1.30e+02     0s
  19   5.60727378e+05  1.77862378e+06  3.78e+00 5.24e-09  1.26e+02     0s
  20   5.66270203e+05  1.96126642e+06  3.71e+00 7.45e-09  1.21e+02     0s
  21   5.77465980e+05  2.03951042e+06  3.68e+00 6.75e-09  1.20e+02     0s
  22   6.18670381e+05  2.16324657e+06  3.61e+00 4.77e-09  1.20e+02     0s
  23   6.53586289e+05  2.19172184e+06  3.53e+00 4.60e-09  1.17e+02     0s
  24   6.85883340e+05  2.30856117e+06  3.47e+00 1.05e-08  1.13e+02     0s
  25   6.96077840e+05  2.58861797e+06  3.45e+00 8.73e-09  1.12e+02     0s
  26   7.24041248e+05  2.80519917e+06  3.39e+00 9.31e-09  1.09e+02     0s
  27   7.34393259e+05  2.60956481e+06  3.37e+00 1.46e-08  1.09e+02     0s
  28   7.83381990e+05  3.24798691e+06  3.30e+00 1.75e-08  1.05e+02     0s
  29   1.12038130e+06  3.10064049e+06  2.96e+00 6.71e-08  1.12e+02     0s
  30   1.21578108e+06  3.56146049e+06  2.85e+00 1.73e-07  9.53e+01     0s
  31   1.33314519e+06  3.62001375e+06  2.72e+00 5.65e-08  9.11e+01     0s
  32   1.50312715e+06  3.65227748e+06  2.54e+00 4.04e-08  8.56e+01     0s
  33   1.51112779e+06  3.80568873e+06  2.53e+00 3.84e-08  8.55e+01     0s
  34   1.52945945e+06  3.89033275e+06  2.51e+00 4.52e-08  8.48e+01     0s
  35   1.63789216e+06  4.04566680e+06  2.41e+00 5.80e-08  8.28e+01     0s
  36   1.66450730e+06  4.11957466e+06  2.38e+00 5.70e-08  8.20e+01     0s
  37   1.69076782e+06  4.23169286e+06  2.36e+00 6.19e-08  8.10e+01     0s
  38   1.71793527e+06  4.41173283e+06  2.34e+00 6.57e-08  7.98e+01     0s
  39   1.74085918e+06  4.58034405e+06  2.32e+00 7.61e-08  7.92e+01     0s
  40   1.80727709e+06  4.85381022e+06  2.27e+00 8.87e-08  7.73e+01     0s
  41   1.90755443e+06  4.99965575e+06  2.21e+00 2.07e-07  7.58e+01     0s
  42   1.93711098e+06  5.06806433e+06  2.19e+00 1.97e-07  7.53e+01     0s
  43   1.94102045e+06  5.33699103e+06  2.18e+00 2.34e-07  7.54e+01     0s
  44   1.99691684e+06  5.82522881e+06  2.15e+00 3.37e-07  7.42e+01     0s
  45   2.13910320e+06  6.09754598e+06  2.08e+00 1.55e-07  7.11e+01     0s
  46   2.15292173e+06  6.36315506e+06  2.07e+00 1.85e-07  7.03e+01     0s
  47   2.23973657e+06  6.93019542e+06  2.05e+00 2.03e-07  7.93e+01     0s
  48   2.29319248e+06  7.01775108e+06  2.03e+00 1.50e-07  7.80e+01     0s
  49   2.39166999e+06  7.23099947e+06  1.99e+00 7.55e-07  7.52e+01     0s
  50   2.53137124e+06  8.01374662e+06  1.94e+00 1.05e-06  7.13e+01     0s
  51   3.08268601e+06  7.77180505e+06  1.75e+00 1.02e-06  7.42e+01     0s
  52   3.18222336e+06  8.09316480e+06  1.72e+00 9.10e-07  6.52e+01     0s
  53   3.19232086e+06  8.81870661e+06  1.71e+00 9.36e-07  6.49e+01     0s
  54   3.30575924e+06  8.87904747e+06  1.68e+00 9.47e-07  6.57e+01     0s
  55   3.35895228e+06  9.15572882e+06  1.67e+00 1.05e-06  6.49e+01     0s
  56   1.53058379e+09 -2.66926539e+08  1.29e+06 9.09e-13  9.27e+07     0s
  57   5.74127547e+08 -3.15956222e+08  5.42e+05 4.18e+03  3.97e+07     0s
  58   7.30004354e+07 -3.57627720e+08  4.62e+04 2.73e-11  3.54e+06     0s
  59   1.37878078e+07 -2.47274545e+08  2.95e+02 1.73e-11  7.86e+04     0s
  60   9.56911404e+06 -7.33715066e+07  9.15e+01 2.55e-11  2.27e+04     0s
  61   5.54955456e+06 -1.71863376e+07  4.16e+01 2.91e-11  6.37e+03     0s
  62   2.84048821e+06 -7.36099612e+06  1.82e+01 1.07e-09  2.77e+03     0s
  63   1.66802266e+06 -2.81744046e+06  9.92e+00 8.22e-10  1.28e+03     0s
  64   1.20098456e+06 -1.46344210e+06  6.64e+00 5.24e-10  8.11e+02     0s
  65   1.10241734e+06 -6.45817409e+05  5.36e+00 5.38e-10  6.17e+02     0s
  66   1.10596608e+06  5.66927055e+04  4.75e+00 2.01e-09  5.08e+02     0s
  67   1.09989760e+06  4.84252489e+05  4.46e+00 6.05e-09  4.52e+02     0s
  68   1.11207513e+06  7.17819465e+05  4.15e+00 8.50e-09  4.20e+02     0s
  69   1.11874618e+06  9.45405866e+05  3.99e+00 6.52e-09  3.99e+02     0s
  70   1.14636683e+06  1.67223590e+06  3.68e+00 6.87e-09  3.50e+02     0s
  71   1.17641063e+06  1.79673059e+06  3.58e+00 6.23e-09  3.38e+02     0s
  72   1.18231124e+06  2.01234615e+06  3.56e+00 5.82e-09  3.34e+02     0s
  73   1.20420045e+06  2.45812030e+06  3.48e+00 5.12e-09  3.25e+02     0s
  74   1.25852650e+06  2.62271487e+06  3.37e+00 5.41e-09  3.15e+02     0s
  75   1.30604254e+06  2.68469297e+06  3.29e+00 5.36e-09  3.09e+02     0s
  76   1.31445901e+06  2.95756086e+06  3.27e+00 5.01e-09  3.00e+02     0s
  77   1.38390035e+06  3.04738584e+06  3.17e+00 4.66e-09  2.93e+02     0s
  78   1.46910141e+06  3.11603013e+06  3.06e+00 5.12e-09  2.84e+02     0s
  79   1.60602811e+06  3.22604727e+06  2.88e+00 2.43e-08  2.55e+02     0s
  80   1.71728198e+06  3.42777309e+06  2.74e+00 1.70e-08  2.35e+02     0s
  81   1.75573011e+06  3.50963188e+06  2.68e+00 1.75e-08  2.28e+02     0s
  82   1.82182796e+06  3.58971795e+06  2.59e+00 2.00e-08  2.20e+02     0s
  83   1.84925209e+06  3.72057394e+06  2.56e+00 2.26e-08  2.17e+02     0s
  84   1.89644644e+06  4.00446823e+06  2.50e+00 1.61e-08  2.10e+02     0s
  85   1.93436860e+06  4.12940098e+06  2.46e+00 1.77e-08  2.06e+02     0s
  86   2.04213763e+06  4.58925638e+06  2.35e+00 2.61e-08  1.95e+02     0s
  87   2.12693849e+06  4.84093773e+06  2.28e+00 2.61e-08  1.88e+02     0s
  88   2.16604045e+06  5.15623308e+06  2.25e+00 2.26e-08  1.84e+02     0s
  89   2.21585485e+06  5.55133439e+06  2.21e+00 2.56e-08  1.80e+02     0s
  90   2.30584813e+06  5.74088119e+06  2.16e+00 3.03e-08  1.75e+02     0s
  91   2.42430850e+06  5.72461235e+06  2.09e+00 2.63e-08  1.69e+02     0s
  92   2.45799618e+06  6.76075704e+06  2.07e+00 1.96e-08  1.67e+02     0s
  93   2.53427297e+06  6.65748991e+06  2.04e+00 1.86e-08  1.67e+02     0s
  94   2.57118086e+06  7.11093957e+06  2.02e+00 1.44e-08  1.63e+02     0s
  95   2.60735506e+06  7.30524049e+06  2.00e+00 1.86e-09  1.62e+02     0s
  96   2.73540995e+06  7.44912147e+06  1.95e+00 1.86e-09  1.59e+02     0s
  97   2.89798226e+06  7.90787728e+06  1.90e+00 2.84e-08  1.58e+02     0s
  98   3.28430492e+06  7.94552316e+06  1.77e+00 4.14e-08  1.49e+02     0s
  99   3.35817951e+06  8.10082171e+06  1.74e+00 6.98e-09  1.46e+02     0s
 100   3.40619445e+06  8.99162292e+06  1.72e+00 2.19e-08  1.43e+02     0s
 101   3.51172151e+06  9.21097635e+06  1.69e+00 2.33e-08  1.40e+02     0s
 102   4.27188287e+06  9.27517045e+06  1.48e+00 5.32e-08  1.28e+02     0s
 103   4.37128172e+06  9.33182646e+06  1.45e+00 3.73e-08  1.21e+02     0s
 104   4.39945940e+06  9.34143023e+06  1.44e+00 3.73e-08  1.21e+02     0s
 105   4.47095347e+06  9.50063872e+06  1.42e+00 3.73e-08  1.20e+02     0s
 106   4.52372206e+06  9.65202607e+06  1.41e+00 6.52e-09  1.18e+02     0s
 107   4.62101349e+06  9.84157219e+06  1.38e+00 1.63e-08  1.15e+02     0s
 108   4.69983821e+06  9.95300280e+06  1.36e+00 1.91e-08  1.14e+02     0s
 109   4.78532124e+06  1.00642247e+07  1.34e+00 2.28e-08  1.12e+02     0s
 110   4.87599584e+06  1.01528651e+07  1.32e+00 5.45e-08  1.10e+02     0s
 111   5.00286204e+06  1.02962518e+07  1.29e+00 3.91e-08  1.07e+02     0s
 112   5.06545695e+06  1.03305743e+07  1.28e+00 4.00e-08  1.06e+02     0s
 113   5.13870045e+06  1.08119055e+07  1.26e+00 7.59e-08  1.03e+02     0s
 114   5.23931175e+06  1.11831646e+07  1.24e+00 4.66e-09  1.00e+02     0s
 115   5.29128878e+06  1.13189406e+07  1.22e+00 4.38e-08  9.81e+01     0s
 116   5.33463440e+06  1.20159418e+07  1.22e+00 4.66e-08  9.68e+01     0s
 117   5.50385576e+06  1.24212650e+07  1.18e+00 8.29e-08  9.27e+01     0s
 118   5.54259541e+06  1.24166285e+07  1.18e+00 8.10e-08  9.23e+01     0s
 119   5.78442781e+06  1.23761140e+07  1.14e+00 3.54e-07  8.83e+01     0s
 120   5.80906489e+06  1.25679725e+07  1.13e+00 1.96e-08  8.77e+01     0s
 121   5.88289030e+06  1.31479405e+07  1.12e+00 2.79e-08  8.63e+01     0s
 122   6.12156356e+06  1.32493460e+07  1.09e+00 5.87e-08  8.53e+01     0s
 123   6.15159547e+06  1.35975234e+07  1.08e+00 5.22e-08  8.34e+01     0s
 124   6.86810054e+06  1.36655225e+07  9.83e-01 1.01e-07  7.81e+01     0s
 125   6.93803638e+06  1.39625496e+07  9.73e-01 2.49e-07  7.36e+01     0s
 126   7.09783110e+06  1.41863331e+07  9.52e-01 2.36e-07  7.12e+01     0s
 127   7.18107851e+06  1.42652072e+07  9.41e-01 2.12e-07  7.06e+01     0s
 128   7.19260280e+06  1.44375976e+07  9.40e-01 2.10e-07  7.03e+01     0s
 129   7.23249704e+06  1.46130486e+07  9.35e-01 2.05e-08  7.04e+01     0s
 130   7.36285244e+06  1.47604058e+07  9.20e-01 2.33e-08  7.00e+01     0s
 131   7.70074523e+06  1.47774390e+07  8.79e-01 1.02e-07  6.84e+01     0s
 132   7.73767934e+06  1.49045566e+07  8.74e-01 1.31e-07  6.99e+01     0s
 133   7.79194054e+06  1.52226342e+07  8.68e-01 1.17e-07  6.91e+01     0s
 134   7.85842606e+06  1.53389286e+07  8.61e-01 1.86e-08  6.88e+01     0s
 135   7.92796026e+06  1.54417311e+07  8.53e-01 2.61e-08  6.91e+01     0s
 136   8.23549707e+06  1.56583096e+07  8.20e-01 6.15e-08  6.75e+01     0s
 137   8.32005387e+06  1.57818806e+07  8.12e-01 1.68e-08  6.81e+01     0s
 138   8.57793055e+06  1.59022518e+07  7.86e-01 2.41e-07  6.68e+01     0s
 139   8.63765847e+06  1.61512234e+07  7.80e-01 3.15e-07  6.26e+01     0s
 140   9.24201690e+06  1.59887301e+07  7.18e-01 8.53e-07  6.39e+01     0s
 141   9.24772164e+06  1.60107501e+07  7.18e-01 8.55e-07  6.40e+01     0s
 142   9.26230503e+06  1.60521488e+07  7.16e-01 2.05e-08  6.41e+01     0s
 143   9.47786255e+06  1.62067098e+07  6.98e-01 1.90e-07  7.02e+01     0s
 144   9.56730075e+06  1.63945569e+07  6.89e-01 1.56e-07  6.75e+01     0s
 145   9.88835242e+06  1.64308815e+07  6.60e-01 4.51e-07  7.00e+01     0s
 146   1.02860577e+07  1.65620575e+07  6.23e-01 6.13e-07  6.74e+01     0s
 147   1.07326685e+07  1.64416896e+07  5.82e-01 1.19e-06  7.41e+01     0s
 148   1.09849432e+07  1.66913124e+07  5.59e-01 1.65e-06  7.63e+01     0s
 149   1.23904481e+07  1.69182068e+07  4.33e-01 1.25e-06  6.83e+01     0s
 150   1.24180625e+07  1.69718525e+07  4.31e-01 1.12e-06  6.32e+01     0s
 151   1.24424773e+07  1.70629565e+07  4.29e-01 1.25e-06  6.08e+01     0s
 152   1.24660021e+07  1.71294013e+07  4.27e-01 1.34e-06  5.98e+01     0s
 153   1.24995367e+07  1.71729477e+07  4.24e-01 1.30e-06  5.93e+01     0s
 154   1.25663682e+07  1.72023107e+07  4.18e-01 1.32e-06  5.89e+01     0s
 155   1.25860059e+07  1.72345822e+07  4.16e-01 1.15e-07  5.84e+01     0s
 156   1.26758379e+07  1.72955490e+07  4.09e-01 2.35e-07  5.72e+01     0s
 157   1.28209228e+07  1.73180775e+07  3.97e-01 9.31e-08  5.69e+01     0s
 158   1.29633171e+07  1.73878386e+07  3.85e-01 1.05e-06  5.46e+01     0s
 159   1.29931699e+07  1.74268629e+07  3.83e-01 1.02e-07  5.42e+01     0s
 160   1.30196240e+07  1.74361173e+07  3.80e-01 1.73e-07  5.38e+01     0s
 161   1.30798249e+07  1.74504443e+07  3.75e-01 2.43e-07  5.32e+01     0s
 162   1.32239378e+07  1.74868840e+07  3.64e-01 2.51e-07  5.14e+01     0s
 163   1.33295389e+07  1.75529372e+07  3.55e-01 3.56e-07  5.18e+01     0s
 164   1.33828768e+07  1.77150394e+07  3.51e-01 5.46e-07  5.08e+01     0s
 165   1.35368336e+07  1.79708134e+07  3.39e-01 3.63e-07  4.89e+01     0s
 166   1.37975079e+07  1.80484954e+07  3.20e-01 7.41e-07  4.66e+01     0s
 167   1.39845557e+07  1.79810180e+07  3.07e-01 9.98e-07  4.62e+01     0s
 168   1.41582813e+07  1.80365769e+07  2.94e-01 1.25e-06  4.30e+01     0s
 169   1.42700752e+07  1.80332406e+07  2.86e-01 1.10e-06  4.29e+01     0s
 170   1.43477160e+07  1.80818519e+07  2.80e-01 1.31e-06  4.12e+01     0s
 171   1.44735454e+07  1.81061441e+07  2.71e-01 3.81e-07  4.02e+01     0s
 172   1.46912423e+07  1.81355682e+07  2.56e-01 1.28e-06  3.75e+01     0s
 173   1.46999741e+07  1.84515972e+07  2.55e-01 2.23e-06  3.36e+01     0s
 174   1.47612792e+07  1.86046441e+07  2.51e-01 2.01e-06  3.30e+01     0s
 175   1.51313214e+07  1.86110746e+07  2.28e-01 2.06e-06  3.15e+01     0s
 176   1.55930924e+07  1.85794177e+07  1.98e-01 3.90e-06  2.90e+01     0s
 177   1.57050655e+07  1.86059020e+07  1.91e-01 2.75e-06  2.66e+01     0s
 178   1.58204315e+07  1.86439755e+07  1.84e-01 1.02e-05  2.46e+01     0s
 179   1.58347954e+07  1.86887476e+07  1.83e-01 1.02e-05  2.45e+01     0s
 180   1.58676318e+07  1.88123709e+07  1.81e-01 9.96e-06  2.40e+01     0s
 181   1.60389301e+07  1.88356408e+07  1.71e-01 1.06e-06  2.31e+01     0s
 182   1.62426679e+07  1.88488532e+07  1.59e-01 1.40e-06  2.13e+01     0s
 183   1.63021358e+07  1.88571076e+07  1.55e-01 1.29e-06  2.01e+01     0s
 184   1.64071828e+07  1.88594877e+07  1.49e-01 1.61e-06  1.94e+01     0s
 185   1.68130899e+07  1.88625284e+07  1.25e-01 1.45e-06  1.81e+01     0s
 186   1.69404274e+07  1.88699588e+07  1.17e-01 5.23e-06  1.65e+01     0s
 187   1.70291640e+07  1.88820458e+07  1.12e-01 4.93e-06  1.52e+01     0s
 188   1.71289164e+07  1.88948198e+07  1.06e-01 5.57e-06  1.42e+01     0s
 189   1.71391485e+07  1.89483976e+07  1.06e-01 5.56e-06  1.41e+01     0s
 190   1.72567515e+07  1.89417347e+07  9.89e-02 5.25e-06  1.39e+01     0s
 191   1.73520681e+07  1.89488970e+07  9.35e-02 7.34e-07  1.35e+01     0s
 192   1.77213595e+07  1.89059322e+07  7.26e-02 3.12e-06  1.52e+01     0s
 193   1.77911392e+07  1.89142792e+07  6.88e-02 3.30e-06  1.52e+01     0s
 194   1.78587270e+07  1.89185687e+07  6.49e-02 6.03e-07  1.48e+01     0s
 195   1.78935531e+07  1.89328776e+07  6.29e-02 3.17e-06  1.33e+01     0s
 196   1.79077542e+07  1.89447306e+07  6.21e-02 3.79e-06  1.26e+01     0s
 197   1.79485357e+07  1.89581190e+07  5.97e-02 3.91e-06  1.21e+01     0s
 198   1.79661556e+07  1.89823596e+07  5.86e-02 4.03e-06  1.18e+01     0s
 199   1.79804002e+07  1.90050675e+07  5.78e-02 3.96e-06  1.15e+01     0s
 200   1.80364873e+07  1.90279688e+07  5.48e-02 3.73e-06  1.12e+01     0s
 201   1.81234935e+07  1.90104259e+07  5.02e-02 3.45e-06  1.13e+01     0s
 202   1.82856264e+07  1.90360197e+07  4.17e-02 2.82e-06  9.64e+00     0s
 203   1.88818066e+07  1.90545449e+07  1.01e-02 2.42e-05  4.08e+00     0s
 204   1.90029984e+07  1.90636108e+07  3.62e-03 1.05e-05  1.86e+00     0s
 205   1.90385215e+07  1.90683525e+07  1.73e-03 8.86e-06  7.21e-01     0s
 206   1.90542465e+07  1.90709276e+07  8.98e-04 1.58e-05  1.05e-01     0s
 207   1.90708271e+07  1.90710910e+07  1.50e-05 8.50e-06  4.86e-03     0s
 208   1.90711074e+07  1.90711074e+07  7.80e-09 7.19e-06  1.92e-05     0s
 209   1.90711075e+07  1.90711075e+07  7.19e-12 1.62e-06  4.53e-11     0s

Barrier solved model in 209 iterations and 0.42 seconds (0.31 work units)
Optimal objective 1.90711075e+07

Crossover time: 0.01 seconds (0.02 work units)

Root relaxation: objective 1.907111e+07, 211 iterations, 0.36 seconds (0.25 work units)

    Nodes    |    Current Node    |     Objective Bounds      |     Work
 Expl Unexpl |  Obj  Depth IntInf | Incumbent    BestBd   Gap | It/Node Time

     0     0 1.9071e+07    0   19 2.0000e+07 1.9071e+07  4.64%     -    0s
     0     0 1.9493e+07    0   16 2.0000e+07 1.9493e+07  2.54%     -    0s
     0     0 1.9621e+07    0   17 2.0000e+07 1.9621e+07  1.90%     -    0s
     0     0 1.9655e+07    0   20 2.0000e+07 1.9655e+07  1.73%     -    0s
     0     0 1.9685e+07    0   17 2.0000e+07 1.9685e+07  1.58%     -    0s
     0     0 1.9686e+07    0   20 2.0000e+07 1.9686e+07  1.57%     -    0s
     0     0 1.9686e+07    0   20 2.0000e+07 1.9686e+07  1.57%     -    0s
     0     0 1.9741e+07    0   21 2.0000e+07 1.9741e+07  1.30%     -    0s
     0     0 1.9746e+07    0   16 2.0000e+07 1.9746e+07  1.27%     -    0s
     0     0 1.9746e+07    0   17 2.0000e+07 1.9746e+07  1.27%     -    0s
     0     0 1.9762e+07    0   29 2.0000e+07 1.9762e+07  1.19%     -    0s
     0     0 1.9893e+07    0   23 2.0000e+07 1.9893e+07  0.54%     -    0s
     0     0 2.0000e+07    0   20 2.0000e+07 2.0000e+07  0.00%     -    0s

Cutting planes:
  Learned: 1
  Cover: 7
  Implied bound: 9
  MIR: 18
  Flow cover: 4
  RLT: 7
  Relax-and-lift: 10

Explored 1 nodes (874 simplex iterations) in 0.85 seconds (0.78 work units)
Thread count was 10 (of 10 available processors)

Solution count 1: 2e+07 

Optimal solution found (tolerance 5.00e-03)
Best objective 2.000000000000e+07, best bound 2.000000000000e+07, gap 0.0000%
