
Gurobi 13.0.3 (mac64[arm]) logging started Sat Sep 26 12:17:14 2026

Set parameter LogFile to value "/Users/ashutosh/Desktop/Two-stage-Model/certainty_results/full/solves/w_5_25_10M_phase1.log"
Gurobi Optimizer version 13.0.3 build v13.0.3rc0 (mac64[arm] - Darwin 27.0.0 26A428)

CPU model: Apple M1 Pro
Thread count: 10 physical cores, 10 logical processors, using up to 10 threads

Non-default parameters:
TimeLimit  21600
MIPGap  0.005
Method  2
LogToConsole  0

Optimize a model with 13509 rows, 5548 columns and 38033 nonzeros (Min)
Model fingerprint: 0x9d051838
Model has 663 linear objective coefficients and an objective constant of 396.859633
Variable types: 3498 continuous, 2050 integer (1688 binary)
Coefficient statistics:
  Matrix range     [1e-03, 1e+05]
  Objective range  [1e+00, 1e+00]
  Bounds range     [1e+00, 3e+00]
  RHS range        [1e-02, 1e+07]

Loaded user MIP start with objective 32.9048
MIP start from previous solve produced solution with objective 32.9048 (0.04s)
MIP start from previous solve produced solution with objective 32.9048 (0.04s)
Loaded MIP start from previous solve with objective 32.9048

Presolve removed 11661 rows and 3869 columns
Presolve time: 0.05s
Presolved: 1848 rows, 1679 columns, 7233 nonzeros
Variable types: 1437 continuous, 242 integer (242 binary)
Root barrier log...

Ordering time: 0.00s

Barrier statistics:
 AA' NZ     : 2.298e+04
 Factor NZ  : 6.984e+04 (roughly 2 MB of memory)
 Factor Ops : 4.512e+06 (less than 1 second per iteration)
 Threads    : 10

                  Objective                Residual
Iter       Primal          Dual         Primal    Dual     Compl     Time
   0  -1.48850900e+06 -4.88706194e+05  3.59e+04 2.68e+00  2.02e+04     0s
   1  -6.31857333e+05 -5.28526504e+05  1.52e+04 6.91e+00  8.73e+03     0s
   2  -2.37589865e+04 -4.50082574e+05  5.80e+02 2.13e-14  4.35e+02     0s
   3  -7.78745369e+02 -1.22801779e+05  2.33e+01 4.97e-14  3.93e+01     0s
   4   6.10891669e+01 -4.43121569e+04  3.14e+00 2.49e-14  1.13e+01     0s
   5   1.62907063e+02 -1.07975594e+04  2.28e-01 4.26e-14  2.60e+00     0s
   6   1.39258852e+02 -3.41129685e+03  5.80e-02 1.60e-14  8.38e-01     0s
   7   8.64922554e+01 -9.67781902e+02  2.24e-04 3.55e-15  2.48e-01     0s
   8   5.08667944e+01 -4.11252824e+02  8.55e-05 3.55e-15  1.09e-01     0s
   9   2.08234888e+01 -1.54919083e+02  1.99e-05 3.55e-15  4.13e-02     0s
  10   1.12375268e+01 -1.39020795e+01  4.79e-06 3.55e-15  5.91e-03     0s
  11   7.34304800e+00 -8.16380196e-01  9.97e-07 3.55e-15  1.92e-03     0s
  12   6.05609550e+00  2.76998975e+00  1.62e-07 3.55e-15  7.72e-04     0s
  13   5.77986377e+00  4.87847442e+00  5.48e-08 3.55e-15  2.12e-04     0s
  14   5.69211682e+00  5.38658550e+00  2.34e-08 3.55e-15  7.18e-05     0s
  15   5.64592441e+00  5.55643210e+00  6.18e-09 3.55e-15  2.10e-05     0s
  16   5.62726895e+00  5.61252017e+00  6.40e-10 3.55e-15  3.46e-06     0s
  17   5.62486400e+00  5.61698378e+00  2.48e-10 3.55e-15  1.85e-06     0s
  18   5.62442762e+00  5.61994784e+00  1.23e-10 3.55e-15  1.05e-06     0s
  19   5.62366243e+00  5.62229134e+00  4.18e-11 3.55e-15  3.22e-07     0s
  20   5.62342954e+00  5.62311032e+00  8.19e-12 3.55e-15  7.50e-08     0s
  21   5.62338468e+00  5.62335526e+00  1.92e-11 7.11e-15  6.91e-09     0s
  22   5.62336643e+00  5.62336494e+00  9.42e-10 3.44e-14  3.51e-10     0s

Barrier solved model in 22 iterations and 0.14 seconds (0.13 work units)
Optimal objective 5.62336643e+00

Crossover time: 0.02 seconds (0.02 work units)

Root relaxation: objective 5.623366e+00, 507 iterations, 0.07 seconds (0.05 work units)

    Nodes    |    Current Node    |     Objective Bounds      |     Work
 Expl Unexpl |  Obj  Depth IntInf | Incumbent    BestBd   Gap | It/Node Time

     0     0    5.62337    0   12   32.90479    5.62337  82.9%     -    0s
H    0     0                      10.9288492    5.62337  48.5%     -    0s
     0     0    5.76777    0   30   10.92885    5.76777  47.2%     -    0s
H    0     0                      10.4106391    5.89893  43.3%     -    0s
H    0     0                      10.4060420    5.89893  43.3%     -    0s
     0     0    5.89893    0   31   10.40604    5.89893  43.3%     -    0s
     0     0    5.89893    0   32   10.40604    5.89893  43.3%     -    0s
     0     0    5.89893    0   31   10.40604    5.89893  43.3%     -    0s
     0     0    5.89893    0   32   10.40604    5.89893  43.3%     -    0s
     0     0    5.89893    0   29   10.40604    5.89893  43.3%     -    0s
     0     0    5.93163    0   29   10.40604    5.93163  43.0%     -    0s
     0     0    5.93197    0   29   10.40604    5.93197  43.0%     -    0s
H    0     0                      10.3232315    5.93197  42.5%     -    0s
     0     0    5.93197    0   29   10.32323    5.93197  42.5%     -    0s
     0     0    5.93197    0   25   10.32323    5.93197  42.5%     -    0s
H    0     0                       6.8221600    5.93197  13.0%     -    0s
     0     2    5.93197    0   25    6.82216    5.93197  13.0%     -    0s
*  126    90              14       6.0770200    5.96628  1.82%  64.5    0s

Cutting planes:
  Cover: 6
  Implied bound: 20
  MIR: 18
  StrongCG: 1
  Flow cover: 8

Explored 228 nodes (11394 simplex iterations) in 0.90 seconds (1.52 work units)
Thread count was 10 (of 10 available processors)

Solution count 7: 6.07702 6.82216 10.3232 ... 32.9048

Optimal solution found (tolerance 5.00e-03)
Best objective 6.077020000000e+00, best bound 6.077020000000e+00, gap 0.0000%
