
Gurobi 13.0.3 (mac64[arm]) logging started Sat Sep 26 12:17:05 2026

Set parameter LogFile to value "/Users/ashutosh/Desktop/Two-stage-Model/certainty_results/full/solves/w_5_10_10M_phase2.log"
Gurobi Optimizer version 13.0.3 build v13.0.3rc0 (mac64[arm] - Darwin 27.0.0 26A428)

CPU model: Apple M1 Pro
Thread count: 10 physical cores, 10 logical processors, using up to 10 threads

Non-default parameters:
TimeLimit  21600
MIPGap  0.005
Method  2
LogToConsole  0

Optimize a model with 13534 rows, 5548 columns and 38768 nonzeros (Min)
Model fingerprint: 0xded1c69f
Model has 724 linear objective coefficients
Variable types: 3498 continuous, 2050 integer (1688 binary)
Coefficient statistics:
  Matrix range     [1e-03, 1e+05]
  Objective range  [2e+04, 1e+05]
  Bounds range     [1e+00, 3e+00]
  RHS range        [1e-02, 1e+07]

Loaded user MIP start with objective 1e+07
MIP start from previous solve did not produce a new incumbent solution

Presolve removed 11511 rows and 3811 columns
Presolve time: 0.06s
Presolved: 2023 rows, 1737 columns, 8030 nonzeros
Variable types: 1490 continuous, 247 integer (247 binary)
Root barrier log...

Ordering time: 0.00s

Barrier statistics:
 AA' NZ     : 2.627e+04
 Factor NZ  : 7.899e+04 (roughly 2 MB of memory)
 Factor Ops : 5.400e+06 (less than 1 second per iteration)
 Threads    : 10

                  Objective                Residual
Iter       Primal          Dual         Primal    Dual     Compl     Time
   0   1.74619623e+08 -1.03540214e+08  1.51e+05 4.55e-13  5.04e+06     0s
   1   6.89577607e+07 -1.18224282e+08  6.09e+04 1.75e+03  2.07e+06     0s
   2   7.35150546e+06 -1.09448841e+08  9.50e+02 7.73e-12  5.80e+04     0s
   3   2.32855001e+06 -1.88966130e+07  9.90e+01 1.46e-11  7.08e+03     0s
   4   1.06922393e+06 -4.32690925e+06  3.85e+01 7.28e-12  1.82e+03     0s
   5   4.81933540e+05 -1.65579335e+06  1.65e+01 2.91e-10  7.05e+02     0s
   6   2.67206741e+05 -8.87847464e+05  8.86e+00 3.64e-10  3.84e+02     0s
   7   1.79807879e+05 -3.64229223e+05  5.69e+00 4.44e-10  2.32e+02     0s
   8   1.78614225e+05 -2.31095393e+05  5.17e+00 4.22e-10  2.08e+02     0s
   9   1.84902670e+05  5.29971641e+04  4.17e+00 7.42e-10  1.61e+02     0s
  10   2.18823697e+05  2.05811760e+05  3.69e+00 1.22e-09  1.35e+02     0s
  11   2.28725347e+05  3.23380137e+05  3.57e+00 1.95e-09  1.30e+02     0s
  12   2.36361005e+05  3.48584300e+05  3.46e+00 1.75e-09  1.26e+02     0s
  13   2.45515003e+05  4.04287539e+05  3.33e+00 1.89e-09  1.21e+02     0s
  14   2.56075201e+05  6.48706234e+05  3.19e+00 2.15e-09  1.24e+02     0s
  15   2.66755590e+05  9.15017987e+05  3.09e+00 1.22e-09  1.21e+02     0s
  16   3.20914083e+05  1.00434152e+06  2.89e+00 2.62e-09  1.13e+02     0s
  17   3.47047913e+05  1.26121239e+06  2.79e+00 1.63e-09  1.08e+02     0s
  18   3.54672939e+05  1.44168721e+06  2.76e+00 1.75e-09  1.07e+02     0s
  19   4.18212809e+05  1.49576892e+06  2.59e+00 1.63e-09  9.97e+01     0s
  20   4.46769326e+05  1.55288105e+06  2.54e+00 1.63e-09  9.81e+01     0s
  21   5.43986368e+05  1.63811973e+06  2.39e+00 2.21e-09  9.62e+01     0s
  22   5.72804097e+05  1.86275520e+06  2.34e+00 4.31e-09  9.18e+01     0s
  23   5.93120380e+05  1.96393816e+06  2.30e+00 3.96e-09  8.93e+01     0s
  24   6.49552270e+05  2.17630145e+06  2.22e+00 4.66e-09  8.52e+01     0s
  25   7.02151406e+05  2.28528106e+06  2.15e+00 6.29e-09  8.17e+01     0s
  26   7.56751292e+05  2.42319746e+06  2.08e+00 7.10e-09  7.91e+01     0s
  27   9.29748922e+05  2.42807466e+06  1.89e+00 7.28e-08  7.15e+01     0s
  28   1.02374569e+06  2.49502464e+06  1.79e+00 8.43e-08  6.62e+01     0s
  29   1.07738850e+06  2.53855921e+06  1.73e+00 2.69e-08  6.27e+01     0s
  30   1.08818062e+06  2.64056370e+06  1.72e+00 2.54e-08  6.21e+01     0s
  31   1.09252410e+06  2.73908133e+06  1.72e+00 2.68e-08  6.19e+01     0s
  32   1.09551206e+06  2.86560287e+06  1.71e+00 2.77e-08  6.19e+01     0s
  33   1.64774148e+09 -2.89534263e+08  1.51e+06 1.36e-12  1.25e+08     0s
  34   1.16260363e+08 -4.34898429e+08  3.06e+05 2.91e-11  2.70e+07     0s
  35   3.54017693e+06 -4.05569528e+08  4.19e+02 2.18e-11  1.28e+05     0s
  36   2.89330511e+06 -2.75704584e+07  6.07e+01 2.14e-11  9.81e+03     0s
  37   1.13117213e+06 -5.12551529e+06  1.55e+01 8.00e-11  1.98e+03     0s
  38   5.88175096e+05 -1.09234524e+06  6.85e+00 8.73e-11  6.80e+02     0s
  39   4.71958674e+05 -2.67276751e+05  4.17e+00 1.46e-10  4.08e+02     0s
  40   4.59513851e+05  2.41034840e+05  3.26e+00 3.49e-10  3.13e+02     0s
  41   4.67051879e+05  5.04408016e+05  3.15e+00 5.82e-10  2.97e+02     0s
  42   4.86109777e+05  6.24009815e+05  3.02e+00 5.24e-10  2.84e+02     0s
  43   5.21225426e+05  8.74076826e+05  2.88e+00 9.90e-10  2.69e+02     0s
  44   5.36918555e+05  1.02093652e+06  2.82e+00 1.05e-09  2.60e+02     0s
  45   5.68004615e+05  1.24457014e+06  2.72e+00 1.51e-09  2.49e+02     0s
  46   5.77472282e+05  1.28878474e+06  2.70e+00 1.28e-09  2.46e+02     0s
  47   5.96345578e+05  1.45924683e+06  2.65e+00 1.16e-09  2.38e+02     0s
  48   6.58549136e+05  1.55030064e+06  2.53e+00 8.15e-10  2.27e+02     0s
  49   7.04021171e+05  1.80948724e+06  2.43e+00 2.10e-09  2.14e+02     0s
  50   7.70068335e+05  1.96987252e+06  2.31e+00 2.10e-09  2.02e+02     0s
  51   8.22966963e+05  2.08073483e+06  2.23e+00 2.10e-09  1.95e+02     0s
  52   9.11070651e+05  2.19969728e+06  2.11e+00 2.10e-09  1.84e+02     0s
  53   1.07006702e+06  2.15694382e+06  1.91e+00 1.25e-08  1.68e+02     0s
  54   1.12657402e+06  2.30828919e+06  1.84e+00 1.09e-08  1.58e+02     0s
  55   1.15617924e+06  2.52026996e+06  1.80e+00 1.14e-08  1.53e+02     0s
  56   1.17047717e+06  2.59728276e+06  1.78e+00 1.14e-08  1.51e+02     0s
  57   1.19964089e+06  2.63977770e+06  1.74e+00 1.19e-08  1.49e+02     0s
  58   1.28146942e+06  2.73023409e+06  1.66e+00 1.49e-08  1.43e+02     0s
  59   1.29078674e+06  2.98536853e+06  1.65e+00 1.47e-08  1.42e+02     0s
  60   1.33488508e+06  3.52686363e+06  1.61e+00 1.33e-08  1.36e+02     0s
  61   1.34991666e+06  4.17156338e+06  1.60e+00 1.16e-08  1.33e+02     0s
  62   1.36960277e+06  4.38622065e+06  1.59e+00 1.12e-08  1.32e+02     0s
  63   1.40291944e+06  4.43379018e+06  1.57e+00 1.21e-08  1.31e+02     0s
  64   1.43832847e+06  4.45878942e+06  1.55e+00 1.44e-08  1.30e+02     0s
  65   1.53644299e+06  4.47098323e+06  1.51e+00 1.40e-08  1.27e+02     0s
  66   1.81257128e+06  4.49161335e+06  1.38e+00 1.72e-08  1.21e+02     0s
  67   1.89123984e+06  4.51566905e+06  1.34e+00 1.30e-08  1.19e+02     0s
  68   1.91078467e+06  4.55884854e+06  1.33e+00 1.02e-08  1.17e+02     0s
  69   1.98348364e+06  4.69614835e+06  1.30e+00 1.07e-08  1.15e+02     0s
  70   2.13016494e+06  4.60323763e+06  1.24e+00 1.02e-08  1.15e+02     0s
  71   2.15442354e+06  4.70542055e+06  1.23e+00 1.12e-08  1.14e+02     0s
  72   2.22942559e+06  4.79793455e+06  1.20e+00 9.90e-09  1.12e+02     0s
  73   2.26849281e+06  4.87529127e+06  1.18e+00 9.78e-09  1.11e+02     0s
  74   2.33316376e+06  4.93680266e+06  1.16e+00 8.85e-09  1.09e+02     0s
  75   2.41282166e+06  5.00380293e+06  1.12e+00 1.44e-08  1.06e+02     0s
  76   2.44135038e+06  5.05849793e+06  1.11e+00 1.49e-08  1.04e+02     0s
  77   2.45593826e+06  5.13698034e+06  1.11e+00 1.30e-08  1.04e+02     0s
  78   2.48900401e+06  5.24461664e+06  1.10e+00 1.07e-08  1.03e+02     0s
  79   2.50247980e+06  5.28270957e+06  1.09e+00 1.14e-08  1.03e+02     0s
  80   2.51646515e+06  5.32428856e+06  1.09e+00 2.11e-08  1.02e+02     0s
  81   2.57185507e+06  5.36023763e+06  1.07e+00 1.72e-08  1.00e+02     0s
  82   2.66673123e+06  5.41877130e+06  1.04e+00 3.03e-08  9.72e+01     0s
  83   2.71917858e+06  5.48104527e+06  1.02e+00 3.26e-08  9.64e+01     0s
  84   2.77301439e+06  5.63970079e+06  1.00e+00 2.19e-08  9.38e+01     0s
  85   3.09463749e+06  5.69566485e+06  9.03e-01 3.54e-08  8.84e+01     0s
  86   3.37335791e+06  5.78181805e+06  8.19e-01 8.48e-08  7.89e+01     0s
  87   3.65012042e+06  5.86657251e+06  7.34e-01 7.12e-08  6.58e+01     0s
  88   3.68761481e+06  5.96519259e+06  7.23e-01 1.15e-07  5.84e+01     0s
  89   3.76192094e+06  6.04246247e+06  7.01e-01 1.42e-07  5.65e+01     0s
  90   3.80822905e+06  6.06714273e+06  6.88e-01 1.38e-07  5.57e+01     0s
  91   3.97535327e+06  6.07831874e+06  6.41e-01 1.67e-07  5.29e+01     0s
  92   4.01237102e+06  6.19404419e+06  6.30e-01 1.49e-07  4.94e+01     0s
  93   4.02157413e+06  7.00940880e+06  6.27e-01 1.60e-07  5.02e+01     0s
  94   4.05667154e+06  6.96669152e+06  6.21e-01 2.16e-07  5.06e+01     0s
  95   4.37796132e+06  7.10857774e+06  5.57e-01 1.29e-07  4.64e+01     0s
  96   4.40765273e+06  7.20306008e+06  5.52e-01 1.42e-07  4.36e+01     0s
  97   4.70003776e+06  7.21251493e+06  4.96e-01 4.21e-07  3.70e+01     0s
  98   4.74426634e+06  7.23338874e+06  4.88e-01 4.53e-07  3.57e+01     0s
  99   4.80669303e+06  7.25614802e+06  4.76e-01 4.91e-07  3.48e+01     0s
 100   4.86899278e+06  7.34233815e+06  4.64e-01 4.46e-07  3.35e+01     0s
 101   4.90508409e+06  7.44170476e+06  4.57e-01 4.84e-07  3.32e+01     0s
 102   4.91113716e+06  7.61146360e+06  4.56e-01 4.81e-07  3.31e+01     0s
 103   4.93976107e+06  7.71698107e+06  4.51e-01 4.68e-07  3.27e+01     0s
 104   4.97465718e+06  7.56961301e+06  4.49e-01 2.74e-07  3.68e+01     0s
 105   5.01538948e+06  7.77000617e+06  4.45e-01 2.92e-07  3.88e+01     0s
 106   5.12361208e+06  8.15778136e+06  4.30e-01 2.03e-07  3.93e+01     0s
 107   5.29099951e+06  8.18880764e+06  4.07e-01 7.71e-07  3.52e+01     0s
 108   5.32811232e+06  8.40887944e+06  4.04e-01 5.27e-07  3.70e+01     0s
 109   5.34611028e+06  8.49041465e+06  4.01e-01 4.89e-07  3.62e+01     0s
 110   5.53903993e+06  8.47786120e+06  3.78e-01 4.78e-07  3.63e+01     0s
 111   5.90688223e+06  8.56977850e+06  3.37e-01 7.67e-07  3.91e+01     0s
 112   5.99568922e+06  8.62150343e+06  3.26e-01 4.97e-07  3.76e+01     0s
 113   6.02773919e+06  8.68296547e+06  3.22e-01 1.70e-07  3.72e+01     0s
 114   6.06393231e+06  8.73897861e+06  3.17e-01 1.75e-07  3.59e+01     0s
 115   6.11838655e+06  8.88683702e+06  3.10e-01 1.86e-07  3.49e+01     0s
 116   6.18233244e+06  8.97691674e+06  3.03e-01 1.92e-07  3.37e+01     0s
 117   6.20698479e+06  8.97887973e+06  3.00e-01 1.93e-07  3.35e+01     0s
 118   6.22839109e+06  9.00713680e+06  2.98e-01 2.65e-07  3.31e+01     0s
 119   6.32376517e+06  9.01207228e+06  2.88e-01 2.59e-07  3.21e+01     0s
 120   6.49783526e+06  9.01594342e+06  2.70e-01 4.14e-07  3.04e+01     0s
 121   6.94937131e+06  9.03722937e+06  2.22e-01 2.06e-06  2.23e+01     0s
 122   7.01639953e+06  9.04956718e+06  2.15e-01 2.11e-06  2.04e+01     0s
 123   7.04918112e+06  9.06457294e+06  2.12e-01 2.18e-06  2.00e+01     0s
 124   7.64438280e+06  9.06652244e+06  1.50e-01 1.78e-06  1.56e+01     0s
 125   8.42674155e+06  9.07572187e+06  6.91e-02 3.46e-06  8.17e+00     0s
 126   8.44649394e+06  9.08550754e+06  6.71e-02 3.39e-06  6.20e+00     0s
 127   8.45327462e+06  9.08839518e+06  6.64e-02 3.32e-06  6.10e+00     0s
 128   8.46235792e+06  9.09408609e+06  6.54e-02 3.24e-06  6.00e+00     0s
 129   8.69323475e+06  9.09232597e+06  4.18e-02 3.22e-06  4.36e+00     0s
 130   8.75542331e+06  9.09477015e+06  3.54e-02 4.20e-06  3.56e+00     0s
 131   8.77237013e+06  9.09762965e+06  3.37e-02 2.67e-06  3.06e+00     0s
 132   8.77599675e+06  9.09816882e+06  3.33e-02 2.62e-06  3.03e+00     0s
 133   8.77837246e+06  9.10190738e+06  3.31e-02 2.45e-06  3.01e+00     0s
 134   8.77931132e+06  9.10059525e+06  3.30e-02 2.45e-06  3.01e+00     0s
 135   8.81091203e+06  9.10223437e+06  2.98e-02 4.28e-08  2.73e+00     0s
 136   8.81530595e+06  9.10362084e+06  2.93e-02 7.53e-07  2.62e+00     0s
 137   8.81551886e+06  9.10458408e+06  2.93e-02 7.53e-07  2.62e+00     0s
 138   8.81915373e+06  9.10416059e+06  2.89e-02 7.62e-07  2.62e+00     0s
 139   8.82885056e+06  9.10523897e+06  2.80e-02 8.94e-08  2.54e+00     0s
 140   8.83142124e+06  9.11346799e+06  2.77e-02 2.12e-07  2.46e+00     0s
 141   8.88094598e+06  9.11168413e+06  2.33e-02 5.79e-07  3.27e+00     0s
 142   8.91414284e+06  9.11794195e+06  2.01e-02 1.16e-06  2.54e+00     0s
 143   8.95339012e+06  9.12041014e+06  1.63e-02 3.02e-06  1.89e+00     0s
 144   9.00659881e+06  9.12200174e+06  1.12e-02 3.98e-06  1.21e+00     0s
 145   9.03161250e+06  9.12219263e+06  8.75e-03 3.40e-06  9.44e-01     0s
 146   9.03534688e+06  9.12273650e+06  8.39e-03 2.57e-06  8.93e-01     0s
 147   9.05647123e+06  9.12286069e+06  6.41e-03 2.47e-06  7.92e-01     0s
 148   9.06894898e+06  9.12329713e+06  5.21e-03 2.48e-06  6.12e-01     0s
 149   9.09499303e+06  9.12331322e+06  2.72e-03 3.22e-06  3.31e-01     0s
 150   9.10095449e+06  9.12339737e+06  2.15e-03 2.64e-06  2.61e-01     0s
 151   9.10322264e+06  9.12343804e+06  1.94e-03 2.97e-06  2.34e-01     0s
 152   9.11477832e+06  9.12344390e+06  8.33e-04 2.54e-06  1.05e-01     0s
 153   9.12297913e+06  9.12348675e+06  5.28e-05 2.90e-06  1.61e-02     0s
 154   9.12349458e+06  9.12349518e+06  1.21e-07 2.18e-06  1.62e-04     0s
 155   9.12349571e+06  9.12349574e+06  9.31e-09 1.42e-06  1.26e-06     0s
 156   9.12349575e+06  9.12349575e+06  4.55e-13 1.81e-06  2.06e-11     0s

Barrier solved model in 156 iterations and 0.34 seconds (0.26 work units)
Optimal objective 9.12349575e+06

Crossover time: 0.01 seconds (0.02 work units)

Root relaxation: objective 9.123496e+06, 259 iterations, 0.28 seconds (0.20 work units)

    Nodes    |    Current Node    |     Objective Bounds      |     Work
 Expl Unexpl |  Obj  Depth IntInf | Incumbent    BestBd   Gap | It/Node Time

     0     0 9123495.75    0   38 1.0000e+07 9123495.75  8.77%     -    0s
     0     0 9293038.54    0   36 1.0000e+07 9293038.54  7.07%     -    0s
     0     0 9306768.80    0   38 1.0000e+07 9306768.80  6.93%     -    0s
     0     0 9535344.73    0   39 1.0000e+07 9535344.73  4.65%     -    0s
     0     0 9553648.25    0   26 1.0000e+07 9553648.25  4.46%     -    0s
     0     0 9628158.15    0   34 1.0000e+07 9628158.15  3.72%     -    0s
     0     0 9628158.15    0   35 1.0000e+07 9628158.15  3.72%     -    0s
     0     0 9652693.08    0   34 1.0000e+07 9652693.08  3.47%     -    0s
     0     0 9735183.38    0   34 1.0000e+07 9735183.38  2.65%     -    0s
     0     0 9735183.38    0   34 1.0000e+07 9735183.38  2.65%     -    0s
     0     2 9735183.38    0   34 1.0000e+07 9735183.38  2.65%     -    0s

Cutting planes:
  Learned: 2
  Implied bound: 18
  MIR: 32
  Flow cover: 16
  RLT: 3
  Relax-and-lift: 1

Explored 24 nodes (2222 simplex iterations) in 0.99 seconds (1.07 work units)
Thread count was 10 (of 10 available processors)

Solution count 1: 1e+07 

Optimal solution found (tolerance 5.00e-03)
Best objective 1.000000000000e+07, best bound 1.000000000000e+07, gap 0.0000%
