
Gurobi 13.0.3 (mac64[arm]) logging started Sat Sep 26 12:17:08 2026

Set parameter LogFile to value "/Users/ashutosh/Desktop/Two-stage-Model/certainty_results/full/solves/w_5_10_20M_phase2.log"
Gurobi Optimizer version 13.0.3 build v13.0.3rc0 (mac64[arm] - Darwin 27.0.0 26A428)

CPU model: Apple M1 Pro
Thread count: 10 physical cores, 10 logical processors, using up to 10 threads

Non-default parameters:
TimeLimit  21600
MIPGap  0.005
Method  2
LogToConsole  0

Optimize a model with 13534 rows, 5548 columns and 38768 nonzeros (Min)
Model fingerprint: 0x04f56ab8
Model has 724 linear objective coefficients
Variable types: 3498 continuous, 2050 integer (1688 binary)
Coefficient statistics:
  Matrix range     [1e-03, 1e+05]
  Objective range  [2e+04, 1e+05]
  Bounds range     [1e+00, 3e+00]
  RHS range        [1e-02, 2e+07]

Loaded user MIP start with objective 1.9875e+07
MIP start from previous solve did not produce a new incumbent solution

Presolve removed 11511 rows and 3811 columns
Presolve time: 0.05s
Presolved: 2023 rows, 1737 columns, 8066 nonzeros
Variable types: 1490 continuous, 247 integer (247 binary)
Root barrier log...

Ordering time: 0.00s

Barrier statistics:
 AA' NZ     : 2.713e+04
 Factor NZ  : 7.872e+04 (roughly 2 MB of memory)
 Factor Ops : 5.414e+06 (less than 1 second per iteration)
 Threads    : 10

                  Objective                Residual
Iter       Primal          Dual         Primal    Dual     Compl     Time
   0   1.11302835e+08 -1.03927862e+08  8.41e+04 4.55e-13  2.83e+06     0s
   1   4.94850272e+07 -1.06024896e+08  3.26e+04 2.07e+03  1.12e+06     0s
   2   5.46367116e+06 -9.60036980e+07  6.42e+02 4.55e-12  4.38e+04     0s
   3   4.49136902e+06 -2.95517218e+07  4.70e+02 3.00e-11  1.92e+04     0s
   4   2.23666214e+06 -1.64789201e+07  1.63e+02 2.09e-11  7.73e+03     0s
   5   1.27793880e+06 -3.72388309e+06  3.89e+01 3.09e-11  1.77e+03     0s
   6   9.71302569e+05 -6.84221175e+05  1.49e+01 1.02e-10  5.92e+02     0s
   7   8.73065444e+05  2.05749577e+05  7.98e+00 1.75e-10  2.76e+02     0s
   8   8.34592204e+05  5.32893421e+05  5.25e+00 1.46e-10  1.74e+02     0s
   9   8.31919105e+05  6.37240014e+05  4.80e+00 2.33e-10  1.56e+02     0s
  10   8.41868859e+05  8.89287258e+05  4.15e+00 5.24e-10  1.29e+02     0s
  11   8.59184211e+05  9.57885959e+05  3.82e+00 4.37e-10  1.18e+02     0s
  12   8.60363262e+05  1.20067402e+06  3.75e+00 7.57e-10  1.16e+02     0s
  13   8.67163618e+05  1.32349175e+06  3.63e+00 7.28e-10  1.12e+02     0s
  14   8.69340138e+05  1.38097201e+06  3.60e+00 6.11e-10  1.12e+02     0s
  15   8.79885309e+05  1.47298698e+06  3.50e+00 7.57e-10  1.08e+02     0s
  16   8.90176691e+05  1.57188306e+06  3.44e+00 1.34e-09  1.06e+02     0s
  17   8.97767977e+05  1.61576636e+06  3.40e+00 1.34e-09  1.05e+02     0s
  18   8.99580006e+05  1.65286527e+06  3.40e+00 1.40e-09  1.04e+02     0s
  19   9.08365304e+05  1.72609305e+06  3.36e+00 1.80e-09  1.03e+02     0s
  20   9.43945668e+05  2.01175644e+06  3.23e+00 3.73e-09  9.99e+01     0s
  21   9.61301216e+05  2.37932536e+06  3.10e+00 3.38e-09  9.25e+01     0s
  22   9.78918971e+05  2.53518597e+06  3.06e+00 3.84e-09  9.14e+01     0s
  23   1.00450795e+06  2.59606115e+06  3.00e+00 4.19e-09  8.85e+01     0s
  24   1.11532816e+06  2.66404487e+06  2.81e+00 4.42e-09  8.38e+01     0s
  25   1.15915067e+06  2.74990420e+06  2.75e+00 7.57e-09  8.39e+01     0s
  26   1.20667924e+06  2.89529756e+06  2.68e+00 1.15e-08  8.10e+01     0s
  27   1.21777504e+06  2.96011369e+06  2.65e+00 9.43e-09  7.96e+01     0s
  28   1.23126708e+06  2.98813060e+06  2.63e+00 9.20e-09  7.81e+01     0s
  29   1.23922570e+06  3.00853484e+06  2.61e+00 9.20e-09  7.78e+01     0s
  30   1.30051078e+06  3.05690612e+06  2.55e+00 1.44e-08  7.90e+01     0s
  31   9.31768195e+08 -1.52714802e+08  8.41e+05 9.09e-13  3.90e+07     0s
  32   1.17641679e+08 -1.94505135e+08  2.04e+05 1.72e+03  9.77e+06     0s
  33   9.14652683e+06 -1.95863055e+08  1.26e+03 3.27e-11  1.05e+05     0s
  34   6.22682770e+06 -1.40364770e+08  2.30e+02 1.46e-11  4.28e+04     0s
  35   5.83483905e+06 -4.32050545e+07  1.94e+02 5.28e-11  1.69e+04     0s
  36   2.71358794e+06 -1.62590975e+07  4.37e+01 9.09e-12  5.35e+03     0s
  37   1.55891201e+06 -1.95145005e+06  1.52e+01 2.91e-11  1.08e+03     0s
  38   1.18864967e+06 -1.23861020e+05  7.95e+00 5.09e-11  4.61e+02     0s
  39   1.07026510e+06  3.09169767e+05  5.64e+00 7.28e-11  3.17e+02     0s
  40   1.00951372e+06  6.44557557e+05  4.13e+00 1.46e-10  2.36e+02     0s
  41   1.01328400e+06  7.46731648e+05  3.91e+00 1.75e-10  2.21e+02     0s
  42   1.01465803e+06  8.77518832e+05  3.70e+00 1.75e-10  2.07e+02     0s
  43   1.04819460e+06  1.29974056e+06  3.49e+00 4.07e-10  1.95e+02     0s
  44   1.07868507e+06  1.59492116e+06  3.31e+00 6.40e-10  1.82e+02     0s
  45   1.08957623e+06  1.84995840e+06  3.25e+00 1.05e-09  1.77e+02     0s
  46   1.11360748e+06  2.05915829e+06  3.11e+00 9.31e-10  1.68e+02     0s
  47   1.13601204e+06  2.08204257e+06  3.05e+00 5.82e-10  1.64e+02     0s
  48   1.14786538e+06  2.24858586e+06  3.04e+00 8.15e-10  1.65e+02     0s
  49   1.20080085e+06  2.41996324e+06  2.91e+00 1.40e-09  1.57e+02     0s
  50   1.28040754e+06  2.71014296e+06  2.77e+00 1.98e-09  1.44e+02     0s
  51   1.30381364e+06  2.82308688e+06  2.72e+00 2.21e-09  1.40e+02     0s
  52   1.31996674e+06  2.91547618e+06  2.69e+00 2.33e-09  1.39e+02     0s
  53   1.35060884e+06  2.99349572e+06  2.64e+00 2.44e-09  1.36e+02     0s
  54   1.37807930e+06  3.08515652e+06  2.60e+00 2.10e-09  1.34e+02     0s
  55   1.47185091e+06  3.29187136e+06  2.47e+00 3.26e-09  1.25e+02     0s
  56   1.55708704e+06  3.34696610e+06  2.36e+00 3.73e-09  1.17e+02     0s
  57   1.71586239e+06  3.42015495e+06  2.18e+00 4.77e-09  1.07e+02     0s
  58   1.76357090e+06  3.68087471e+06  2.12e+00 7.22e-09  1.08e+02     0s
  59   1.81723212e+06  3.86513707e+06  2.06e+00 6.52e-09  1.02e+02     0s
  60   1.88275568e+06  3.93974029e+06  1.99e+00 4.66e-09  9.86e+01     0s
  61   1.90432640e+06  4.00055780e+06  1.97e+00 5.36e-09  9.62e+01     0s
  62   1.91902876e+06  4.19443982e+06  1.95e+00 4.66e-09  9.45e+01     0s
  63   1.96302323e+06  4.98868563e+06  1.91e+00 4.89e-09  9.06e+01     0s
  64   1.98157838e+06  5.84916992e+06  1.90e+00 8.38e-09  9.02e+01     0s
  65   2.06029888e+06  6.17949563e+06  1.87e+00 1.02e-08  8.95e+01     0s
  66   2.23236389e+06  6.31242259e+06  1.79e+00 1.02e-08  8.62e+01     0s
  67   2.24779139e+06  6.54218926e+06  1.79e+00 4.75e-08  8.52e+01     0s
  68   2.31481640e+06  6.56961053e+06  1.76e+00 5.40e-08  8.42e+01     0s
  69   2.39298622e+06  6.73688355e+06  1.73e+00 6.73e-08  8.41e+01     0s
  70   2.43508746e+06  6.76364203e+06  1.72e+00 4.75e-08  8.31e+01     0s
  71   2.48985690e+06  6.85480364e+06  1.69e+00 1.16e-08  8.15e+01     0s
  72   2.54743010e+06  7.06877812e+06  1.67e+00 3.17e-08  8.01e+01     0s
  73   2.64785865e+06  7.30159977e+06  1.64e+00 8.68e-08  7.91e+01     0s
  74   2.72575805e+06  7.58871899e+06  1.62e+00 1.00e-07  8.00e+01     0s
  75   2.78693882e+06  7.68754654e+06  1.60e+00 1.18e-07  7.89e+01     0s
  76   2.88064054e+06  7.75271654e+06  1.57e+00 7.45e-09  7.79e+01     0s
  77   2.94086521e+06  7.79935263e+06  1.55e+00 4.66e-09  7.72e+01     0s
  78   3.00255343e+06  7.82502109e+06  1.53e+00 5.59e-09  7.65e+01     0s
  79   3.41427064e+06  7.77051860e+06  1.41e+00 1.82e-08  7.42e+01     0s
  80   3.61083553e+06  7.89140357e+06  1.35e+00 6.14e-07  6.61e+01     0s
  81   3.66050336e+06  8.05820386e+06  1.33e+00 6.26e-07  6.54e+01     0s
  82   3.85179577e+06  8.07376353e+06  1.27e+00 6.28e-07  6.40e+01     0s
  83   3.90797174e+06  8.24463338e+06  1.26e+00 4.97e-07  6.23e+01     0s
  84   3.97972134e+06  8.31076412e+06  1.24e+00 1.99e-07  6.08e+01     0s
  85   4.03830507e+06  8.38335355e+06  1.22e+00 2.90e-07  5.99e+01     0s
  86   4.05852853e+06  8.52624735e+06  1.22e+00 3.39e-07  5.96e+01     0s
  87   4.07162397e+06  9.09356476e+06  1.21e+00 3.37e-07  5.92e+01     0s
  88   4.11605787e+06  1.02146083e+07  1.20e+00 4.10e-08  5.62e+01     0s
  89   4.12053296e+06  9.96951154e+06  1.20e+00 1.21e-08  5.60e+01     0s
  90   4.30080007e+06  9.40296149e+06  1.16e+00 7.86e-07  6.14e+01     0s
  91   4.48441191e+06  9.67352914e+06  1.13e+00 4.73e-07  6.97e+01     0s
  92   4.80270198e+06  1.04020715e+07  1.07e+00 1.29e-07  6.15e+01     0s
  93   4.93347148e+06  1.04037242e+07  1.05e+00 1.46e-07  6.65e+01     0s
  94   4.95824126e+06  1.14182607e+07  1.04e+00 1.45e-07  6.61e+01     0s
  95   4.97188561e+06  1.18800276e+07  1.04e+00 5.77e-08  6.66e+01     0s
  96   5.04827007e+06  1.12175096e+07  1.03e+00 2.51e-08  6.87e+01     0s
  97   5.08863006e+06  1.14880880e+07  1.02e+00 1.30e-08  6.83e+01     0s
  98   5.09179141e+06  1.15904881e+07  1.02e+00 7.45e-09  6.81e+01     0s
  99   5.16302775e+06  1.22972878e+07  1.01e+00 2.05e-08  6.69e+01     0s
 100   5.27980972e+06  1.20767853e+07  9.96e-01 1.02e-07  6.77e+01     0s
 101   5.36243873e+06  1.28136624e+07  9.85e-01 3.82e-06  6.15e+01     0s
 102   5.79677362e+06  1.27295725e+07  9.34e-01 6.43e-08  7.02e+01     0s
 103   6.11605488e+06  1.33553114e+07  8.95e-01 2.91e-07  6.43e+01     0s
 104   6.17593670e+06  1.37323589e+07  8.88e-01 5.03e-08  6.35e+01     0s
 105   6.18036717e+06  1.34590985e+07  8.87e-01 7.54e-08  6.34e+01     0s
 106   6.18206988e+06  1.35616223e+07  8.87e-01 4.19e-08  6.34e+01     0s
 107   6.19501754e+06  1.41927324e+07  8.86e-01 4.30e-07  6.45e+01     0s
 108   6.48385580e+06  1.43369800e+07  8.57e-01 1.21e-06  6.76e+01     0s
 109   7.93140282e+06  1.44002017e+07  7.09e-01 1.82e-05  6.92e+01     0s
 110   8.09238851e+06  1.46662646e+07  6.93e-01 1.84e-06  5.86e+01     0s
 111   8.66325464e+06  1.48244561e+07  6.34e-01 2.44e-06  4.48e+01     0s
 112   8.76014808e+06  1.50021584e+07  6.25e-01 2.91e-06  5.22e+01     0s
 113   8.91641793e+06  1.52344892e+07  6.09e-01 2.53e-06  5.04e+01     0s
 114   8.99253108e+06  1.52629313e+07  6.02e-01 1.48e-06  5.00e+01     0s
 115   9.10896666e+06  1.52825787e+07  5.91e-01 1.44e-06  5.00e+01     0s
 116   9.19139506e+06  1.52967487e+07  5.83e-01 3.87e-06  4.87e+01     0s
 117   9.21980804e+06  1.53469106e+07  5.81e-01 9.20e-07  4.85e+01     0s
 118   9.42206500e+06  1.54144045e+07  5.62e-01 3.08e-06  4.67e+01     0s
 119   9.45057537e+06  1.54576274e+07  5.59e-01 2.44e-07  4.62e+01     0s
 120   9.52226256e+06  1.55233510e+07  5.53e-01 2.29e-07  4.56e+01     0s
 121   9.55080645e+06  1.55261734e+07  5.50e-01 9.69e-08  4.55e+01     0s
 122   9.59208006e+06  1.55587190e+07  5.46e-01 1.22e-06  4.47e+01     0s
 123   9.69220327e+06  1.55682677e+07  5.37e-01 3.67e-07  4.41e+01     0s
 124   9.78505120e+06  1.56158229e+07  5.29e-01 5.18e-07  4.28e+01     0s
 125   9.85007851e+06  1.56372470e+07  5.23e-01 4.56e-07  4.23e+01     0s
 126   9.86487745e+06  1.56592822e+07  5.22e-01 4.66e-07  4.22e+01     0s
 127   9.93491911e+06  1.56974152e+07  5.16e-01 4.21e-07  4.16e+01     0s
 128   9.98040998e+06  1.57341631e+07  5.12e-01 5.40e-08  4.13e+01     0s
 129   1.00269018e+07  1.57917566e+07  5.08e-01 7.82e-08  4.10e+01     0s
 130   1.00289057e+07  1.58556998e+07  5.07e-01 3.73e-09  4.09e+01     0s
 131   1.00441470e+07  1.60516912e+07  5.06e-01 2.61e-08  4.05e+01     0s
 132   1.00582364e+07  1.63375468e+07  5.04e-01 2.42e-08  4.09e+01     0s
 133   1.00765136e+07  1.66484901e+07  5.03e-01 2.98e-08  4.11e+01     0s
 134   1.03027106e+07  1.68751439e+07  4.86e-01 1.96e-06  4.33e+01     0s
 135   1.12584702e+07  1.68702849e+07  4.20e-01 4.36e-06  4.75e+01     0s
 136   1.13114638e+07  1.73069601e+07  4.16e-01 2.13e-06  3.36e+01     0s
 137   1.20277483e+07  1.73792639e+07  3.72e-01 8.07e-06  4.48e+01     0s
 138   1.20735432e+07  1.74769580e+07  3.68e-01 5.65e-06  4.35e+01     0s
 139   1.24381207e+07  1.75281897e+07  3.44e-01 3.63e-06  4.10e+01     0s
 140   1.27653321e+07  1.74969080e+07  3.22e-01 5.39e-06  4.05e+01     0s
 141   1.32875204e+07  1.76652676e+07  2.89e-01 1.98e-05  3.28e+01     0s
 142   1.33360626e+07  1.77469461e+07  2.85e-01 2.99e-05  3.00e+01     0s
 143   1.33608055e+07  1.78673994e+07  2.84e-01 3.06e-05  3.03e+01     0s
 144   1.34026850e+07  1.81279368e+07  2.81e-01 2.87e-05  3.06e+01     0s
 145   1.34465844e+07  1.81850123e+07  2.78e-01 1.12e-07  2.94e+01     0s
 146   1.34637759e+07  1.82109206e+07  2.77e-01 2.39e-06  2.94e+01     0s
 147   1.35875991e+07  1.82304867e+07  2.70e-01 2.50e-06  2.90e+01     0s
 148   1.41524846e+07  1.82763755e+07  2.37e-01 3.42e-06  2.59e+01     0s
 149   1.42611111e+07  1.83210189e+07  2.31e-01 1.55e-05  2.04e+01     0s
 150   1.42876411e+07  1.84572335e+07  2.30e-01 1.51e-05  2.07e+01     0s
 151   1.44245692e+07  1.85723895e+07  2.22e-01 1.50e-05  1.88e+01     0s
 152   1.52534164e+07  1.85779143e+07  1.78e-01 3.99e-07  1.65e+01     0s
 153   1.59338455e+07  1.85927892e+07  1.42e-01 1.09e-05  1.07e+01     0s
 154   1.60587720e+07  1.86167877e+07  1.35e-01 1.14e-05  8.77e+00     0s
 155   1.63371326e+07  1.86172924e+07  1.21e-01 1.11e-05  8.04e+00     0s
 156   1.65018002e+07  1.86191041e+07  1.12e-01 9.83e-06  7.41e+00     0s
 157   1.69592419e+07  1.86231643e+07  8.80e-02 1.07e-05  5.17e+00     0s
 158   1.69692919e+07  1.86313668e+07  8.75e-02 1.22e-05  4.92e+00     0s
 159   1.69788316e+07  1.86426698e+07  8.69e-02 1.21e-05  4.86e+00     0s
 160   1.69818613e+07  1.86957983e+07  8.68e-02 1.20e-05  4.97e+00     0s
 161   1.69834755e+07  1.87072704e+07  8.67e-02 1.19e-05  5.04e+00     0s
 162   1.69931836e+07  1.88321852e+07  8.62e-02 9.98e-07  5.34e+00     0s
 163   1.69932967e+07  1.89498689e+07  8.62e-02 1.12e-08  5.49e+00     0s
 164   1.70126395e+07  1.89000992e+07  8.54e-02 2.19e-06  5.96e+00     0s
 165   1.72586110e+07  1.88456661e+07  7.51e-02 8.90e-06  1.09e+01     0s
 166   1.76073479e+07  1.88693108e+07  6.01e-02 2.85e-06  1.44e+01     0s
 167   1.81038365e+07  1.89264524e+07  3.89e-02 1.24e-04  1.36e+01     0s
 168   1.83779919e+07  1.89591242e+07  2.71e-02 1.61e-04  1.02e+01     0s
 169   1.84083842e+07  1.90005380e+07  2.58e-02 3.01e-05  4.25e+00     0s
 170   1.89446539e+07  1.90077846e+07  2.93e-03 2.22e-05  1.41e+00     0s
 171   1.89945015e+07  1.90125135e+07  7.98e-04 3.05e-05  2.08e-01     0s
 172   1.90120719e+07  1.90129149e+07  4.67e-05 1.30e-05  5.96e-02     0s
 173   1.90130513e+07  1.90130571e+07  4.30e-06 1.15e-05  2.17e-02     0s
 174   1.90131408e+07  1.90131414e+07  2.89e-07 4.39e-06  1.41e-03     0s
 175   1.90131468e+07  1.90131469e+07  4.70e-09 1.55e-06  4.46e-06     0s
 176   1.90131469e+07  1.90131469e+07  2.73e-12 1.57e-06  1.23e-11     0s

Barrier solved model in 176 iterations and 0.35 seconds (0.30 work units)
Optimal objective 1.90131469e+07

Crossover time: 0.01 seconds (0.02 work units)

Root relaxation: objective 1.901315e+07, 210 iterations, 0.29 seconds (0.24 work units)

    Nodes    |    Current Node    |     Objective Bounds      |     Work
 Expl Unexpl |  Obj  Depth IntInf | Incumbent    BestBd   Gap | It/Node Time

     0     0 1.9013e+07    0   15 1.9875e+07 1.9013e+07  4.34%     -    0s
     0     0 1.9463e+07    0   11 1.9875e+07 1.9463e+07  2.07%     -    0s
     0     0 1.9599e+07    0   12 1.9875e+07 1.9599e+07  1.39%     -    0s
     0     0 1.9603e+07    0   12 1.9875e+07 1.9603e+07  1.37%     -    0s
     0     0 1.9674e+07    0   12 1.9875e+07 1.9674e+07  1.01%     -    0s
     0     0 1.9688e+07    0   12 1.9875e+07 1.9688e+07  0.94%     -    0s
     0     0          -    0      1.9875e+07 1.9777e+07  0.49%     -    0s

Cutting planes:
  Gomory: 1
  Cover: 3
  Implied bound: 10
  MIR: 16
  Flow cover: 5
  RLT: 7
  Relax-and-lift: 6

Explored 1 nodes (680 simplex iterations) in 0.66 seconds (0.60 work units)
Thread count was 10 (of 10 available processors)

Solution count 1: 1.9875e+07 

Optimal solution found (tolerance 5.00e-03)
Best objective 1.987500000000e+07, best bound 1.980000000000e+07, gap 0.3774%
