
Gurobi 13.0.3 (mac64[arm]) logging started Sat Sep 26 12:17:17 2026

Set parameter LogFile to value "/Users/ashutosh/Desktop/Two-stage-Model/certainty_results/full/solves/w_5_25_20M_phase2.log"
Gurobi Optimizer version 13.0.3 build v13.0.3rc0 (mac64[arm] - Darwin 27.0.0 26A428)

CPU model: Apple M1 Pro
Thread count: 10 physical cores, 10 logical processors, using up to 10 threads

Non-default parameters:
TimeLimit  21600
MIPGap  0.005
Method  2
LogToConsole  0

Optimize a model with 13510 rows, 5548 columns and 38696 nonzeros (Min)
Model fingerprint: 0x6db7e81f
Model has 724 linear objective coefficients
Variable types: 3498 continuous, 2050 integer (1688 binary)
Coefficient statistics:
  Matrix range     [1e-03, 1e+05]
  Objective range  [2e+04, 1e+05]
  Bounds range     [1e+00, 3e+00]
  RHS range        [1e-02, 2e+07]

Loaded user MIP start with objective 1.99e+07
MIP start from previous solve did not produce a new incumbent solution

Presolve removed 11681 rows and 3871 columns
Presolve time: 0.05s
Presolved: 1829 rows, 1677 columns, 7536 nonzeros
Variable types: 1436 continuous, 241 integer (241 binary)
Root barrier log...

Ordering time: 0.00s

Barrier statistics:
 AA' NZ     : 2.312e+04
 Factor NZ  : 7.096e+04 (roughly 2 MB of memory)
 Factor Ops : 4.784e+06 (less than 1 second per iteration)
 Threads    : 10

                  Objective                Residual
Iter       Primal          Dual         Primal    Dual     Compl     Time
   0   5.75076882e+07 -9.50754495e+07  3.91e+04 4.55e-13  1.30e+06     0s
   1   2.90010343e+07 -8.36987051e+07  1.28e+04 2.19e+03  4.41e+05     0s
   2   3.58240938e+06 -6.25476413e+07  6.09e+02 3.46e+02  3.56e+04     0s
   3   1.22035758e+06 -2.01191236e+07  1.04e+02 5.27e+01  7.61e+03     0s
   4   7.19159183e+05 -3.92502112e+06  3.00e+01 4.70e+00  1.60e+03     0s
   5   5.77623789e+05 -1.27676202e+06  1.37e+01 1.63e+00  6.54e+02     0s
   6   5.14310574e+05 -2.32714801e+05  6.80e+00 6.73e-01  2.96e+02     0s
   7   5.00766467e+05  2.44510144e+05  5.11e+00 3.68e-01  1.81e+02     0s
   8   5.07170891e+05  4.42037706e+05  4.65e+00 3.17e-01  1.61e+02     0s
   9   5.36916696e+05  7.68805372e+05  4.37e+00 2.70e-01  1.51e+02     0s
  10   5.64101330e+05  9.14141054e+05  4.10e+00 2.48e-01  1.39e+02     0s
  11   5.98839476e+05  9.85576838e+05  3.87e+00 2.29e-01  1.29e+02     0s
  12   6.20843065e+05  1.02493755e+06  3.73e+00 2.19e-01  1.24e+02     0s
  13   6.25512150e+05  1.10876022e+06  3.70e+00 2.06e-01  1.21e+02     0s
  14   6.71234195e+05  1.13081559e+06  3.44e+00 1.90e-01  1.11e+02     0s
  15   6.76350119e+05  1.15709611e+06  3.41e+00 1.87e-01  1.10e+02     0s
  16   6.88808963e+05  1.18306004e+06  3.30e+00 1.85e-01  1.06e+02     0s
  17   6.95891134e+05  1.27015804e+06  3.26e+00 1.80e-01  1.04e+02     0s
  18   7.05320952e+05  1.53730731e+06  3.22e+00 1.52e-01  9.93e+01     0s
  19   7.28300255e+05  1.61404822e+06  3.12e+00 1.49e-01  9.59e+01     0s
  20   7.29890149e+05  1.71387539e+06  3.09e+00 1.48e-01  9.44e+01     0s
  21   7.34078537e+05  1.85814484e+06  3.08e+00 1.44e-01  9.41e+01     0s
  22   7.75032398e+05  1.95375273e+06  2.96e+00 1.35e-01  8.92e+01     0s
  23   8.68870122e+05  1.99922219e+06  2.76e+00 1.31e-01  8.39e+01     0s
  24   9.44279350e+05  2.02397098e+06  2.60e+00 1.26e-01  7.98e+01     0s
  25   9.66597996e+05  2.08582938e+06  2.55e+00 1.20e-01  7.70e+01     0s
  26   9.66010783e+05  2.17922082e+06  2.54e+00 1.19e-01  7.68e+01     0s
  27   9.83402822e+05  2.33889754e+06  2.50e+00 1.17e-01  7.59e+01     0s
  28   1.03019354e+06  2.30744275e+06  2.41e+00 1.14e-01  7.20e+01     0s
  29   1.05654530e+06  2.48189964e+06  2.37e+00 1.11e-01  6.99e+01     0s
  30   1.08858495e+06  2.55235807e+06  2.32e+00 1.06e-01  6.77e+01     0s
  31   1.10175400e+06  2.64017074e+06  2.29e+00 1.05e-01  6.65e+01     0s
  32   1.18239746e+06  2.53655794e+06  2.21e+00 1.03e-01  7.01e+01     0s
  33   1.27550742e+06  2.59635039e+06  2.08e+00 1.01e-01  6.79e+01     0s
  34   1.33699780e+06  2.82834781e+06  2.01e+00 9.06e-02  6.04e+01     0s
  35   1.37374688e+06  2.87311419e+06  1.96e+00 8.61e-02  5.79e+01     0s
  36   1.42568006e+06  2.90295099e+06  1.90e+00 8.40e-02  5.62e+01     0s
  37   1.44797655e+06  2.98311125e+06  1.87e+00 8.15e-02  5.49e+01     0s
  38   1.47396965e+06  3.27193993e+06  1.84e+00 7.94e-02  5.33e+01     0s
  39   1.48142041e+06  3.32041629e+06  1.83e+00 7.91e-02  5.31e+01     0s
  40   1.48758264e+06  3.51138516e+06  1.83e+00 7.81e-02  5.32e+01     0s
  41   1.49133916e+06  3.57105922e+06  1.82e+00 7.80e-02  5.27e+01     0s
  42   3.95102190e+08 -9.50754495e+07  3.91e+05 4.55e-13  1.27e+07     0s
  43   1.32819000e+08 -1.07283213e+08  1.46e+05 1.91e+03  4.83e+06     0s
  44   1.18821654e+07 -1.11645335e+08  2.29e+03 7.28e-12  1.05e+05     0s
  45   4.04669266e+06 -3.36467682e+07  1.34e+02 1.27e-11  1.25e+04     0s
  46   2.53736154e+06 -1.23890905e+07  6.01e+01 1.64e-11  4.67e+03     0s
  47   1.46956384e+06 -4.38891072e+06  2.59e+01 3.64e-11  1.77e+03     0s
  48   9.74852655e+05 -1.66936235e+06  1.30e+01 5.46e-11  7.99e+02     0s
  49   7.36706896e+05 -5.68877037e+05  7.06e+00 8.00e-11  4.14e+02     0s
  50   6.59985869e+05  3.14952083e+05  4.96e+00 1.46e-10  1.99e+02     0s
  51   6.52285710e+05  7.19273720e+05  4.08e+00 2.62e-10  1.54e+02     0s
  52   6.84667413e+05  9.67982458e+05  3.80e+00 4.66e-10  1.39e+02     0s
  53   7.09204490e+05  1.01356001e+06  3.62e+00 5.82e-10  1.32e+02     0s
  54   7.18471144e+05  1.04107312e+06  3.54e+00 5.53e-10  1.29e+02     0s
  55   7.38522250e+05  1.08374324e+06  3.40e+00 5.82e-10  1.24e+02     0s
  56   7.52885561e+05  1.17386849e+06  3.32e+00 1.05e-09  1.19e+02     0s
  57   7.70730163e+05  1.18975709e+06  3.23e+00 1.05e-09  1.17e+02     0s
  58   7.70630859e+05  1.25682371e+06  3.22e+00 8.73e-10  1.14e+02     0s
  59   7.79012599e+05  1.29981785e+06  3.18e+00 1.02e-09  1.12e+02     0s
  60   7.83784879e+05  1.49599948e+06  3.15e+00 1.51e-09  1.11e+02     0s
  61   7.97156427e+05  1.60375824e+06  3.09e+00 1.75e-09  1.09e+02     0s
  62   8.13588938e+05  1.79718748e+06  3.01e+00 1.92e-09  1.05e+02     0s
  63   8.77219878e+05  1.82976699e+06  2.86e+00 2.50e-09  1.02e+02     0s
  64   9.41960879e+05  1.93849969e+06  2.73e+00 3.14e-09  9.95e+01     0s
  65   9.70724522e+05  1.93396053e+06  2.66e+00 3.84e-09  9.86e+01     0s
  66   9.88154793e+05  1.97252505e+06  2.62e+00 4.66e-09  9.68e+01     0s
  67   1.00235966e+06  1.98580357e+06  2.59e+00 1.05e-09  9.58e+01     0s
  68   1.02579757e+06  2.00458202e+06  2.53e+00 5.82e-09  9.41e+01     0s
  69   1.07729584e+06  2.19604744e+06  2.42e+00 1.63e-09  9.09e+01     0s
  70   1.11133200e+06  2.21217954e+06  2.35e+00 3.84e-09  8.82e+01     0s
  71   1.15367892e+06  2.47380306e+06  2.28e+00 4.07e-09  8.31e+01     0s
  72   1.16044717e+06  2.56021469e+06  2.27e+00 3.96e-09  8.27e+01     0s
  73   1.19083363e+06  2.60516430e+06  2.23e+00 3.84e-09  8.16e+01     0s
  74   1.35619309e+06  2.52123410e+06  2.04e+00 2.53e-08  8.51e+01     0s
  75   1.42409189e+06  2.74684798e+06  1.95e+00 3.18e-07  7.48e+01     0s
  76   1.48106554e+06  2.80517104e+06  1.88e+00 1.06e-08  7.22e+01     0s
  77   1.49559383e+06  2.86299325e+06  1.86e+00 2.89e-08  7.07e+01     0s
  78   1.52246602e+06  3.16931316e+06  1.83e+00 4.84e-08  6.82e+01     0s
  79   1.52906016e+06  3.53829454e+06  1.82e+00 2.42e-07  6.73e+01     0s
  80   1.56044786e+06  3.57735191e+06  1.79e+00 2.34e-07  6.67e+01     0s
  81   1.61992318e+06  3.63652346e+06  1.74e+00 4.29e-07  6.55e+01     0s
  82   1.62294144e+06  3.67757958e+06  1.74e+00 3.03e-09  6.54e+01     0s
  83   1.63943811e+06  3.75752526e+06  1.73e+00 1.86e-09  6.48e+01     0s
  84   1.65920425e+06  4.42878072e+06  1.71e+00 6.66e-08  6.40e+01     0s
  85   1.79580671e+06  4.73812797e+06  1.63e+00 9.31e-09  6.11e+01     0s
  86   1.91165456e+06  4.58869135e+06  1.57e+00 8.35e-08  6.12e+01     0s
  87   1.95772022e+06  4.33099698e+06  1.55e+00 1.06e-06  7.40e+01     0s
  88   2.03938821e+06  4.59245657e+06  1.51e+00 6.03e-08  7.21e+01     0s
  89   2.17092542e+06  4.77774957e+06  1.44e+00 1.23e-07  6.83e+01     0s
  90   2.43997674e+06  4.91863198e+06  1.31e+00 9.53e-07  5.32e+01     0s
  91   2.45908484e+06  5.13690792e+06  1.30e+00 1.13e-06  4.97e+01     0s
  92   2.49628683e+06  5.46698758e+06  1.28e+00 1.11e-06  4.88e+01     0s
  93   2.52642491e+06  5.92224520e+06  1.27e+00 1.32e-06  4.74e+01     0s
  94   2.56767822e+06  5.86630326e+06  1.26e+00 1.37e-06  4.71e+01     0s
  95   2.59198327e+06  5.97081552e+06  1.25e+00 9.08e-07  4.63e+01     0s
  96   2.68701704e+06  6.04040619e+06  1.22e+00 3.60e-07  4.58e+01     0s
  97   2.70207213e+06  6.07555180e+06  1.21e+00 3.71e-07  4.57e+01     0s
  98   2.72993570e+06  6.13160796e+06  1.20e+00 5.50e-07  4.59e+01     0s
  99   2.77955982e+06  6.19897704e+06  1.19e+00 4.91e-07  4.46e+01     0s
 100   2.82582028e+06  6.34766020e+06  1.17e+00 4.38e-08  4.28e+01     0s
 101   2.89412515e+06  6.39975517e+06  1.15e+00 4.98e-08  4.21e+01     0s
 102   2.96011531e+06  6.47210198e+06  1.13e+00 5.73e-07  4.13e+01     0s
 103   2.96055989e+06  6.56579393e+06  1.13e+00 6.01e-07  4.13e+01     0s
 104   2.96779167e+06  6.56849207e+06  1.13e+00 5.35e-07  4.13e+01     0s
 105   2.96899512e+06  6.60620684e+06  1.13e+00 4.38e-08  4.13e+01     0s
 106   3.03614729e+06  7.29353643e+06  1.10e+00 9.66e-07  3.92e+01     0s
 107   3.03911265e+06  7.38069938e+06  1.10e+00 9.78e-09  3.92e+01     0s
 108   3.05069476e+06  7.59567818e+06  1.10e+00 9.78e-09  3.93e+01     0s
 109   3.08074697e+06  7.74871313e+06  1.10e+00 1.34e-07  4.05e+01     0s
 110   3.25369292e+06  8.06232155e+06  1.06e+00 1.22e-06  4.53e+01     0s
 111   3.58485722e+06  7.69303219e+06  9.97e-01 1.00e-05  6.03e+01     0s
 112   3.59212925e+06  7.89256986e+06  9.95e-01 2.14e-07  5.97e+01     0s
 113   3.62379668e+06  8.20344102e+06  9.88e-01 1.77e-07  5.92e+01     0s
 114   3.67285094e+06  8.71368602e+06  9.77e-01 1.58e-08  5.88e+01     0s
 115   3.70657951e+06  8.97154351e+06  9.72e-01 3.91e-07  6.00e+01     0s
 116   3.72122283e+06  9.20996760e+06  9.69e-01 4.70e-08  6.02e+01     0s
 117   3.84345430e+06  9.09914466e+06  9.53e-01 8.04e-07  6.64e+01     0s
 118   3.84642228e+06  9.15252652e+06  9.52e-01 1.02e-08  6.61e+01     0s
 119   3.88994968e+06  9.58495112e+06  9.45e-01 2.59e-06  6.56e+01     0s
 120   4.07883508e+06  1.00069287e+07  9.18e-01 3.89e-06  6.95e+01     0s
 121   4.09125241e+06  1.04611463e+07  9.16e-01 3.97e-06  6.80e+01     0s
 122   4.14882529e+06  1.06869612e+07  9.08e-01 1.35e-07  6.73e+01     0s
 123   4.22931335e+06  1.08600820e+07  8.99e-01 3.67e-06  6.87e+01     0s
 124   4.25394255e+06  1.10214981e+07  8.95e-01 6.15e-07  6.85e+01     0s
 125   4.33747737e+06  1.14489237e+07  8.86e-01 4.83e-06  7.00e+01     0s
 126   5.03420355e+06  1.16028510e+07  8.02e-01 5.91e-06  6.41e+01     0s
 127   5.51455530e+06  1.16338242e+07  7.45e-01 3.26e-05  5.42e+01     0s
 128   5.53589314e+06  1.22134074e+07  7.42e-01 3.28e-05  5.17e+01     0s
 129   6.01737610e+06  1.22053564e+07  6.90e-01 3.50e-05  5.14e+01     0s
 130   6.08837885e+06  1.23373897e+07  6.83e-01 7.19e-06  4.71e+01     0s
 131   6.09156194e+06  1.24554710e+07  6.82e-01 2.98e-08  4.72e+01     0s
 132   6.10023017e+06  1.24549561e+07  6.81e-01 5.74e-07  4.72e+01     0s
 133   6.10402321e+06  1.25381077e+07  6.81e-01 1.45e-07  4.75e+01     0s
 134   6.22022832e+06  1.28186147e+07  6.70e-01 2.20e-07  4.83e+01     0s
 135   6.29257848e+06  1.27318813e+07  6.64e-01 1.12e-05  5.28e+01     0s
 136   6.55883393e+06  1.29337034e+07  6.40e-01 4.35e-06  5.67e+01     0s
 137   6.72131936e+06  1.31986314e+07  6.23e-01 4.54e-06  5.22e+01     0s
 138   6.74232918e+06  1.33325432e+07  6.21e-01 1.70e-06  4.95e+01     0s
 139   6.78903357e+06  1.35174583e+07  6.17e-01 1.51e-05  4.60e+01     0s
 140   7.02318998e+06  1.36597189e+07  5.96e-01 2.03e-05  4.44e+01     0s
 141   7.07011942e+06  1.47260138e+07  5.91e-01 2.29e-05  4.47e+01     0s
 142   7.10077594e+06  1.50168371e+07  5.89e-01 2.31e-05  4.48e+01     0s
 143   7.14415758e+06  1.50912322e+07  5.86e-01 1.24e-07  4.55e+01     0s
 144   8.22562190e+06  1.38709670e+07  5.11e-01 8.66e-06  8.81e+01     0s
 145   8.35811131e+06  1.51624823e+07  5.02e-01 2.43e-05  4.83e+01     0s
 146   8.64806118e+06  1.57166013e+07  4.86e-01 2.06e-05  6.28e+01     0s
 147   9.11533170e+06  1.57977766e+07  4.55e-01 3.73e-05  6.06e+01     0s
 148   9.20146101e+06  1.58411169e+07  4.50e-01 2.83e-07  5.91e+01     0s
 149   9.31576011e+06  1.66761882e+07  4.42e-01 3.44e-06  5.99e+01     0s
 150   9.44933307e+06  1.71626404e+07  4.34e-01 3.55e-06  6.17e+01     0s
 151   1.04871522e+07  1.67553071e+07  3.80e-01 1.00e-05  7.68e+01     0s
 152   1.06951277e+07  1.73783938e+07  3.68e-01 1.05e-04  5.05e+01     0s
 153   1.07839034e+07  1.74476223e+07  3.63e-01 3.60e-06  4.97e+01     0s
 154   1.11777697e+07  1.75134103e+07  3.42e-01 2.28e-06  4.65e+01     0s
 155   1.15503440e+07  1.75305718e+07  3.22e-01 8.93e-06  4.37e+01     0s
 156   1.16023350e+07  1.75408190e+07  3.19e-01 9.31e-06  4.23e+01     0s
 157   1.16604123e+07  1.75912046e+07  3.16e-01 9.12e-06  4.00e+01     0s
 158   1.17040495e+07  1.80210955e+07  3.13e-01 9.15e-06  4.18e+01     0s
 159   1.18029666e+07  1.78672158e+07  3.09e-01 9.17e-06  4.22e+01     0s
 160   1.20099653e+07  1.79627614e+07  2.98e-01 3.26e-06  4.02e+01     0s
 161   1.23770827e+07  1.80272479e+07  2.80e-01 2.59e-05  3.72e+01     0s
 162   1.24388057e+07  1.80457963e+07  2.77e-01 1.25e-05  3.54e+01     0s
 163   1.24435226e+07  1.81384356e+07  2.77e-01 1.26e-05  3.62e+01     0s
 164   1.24694685e+07  1.82470912e+07  2.75e-01 1.27e-05  3.52e+01     0s
 165   1.24858989e+07  1.84566955e+07  2.74e-01 4.81e-07  3.60e+01     0s
 166   1.26667375e+07  1.84611693e+07  2.66e-01 1.26e-06  3.64e+01     0s
 167   1.39641492e+07  1.85366005e+07  2.07e-01 4.84e-06  2.72e+01     0s
 168   1.43310856e+07  1.85456336e+07  1.91e-01 2.81e-05  2.38e+01     0s
 169   1.44009661e+07  1.85575218e+07  1.88e-01 5.20e-05  2.20e+01     0s
 170   1.44411088e+07  1.86171097e+07  1.86e-01 4.50e-05  2.13e+01     0s
 171   1.44787177e+07  1.86715100e+07  1.84e-01 4.50e-05  2.09e+01     0s
 172   1.44973180e+07  1.88585260e+07  1.83e-01 4.84e-05  2.13e+01     0s
 173   1.46638791e+07  1.87786955e+07  1.76e-01 2.84e-05  2.16e+01     0s
 174   1.48274017e+07  1.88232189e+07  1.70e-01 3.23e-05  2.07e+01     0s
 175   1.53827761e+07  1.88565714e+07  1.46e-01 1.21e-05  1.78e+01     0s
 176   1.54929024e+07  1.88430016e+07  1.42e-01 3.61e-05  1.71e+01     0s
 177   1.56044449e+07  1.89500974e+07  1.37e-01 4.50e-04  1.88e+01     0s
 178   1.56497091e+07  1.89636016e+07  1.35e-01 4.49e-04  1.84e+01     0s
 179   1.69157335e+07  1.89774035e+07  8.42e-02 1.51e-05  1.40e+01     0s
 180   1.72726549e+07  1.89940978e+07  6.99e-02 1.02e-04  9.30e+00     0s
 181   1.72804271e+07  1.89975726e+07  6.95e-02 9.72e-05  8.86e+00     0s
 182   1.72892510e+07  1.90537406e+07  6.92e-02 6.68e-05  8.45e+00     0s
 183   1.73147152e+07  1.90814729e+07  6.82e-02 6.61e-05  8.37e+00     0s
 184   1.73440967e+07  1.90870053e+07  6.71e-02 6.53e-05  8.32e+00     0s
 185   1.73717843e+07  1.91375624e+07  6.61e-02 7.10e-05  7.67e+00     0s
 186   1.74175844e+07  1.91422926e+07  6.44e-02 8.37e-06  7.42e+00     0s
 187   1.75078911e+07  1.91434161e+07  6.10e-02 9.46e-06  7.12e+00     0s
 188   1.77529599e+07  1.91432958e+07  5.20e-02 1.81e-05  6.46e+00     0s
 189   1.79039761e+07  1.91429847e+07  4.64e-02 1.74e-05  6.00e+00     0s
 190   1.81866266e+07  1.91444710e+07  3.59e-02 1.26e-04  4.85e+00     0s
 191   1.83115983e+07  1.91470147e+07  3.13e-02 7.30e-05  4.03e+00     0s
 192   1.86326149e+07  1.91521391e+07  1.94e-02 3.84e-04  2.09e+00     0s
 193   1.86428159e+07  1.91525121e+07  1.90e-02 3.70e-04  2.01e+00     0s
 194   1.86492528e+07  1.91529881e+07  1.87e-02 3.75e-04  1.96e+00     0s
 195   1.86675092e+07  1.91535157e+07  1.81e-02 3.47e-04  1.88e+00     0s
 196   1.86868873e+07  1.91544081e+07  1.74e-02 3.32e-04  1.79e+00     0s
 197   1.87734526e+07  1.91531587e+07  1.42e-02 3.01e-04  1.64e+00     0s
 198   1.87775426e+07  1.91533883e+07  1.40e-02 2.93e-04  1.60e+00     0s
 199   1.87847895e+07  1.91543235e+07  1.37e-02 2.77e-04  1.48e+00     0s
 200   1.88242932e+07  1.91550289e+07  1.23e-02 2.18e-04  1.24e+00     0s
 201   1.88272062e+07  1.91555030e+07  1.22e-02 2.18e-04  1.23e+00     0s
 202   1.88405216e+07  1.91555431e+07  1.17e-02 2.15e-04  1.18e+00     0s
 203   1.88537374e+07  1.91554698e+07  1.12e-02 7.41e-05  1.15e+00     0s
 204   1.88559299e+07  1.91558102e+07  1.11e-02 6.79e-05  1.14e+00     0s
 205   1.88851174e+07  1.91557929e+07  1.00e-02 7.32e-05  1.07e+00     0s
 206   1.89077261e+07  1.91565279e+07  9.20e-03 3.27e-05  9.64e-01     0s
 207   1.89346138e+07  1.91564186e+07  8.21e-03 4.27e-05  8.93e-01     0s
 208   1.89532970e+07  1.91566795e+07  7.53e-03 3.21e-05  8.09e-01     0s
 209   1.89733551e+07  1.91569543e+07  6.79e-03 3.28e-05  7.07e-01     0s
 210   1.89790556e+07  1.91570029e+07  6.58e-03 2.75e-05  6.81e-01     0s
 211   1.89893288e+07  1.91570560e+07  6.20e-03 3.16e-05  6.38e-01     0s
 212   1.90090096e+07  1.91571662e+07  5.48e-03 3.69e-05  5.60e-01     0s
 213   1.90648567e+07  1.91573033e+07  3.42e-03 2.98e-05  3.67e-01     0s
 214   1.91099478e+07  1.91574452e+07  1.76e-03 4.32e-05  2.01e-01     0s
 215   1.91548522e+07  1.91574656e+07  1.05e-04 3.49e-05  6.55e-02     0s
 216   1.91557828e+07  1.91575315e+07  7.04e-05 2.39e-05  4.40e-02     0s
 217   1.91565714e+07  1.91576640e+07  4.11e-05 3.78e-05  8.58e-03     0s
 218   1.91576832e+07  1.91576838e+07  2.48e-08 2.75e-05  1.51e-05     0s
 219   1.91576839e+07  1.91576839e+07  8.42e-11 4.57e-06  1.78e-09     0s

Barrier solved model in 219 iterations and 0.40 seconds (0.31 work units)
Optimal objective 1.91576839e+07

Crossover time: 0.01 seconds (0.01 work units)

Root relaxation: objective 1.915768e+07, 213 iterations, 0.34 seconds (0.25 work units)

    Nodes    |    Current Node    |     Objective Bounds      |     Work
 Expl Unexpl |  Obj  Depth IntInf | Incumbent    BestBd   Gap | It/Node Time

     0     0 1.9158e+07    0   13 1.9900e+07 1.9158e+07  3.73%     -    0s
     0     0 1.9524e+07    0    9 1.9900e+07 1.9524e+07  1.89%     -    0s
     0     0 1.9541e+07    0    9 1.9900e+07 1.9541e+07  1.80%     -    0s
     0     0 1.9650e+07    0   14 1.9900e+07 1.9650e+07  1.26%     -    0s
     0     0 1.9673e+07    0   13 1.9900e+07 1.9673e+07  1.14%     -    0s

Cutting planes:
  Learned: 2
  Cover: 2
  Implied bound: 4
  MIR: 10
  Flow cover: 5
  Network: 1
  RLT: 4
  Relax-and-lift: 1

Explored 1 nodes (339 simplex iterations) in 0.62 seconds (0.52 work units)
Thread count was 10 (of 10 available processors)

Solution count 1: 1.99e+07 

Optimal solution found (tolerance 5.00e-03)
Best objective 1.990000000000e+07, best bound 1.990000000000e+07, gap 0.0000%
