
Gurobi 13.0.3 (mac64[arm]) logging started Sat Sep 26 12:17:03 2026

Set parameter LogFile to value "/Users/ashutosh/Desktop/Two-stage-Model/certainty_results/full/solves/w_5_05_50M_phase1.log"
Gurobi Optimizer version 13.0.3 build v13.0.3rc0 (mac64[arm] - Darwin 27.0.0 26A428)

CPU model: Apple M1 Pro
Thread count: 10 physical cores, 10 logical processors, using up to 10 threads

Non-default parameters:
TimeLimit  21600
MIPGap  0.005
Method  2
LogToConsole  0

Optimize a model with 13541 rows, 5548 columns and 38129 nonzeros (Min)
Model fingerprint: 0xfe611ec5
Model has 663 linear objective coefficients and an objective constant of 396.859633
Variable types: 3498 continuous, 2050 integer (1688 binary)
Coefficient statistics:
  Matrix range     [1e-03, 1e+05]
  Objective range  [1e+00, 1e+00]
  Bounds range     [1e+00, 3e+00]
  RHS range        [1e-02, 5e+07]

Loaded user MIP start with objective 0.1233
MIP start from previous solve did not produce a new incumbent solution

Presolve removed 12202 rows and 3940 columns
Presolve time: 0.06s
Presolved: 1339 rows, 1608 columns, 5776 nonzeros
Variable types: 1396 continuous, 212 integer (212 binary)
Root barrier log...

Ordering time: 0.00s

Barrier statistics:
 AA' NZ     : 1.174e+04
 Factor NZ  : 4.418e+04 (roughly 2 MB of memory)
 Factor Ops : 2.500e+06 (less than 1 second per iteration)
 Threads    : 1

                  Objective                Residual
Iter       Primal          Dual         Primal    Dual     Compl     Time
   0  -6.30810821e+04 -2.12410598e+05  2.56e+02 2.76e+00  8.78e+02     0s
   1  -9.99629668e+03 -1.45587930e+05  4.05e+01 2.49e+00  1.60e+02     0s
   2  -1.04118823e+03 -7.04259399e+04  4.61e+00 5.95e-01  3.10e+01     0s
   3  -1.03383754e+02 -2.47137765e+04  7.62e-01 1.03e-01  8.18e+00     0s
   4   4.34827667e+00 -3.51016148e+03  1.44e-01 1.79e-03  1.12e+00     0s
   5   1.79685296e+01 -2.60837352e+02  8.92e-03 4.62e-14  8.01e-02     0s
   6   1.34370892e+01 -1.19658328e+02  7.23e-04 1.95e-14  3.68e-02     0s
   7   5.43521152e+00 -2.50212669e+01  1.78e-04 7.11e-15  8.40e-03     0s
   8   7.38417634e-01 -6.20673833e+00  1.56e-05 3.55e-15  1.91e-03     0s
   9   2.80815101e-02 -3.44133720e-01  1.55e-07 3.55e-15  1.02e-04     0s
  10   9.31224757e-04 -5.99643727e-03  4.17e-09 7.11e-15  1.90e-06     0s
  11   1.54964096e-06 -7.30653619e-06  3.56e-11 7.11e-15  2.43e-09     0s
  12   1.54921054e-09 -7.30670990e-09  2.55e-11 7.11e-15  2.43e-12     0s

Barrier solved model in 12 iterations and 0.10 seconds (0.09 work units)
Optimal objective 1.54921054e-09

Crossover time: 0.01 seconds (0.01 work units)

Root relaxation: objective -3.410605e-13, 380 iterations, 0.03 seconds (0.03 work units)

    Nodes    |    Current Node    |     Objective Bounds      |     Work
 Expl Unexpl |  Obj  Depth IntInf | Incumbent    BestBd   Gap | It/Node Time

*    0     0               0      -0.0000000   -0.00000  0.00%     -    0s

Explored 1 nodes (531 simplex iterations) in 0.14 seconds (0.13 work units)
Thread count was 10 (of 10 available processors)

Solution count 2: -3.41061e-13 0.1233 

Optimal solution found (tolerance 5.00e-03)
Best objective -3.410605131648e-13, best bound -3.410605131648e-13, gap 0.0000%
