
Gurobi 13.0.3 (mac64[arm]) logging started Sat Sep 26 12:17:15 2026

Set parameter LogFile to value "/Users/ashutosh/Desktop/Two-stage-Model/certainty_results/full/solves/w_5_25_10M_phase2.log"
Gurobi Optimizer version 13.0.3 build v13.0.3rc0 (mac64[arm] - Darwin 27.0.0 26A428)

CPU model: Apple M1 Pro
Thread count: 10 physical cores, 10 logical processors, using up to 10 threads

Non-default parameters:
TimeLimit  21600
MIPGap  0.005
Method  2
LogToConsole  0

Optimize a model with 13510 rows, 5548 columns and 38696 nonzeros (Min)
Model fingerprint: 0xb6a0ec42
Model has 724 linear objective coefficients
Variable types: 3498 continuous, 2050 integer (1688 binary)
Coefficient statistics:
  Matrix range     [1e-03, 1e+05]
  Objective range  [2e+04, 1e+05]
  Bounds range     [1e+00, 3e+00]
  RHS range        [1e-02, 1e+07]

Loaded user MIP start with objective 9.9e+06
MIP start from previous solve did not produce a new incumbent solution

Presolve removed 11660 rows and 3868 columns
Presolve time: 0.05s
Presolved: 1850 rows, 1680 columns, 7588 nonzeros
Variable types: 1438 continuous, 242 integer (242 binary)
Root barrier log...

Ordering time: 0.00s

Barrier statistics:
 AA' NZ     : 2.338e+04
 Factor NZ  : 7.162e+04 (roughly 2 MB of memory)
 Factor Ops : 5.164e+06 (less than 1 second per iteration)
 Threads    : 10

                  Objective                Residual
Iter       Primal          Dual         Primal    Dual     Compl     Time
   0   1.53383147e+08 -9.59163599e+07  1.45e+05 4.55e-13  4.72e+06     0s
   1   5.58461385e+07 -1.06405463e+08  5.39e+04 1.73e+03  1.79e+06     0s
   2   6.63871838e+06 -9.30949933e+07  9.15e+02 6.37e-12  5.30e+04     0s
   3   2.07195400e+06 -1.74156451e+07  1.03e+02 1.46e-11  6.94e+03     0s
   4   8.70327655e+05 -3.50461754e+06  3.96e+01 1.82e-11  1.64e+03     0s
   5   4.09482566e+05 -1.23430223e+06  1.82e+01 4.00e-11  6.24e+02     0s
   6   1.90694539e+05 -5.36101419e+05  8.27e+00 2.15e-10  2.81e+02     0s
   7   1.26850898e+05 -8.70417782e+04  5.31e+00 1.89e-10  1.59e+02     0s
   8   1.15516410e+05  1.39838762e+05  4.65e+00 5.53e-10  1.31e+02     0s
   9   1.28010486e+05  4.00845162e+05  4.07e+00 6.69e-10  1.11e+02     0s
  10   2.01775998e+05  5.90442343e+05  3.55e+00 1.83e-09  9.80e+01     0s
  11   2.35290331e+05  6.82953254e+05  3.33e+00 3.58e-09  8.67e+01     0s
  12   2.41495506e+05  7.50054293e+05  3.28e+00 2.91e-09  8.54e+01     0s
  13   2.62473226e+05  7.88292600e+05  3.14e+00 2.85e-09  8.16e+01     0s
  14   2.66635513e+05  8.52654292e+05  3.12e+00 2.91e-09  8.08e+01     0s
  15   2.84580077e+05  8.71839819e+05  3.03e+00 2.56e-09  7.80e+01     0s
  16   2.98421859e+05  1.00581073e+06  2.96e+00 1.63e-09  7.57e+01     0s
  17   3.14972272e+05  1.14560651e+06  2.89e+00 2.39e-09  7.44e+01     0s
  18   3.21286034e+05  1.32178795e+06  2.86e+00 4.13e-09  7.44e+01     0s
  19   3.53439433e+05  1.44042184e+06  2.74e+00 3.73e-09  6.94e+01     0s
  20   3.66978540e+05  1.51581912e+06  2.70e+00 6.23e-09  6.81e+01     0s
  21   4.05350504e+05  1.52502150e+06  2.63e+00 1.38e-08  6.77e+01     0s
  22   4.36540765e+05  1.56021489e+06  2.56e+00 2.46e-08  6.59e+01     0s
  23   4.83479000e+05  1.60666805e+06  2.49e+00 3.14e-09  6.55e+01     0s
  24   5.46060209e+05  1.63561378e+06  2.36e+00 1.76e-08  6.09e+01     0s
  25   5.56110087e+05  1.64723283e+06  2.33e+00 4.77e-09  5.99e+01     0s
  26   5.61907210e+05  1.75629988e+06  2.33e+00 4.31e-09  6.21e+01     0s
  27   5.91496954e+05  1.84189982e+06  2.26e+00 4.19e-09  5.96e+01     0s
  28   6.05387706e+05  1.86495927e+06  2.24e+00 3.96e-09  5.90e+01     0s
  29   6.73119800e+05  1.95048214e+06  2.12e+00 3.03e-09  5.56e+01     0s
  30   6.84277999e+05  2.01751626e+06  2.10e+00 1.71e-08  5.39e+01     0s
  31   6.93721484e+05  2.09644488e+06  2.09e+00 1.68e-08  5.30e+01     0s
  32   7.55767925e+05  2.04483778e+06  2.01e+00 2.96e-08  5.30e+01     0s
  33   8.32493623e+05  2.27202592e+06  1.90e+00 1.96e-07  4.76e+01     0s
  34   8.89735424e+05  2.31091420e+06  1.84e+00 3.98e-08  4.53e+01     0s
  35   9.50081923e+05  2.34508400e+06  1.76e+00 1.08e-07  4.26e+01     0s
  36   9.96905042e+05  2.36067437e+06  1.71e+00 1.01e-07  4.13e+01     0s
  37   1.02604280e+06  2.42377051e+06  1.67e+00 1.17e-07  3.99e+01     0s
  38   1.02990258e+06  2.59944148e+06  1.66e+00 1.12e-07  4.04e+01     0s
  39   1.06579577e+06  2.71525727e+06  1.62e+00 1.01e-07  3.84e+01     0s
  40   1.06949049e+06  3.02021369e+06  1.62e+00 1.42e-07  3.81e+01     0s
  41   1.11480178e+06  3.03004459e+06  1.58e+00 1.39e-07  3.78e+01     0s
  42   1.16816171e+06  3.05772823e+06  1.54e+00 4.14e-08  3.69e+01     0s
  43   1.17645321e+06  3.11508928e+06  1.54e+00 5.68e-08  3.65e+01     0s
  44   1.21129545e+06  3.30286564e+06  1.51e+00 1.04e-07  3.63e+01     0s
  45   1.33021759e+06  3.20442545e+06  1.43e+00 5.01e-07  3.59e+01     0s
  46   1.41072524e+06  3.25209524e+06  1.37e+00 8.96e-08  3.50e+01     0s
  47   1.44346736e+06  3.26035239e+06  1.35e+00 5.91e-08  3.48e+01     0s
  48   1.48619369e+06  3.15170387e+06  1.32e+00 2.41e-07  3.84e+01     0s
  49   1.55519646e+06  3.38828657e+06  1.28e+00 5.66e-07  3.02e+01     0s
  50   1.56588816e+06  3.47428992e+06  1.26e+00 3.47e-08  2.92e+01     0s
  51   1.58892141e+06  3.59792486e+06  1.25e+00 4.23e-08  2.86e+01     0s
  52   1.59423980e+06  3.68144114e+06  1.25e+00 3.92e-08  2.86e+01     0s
  53   1.65314328e+06  3.76119250e+06  1.21e+00 6.79e-08  2.84e+01     0s
  54   1.67469260e+06  3.90082182e+06  1.20e+00 2.09e-07  2.77e+01     0s
  55   1.74800678e+06  3.78468748e+06  1.17e+00 6.68e-07  2.93e+01     0s
  56   1.85190588e+06  3.82063535e+06  1.11e+00 3.14e-06  3.01e+01     0s
  57   1.87160782e+06  4.03406594e+06  1.10e+00 1.14e-06  2.75e+01     0s
  58   2.22812987e+06  4.05545888e+06  9.30e-01 1.86e-06  2.56e+01     0s
  59   2.34628962e+06  4.08207390e+06  8.72e-01 4.27e-06  2.20e+01     0s
  60   2.38367027e+06  4.30905632e+06  8.54e-01 3.50e-06  1.94e+01     0s
  61   2.41677753e+06  4.45279044e+06  8.39e-01 3.63e-06  1.87e+01     0s
  62   2.43915795e+06  4.50473127e+06  8.30e-01 5.03e-06  1.83e+01     0s
  63   2.44016005e+06  4.70757079e+06  8.29e-01 5.00e-06  1.83e+01     0s
  64   2.44891654e+06  4.59177953e+06  8.26e-01 4.87e-06  1.84e+01     0s
  65   1.43644353e+09 -2.49286301e+08  1.45e+06 1.36e-12  1.10e+08     0s
  66   4.96593660e+08 -2.98201078e+08  5.89e+05 4.57e+03  4.54e+07     0s
  67   1.57502501e+07 -3.30305017e+08  2.08e+04 1.82e-11  1.73e+06     0s
  68   4.38589479e+06 -1.87015385e+08  3.82e+02 5.09e-11  7.32e+04     0s
  69   2.20756491e+06 -8.27903188e+07  9.08e+01 1.04e-10  2.52e+04     0s
  70   1.34789179e+06 -1.43571281e+07  2.83e+01 4.37e-11  4.77e+03     0s
  71   6.71809198e+05 -4.62675401e+06  1.15e+01 1.75e-10  1.64e+03     0s
  72   3.89844618e+05 -1.68684374e+06  5.97e+00 2.04e-10  7.06e+02     0s
  73   3.44226280e+05 -6.25202084e+05  4.40e+00 3.20e-10  4.75e+02     0s
  74   3.68483997e+05 -2.68540215e+05  3.70e+00 1.16e-09  3.94e+02     0s
  75   3.78004799e+05 -1.57313864e+05  3.55e+00 1.22e-09  3.76e+02     0s
  76   4.01601486e+05 -4.05285670e+04  3.29e+00 1.57e-09  3.51e+02     0s
  77   4.15977540e+05  3.24484934e+04  3.17e+00 1.98e-09  3.39e+02     0s
  78   4.20551784e+05  9.47265271e+04  3.10e+00 1.69e-09  3.32e+02     0s
  79   4.33311308e+05  3.84232362e+05  2.99e+00 2.15e-09  3.14e+02     0s
  80   4.44493975e+05  4.86237838e+05  2.92e+00 1.98e-09  3.07e+02     0s
  81   4.69713307e+05  5.63622091e+05  2.81e+00 1.92e-09  2.99e+02     0s
  82   4.94692091e+05  7.32627892e+05  2.71e+00 2.33e-09  2.88e+02     0s
  83   5.65611870e+05  9.18064464e+05  2.54e+00 3.99e-09  2.67e+02     0s
  84   6.23896017e+05  1.11214386e+06  2.42e+00 5.12e-09  2.53e+02     0s
  85   6.67268625e+05  1.23470778e+06  2.32e+00 4.31e-09  2.43e+02     0s
  86   7.57028441e+05  1.51528210e+06  2.17e+00 7.64e-08  2.17e+02     0s
  87   8.48844087e+05  1.76968741e+06  2.03e+00 2.74e-08  2.05e+02     0s
  88   9.67696144e+05  1.62812283e+06  1.87e+00 4.32e-08  1.96e+02     0s
  89   1.03245144e+06  1.88115117e+06  1.78e+00 9.73e-08  1.75e+02     0s
  90   1.05297074e+06  2.02577452e+06  1.75e+00 1.11e-07  1.66e+02     0s
  91   1.11305339e+06  2.33494246e+06  1.67e+00 9.63e-08  1.58e+02     0s
  92   1.15142844e+06  2.54751490e+06  1.63e+00 1.02e-07  1.56e+02     0s
  93   1.26172584e+06  2.63080749e+06  1.53e+00 7.71e-08  1.49e+02     0s
  94   1.30369703e+06  2.77138721e+06  1.50e+00 1.75e-08  1.44e+02     0s
  95   1.39853284e+06  2.90935470e+06  1.43e+00 1.01e-07  1.37e+02     0s
  96   1.50755530e+06  3.00557023e+06  1.35e+00 1.01e-07  1.29e+02     0s
  97   1.61337777e+06  3.11747518e+06  1.28e+00 5.69e-08  1.19e+02     0s
  98   1.62829127e+06  3.23383640e+06  1.27e+00 6.80e-08  1.16e+02     0s
  99   1.64575593e+06  3.41101769e+06  1.25e+00 6.26e-08  1.15e+02     0s
 100   1.71583435e+06  3.68795797e+06  1.21e+00 8.29e-08  1.11e+02     0s
 101   1.78978266e+06  3.66361092e+06  1.17e+00 1.88e-07  1.09e+02     0s
 102   1.87873166e+06  3.78442564e+06  1.13e+00 3.80e-07  1.02e+02     0s
 103   2.29156037e+06  3.83375069e+06  9.20e-01 1.25e-07  9.14e+01     0s
 104   2.34350585e+06  3.97646537e+06  8.93e-01 7.14e-07  7.56e+01     0s
 105   2.43114143e+06  4.28897677e+06  8.49e-01 4.06e-07  6.55e+01     0s
 106   2.45644386e+06  4.32532985e+06  8.39e-01 4.04e-07  6.51e+01     0s
 107   2.46166662e+06  4.36635989e+06  8.36e-01 3.86e-07  6.42e+01     0s
 108   2.49059841e+06  4.47189888e+06  8.25e-01 2.45e-07  6.35e+01     0s
 109   2.57625283e+06  4.54946647e+06  7.93e-01 9.88e-07  6.12e+01     0s
 110   2.62704700e+06  4.65811812e+06  7.81e-01 1.04e-06  6.41e+01     0s
 111   2.70933121e+06  4.73892999e+06  7.52e-01 5.18e-07  6.10e+01     0s
 112   2.75135689e+06  4.81585548e+06  7.37e-01 2.23e-07  5.87e+01     0s
 113   2.77874240e+06  4.83121878e+06  7.28e-01 2.16e-07  5.84e+01     0s
 114   2.78813754e+06  4.86261050e+06  7.25e-01 2.33e-07  5.82e+01     0s
 115   2.88561869e+06  4.85922956e+06  6.96e-01 3.14e-07  6.01e+01     0s
 116   2.97975864e+06  4.98897624e+06  6.66e-01 5.68e-07  5.73e+01     0s
 117   3.03149617e+06  5.19469096e+06  6.51e-01 2.70e-07  5.75e+01     0s
 118   3.04332313e+06  5.33935576e+06  6.48e-01 3.99e-07  5.72e+01     0s
 119   3.07456462e+06  5.63337382e+06  6.40e-01 3.41e-07  5.64e+01     0s
 120   3.10112779e+06  5.83533009e+06  6.35e-01 2.17e-07  5.73e+01     0s
 121   3.41458609e+06  5.49444389e+06  5.70e-01 1.61e-06  6.57e+01     0s
 122   3.53442501e+06  6.00910529e+06  5.47e-01 6.16e-06  4.87e+01     0s
 123   3.56013222e+06  6.05975337e+06  5.41e-01 1.20e-06  4.81e+01     0s
 124   3.63209615e+06  6.13659555e+06  5.27e-01 1.19e-06  4.63e+01     0s
 125   3.64075708e+06  6.24367239e+06  5.24e-01 1.16e-06  4.60e+01     0s
 126   3.65075151e+06  6.43570177e+06  5.22e-01 1.09e-06  4.61e+01     0s
 127   3.69991187e+06  6.79030054e+06  5.13e-01 1.08e-06  4.43e+01     0s
 128   3.74751323e+06  6.87432018e+06  5.05e-01 1.05e-06  4.41e+01     0s
 129   3.84544554e+06  6.94131381e+06  4.90e-01 1.02e-06  4.31e+01     0s
 130   3.85305352e+06  6.96500834e+06  4.89e-01 1.05e-06  4.29e+01     0s
 131   3.90267814e+06  7.07622059e+06  4.82e-01 9.55e-07  4.22e+01     0s
 132   4.07436274e+06  7.08758485e+06  4.57e-01 1.14e-06  4.03e+01     0s
 133   4.08887152e+06  7.34615152e+06  4.54e-01 2.40e-06  3.92e+01     0s
 134   4.16554440e+06  7.40479987e+06  4.44e-01 2.22e-06  3.85e+01     0s
 135   4.20402896e+06  7.51300413e+06  4.39e-01 2.16e-06  3.79e+01     0s
 136   4.22713768e+06  7.55488753e+06  4.36e-01 2.03e-06  3.77e+01     0s
 137   4.24827394e+06  7.62712926e+06  4.33e-01 1.87e-06  3.76e+01     0s
 138   4.32533209e+06  7.76469434e+06  4.24e-01 5.19e-07  3.68e+01     0s
 139   5.27411499e+06  7.79300297e+06  3.11e-01 2.16e-06  3.22e+01     0s
 140   5.47004475e+06  7.82242667e+06  2.88e-01 1.20e-05  2.49e+01     0s
 141   5.47483644e+06  8.06670580e+06  2.87e-01 1.05e-05  2.34e+01     0s
 142   6.02071970e+06  8.07462486e+06  2.29e-01 7.60e-06  2.19e+01     0s
 143   6.05660134e+06  8.10616862e+06  2.25e-01 6.19e-06  1.87e+01     0s
 144   6.06089214e+06  8.13286569e+06  2.24e-01 6.32e-06  1.87e+01     0s
 145   6.07118184e+06  8.17722453e+06  2.23e-01 6.22e-06  1.86e+01     0s
 146   6.09843083e+06  8.31197015e+06  2.20e-01 2.61e-07  1.83e+01     0s
 147   6.24360077e+06  8.31791033e+06  2.07e-01 2.51e-06  1.79e+01     0s
 148   6.32644532e+06  8.37410788e+06  1.99e-01 2.35e-06  1.79e+01     0s
 149   6.36663055e+06  8.37985472e+06  1.96e-01 2.30e-06  1.88e+01     0s
 150   6.45167874e+06  8.40601631e+06  1.89e-01 1.31e-06  2.13e+01     0s
 151   6.65375920e+06  8.43997473e+06  1.70e-01 2.69e-06  1.91e+01     0s
 152   6.66664252e+06  8.47837443e+06  1.69e-01 4.19e-07  1.86e+01     0s
 153   6.70867352e+06  8.48928828e+06  1.65e-01 1.91e-06  1.77e+01     0s
 154   6.80637532e+06  8.50108624e+06  1.56e-01 3.41e-05  1.58e+01     0s
 155   6.88876811e+06  8.51059280e+06  1.49e-01 3.61e-05  1.56e+01     0s
 156   6.94752989e+06  8.51625661e+06  1.44e-01 3.40e-05  1.53e+01     0s
 157   7.01656212e+06  8.62093312e+06  1.37e-01 3.37e-05  1.53e+01     0s
 158   7.02801176e+06  8.69953559e+06  1.36e-01 3.41e-05  1.51e+01     0s
 159   7.03145357e+06  8.72242195e+06  1.36e-01 4.72e-06  1.49e+01     0s
 160   7.04952396e+06  8.79920355e+06  1.34e-01 4.90e-06  1.42e+01     0s
 161   7.11786450e+06  8.91012368e+06  1.30e-01 5.17e-06  1.54e+01     0s
 162   7.30462184e+06  8.79807757e+06  1.17e-01 7.16e-06  1.79e+01     0s
 163   8.21754401e+06  8.88217998e+06  5.33e-02 1.21e-04  1.80e+01     0s
 164   8.25623100e+06  8.96513579e+06  5.05e-02 2.59e-05  8.65e+00     0s
 165   8.29027653e+06  9.00298973e+06  4.83e-02 4.93e-06  8.48e+00     0s
 166   8.44571125e+06  8.96451314e+06  3.81e-02 6.12e-06  9.69e+00     0s
 167   8.61656903e+06  9.00188386e+06  2.71e-02 5.09e-05  6.95e+00     0s
 168   8.83063113e+06  9.01463061e+06  1.33e-02 2.81e-05  5.10e+00     0s
 169   8.97614857e+06  9.03201696e+06  3.83e-03 2.50e-05  1.03e+00     0s
 170   9.01869392e+06  9.03406765e+06  1.06e-03 1.47e-05  3.20e-01     0s
 171   9.02440065e+06  9.03474659e+06  6.89e-04 8.67e-06  1.25e-01     0s
 172   9.03411412e+06  9.03493007e+06  5.77e-05 7.43e-06  2.27e-02     0s
 173   9.03498390e+06  9.03498537e+06  3.86e-07 4.26e-06  1.09e-03     0s
 174   9.03498944e+06  9.03498945e+06  1.65e-09 1.09e-06  2.20e-06     0s
 175   9.03498946e+06  9.03498946e+06  1.06e-11 8.01e-07  8.69e-12     0s

Barrier solved model in 175 iterations and 0.38 seconds (0.27 work units)
Optimal objective 9.03498946e+06

Crossover time: 0.01 seconds (0.01 work units)

Root relaxation: objective 9.034989e+06, 216 iterations, 0.32 seconds (0.21 work units)

    Nodes    |    Current Node    |     Objective Bounds      |     Work
 Expl Unexpl |  Obj  Depth IntInf | Incumbent    BestBd   Gap | It/Node Time

     0     0 9034989.46    0   16 9900000.00 9034989.46  8.74%     -    0s
     0     0 9414095.89    0   16 9900000.00 9414095.89  4.91%     -    0s
     0     0 9571353.90    0   23 9900000.00 9571353.90  3.32%     -    0s
     0     0 9571353.90    0   23 9900000.00 9571353.90  3.32%     -    0s
     0     0 9685864.95    0   15 9900000.00 9685864.95  2.16%     -    0s
     0     0 9687684.05    0   16 9900000.00 9687684.05  2.14%     -    0s
     0     0 9687684.05    0   17 9900000.00 9687684.05  2.14%     -    0s
     0     0 9687684.05    0   17 9900000.00 9687684.05  2.14%     -    0s
     0     0 9687684.05    0   17 9900000.00 9687684.05  2.14%     -    0s

Cutting planes:
  Implied bound: 13
  MIR: 13
  Flow cover: 3
  RLT: 2
  Relax-and-lift: 1

Explored 1 nodes (561 simplex iterations) in 0.78 seconds (0.65 work units)
Thread count was 10 (of 10 available processors)

Solution count 1: 9.9e+06 

Optimal solution found (tolerance 5.00e-03)
Best objective 9.900000000000e+06, best bound 9.900000000000e+06, gap 0.0000%
