
Gurobi 13.0.3 (mac64[arm]) logging started Sat Sep 26 12:17:11 2026

Set parameter LogFile to value "/Users/ashutosh/Desktop/Two-stage-Model/certainty_results/full/solves/w_5_15_10M_phase1.log"
Gurobi Optimizer version 13.0.3 build v13.0.3rc0 (mac64[arm] - Darwin 27.0.0 26A428)

CPU model: Apple M1 Pro
Thread count: 10 physical cores, 10 logical processors, using up to 10 threads

Non-default parameters:
TimeLimit  21600
MIPGap  0.005
Method  2
LogToConsole  0

Optimize a model with 13496 rows, 5548 columns and 37994 nonzeros (Min)
Model fingerprint: 0x10e0e1f1
Model has 663 linear objective coefficients and an objective constant of 396.859633
Variable types: 3498 continuous, 2050 integer (1688 binary)
Coefficient statistics:
  Matrix range     [1e-03, 1e+05]
  Objective range  [1e+00, 1e+00]
  Bounds range     [1e+00, 3e+00]
  RHS range        [1e-02, 1e+07]

Loaded user MIP start with objective 27.8911
MIP start from previous solve did not produce a new incumbent solution

Presolve removed 11739 rows and 3891 columns
Presolve time: 0.05s
Presolved: 1757 rows, 1657 columns, 6985 nonzeros
Variable types: 1420 continuous, 237 integer (237 binary)
Root barrier log...

Ordering time: 0.00s

Barrier statistics:
 AA' NZ     : 2.154e+04
 Factor NZ  : 6.767e+04 (roughly 2 MB of memory)
 Factor Ops : 4.551e+06 (less than 1 second per iteration)
 Threads    : 10

                  Objective                Residual
Iter       Primal          Dual         Primal    Dual     Compl     Time
   0  -1.36868415e+06 -4.60979987e+05  2.77e+04 2.69e+00  1.85e+04     0s
   1  -5.95613849e+05 -4.94964971e+05  1.21e+04 6.37e+00  8.21e+03     0s
   2  -1.32942624e+04 -4.17034580e+05  2.73e+02 1.78e-14  2.83e+02     0s
   3  -9.68467916e+02 -9.11416718e+04  2.33e+01 1.07e-13  3.35e+01     0s
   4  -5.65578931e+02 -6.01027357e+04  1.51e+01 7.82e-14  2.05e+01     0s
   5  -5.88005185e+01 -2.82213252e+04  4.81e+00 2.84e-14  8.19e+00     0s
   6   1.48816028e+02 -6.58031038e+03  1.84e-01 1.78e-14  1.65e+00     0s
   7   1.08184596e+02 -2.00117932e+03  2.11e-02 1.07e-14  5.11e-01     0s
   8   7.00229129e+01 -5.89920093e+02  4.29e-03 4.00e-15  1.60e-01     0s
   9   2.11798542e+01 -1.57493009e+02  4.43e-04 3.55e-15  4.32e-02     0s
  10   9.97845858e+00 -1.69569900e+01  8.55e-05 3.55e-15  6.51e-03     0s
  11   6.80363555e+00 -5.61192414e-01  2.64e-05 3.55e-15  1.78e-03     0s
  12   5.48655743e+00  2.81128128e+00  7.94e-06 3.55e-15  6.46e-04     0s
  13   5.11572406e+00  4.25732287e+00  3.26e-06 3.55e-15  2.07e-04     0s
  14   4.89871128e+00  4.77290445e+00  6.79e-07 3.55e-15  3.04e-05     0s
  15   4.83997657e+00  4.82399002e+00  2.64e-08 7.11e-15  3.86e-06     0s
  16   4.83711746e+00  4.83396682e+00  4.36e-10 3.55e-15  7.61e-07     0s
  17   4.83697459e+00  4.83604317e+00  3.17e-11 3.55e-15  2.25e-07     0s
  18   4.83694951e+00  4.83668391e+00  2.22e-11 3.55e-15  6.41e-08     0s
  19   4.83694560e+00  4.83675675e+00  1.87e-11 3.55e-15  4.56e-08     0s
  20   4.83693454e+00  4.83684840e+00  4.83e-11 3.55e-15  2.08e-08     0s
  21   4.83692926e+00  4.83690151e+00  1.53e-09 7.11e-15  6.70e-09     0s
  22   4.83692577e+00  4.83692408e+00  6.91e-11 3.69e-15  4.07e-10     0s

Barrier solved model in 22 iterations and 0.12 seconds (0.13 work units)
Optimal objective 4.83692577e+00

Crossover time: 0.02 seconds (0.03 work units)

Root relaxation: objective 4.836926e+00, 447 iterations, 0.06 seconds (0.05 work units)

    Nodes    |    Current Node    |     Objective Bounds      |     Work
 Expl Unexpl |  Obj  Depth IntInf | Incumbent    BestBd   Gap | It/Node Time

     0     0    4.83693    0    9   27.89106    4.83693  82.7%     -    0s
H    0     0                       8.8930925    4.83693  45.6%     -    0s
     0     0    4.93947    0    6    8.89309    4.93947  44.5%     -    0s
     0     0    4.94478    0    5    8.89309    4.94478  44.4%     -    0s
     0     0    5.04625    0    9    8.89309    5.04625  43.3%     -    0s
     0     0    5.04947    0    8    8.89309    5.04947  43.2%     -    0s
     0     0    5.07984    0   10    8.89309    5.07984  42.9%     -    0s
H    0     0                       5.2974400    5.07984  4.11%     -    0s
     0     0    5.09983    0   10    5.29744    5.09983  3.73%     -    0s
     0     0    5.12505    0   11    5.29744    5.12505  3.25%     -    0s
     0     0    5.12530    0   12    5.29744    5.12530  3.25%     -    0s
     0     0    5.12582    0   12    5.29744    5.12582  3.24%     -    0s
     0     0    5.13000    0   12    5.29744    5.13000  3.16%     -    0s
     0     0    5.13000    0   12    5.29744    5.13000  3.16%     -    0s
     0     0    5.13000    0   11    5.29744    5.13000  3.16%     -    0s
     0     2    5.13000    0   11    5.29744    5.13000  3.16%     -    0s
*    3     2               2       5.1578800    5.15788  0.00%   120    0s

Cutting planes:
  Cover: 3
  Implied bound: 7
  MIR: 10
  StrongCG: 2
  Flow cover: 7
  RLT: 1

Explored 5 nodes (982 simplex iterations) in 0.73 seconds (0.94 work units)
Thread count was 10 (of 10 available processors)

Solution count 4: 5.15788 5.29744 8.89309 27.8911 

Optimal solution found (tolerance 5.00e-03)
Best objective 5.157880000000e+00, best bound 5.157880000000e+00, gap 0.0000%
