
Gurobi 13.0.3 (mac64[arm]) logging started Sat Sep 26 12:17:03 2026

Set parameter LogFile to value "/Users/ashutosh/Desktop/Two-stage-Model/certainty_results/full/solves/w_5_05_40M_phase2.log"
Gurobi Optimizer version 13.0.3 build v13.0.3rc0 (mac64[arm] - Darwin 27.0.0 26A428)

CPU model: Apple M1 Pro
Thread count: 10 physical cores, 10 logical processors, using up to 10 threads

Non-default parameters:
TimeLimit  21600
MIPGap  0.005
Method  2
LogToConsole  0

Optimize a model with 13542 rows, 5548 columns and 38792 nonzeros (Min)
Model fingerprint: 0x3aaf7a1e
Model has 724 linear objective coefficients
Variable types: 3498 continuous, 2050 integer (1688 binary)
Coefficient statistics:
  Matrix range     [1e-03, 1e+05]
  Objective range  [2e+04, 1e+05]
  Bounds range     [1e+00, 3e+00]
  RHS range        [1e-02, 4e+07]

Loaded user MIP start with objective 3.975e+07
MIP start from previous solve did not produce a new incumbent solution

Presolve removed 12560 rows and 4122 columns
Presolve time: 0.05s
Presolved: 982 rows, 1426 columns, 5069 nonzeros
Variable types: 1245 continuous, 181 integer (181 binary)

Explored 0 nodes (0 simplex iterations) in 0.07 seconds (0.07 work units)
Thread count was 10 (of 10 available processors)

Solution count 2: 3.975e+07 3.975e+07 

Optimal solution found (tolerance 5.00e-03)
Best objective 3.975000000000e+07, best bound 3.962500000000e+07, gap 0.3145%
