
Gurobi 13.0.3 (mac64[arm]) logging started Sat Sep 26 12:17:12 2026

Set parameter LogFile to value "/Users/ashutosh/Desktop/Two-stage-Model/certainty_results/full/solves/w_5_15_20M_phase2.log"
Gurobi Optimizer version 13.0.3 build v13.0.3rc0 (mac64[arm] - Darwin 27.0.0 26A428)

CPU model: Apple M1 Pro
Thread count: 10 physical cores, 10 logical processors, using up to 10 threads

Non-default parameters:
TimeLimit  21600
MIPGap  0.005
Method  2
LogToConsole  0

Optimize a model with 13497 rows, 5548 columns and 38657 nonzeros (Min)
Model fingerprint: 0x3df24ca4
Model has 724 linear objective coefficients
Variable types: 3498 continuous, 2050 integer (1688 binary)
Coefficient statistics:
  Matrix range     [1e-03, 1e+05]
  Objective range  [2e+04, 1e+05]
  Bounds range     [1e+00, 3e+00]
  RHS range        [1e-02, 2e+07]

Loaded user MIP start with objective 1.995e+07
MIP start from previous solve did not produce a new incumbent solution

Presolve removed 11793 rows and 3905 columns
Presolve time: 0.05s
Presolved: 1704 rows, 1643 columns, 7217 nonzeros
Variable types: 1410 continuous, 233 integer (233 binary)
Root barrier log...

Ordering time: 0.00s

Barrier statistics:
 AA' NZ     : 2.235e+04
 Factor NZ  : 6.942e+04 (roughly 2 MB of memory)
 Factor Ops : 5.040e+06 (less than 1 second per iteration)
 Threads    : 10

                  Objective                Residual
Iter       Primal          Dual         Primal    Dual     Compl     Time
   0   5.68124710e+07 -8.60051009e+07  5.13e+04 4.55e-13  1.66e+06     0s
   1   2.79493756e+07 -7.93993981e+07  1.82e+04 1.90e+03  6.05e+05     0s
   2   4.89857751e+06 -6.38020916e+07  4.91e+02 8.14e+01  3.22e+04     0s
   3   4.71110384e+06 -1.96710947e+07  4.46e+02 1.18e+01  1.65e+04     0s
   4   4.23518049e+06 -1.89398188e+07  3.33e+02 1.10e+01  1.34e+04     0s
   5   3.29339885e+06 -3.38931222e+06  1.28e+02 3.18e-11  3.93e+03     0s
   6   2.92840370e+06 -6.79023086e+05  3.28e+01 3.51e-11  1.39e+03     0s
   7   2.80579374e+06  1.34378501e+06  1.97e+01 2.00e-11  6.17e+02     0s
   8   2.71386386e+06  2.25197297e+06  7.72e+00 7.28e-11  2.06e+02     0s
   9   2.68230331e+06  2.52292800e+06  3.64e+00 8.00e-11  8.69e+01     0s
  10   2.68058994e+06  2.66280846e+06  2.69e+00 3.86e-10  5.53e+01     0s
  11   2.68115794e+06  2.76583632e+06  2.63e+00 4.22e-10  5.28e+01     0s
  12   2.69283287e+06  2.79210768e+06  2.37e+00 4.07e-10  4.76e+01     0s
  13   2.69322307e+06  2.82170382e+06  2.36e+00 3.93e-10  4.69e+01     0s
  14   2.69509770e+06  2.84110456e+06  2.32e+00 3.49e-10  4.58e+01     0s
  15   2.70665161e+06  2.86125549e+06  2.18e+00 7.69e-10  4.35e+01     0s
  16   2.70622462e+06  2.98874072e+06  2.17e+00 7.17e-10  4.42e+01     0s
  17   2.70887503e+06  3.16424643e+06  2.13e+00 8.44e-10  4.34e+01     0s
  18   2.71307978e+06  3.39047285e+06  2.09e+00 1.05e-09  4.14e+01     0s
  19   2.71398158e+06  3.27237987e+06  2.09e+00 1.11e-09  4.12e+01     0s
  20   2.72546655e+06  3.34835908e+06  2.05e+00 1.34e-09  4.11e+01     0s
  21   2.73700159e+06  3.49060711e+06  2.02e+00 5.76e-09  3.96e+01     0s
  22   2.73995640e+06  3.52310379e+06  2.02e+00 5.94e-09  3.91e+01     0s
  23   2.74477820e+06  3.75361343e+06  2.01e+00 9.90e-09  3.85e+01     0s
  24   2.76658254e+06  3.63217082e+06  1.97e+00 9.60e-09  3.91e+01     0s
  25   3.90329415e+08 -8.60051009e+07  5.13e+05 4.55e-13  1.63e+07     0s
  26   2.44835320e+07 -1.10482774e+08  8.75e+04 6.69e+02  2.89e+06     0s
  27   3.97605400e+06 -9.47187462e+07  3.77e+02 7.28e-12  3.63e+04     0s
  28   3.71202230e+06 -1.04177563e+07  2.76e+02 5.00e-12  8.98e+03     0s
  29   3.20135997e+06 -1.82956776e+06  1.41e+02 5.46e-12  3.48e+03     0s
  30   3.05272647e+06 -1.53174985e+06  6.58e+01 2.73e-12  2.15e+03     0s
  31   2.75371498e+06  1.07154290e+06  1.59e+01 8.01e-12  6.25e+02     0s
  32   2.70561368e+06  2.15451566e+06  8.99e+00 3.27e-11  2.49e+02     0s
  33   2.68041769e+06  2.47753309e+06  4.48e+00 3.27e-11  1.10e+02     0s
  34   2.67504314e+06  2.65225168e+06  2.84e+00 5.82e-11  5.62e+01     0s
  35   2.67615156e+06  2.76080029e+06  2.68e+00 1.16e-10  5.06e+01     0s
  36   2.68777063e+06  2.80477379e+06  2.49e+00 1.31e-10  4.72e+01     0s
  37   2.69059379e+06  2.86662619e+06  2.35e+00 6.40e-10  4.25e+01     0s
  38   2.70221486e+06  2.88968401e+06  2.19e+00 7.86e-10  3.89e+01     0s
  39   2.70471516e+06  2.92704801e+06  2.17e+00 1.37e-09  3.80e+01     0s
  40   2.70665129e+06  3.12045620e+06  2.14e+00 1.40e-09  3.77e+01     0s
  41   2.70808879e+06  3.18498992e+06  2.12e+00 1.51e-09  3.81e+01     0s
  42   2.71019290e+06  3.35389121e+06  2.11e+00 9.90e-10  3.77e+01     0s
  43   2.71214006e+06  3.41561615e+06  2.10e+00 1.16e-09  3.77e+01     0s
  44   2.72103319e+06  3.37783528e+06  2.08e+00 6.87e-09  3.81e+01     0s
  45   2.74188921e+06  3.46809592e+06  2.04e+00 1.15e-08  3.85e+01     0s
  46   2.74030484e+06  3.58421833e+06  2.02e+00 1.25e-08  3.70e+01     0s
  47   2.75068075e+06  3.71390254e+06  2.00e+00 1.31e-08  3.62e+01     0s
  48   2.76551935e+06  3.79226799e+06  1.97e+00 3.58e-08  3.61e+01     0s
  49   2.78178106e+06  3.83881964e+06  1.94e+00 2.55e-08  3.58e+01     0s
  50   2.79897020e+06  3.98101242e+06  1.91e+00 1.37e-08  3.51e+01     0s
  51   2.83140908e+06  4.20620747e+06  1.87e+00 4.82e-08  3.31e+01     0s
  52   2.83826023e+06  4.22614272e+06  1.86e+00 4.67e-08  3.30e+01     0s
  53   2.86681520e+06  4.24970332e+06  1.82e+00 4.04e-08  3.26e+01     0s
  54   2.90986500e+06  4.26818782e+06  1.77e+00 5.05e-08  3.18e+01     0s
  55   3.01235054e+06  4.28501748e+06  1.65e+00 4.12e-08  3.00e+01     0s
  56   3.06242041e+06  4.28285095e+06  1.59e+00 4.90e-08  2.93e+01     0s
  57   3.15678896e+06  4.31002816e+06  1.47e+00 6.21e-07  2.59e+01     0s
  58   3.18398403e+06  4.30667795e+06  1.44e+00 5.88e-07  2.55e+01     0s
  59   3.20225046e+06  4.31110923e+06  1.42e+00 4.83e-07  2.52e+01     0s
  60   3.21957372e+06  4.31457192e+06  1.40e+00 3.39e-07  2.47e+01     0s
  61   3.24490665e+06  4.31689807e+06  1.36e+00 2.23e-07  2.41e+01     0s
  62   3.37355880e+06  4.33518998e+06  1.21e+00 7.39e-07  1.89e+01     0s
  63   3.40708752e+06  4.43863735e+06  1.17e+00 4.90e-07  1.68e+01     0s
  64   3.41698710e+06  4.59170518e+06  1.16e+00 4.49e-07  1.71e+01     0s
  65   3.42223543e+06  4.72511516e+06  1.15e+00 4.43e-07  1.70e+01     0s
  66   3.44037887e+06  4.91538731e+06  1.14e+00 4.36e-07  1.89e+01     0s
  67   3.47967685e+06  5.01821824e+06  1.11e+00 1.32e-07  1.88e+01     0s
  68   3.51306710e+06  4.95370943e+06  1.09e+00 3.42e-07  2.00e+01     0s
  69   3.52931396e+06  5.03869798e+06  1.08e+00 3.33e-06  1.95e+01     0s
  70   3.56955264e+06  5.32334261e+06  1.06e+00 2.18e-06  1.65e+01     0s
  71   3.57407183e+06  5.35344725e+06  1.05e+00 2.21e-06  1.62e+01     0s
  72   3.58503693e+06  5.78985834e+06  1.05e+00 2.56e-06  1.61e+01     0s
  73   3.58651518e+06  6.65786785e+06  1.05e+00 2.57e-06  1.69e+01     0s
  74   3.59222248e+06  6.64181299e+06  1.05e+00 2.59e-06  1.74e+01     0s
  75   3.59959498e+06  7.24282666e+06  1.04e+00 2.25e-06  1.83e+01     0s
  76   3.60198837e+06  7.21166321e+06  1.04e+00 2.19e-06  1.85e+01     0s
  77   3.61884122e+06  7.11430661e+06  1.04e+00 2.19e-06  2.04e+01     0s

Barrier performed 77 iterations in 0.21 seconds (0.16 work units)
Numerical trouble encountered

Model may be infeasible or unbounded.  Consider using the
homogeneous algorithm (through parameter 'BarHomogeneous')

Crossover changed status from Numeric to Optimal

Root relaxation: objective 1.927893e+07, 1289 iterations, 0.22 seconds (0.21 work units)

    Nodes    |    Current Node    |     Objective Bounds      |     Work
 Expl Unexpl |  Obj  Depth IntInf | Incumbent    BestBd   Gap | It/Node Time

     0     0 1.9279e+07    0    9 1.9950e+07 1.9279e+07  3.36%     -    0s

Cutting planes:
  Gomory: 1
  Cover: 1
  MIR: 5
  Flow cover: 1
  Relax-and-lift: 1

Explored 1 nodes (1289 simplex iterations) in 0.33 seconds (0.31 work units)
Thread count was 10 (of 10 available processors)

Solution count 1: 1.995e+07 

Optimal solution found (tolerance 5.00e-03)
Best objective 1.995000000000e+07, best bound 1.995000000000e+07, gap 0.0000%
