
Gurobi 13.0.3 (mac64[arm]) logging started Sat Sep 26 12:17:09 2026

Set parameter LogFile to value "/Users/ashutosh/Desktop/Two-stage-Model/certainty_results/full/solves/w_5_10_40M_phase1.log"
Gurobi Optimizer version 13.0.3 build v13.0.3rc0 (mac64[arm] - Darwin 27.0.0 26A428)

CPU model: Apple M1 Pro
Thread count: 10 physical cores, 10 logical processors, using up to 10 threads

Non-default parameters:
TimeLimit  21600
MIPGap  0.005
Method  2
LogToConsole  0

Optimize a model with 13533 rows, 5548 columns and 38105 nonzeros (Min)
Model fingerprint: 0x3d918902
Model has 663 linear objective coefficients and an objective constant of 396.859633
Variable types: 3498 continuous, 2050 integer (1688 binary)
Coefficient statistics:
  Matrix range     [1e-03, 1e+05]
  Objective range  [1e+00, 1e+00]
  Bounds range     [1e+00, 3e+00]
  RHS range        [1e-02, 4e+07]

Loaded user MIP start with objective 0.50355
MIP start from previous solve did not produce a new incumbent solution

Presolve removed 12021 rows and 3903 columns
Presolve time: 0.06s
Presolved: 1512 rows, 1645 columns, 6276 nonzeros
Variable types: 1421 continuous, 224 integer (224 binary)
Root barrier log...

Ordering time: 0.00s

Barrier statistics:
 AA' NZ     : 1.475e+04
 Factor NZ  : 5.382e+04 (roughly 2 MB of memory)
 Factor Ops : 3.630e+06 (less than 1 second per iteration)
 Threads    : 10

                  Objective                Residual
Iter       Primal          Dual         Primal    Dual     Compl     Time
   0  -2.66229064e+05 -2.55005538e+05  2.48e+03 2.67e+00  3.63e+03     0s
   1  -1.07102417e+05 -2.46604578e+05  9.92e+02 1.30e+00  1.45e+03     0s
   2  -1.65367711e+03 -1.70266377e+05  1.61e+01 2.58e-14  6.46e+01     0s
   3  -7.41705925e+01 -7.66632299e+04  1.83e+00 2.84e-14  2.15e+01     0s
   4   3.08710389e+01 -2.00006016e+04  7.94e-01 1.42e-14  5.57e+00     0s
   5   7.71278164e+01 -4.18531384e+03  7.71e-02 1.07e-13  1.11e+00     0s
   6   5.66010298e+01 -1.32603246e+03  2.14e-03 3.02e-14  3.56e-01     0s
   7   4.37924755e+01 -4.07786871e+02  1.32e-03 1.07e-14  1.16e-01     0s
   8   1.88775227e+01 -1.45741813e+02  5.04e-04 3.55e-15  4.23e-02     0s
   9   2.22782768e+00 -3.38521873e+01  8.87e-07 3.55e-15  9.27e-03     0s
  10   4.39323870e-01 -6.46375807e+00  1.19e-08 7.11e-15  1.77e-03     0s
  11   5.99359555e-02 -1.26305871e+00  7.40e-10 3.55e-15  3.40e-04     0s
  12   1.41935133e-02 -1.19181551e-01  1.65e-10 7.11e-15  3.43e-05     0s
  13   1.41305416e-03 -8.03976753e-03  1.64e-11 3.55e-15  2.43e-06     0s
  14   7.96227039e-06 -5.35810619e-05  1.45e-11 3.55e-15  1.58e-08     0s
  15   7.96228505e-09 -5.35811751e-08  8.53e-12 3.55e-15  1.58e-11     0s

Barrier solved model in 15 iterations and 0.11 seconds (0.09 work units)
Optimal objective 7.96228505e-09

Crossover time: 0.01 seconds (0.01 work units)

Root relaxation: objective -3.410605e-13, 367 iterations, 0.05 seconds (0.03 work units)

    Nodes    |    Current Node    |     Objective Bounds      |     Work
 Expl Unexpl |  Obj  Depth IntInf | Incumbent    BestBd   Gap | It/Node Time

     0     0    0.00000    0    1    0.50355    0.00000   100%     -    0s
     0     0    0.00000    0    1    0.50355    0.00000   100%     -    0s
     0     0    0.00000    0    1    0.50355    0.00000   100%     -    0s
     0     0    0.00000    0    1    0.50355    0.00000   100%     -    0s
     0     0    0.00000    0    1    0.50355    0.00000   100%     -    0s
     0     2    0.00000    0    1    0.50355    0.00000   100%     -    0s
*    2     1               1      -0.0000000   -0.00000  0.00%   292    0s

Cutting planes:
  Implied bound: 5
  MIR: 3

Explored 3 nodes (1205 simplex iterations) in 0.37 seconds (0.45 work units)
Thread count was 10 (of 10 available processors)

Solution count 2: -3.41061e-13 0.50355 

Optimal solution found (tolerance 5.00e-03)
Best objective -3.410605131648e-13, best bound -3.410605131648e-13, gap 0.0000%
