
Gurobi 13.0.3 (mac64[arm]) logging started Sat Sep 26 12:17:13 2026

Set parameter LogFile to value "/Users/ashutosh/Desktop/Two-stage-Model/certainty_results/full/solves/w_5_15_40M_phase2.log"
Gurobi Optimizer version 13.0.3 build v13.0.3rc0 (mac64[arm] - Darwin 27.0.0 26A428)

CPU model: Apple M1 Pro
Thread count: 10 physical cores, 10 logical processors, using up to 10 threads

Non-default parameters:
TimeLimit  21600
MIPGap  0.005
Method  2
LogToConsole  0

Optimize a model with 13497 rows, 5548 columns and 38657 nonzeros (Min)
Model fingerprint: 0x07e25cb6
Model has 724 linear objective coefficients
Variable types: 3498 continuous, 2050 integer (1688 binary)
Coefficient statistics:
  Matrix range     [1e-03, 1e+05]
  Objective range  [2e+04, 1e+05]
  Bounds range     [1e+00, 3e+00]
  RHS range        [1e-02, 4e+07]

Loaded user MIP start with objective 3.0575e+07
MIP start from previous solve did not produce a new incumbent solution

Presolve removed 12575 rows and 4137 columns
Presolve time: 0.04s
Presolved: 922 rows, 1411 columns, 4989 nonzeros
Found heuristic solution: objective 3.050000e+07
Variable types: 1226 continuous, 185 integer (185 binary)

Explored 0 nodes (0 simplex iterations) in 0.06 seconds (0.06 work units)
Thread count was 10 (of 10 available processors)

Solution count 2: 3.05e+07 3.0575e+07 

Optimal solution found (tolerance 5.00e-03)
Best objective 3.050000000000e+07, best bound 3.050000000000e+07, gap 0.0000%
