
Gurobi 13.0.3 (mac64[arm]) logging started Sat Sep 26 12:17:03 2026

Set parameter LogFile to value "/Users/ashutosh/Desktop/Two-stage-Model/certainty_results/full/solves/w_5_05_80M_phase2.log"
Gurobi Optimizer version 13.0.3 build v13.0.3rc0 (mac64[arm] - Darwin 27.0.0 26A428)

CPU model: Apple M1 Pro
Thread count: 10 physical cores, 10 logical processors, using up to 10 threads

Non-default parameters:
TimeLimit  21600
MIPGap  0.005
Method  2
LogToConsole  0

Optimize a model with 13542 rows, 5548 columns and 38792 nonzeros (Min)
Model fingerprint: 0xbfd06bd6
Model has 724 linear objective coefficients
Variable types: 3498 continuous, 2050 integer (1688 binary)
Coefficient statistics:
  Matrix range     [1e-03, 1e+05]
  Objective range  [2e+04, 1e+05]
  Bounds range     [1e+00, 3e+00]
  RHS range        [1e-02, 8e+07]

Loaded user MIP start with objective 4.555e+07
MIP start from previous solve did not produce a new incumbent solution

Presolve removed 12252 rows and 3982 columns
Presolve time: 0.04s
Presolved: 1290 rows, 1566 columns, 6056 nonzeros
Found heuristic solution: objective 4.550000e+07
Variable types: 1362 continuous, 204 integer (204 binary)
Root barrier log...

Ordering time: 0.00s

Barrier statistics:
 AA' NZ     : 1.367e+04
 Factor NZ  : 4.857e+04 (roughly 2 MB of memory)
 Factor Ops : 3.082e+06 (less than 1 second per iteration)
 Threads    : 1

                  Objective                Residual
Iter       Primal          Dual         Primal    Dual     Compl     Time
   0   4.80546609e+07 -1.44444655e+08  4.99e+03 2.94e+03  6.31e+05     0s
   1   4.35799553e+07 -7.34356489e+07  7.15e+02 2.68e+03  1.09e+05     0s
   2   4.34934874e+07 -8.18266384e+06  1.31e+02 6.21e+02  2.59e+04     0s
   3   4.34865960e+07  1.54510826e+07  2.94e+01 2.63e+02  1.01e+04     0s
   4   4.33941700e+07  3.74654937e+07  8.74e+00 3.99e+01  2.13e+03     0s
   5   4.32629566e+07  4.22383071e+07  1.61e+00 4.35e+00  3.54e+02     0s
   6   4.32311456e+07  4.30561974e+07  1.57e-01 5.84e-01  5.49e+01     0s
   7   4.32252360e+07  4.31539854e+07  4.29e-02 2.14e-01  2.17e+01     0s
   8   4.32214234e+07  4.32043142e+07  1.40e-02 1.83e-02  5.33e+00     0s
   9   4.32191990e+07  4.32112199e+07  5.16e-03 5.99e-03  2.45e+00     0s
  10   4.32179914e+07  4.32170043e+07  1.28e-04 6.18e-11  2.83e-01     0s
  11   4.32177256e+07  4.32176119e+07  2.40e-05 1.46e-11  3.31e-02     0s
  12   4.32176717e+07  4.32176436e+07  5.92e-06 8.73e-11  8.25e-03     0s
  13   4.32176554e+07  4.32176502e+07  8.80e-07 2.04e-10  1.51e-03     0s
  14   4.32176527e+07  4.32176524e+07  6.00e-08 2.91e-10  8.07e-05     0s
  15   4.32176525e+07  4.32176525e+07  1.56e-10 1.46e-10  2.31e-09     0s

Barrier solved model in 15 iterations and 0.09 seconds (0.09 work units)
Optimal objective 4.32176525e+07

Crossover time: 0.01 seconds (0.01 work units)

Extra simplex iterations after uncrush: 204

Root relaxation: objective 4.321765e+07, 323 iterations, 0.04 seconds (0.04 work units)

    Nodes    |    Current Node    |     Objective Bounds      |     Work
 Expl Unexpl |  Obj  Depth IntInf | Incumbent    BestBd   Gap | It/Node Time

     0     0 4.3218e+07    0    9 4.5500e+07 4.3218e+07  5.02%     -    0s
H    0     0                    4.332500e+07 4.3218e+07  0.25%     -    0s
     0     0 4.3218e+07    0    9 4.3325e+07 4.3218e+07  0.25%     -    0s

Explored 1 nodes (323 simplex iterations) in 0.13 seconds (0.13 work units)
Thread count was 10 (of 10 available processors)

Solution count 3: 4.3325e+07 4.55e+07 4.555e+07 

Optimal solution found (tolerance 5.00e-03)
Best objective 4.332500000000e+07, best bound 4.332500000000e+07, gap 0.0000%
