
Gurobi 13.0.3 (mac64[arm]) logging started Sat Sep 26 12:16:58 2026

Set parameter LogFile to value "/Users/ashutosh/Desktop/Two-stage-Model/certainty_results/full/solves/w_5_05_10M_phase2.log"
Gurobi Optimizer version 13.0.3 build v13.0.3rc0 (mac64[arm] - Darwin 27.0.0 26A428)

CPU model: Apple M1 Pro
Thread count: 10 physical cores, 10 logical processors, using up to 10 threads

Non-default parameters:
TimeLimit  21600
MIPGap  0.005
Method  2
LogToConsole  0

Optimize a model with 13542 rows, 5548 columns and 38792 nonzeros (Min)
Model fingerprint: 0x90dafde1
Model has 724 linear objective coefficients
Variable types: 3498 continuous, 2050 integer (1688 binary)
Coefficient statistics:
  Matrix range     [1e-03, 1e+05]
  Objective range  [2e+04, 1e+05]
  Bounds range     [1e+00, 3e+00]
  RHS range        [1e-02, 1e+07]

Loaded user MIP start with objective 9.95e+06
MIP start from previous solve did not produce a new incumbent solution

Presolve removed 11449 rows and 3801 columns
Presolve time: 0.07s
Presolved: 2093 rows, 1747 columns, 8226 nonzeros
Variable types: 1495 continuous, 252 integer (252 binary)
Root barrier log...

Ordering time: 0.00s

Barrier statistics:
 AA' NZ     : 2.763e+04
 Factor NZ  : 8.521e+04 (roughly 2 MB of memory)
 Factor Ops : 6.146e+06 (less than 1 second per iteration)
 Threads    : 10

                  Objective                Residual
Iter       Primal          Dual         Primal    Dual     Compl     Time
   0   2.00963024e+08 -1.11783937e+08  1.62e+05 4.55e-13  5.45e+06     0s
   1   8.00557732e+07 -1.28647463e+08  6.56e+04 1.64e+03  2.25e+06     0s
   2   8.13843262e+06 -1.16321333e+08  8.88e+02 1.39e-11  5.72e+04     0s
   3   2.37711379e+06 -2.39797470e+07  1.02e+02 1.00e-11  8.26e+03     0s
   4   1.10905401e+06 -4.36031335e+06  3.79e+01 2.91e-11  1.80e+03     0s
   5   5.80415761e+05 -1.65170140e+06  1.91e+01 2.18e-11  7.55e+02     0s
   6   3.15671348e+05 -6.81251690e+05  1.01e+01 1.82e-11  3.64e+02     0s
   7   2.28721814e+05 -5.70421026e+04  6.93e+00 1.16e-10  1.95e+02     0s
   8   2.05849716e+05  2.08805005e+05  5.91e+00 2.33e-10  1.68e+02     0s
   9   2.13243534e+05  2.53049462e+05  5.44e+00 2.04e-10  1.55e+02     0s
  10   2.32779341e+05  4.67123339e+05  5.08e+00 3.49e-10  1.43e+02     0s
  11   2.69938613e+05  6.00985015e+05  4.59e+00 2.62e-10  1.28e+02     0s
  12   2.77733506e+05  6.34468425e+05  4.51e+00 3.20e-10  1.25e+02     0s
  13   2.92499688e+05  6.44768135e+05  4.36e+00 2.91e-10  1.22e+02     0s
  14   3.13999095e+05  6.98558647e+05  4.15e+00 2.91e-10  1.15e+02     0s
  15   3.24731809e+05  8.04294168e+05  4.04e+00 4.66e-10  1.11e+02     0s
  16   3.71597720e+05  8.34814557e+05  3.63e+00 4.07e-10  9.94e+01     0s
  17   4.06351206e+05  8.16709349e+05  3.45e+00 4.37e-10  9.67e+01     0s
  18   4.55670916e+05  9.28136739e+05  3.19e+00 4.02e-09  8.75e+01     0s
  19   4.61786352e+05  9.58994069e+05  3.16e+00 3.96e-09  8.67e+01     0s
  20   4.69585096e+05  1.07619406e+06  3.12e+00 6.29e-09  8.45e+01     0s
  21   4.82940760e+05  1.16772766e+06  3.07e+00 7.57e-09  8.29e+01     0s
  22   5.18729564e+05  1.40495407e+06  2.96e+00 4.71e-09  8.12e+01     0s
  23   5.41303000e+05  1.59655546e+06  2.89e+00 4.60e-09  7.80e+01     0s
  24   5.48533577e+05  1.80417312e+06  2.86e+00 4.89e-09  7.68e+01     0s
  25   5.71798255e+05  1.76026485e+06  2.82e+00 5.47e-09  7.69e+01     0s
  26   5.89107145e+05  1.79262131e+06  2.79e+00 4.31e-09  7.61e+01     0s
  27   6.01549767e+05  1.84191717e+06  2.76e+00 5.94e-09  7.48e+01     0s
  28   6.21013380e+05  1.91905833e+06  2.73e+00 1.86e-09  7.37e+01     0s
  29   6.29881664e+05  1.98016752e+06  2.71e+00 1.40e-09  7.28e+01     0s
  30   6.33564896e+05  2.18634353e+06  2.69e+00 3.84e-09  7.13e+01     0s
  31   6.57856526e+05  2.29694711e+06  2.65e+00 3.43e-09  6.99e+01     0s
  32   6.71036415e+05  2.30886134e+06  2.63e+00 3.03e-09  6.99e+01     0s
  33   6.85922575e+05  2.41200769e+06  2.61e+00 1.04e-08  6.88e+01     0s
  34   6.88220589e+05  2.71143971e+06  2.61e+00 1.14e-08  6.82e+01     0s
  35   7.05328947e+05  2.89962160e+06  2.59e+00 3.66e-08  6.68e+01     0s
  36   7.25605959e+05  2.94321998e+06  2.57e+00 1.05e-09  6.64e+01     0s
  37   1.07513879e+06  2.96582968e+06  2.19e+00 3.64e-08  6.05e+01     0s
  38   1.13228829e+06  2.98483165e+06  2.13e+00 7.25e-08  5.78e+01     0s
  39   1.24871989e+06  3.00384648e+06  2.01e+00 2.81e-07  5.39e+01     0s
  40   1.38343870e+06  3.07270207e+06  1.86e+00 5.80e-07  4.72e+01     0s
  41   1.43589364e+06  3.09815151e+06  1.80e+00 5.73e-07  4.58e+01     0s
  42   1.45878346e+06  3.28341585e+06  1.78e+00 5.62e-07  4.49e+01     0s
  43   1.54178682e+06  3.46371951e+06  1.70e+00 5.76e-07  4.25e+01     0s
  44   1.57428205e+06  3.49938554e+06  1.68e+00 3.93e-07  4.14e+01     0s
  45   1.59148407e+06  3.63559955e+06  1.66e+00 3.48e-07  4.08e+01     0s
  46   1.63707344e+06  3.63345677e+06  1.63e+00 7.32e-08  4.00e+01     0s
  47   1.65836649e+06  3.71195497e+06  1.61e+00 1.81e-07  3.94e+01     0s
  48   1.68238201e+06  3.82720876e+06  1.59e+00 1.72e-07  3.84e+01     0s
  49   1.71680858e+06  3.99978455e+06  1.57e+00 1.22e-07  3.77e+01     0s
  50   1.78358301e+06  3.92533886e+06  1.52e+00 2.39e-07  3.80e+01     0s
  51   1.85102111e+06  4.00711781e+06  1.48e+00 1.76e-07  3.71e+01     0s
  52   1.86713175e+06  4.06737018e+06  1.47e+00 2.81e-08  3.69e+01     0s
  53   1.87171992e+06  4.09214722e+06  1.47e+00 2.56e-08  3.67e+01     0s
  54   1.87901867e+06  4.30834494e+06  1.46e+00 2.42e-08  3.67e+01     0s
  55   1.90975947e+09 -3.41449647e+08  1.62e+06 1.36e-12  1.46e+08     0s
  56   2.47703043e+07 -9.27570476e+08  9.49e+04 8.00e-11  1.65e+07     0s
  57   2.28162532e+06 -7.63789401e+08  2.83e+02 6.18e-11  2.16e+05     0s
  58   2.10424602e+06 -8.67475148e+07  6.11e+01 5.09e-11  2.54e+04     0s
  59   1.40718808e+06 -3.07978506e+07  1.73e+01 5.82e-11  8.51e+03     0s
  60   1.00871661e+06 -8.58785719e+06  7.64e+00 6.40e-10  2.81e+03     0s
  61   8.91041314e+05 -3.36997695e+06  4.44e+00 6.98e-10  1.45e+03     0s
  62   9.48495247e+05 -1.78471674e+06  3.40e+00 1.86e-09  1.10e+03     0s
  63   9.57863014e+05 -1.15111440e+06  3.32e+00 3.73e-09  1.01e+03     0s
  64   9.84619647e+05 -5.67160538e+04  3.16e+00 5.01e-09  8.89e+02     0s
  65   1.10916509e+06  2.59483341e+05  2.78e+00 4.07e-09  8.12e+02     0s
  66   1.18995781e+06  1.29040836e+05  2.65e+00 1.14e-08  7.84e+02     0s
  67   1.32548018e+06  8.22058709e+05  2.41e+00 1.57e-08  6.88e+02     0s
  68   1.45970278e+06  1.09198346e+06  2.24e+00 3.84e-09  6.34e+02     0s
  69   1.54841731e+06  1.12666969e+06  2.12e+00 3.03e-09  6.13e+02     0s
  70   1.60816288e+06  1.67897051e+06  2.03e+00 2.32e-08  5.44e+02     0s
  71   1.68265900e+06  1.79021744e+06  1.93e+00 2.28e-08  5.24e+02     0s
  72   1.75812839e+06  2.07655360e+06  1.83e+00 1.84e-08  5.19e+02     0s
  73   1.80500534e+06  2.19650229e+06  1.78e+00 1.58e-08  5.06e+02     0s
  74   1.86428661e+06  2.43833954e+06  1.71e+00 6.52e-09  4.97e+02     0s
  75   2.04737917e+06  3.00561661e+06  1.53e+00 1.07e-08  4.44e+02     0s
  76   2.09946285e+06  3.16841905e+06  1.50e+00 1.07e-08  4.28e+02     0s
  77   2.27659094e+06  3.40884503e+06  1.39e+00 1.65e-08  4.05e+02     0s
  78   2.32053134e+06  3.76731582e+06  1.36e+00 2.50e-08  3.96e+02     0s
  79   2.39132089e+06  4.04816287e+06  1.33e+00 2.00e-08  3.87e+02     0s
  80   2.51131355e+06  4.23060387e+06  1.27e+00 2.37e-08  3.67e+02     0s
  81   2.55096928e+06  4.84999965e+06  1.26e+00 7.09e-08  3.55e+02     0s
  82   2.74337032e+06  4.96508306e+06  1.19e+00 8.15e-08  3.43e+02     0s
  83   2.89483111e+06  5.03228940e+06  1.14e+00 1.47e-07  3.29e+02     0s
  84   3.23099963e+06  5.13902687e+06  1.02e+00 4.05e-08  3.04e+02     0s
  85   3.28545691e+06  5.38633735e+06  1.00e+00 1.05e-07  2.85e+02     0s
  86   3.36869106e+06  5.73614070e+06  9.74e-01 9.97e-08  2.75e+02     0s
  87   3.41359337e+06  5.85243731e+06  9.62e-01 8.80e-08  2.71e+02     0s
  88   3.99247347e+06  5.89132943e+06  8.00e-01 7.22e-08  2.58e+02     0s
  89   4.27035242e+06  6.06287369e+06  7.23e-01 3.45e-07  2.18e+02     0s
  90   4.34289649e+06  6.20421617e+06  7.03e-01 2.92e-07  2.06e+02     0s
  91   4.39405492e+06  6.25763967e+06  6.89e-01 2.97e-07  2.03e+02     0s
  92   4.43901623e+06  6.29792996e+06  6.77e-01 2.99e-07  2.01e+02     0s
  93   4.56605042e+06  6.42952914e+06  6.45e-01 3.29e-07  1.95e+02     0s
  94   4.77793325e+06  6.50748299e+06  5.94e-01 6.75e-08  1.87e+02     0s
  95   4.88169940e+06  6.61977321e+06  5.71e-01 3.21e-07  1.77e+02     0s
  96   4.96334912e+06  6.69989242e+06  5.51e-01 3.50e-07  1.69e+02     0s
  97   5.00771547e+06  6.86478533e+06  5.40e-01 3.05e-07  1.64e+02     0s
  98   5.05340318e+06  7.12831598e+06  5.30e-01 3.36e-07  1.59e+02     0s
  99   5.14837849e+06  7.19371837e+06  5.11e-01 4.22e-07  1.52e+02     0s
 100   5.15372829e+06  7.29964989e+06  5.10e-01 4.13e-07  1.52e+02     0s
 101   5.16894312e+06  7.36658575e+06  5.07e-01 4.25e-07  1.52e+02     0s
 102   5.19764338e+06  7.51334217e+06  5.02e-01 3.90e-07  1.50e+02     0s
 103   5.27753305e+06  7.57225214e+06  4.88e-01 4.27e-07  1.49e+02     0s
 104   5.36669417e+06  7.61165498e+06  4.74e-01 3.20e-07  1.47e+02     0s
 105   5.48208282e+06  7.64297147e+06  4.54e-01 3.88e-07  1.43e+02     0s
 106   5.66693960e+06  7.54392816e+06  4.24e-01 1.08e-06  1.40e+02     0s
 107   5.70421377e+06  8.02392335e+06  4.18e-01 8.36e-07  1.32e+02     0s
 108   5.90683841e+06  8.05827905e+06  3.88e-01 1.40e-06  1.27e+02     0s
 109   5.95304972e+06  8.16125614e+06  3.81e-01 1.52e-06  1.25e+02     0s
 110   6.28339418e+06  8.20383105e+06  3.35e-01 6.98e-07  1.19e+02     0s
 111   6.51257895e+06  8.29024988e+06  3.03e-01 2.31e-06  9.73e+01     0s
 112   6.77610479e+06  8.46454039e+06  2.66e-01 1.73e-06  7.28e+01     0s
 113   6.80589146e+06  8.45922580e+06  2.62e-01 1.61e-06  6.82e+01     0s
 114   6.83893763e+06  8.50754550e+06  2.58e-01 1.64e-06  6.65e+01     0s
 115   6.91366585e+06  8.53461300e+06  2.48e-01 1.63e-06  6.50e+01     0s
 116   7.01435787e+06  8.57945725e+06  2.34e-01 1.34e-06  6.08e+01     0s
 117   7.13275517e+06  8.64359898e+06  2.20e-01 1.50e-06  6.02e+01     0s
 118   7.37850119e+06  8.59158965e+06  1.92e-01 1.30e-06  6.37e+01     0s
 119   7.47713806e+06  8.80630690e+06  1.79e-01 4.67e-06  4.39e+01     0s
 120   7.57344560e+06  8.84813688e+06  1.67e-01 2.52e-07  4.19e+01     0s
 121   7.59482079e+06  8.89754169e+06  1.65e-01 3.58e-07  4.07e+01     0s
 122   7.63676073e+06  8.95129021e+06  1.60e-01 3.43e-07  3.97e+01     0s
 123   7.89997003e+06  8.96177397e+06  1.31e-01 7.93e-07  3.52e+01     0s
 124   7.91533871e+06  8.98896925e+06  1.29e-01 8.25e-07  3.47e+01     0s
 125   7.93124105e+06  9.02657987e+06  1.27e-01 8.38e-07  3.40e+01     0s
 126   7.93959790e+06  9.01392334e+06  1.27e-01 8.98e-07  3.37e+01     0s
 127   7.98236564e+06  9.00889011e+06  1.22e-01 1.00e-06  3.32e+01     0s
 128   8.03977034e+06  9.03764647e+06  1.16e-01 3.48e-07  3.14e+01     0s
 129   8.07376312e+06  9.04079177e+06  1.13e-01 2.89e-07  3.14e+01     0s
 130   8.25429069e+06  9.07932478e+06  9.43e-02 3.07e-06  2.68e+01     0s
 131   8.86715375e+06  9.10707836e+06  3.15e-02 1.70e-06  1.67e+01     0s
 132   8.98738270e+06  9.15174545e+06  1.91e-02 4.98e-06  6.12e+00     0s
 133   8.99101090e+06  9.15354423e+06  1.88e-02 5.04e-06  5.81e+00     0s
 134   8.99473973e+06  9.15494692e+06  1.84e-02 4.37e-06  5.58e+00     0s
 135   9.01770216e+06  9.16017207e+06  1.60e-02 3.97e-06  4.64e+00     0s
 136   9.03332762e+06  9.16309110e+06  1.45e-02 3.51e-06  4.33e+00     0s
 137   9.04277480e+06  9.16520977e+06  1.35e-02 3.30e-06  4.05e+00     0s
 138   9.04518905e+06  9.16710754e+06  1.33e-02 3.11e-06  3.95e+00     0s
 139   9.05142827e+06  9.17142834e+06  1.27e-02 3.13e-06  3.75e+00     0s
 140   9.07092598e+06  9.17161623e+06  1.08e-02 2.94e-06  3.52e+00     0s
 141   9.14293404e+06  9.17965656e+06  3.92e-03 5.78e-06  1.15e+00     0s
 142   9.18346124e+06  9.18348682e+06  2.03e-05 5.12e-06  4.24e-02     0s
 143   9.18361803e+06  9.18360935e+06  8.71e-08 4.64e-07  2.12e-03     0s
 144   9.18361825e+06  9.18361702e+06  4.86e-08 8.57e-08  3.85e-04     0s
 145   9.18361850e+06  9.18361848e+06  1.37e-09 6.71e-08  3.53e-06     0s
 146   9.18361850e+06  9.18361850e+06  4.55e-13 4.10e-08  2.70e-09     0s

Barrier solved model in 146 iterations and 0.35 seconds (0.24 work units)
Optimal objective 9.18361850e+06

Crossover time: 0.01 seconds (0.02 work units)

Root relaxation: objective 9.183618e+06, 288 iterations, 0.27 seconds (0.19 work units)

    Nodes    |    Current Node    |     Objective Bounds      |     Work
 Expl Unexpl |  Obj  Depth IntInf | Incumbent    BestBd   Gap | It/Node Time

     0     0 9183618.50    0   38 9950000.00 9183618.50  7.70%     -    0s
     0     0 9608989.13    0   35 9950000.00 9608989.13  3.43%     -    0s
     0     0 9628796.54    0   37 9950000.00 9628796.54  3.23%     -    0s
     0     0 9651095.68    0   37 9950000.00 9651095.68  3.00%     -    0s
     0     0 9771416.35    0   27 9950000.00 9771416.35  1.79%     -    0s
     0     0 9853445.55    0   18 9950000.00 9853445.55  0.97%     -    0s
     0     0 9880274.37    0   17 9950000.00 9880274.37  0.70%     -    0s
     0     0 9880274.37    0   17 9950000.00 9880274.37  0.70%     -    0s

Cutting planes:
  Gomory: 1
  Cover: 1
  Implied bound: 18
  MIR: 31
  Flow cover: 10
  RLT: 7
  Relax-and-lift: 3

Explored 1 nodes (951 simplex iterations) in 0.74 seconds (0.70 work units)
Thread count was 10 (of 10 available processors)

Solution count 1: 9.95e+06 

Optimal solution found (tolerance 5.00e-03)
Best objective 9.950000000000e+06, best bound 9.950000000000e+06, gap 0.0000%
