
Gurobi 13.0.3 (mac64[arm]) logging started Sat Sep 26 12:17:13 2026

Set parameter LogFile to value "/Users/ashutosh/Desktop/Two-stage-Model/certainty_results/full/solves/w_5_15_40M_phase1.log"
Gurobi Optimizer version 13.0.3 build v13.0.3rc0 (mac64[arm] - Darwin 27.0.0 26A428)

CPU model: Apple M1 Pro
Thread count: 10 physical cores, 10 logical processors, using up to 10 threads

Non-default parameters:
TimeLimit  21600
MIPGap  0.005
Method  2
LogToConsole  0

Optimize a model with 13496 rows, 5548 columns and 37994 nonzeros (Min)
Model fingerprint: 0xbf1e1b45
Model has 663 linear objective coefficients and an objective constant of 396.859633
Variable types: 3498 continuous, 2050 integer (1688 binary)
Coefficient statistics:
  Matrix range     [1e-03, 1e+05]
  Objective range  [1e+00, 1e+00]
  Bounds range     [1e+00, 3e+00]
  RHS range        [1e-02, 4e+07]

Loaded user MIP start with objective 0.02082
MIP start from previous solve did not produce a new incumbent solution

Presolve removed 12345 rows and 4017 columns
Presolve time: 0.05s
Presolved: 1151 rows, 1531 columns, 5304 nonzeros
Variable types: 1329 continuous, 202 integer (202 binary)
Root barrier log...

Ordering time: 0.00s

Barrier statistics:
 AA' NZ     : 1.002e+04
 Factor NZ  : 4.179e+04 (roughly 1 MB of memory)
 Factor Ops : 2.709e+06 (less than 1 second per iteration)
 Threads    : 1

                  Objective                Residual
Iter       Primal          Dual         Primal    Dual     Compl     Time
   0  -5.79898609e+04 -1.83697328e+05  2.38e+02 2.76e+00  8.11e+02     0s
   1  -5.09871930e+03 -1.18806388e+05  2.11e+01 1.31e+00  9.73e+01     0s
   2  -5.51848579e+02 -6.14277897e+04  2.63e+00 4.33e-01  2.49e+01     0s
   3  -1.21538021e+02 -2.65818995e+04  7.37e-01 1.48e-01  9.34e+00     0s
   4  -1.24503484e+01 -3.30654580e+03  9.15e-02 7.46e-03  1.10e+00     0s
   5  -5.89386474e-02 -1.90322994e+02  1.17e-02 2.13e-14  6.38e-02     0s
   6   2.58851056e+00 -2.86791037e+01  3.49e-04 2.77e-13  9.40e-03     0s
   7   7.80453793e-01 -4.84537114e+00  9.78e-06 2.84e-14  1.68e-03     0s
   8   1.21932619e-02 -1.40964691e-01  2.36e-11 3.55e-15  4.55e-05     0s
   9   5.86881175e-05 -2.76442978e-03  9.43e-12 3.55e-15  8.38e-07     0s
  10   9.98291512e-08 -2.76527442e-06  1.06e-11 7.11e-15  8.51e-10     0s
  11   0.00000000e+00 -2.89901436e-12  1.55e-11 7.11e-15  8.82e-16     0s

Barrier solved model in 11 iterations and 0.09 seconds (0.09 work units)
Optimal objective 0.00000000e+00

Crossover time: 0.01 seconds (0.01 work units)

Root relaxation: objective -3.410605e-13, 364 iterations, 0.03 seconds (0.03 work units)

    Nodes    |    Current Node    |     Objective Bounds      |     Work
 Expl Unexpl |  Obj  Depth IntInf | Incumbent    BestBd   Gap | It/Node Time

     0     0    0.00000    0    9    0.02082    0.00000   100%     -    0s
H    0     0                      -0.0000000   -0.00000  0.00%     -    0s
     0     0   -0.00000    0    9   -0.00000   -0.00000  0.00%     -    0s

Explored 1 nodes (364 simplex iterations) in 0.13 seconds (0.13 work units)
Thread count was 10 (of 10 available processors)

Solution count 2: -3.41061e-13 0.02082 

Optimal solution found (tolerance 5.00e-03)
Best objective -3.410605131648e-13, best bound -3.410605131648e-13, gap 0.0000%
