
Gurobi 13.0.3 (mac64[arm]) logging started Sat Sep 26 12:18:34 2026

Set parameter LogFile to value "/Users/ashutosh/Desktop/Two-stage-Model/certainty_results/full/solves/wnw_5_25_30M_phase2.log"
Gurobi Optimizer version 13.0.3 build v13.0.3rc0 (mac64[arm] - Darwin 27.0.0 26A428)

CPU model: Apple M1 Pro
Thread count: 10 physical cores, 10 logical processors, using up to 10 threads

Non-default parameters:
TimeLimit  21600
MIPGap  0.005
Method  2
LogToConsole  0

Optimize a model with 13533 rows, 5548 columns and 38765 nonzeros (Min)
Model fingerprint: 0xe5721c21
Model has 724 linear objective coefficients
Variable types: 3498 continuous, 2050 integer (1688 binary)
Coefficient statistics:
  Matrix range     [1e-03, 1e+05]
  Objective range  [2e+04, 1e+05]
  Bounds range     [1e+00, 3e+00]
  RHS range        [1e-02, 3e+07]

Loaded user MIP start with objective 2.9975e+07
MIP start from previous solve did not produce a new incumbent solution

Presolve removed 11599 rows and 3849 columns
Presolve time: 0.06s
Presolved: 1934 rows, 1699 columns, 7816 nonzeros
Variable types: 1452 continuous, 247 integer (247 binary)
Root barrier log...

Ordering time: 0.00s

Barrier statistics:
 AA' NZ     : 2.512e+04
 Factor NZ  : 7.819e+04 (roughly 2 MB of memory)
 Factor Ops : 6.071e+06 (less than 1 second per iteration)
 Threads    : 10

                  Objective                Residual
Iter       Primal          Dual         Primal    Dual     Compl     Time
   0   9.54680398e+07 -1.04235509e+08  6.00e+04 4.55e-13  2.05e+06     0s
   1   3.76009360e+07 -9.62340804e+07  1.38e+04 1.97e+03  4.94e+05     0s
   2   6.42434451e+06 -6.67057950e+07  8.51e+02 1.57e+02  4.42e+04     0s
   3   2.72068261e+06 -9.48538107e+06  1.08e+02 2.25e+00  5.11e+03     0s
   4   1.84587761e+06 -1.08927921e+06  3.18e+01 1.91e-01  1.15e+03     0s
   5   1.77765902e+06  3.64765102e+05  2.61e+01 7.04e-02  6.93e+02     0s
   6   1.76631829e+06  6.71612858e+05  2.49e+01 5.79e-02  6.24e+02     0s
   7   1.78957943e+06  8.77185934e+05  1.80e+01 4.52e-02  4.82e+02     0s
   8   1.90892351e+06  1.03064596e+06  1.54e+01 4.19e-02  4.52e+02     0s
   9   1.87194777e+06  1.64046289e+06  9.25e+00 1.20e-02  2.35e+02     0s
  10   1.86293245e+06  2.03357246e+06  5.67e+00 5.14e-03  1.29e+02     0s
  11   1.89415736e+06  2.19594038e+06  5.19e+00 4.66e-03  1.21e+02     0s
  12   1.90115497e+06  2.25382820e+06  5.08e+00 4.38e-03  1.18e+02     0s
  13   1.90617337e+06  2.33399979e+06  4.91e+00 4.22e-03  1.14e+02     0s
  14   1.93470083e+06  2.37796405e+06  4.62e+00 3.90e-03  1.06e+02     0s
  15   1.93625150e+06  2.71503040e+06  4.55e+00 3.53e-03  1.10e+02     0s
  16   1.95035295e+06  3.71141702e+06  4.18e+00 3.20e-03  9.38e+01     0s
  17   1.98124583e+06  3.85900542e+06  4.09e+00 3.17e-03  9.04e+01     0s
  18   1.98732239e+06  3.99969471e+06  4.06e+00 3.15e-03  8.96e+01     0s
  19   1.99136006e+06  4.13838552e+06  4.05e+00 3.14e-03  8.98e+01     0s
  20   1.99714581e+06  4.39103517e+06  4.04e+00 3.11e-03  9.04e+01     0s
  21   2.17351619e+06  4.64872623e+06  3.79e+00 2.96e-03  8.97e+01     0s
  22   2.37203329e+06  4.67187281e+06  3.54e+00 2.86e-03  9.09e+01     0s
  23   2.64655457e+06  4.87002244e+06  3.21e+00 2.41e-03  8.81e+01     0s
  24   2.76636916e+06  5.00184663e+06  3.06e+00 2.24e-03  8.28e+01     0s
  25   2.83004268e+06  5.22991037e+06  2.98e+00 2.11e-03  7.91e+01     0s
  26   2.91831257e+06  5.29988334e+06  2.88e+00 2.09e-03  7.70e+01     0s
  27   2.92970726e+06  5.39206341e+06  2.87e+00 2.04e-03  7.62e+01     0s
  28   3.05008100e+06  5.65095076e+06  2.74e+00 1.99e-03  7.33e+01     0s
  29   3.12728506e+06  5.75085578e+06  2.67e+00 1.90e-03  7.36e+01     0s
  30   3.27334377e+06  5.82312990e+06  2.53e+00 1.85e-03  7.05e+01     0s
  31   3.28125388e+06  5.99316014e+06  2.52e+00 1.84e-03  7.00e+01     0s
  32   3.32063376e+06  6.08677430e+06  2.49e+00 1.80e-03  6.88e+01     0s
  33   3.34044131e+06  6.15744680e+06  2.47e+00 1.76e-03  6.76e+01     0s
  34   3.35596344e+06  6.21448338e+06  2.46e+00 1.72e-03  6.72e+01     0s
  35   3.36831764e+06  6.29851846e+06  2.45e+00 1.67e-03  6.61e+01     0s
  36   3.40411889e+06  6.54485885e+06  2.42e+00 1.63e-03  6.48e+01     0s
  37   3.41854680e+06  6.64390732e+06  2.41e+00 1.63e-03  6.45e+01     0s
  38   3.46669721e+06  6.79560985e+06  2.37e+00 1.62e-03  6.28e+01     0s
  39   3.49090305e+06  7.26299264e+06  2.36e+00 1.61e-03  6.20e+01     0s
  40   3.55778720e+06  7.32744281e+06  2.32e+00 1.58e-03  6.16e+01     0s
  41   3.56039135e+06  7.61547101e+06  2.32e+00 1.58e-03  6.16e+01     0s
  42   6.87251550e+08 -1.06444336e+08  6.00e+05 4.55e-13  2.05e+07     0s
  43   1.18670154e+08 -1.24215849e+08  1.23e+05 1.60e+03  4.29e+06     0s
  44   1.29237095e+07 -1.22963509e+08  2.04e+03 1.00e-11  1.01e+05     0s
  45   7.68808681e+06 -9.69212039e+07  4.32e+02 3.64e-12  3.80e+04     0s
  46   4.30128990e+06 -3.19004749e+07  9.39e+01 3.64e-12  1.06e+04     0s
  47   3.10568755e+06 -1.01848938e+07  4.44e+01 7.28e-11  3.85e+03     0s
  48   2.34921245e+06 -2.28110535e+06  2.23e+01 4.40e-10  1.41e+03     0s
  49   2.18792856e+06 -7.82297590e+05  1.69e+01 2.44e-10  9.41e+02     0s
  50   2.30194013e+06  3.59870214e+05  9.93e+00 1.64e-10  6.19e+02     0s
  51   2.15436001e+06  1.14879229e+06  6.91e+00 1.89e-10  3.79e+02     0s
  52   2.09506370e+06  1.66265778e+06  5.22e+00 2.24e-09  2.79e+02     0s
  53   2.09791864e+06  1.83451651e+06  4.82e+00 1.69e-09  2.55e+02     0s
  54   2.10168669e+06  1.94729484e+06  4.65e+00 8.73e-10  2.44e+02     0s
  55   2.11849362e+06  2.00161504e+06  4.40e+00 5.24e-10  2.32e+02     0s
  56   2.12032285e+06  2.19200222e+06  4.37e+00 9.90e-10  2.25e+02     0s
  57   2.12394605e+06  3.26953254e+06  4.22e+00 1.40e-09  2.11e+02     0s
  58   2.15528099e+06  3.72281679e+06  4.08e+00 1.28e-09  2.01e+02     0s
  59   2.19065254e+06  4.00543172e+06  3.98e+00 7.10e-09  1.95e+02     0s
  60   2.21770309e+06  4.55779890e+06  3.93e+00 1.01e-08  1.91e+02     0s
  61   2.41087531e+06  4.66489784e+06  3.66e+00 1.21e-08  1.83e+02     0s
  62   2.54226793e+06  4.42760024e+06  3.49e+00 5.01e-09  1.85e+02     0s
  63   2.67597710e+06  4.80344926e+06  3.31e+00 5.04e-08  1.64e+02     0s
  64   2.78273540e+06  4.90745345e+06  3.17e+00 1.00e-08  1.54e+02     0s
  65   2.85776817e+06  5.01024177e+06  3.07e+00 1.15e-08  1.46e+02     0s
  66   2.87510807e+06  5.03378582e+06  3.05e+00 1.22e-08  1.44e+02     0s
  67   2.89394826e+06  5.04650229e+06  3.03e+00 1.20e-08  1.43e+02     0s
  68   2.93036646e+06  5.05779232e+06  2.98e+00 1.07e-08  1.41e+02     0s
  69   2.97200037e+06  5.10915809e+06  2.93e+00 6.98e-09  1.38e+02     0s
  70   3.02938206e+06  5.16360731e+06  2.86e+00 7.57e-09  1.35e+02     0s
  71   3.06034260e+06  5.18225509e+06  2.83e+00 7.33e-09  1.33e+02     0s
  72   3.09759619e+06  5.28983587e+06  2.78e+00 1.25e-08  1.29e+02     0s
  73   3.13848058e+06  5.62794524e+06  2.74e+00 1.61e-08  1.25e+02     0s
  74   3.19014831e+06  5.54379019e+06  2.69e+00 1.58e-08  1.23e+02     0s
  75   3.24014231e+06  5.61733167e+06  2.64e+00 1.68e-08  1.21e+02     0s
  76   3.38541388e+06  5.68242409e+06  2.50e+00 2.91e-08  1.21e+02     0s
  77   3.41456479e+06  5.78520269e+06  2.48e+00 7.78e-08  1.19e+02     0s
  78   3.43337241e+06  5.89260049e+06  2.46e+00 1.82e-08  1.17e+02     0s
  79   3.44019167e+06  5.99405579e+06  2.46e+00 1.63e-08  1.15e+02     0s
  80   3.44534174e+06  6.12037980e+06  2.45e+00 1.21e-08  1.13e+02     0s
  81   3.48793669e+06  6.40952122e+06  2.42e+00 1.16e-08  1.09e+02     0s
  82   3.51848601e+06  6.69406284e+06  2.39e+00 1.28e-08  1.07e+02     0s
  83   3.55242258e+06  6.99855493e+06  2.37e+00 1.28e-08  1.06e+02     0s
  84   3.63378978e+06  7.29502968e+06  2.32e+00 1.42e-08  1.04e+02     0s
  85   3.63681919e+06  7.70841792e+06  2.31e+00 1.40e-08  1.04e+02     0s
  86   3.70453582e+06  7.88468535e+06  2.28e+00 1.18e-08  1.02e+02     0s
  87   3.83530991e+06  8.00676081e+06  2.21e+00 9.31e-09  1.00e+02     0s
  88   4.25108904e+06  7.93839120e+06  2.00e+00 9.71e-08  9.43e+01     0s
  89   4.30502145e+06  8.15102545e+06  1.98e+00 6.75e-08  8.96e+01     0s
  90   4.32742758e+06  8.25231944e+06  1.97e+00 7.17e-08  8.82e+01     0s
  91   4.34379441e+06  8.41470441e+06  1.96e+00 7.45e-08  8.66e+01     0s
  92   4.37020150e+06  8.59829447e+06  1.95e+00 7.08e-08  8.59e+01     0s
  93   4.39456757e+06  8.71099020e+06  1.93e+00 6.85e-08  8.54e+01     0s
  94   4.40433105e+06  8.85109760e+06  1.93e+00 1.30e-08  8.53e+01     0s
  95   4.41314312e+06  8.86524825e+06  1.93e+00 1.40e-08  8.51e+01     0s
  96   4.45603182e+06  9.15904619e+06  1.91e+00 4.35e-08  8.48e+01     0s
  97   4.51456968e+06  9.25073554e+06  1.88e+00 2.05e-08  8.34e+01     0s
  98   4.52809005e+06  9.09421095e+06  1.88e+00 1.91e-08  8.38e+01     0s
  99   4.53129535e+06  9.34885401e+06  1.88e+00 1.86e-08  8.37e+01     0s
 100   4.56523597e+06  9.38779810e+06  1.87e+00 2.19e-08  8.41e+01     0s
 101   4.66931485e+06  9.54010353e+06  1.83e+00 7.92e-08  8.46e+01     0s
 102   4.80192761e+06  1.01439712e+07  1.79e+00 5.91e-08  8.14e+01     0s
 103   4.91363119e+06  1.06253310e+07  1.75e+00 1.16e-07  8.10e+01     0s
 104   5.14340927e+06  1.05067988e+07  1.69e+00 2.63e-07  8.14e+01     0s
 105   5.19319622e+06  1.10550093e+07  1.67e+00 1.86e-07  8.03e+01     0s
 106   5.48385234e+06  1.12955378e+07  1.60e+00 2.09e-07  8.00e+01     0s
 107   5.54022137e+06  1.19296317e+07  1.58e+00 1.94e-07  7.90e+01     0s
 108   5.60510613e+06  1.20426750e+07  1.57e+00 5.73e-08  8.13e+01     0s
 109   5.69609114e+06  1.24617546e+07  1.55e+00 2.77e-07  8.43e+01     0s
 110   6.27212488e+06  1.25998575e+07  1.43e+00 1.65e-07  8.08e+01     0s
 111   6.28312577e+06  1.31751275e+07  1.43e+00 1.72e-07  7.50e+01     0s
 112   6.75593765e+06  1.35846005e+07  1.34e+00 3.88e-07  6.80e+01     0s
 113   6.82267993e+06  1.37441032e+07  1.32e+00 5.46e-07  6.55e+01     0s
 114   6.87802782e+06  1.41853691e+07  1.31e+00 5.52e-07  6.51e+01     0s
 115   6.97559182e+06  1.41913396e+07  1.30e+00 5.45e-07  6.51e+01     0s
 116   7.00708267e+06  1.44791874e+07  1.29e+00 3.68e-07  6.33e+01     0s
 117   7.03163312e+06  1.44920342e+07  1.29e+00 3.91e-08  6.37e+01     0s
 118   7.05104709e+06  1.48666842e+07  1.28e+00 1.34e-07  6.32e+01     0s
 119   7.52265195e+06  1.47548654e+07  1.22e+00 5.73e-07  7.68e+01     0s
 120   7.55419151e+06  1.49237757e+07  1.21e+00 7.26e-08  7.61e+01     0s
 121   7.64853314e+06  1.54347024e+07  1.20e+00 3.62e-07  7.59e+01     0s
 122   7.88438164e+06  1.57749457e+07  1.16e+00 2.63e-07  7.87e+01     0s
 123   7.88598277e+06  1.59639026e+07  1.16e+00 9.08e-09  7.89e+01     0s
 124   8.03942845e+06  1.62771429e+07  1.14e+00 3.18e-07  7.87e+01     0s
 125   8.06672044e+06  1.65966269e+07  1.14e+00 7.82e-08  7.87e+01     0s
 126   8.35904817e+06  1.67841325e+07  1.10e+00 2.54e-07  7.58e+01     0s
 127   8.53932607e+06  1.69763651e+07  1.08e+00 2.36e-07  7.39e+01     0s
 128   8.58631505e+06  1.74572106e+07  1.07e+00 6.58e-07  7.28e+01     0s
 129   8.65563146e+06  1.82682584e+07  1.06e+00 5.44e-07  7.19e+01     0s
 130   8.66180603e+06  1.83717135e+07  1.06e+00 5.46e-07  7.20e+01     0s
 131   8.72212599e+06  1.87282928e+07  1.06e+00 6.00e-07  8.31e+01     0s
 132   9.11843677e+06  1.85749650e+07  1.02e+00 4.38e-07  8.73e+01     0s
 133   9.31785542e+06  1.95743860e+07  1.00e+00 1.25e-06  8.44e+01     0s
 134   1.04949335e+07  1.96274510e+07  8.96e-01 2.73e-06  9.14e+01     0s
 135   1.08289168e+07  2.04126410e+07  8.66e-01 5.45e-06  9.31e+01     0s
 136   1.09791084e+07  2.02734557e+07  8.53e-01 2.56e-06  9.05e+01     0s
 137   1.10682138e+07  2.12432852e+07  8.44e-01 3.91e-07  8.87e+01     0s
 138   1.12586731e+07  2.14680672e+07  8.32e-01 3.22e-07  9.98e+01     0s
 139   1.14932467e+07  2.12579593e+07  8.14e-01 7.63e-06  9.55e+01     0s
 140   1.15853540e+07  2.18082987e+07  8.06e-01 6.72e-07  9.44e+01     0s
 141   1.18339946e+07  2.23935861e+07  7.87e-01 1.13e-06  9.09e+01     0s
 142   1.23871850e+07  2.24405314e+07  7.47e-01 3.46e-06  8.68e+01     0s
 143   1.24774116e+07  2.25188408e+07  7.40e-01 3.13e-06  8.32e+01     0s
 144   1.24837007e+07  2.25519434e+07  7.40e-01 3.12e-06  8.31e+01     0s
 145   1.25074612e+07  2.26242788e+07  7.38e-01 3.09e-06  8.29e+01     0s
 146   1.26186783e+07  2.28638954e+07  7.31e-01 2.68e-07  8.54e+01     0s
 147   1.30919465e+07  2.30621857e+07  7.00e-01 1.30e-06  9.24e+01     0s
 148   1.32182195e+07  2.29487703e+07  6.92e-01 3.74e-07  9.51e+01     0s
 149   1.34692313e+07  2.36506294e+07  6.76e-01 2.62e-06  9.10e+01     0s
 150   1.40058363e+07  2.37031508e+07  6.42e-01 2.21e-06  8.75e+01     0s
 151   1.46217330e+07  2.39286502e+07  6.02e-01 1.50e-04  6.60e+01     0s
 152   1.50036453e+07  2.41732086e+07  5.78e-01 1.47e-04  6.40e+01     0s
 153   1.51309357e+07  2.43984624e+07  5.70e-01 1.45e-04  6.19e+01     0s
 154   1.51885894e+07  2.47403128e+07  5.66e-01 1.44e-04  6.19e+01     0s
 155   1.58596225e+07  2.47485890e+07  5.27e-01 1.27e-04  5.72e+01     0s
 156   1.62460131e+07  2.47402411e+07  5.04e-01 1.24e-05  5.40e+01     0s
 157   1.62946958e+07  2.47562135e+07  5.01e-01 1.40e-05  5.37e+01     0s
 158   1.63244896e+07  2.47948329e+07  4.99e-01 1.28e-05  5.35e+01     0s
 159   1.63547695e+07  2.50384633e+07  4.97e-01 2.98e-07  5.34e+01     0s
 160   1.64002935e+07  2.53788904e+07  4.94e-01 2.16e-07  5.19e+01     0s
 161   1.64831536e+07  2.55081210e+07  4.90e-01 1.73e-07  5.11e+01     0s
 162   1.65982998e+07  2.55664448e+07  4.84e-01 3.15e-06  5.19e+01     0s
 163   1.76017896e+07  2.49795885e+07  4.35e-01 6.55e-06  8.22e+01     0s
 164   1.76309271e+07  2.55520311e+07  4.33e-01 1.02e-05  6.73e+01     0s
 165   1.78761953e+07  2.63014931e+07  4.22e-01 4.87e-06  7.02e+01     0s
 166   1.83363217e+07  2.63608710e+07  4.00e-01 1.09e-05  6.48e+01     0s
 167   1.83690505e+07  2.64569928e+07  3.98e-01 1.34e-05  6.12e+01     0s
 168   1.87156637e+07  2.64786891e+07  3.82e-01 1.28e-05  6.05e+01     0s
 169   1.92991916e+07  2.68368031e+07  3.55e-01 1.06e-05  5.58e+01     0s
 170   1.93708017e+07  2.68630048e+07  3.52e-01 1.81e-05  5.46e+01     0s
 171   1.95184183e+07  2.69108096e+07  3.45e-01 1.01e-05  5.24e+01     0s
 172   1.97607437e+07  2.69231090e+07  3.34e-01 1.45e-05  5.12e+01     0s
 173   2.01160431e+07  2.69506833e+07  3.18e-01 1.49e-05  4.85e+01     0s
 174   2.02595935e+07  2.69866141e+07  3.11e-01 3.55e-05  4.56e+01     0s
 175   2.03118357e+07  2.69928284e+07  3.09e-01 3.65e-05  4.53e+01     0s
 176   2.03569289e+07  2.70233786e+07  3.07e-01 3.74e-05  4.47e+01     0s
 177   2.03753888e+07  2.70794153e+07  3.06e-01 4.34e-06  4.46e+01     0s
 178   2.04224358e+07  2.72091858e+07  3.04e-01 4.83e-06  4.46e+01     0s
 179   2.04330457e+07  2.73101660e+07  3.03e-01 1.69e-06  4.51e+01     0s
 180   2.07065835e+07  2.74134410e+07  2.91e-01 8.16e-07  3.98e+01     0s
 181   2.22598477e+07  2.74556174e+07  2.24e-01 1.52e-05  3.29e+01     0s
 182   2.23978897e+07  2.74736977e+07  2.18e-01 5.93e-05  2.87e+01     0s
 183   2.25248497e+07  2.74816903e+07  2.13e-01 2.99e-05  2.67e+01     0s
 184   2.25576396e+07  2.74926154e+07  2.12e-01 3.03e-05  2.60e+01     0s
 185   2.25874160e+07  2.75993104e+07  2.10e-01 2.84e-05  2.59e+01     0s
 186   2.26046056e+07  2.79669884e+07  2.09e-01 2.60e-05  2.67e+01     0s
 187   2.26152755e+07  2.79301286e+07  2.09e-01 8.31e-07  2.66e+01     0s
 188   2.28768146e+07  2.79939379e+07  1.99e-01 5.57e-06  2.68e+01     0s
 189   2.39475297e+07  2.75462466e+07  1.59e-01 6.29e-05  5.21e+01     0s
 190   2.40292129e+07  2.77068821e+07  1.56e-01 5.16e-06  4.41e+01     0s
 191   2.40820509e+07  2.77706532e+07  1.54e-01 1.43e-05  4.11e+01     0s
 192   2.41531072e+07  2.79614274e+07  1.51e-01 9.03e-06  3.91e+01     0s
 193   2.51288661e+07  2.80235288e+07  1.14e-01 1.28e-05  3.46e+01     0s
 194   2.55261491e+07  2.80167986e+07  9.91e-02 3.13e-05  3.04e+01     0s
 195   2.56888796e+07  2.80744719e+07  9.29e-02 7.54e-05  2.46e+01     0s
 196   2.57679856e+07  2.81079726e+07  8.99e-02 6.77e-05  2.37e+01     0s
 197   2.57959890e+07  2.81137871e+07  8.89e-02 6.86e-05  2.33e+01     0s
 198   2.58366305e+07  2.81180908e+07  8.74e-02 7.06e-05  2.29e+01     0s
 199   2.58759491e+07  2.81305971e+07  8.59e-02 7.51e-05  2.23e+01     0s
 200   2.59405910e+07  2.81370590e+07  8.35e-02 7.64e-05  2.14e+01     0s
 201   2.59972415e+07  2.81437356e+07  8.14e-02 6.01e-05  2.05e+01     0s
 202   2.60607669e+07  2.81459450e+07  7.91e-02 6.64e-05  1.99e+01     0s
 203   2.60960197e+07  2.81495622e+07  7.78e-02 5.38e-05  1.93e+01     0s
 204   2.61420504e+07  2.81555943e+07  7.61e-02 4.33e-05  1.83e+01     0s
 205   2.62349713e+07  2.81583695e+07  7.27e-02 3.43e-05  1.76e+01     0s
 206   2.62877369e+07  2.81595535e+07  7.07e-02 3.45e-05  1.72e+01     0s
 207   2.64941485e+07  2.81653709e+07  6.31e-02 6.78e-05  1.53e+01     0s
 208   2.65353102e+07  2.81716929e+07  6.16e-02 7.47e-05  1.43e+01     0s
 209   2.65485338e+07  2.82396235e+07  6.11e-02 6.95e-05  1.44e+01     0s
 210   2.65650164e+07  2.83411189e+07  6.05e-02 6.79e-05  1.46e+01     0s
 211   2.65772875e+07  2.83518703e+07  6.00e-02 2.72e-07  1.43e+01     0s
 212   2.67067708e+07  2.83532716e+07  5.58e-02 5.21e-06  1.42e+01     0s
 213   2.69200691e+07  2.83731286e+07  4.90e-02 1.14e-05  1.40e+01     0s
 214   2.76355886e+07  2.83775143e+07  2.54e-02 6.35e-05  9.83e+00     0s
 215   2.80550821e+07  2.83962622e+07  1.16e-02 1.45e-04  3.82e+00     0s
 216   2.83560388e+07  2.84044778e+07  1.67e-03 7.24e-05  7.04e-01     0s
 217   2.84051475e+07  2.84058787e+07  4.72e-05 4.57e-05  1.67e-01     1s
 218   2.84064399e+07  2.84065525e+07  4.20e-06 9.61e-06  3.96e-03     1s
 219   2.84065650e+07  2.84065651e+07  1.57e-09 5.99e-06  8.81e-07     1s
 220   2.84065651e+07  2.84065651e+07  1.82e-12 6.43e-06  1.86e-11     1s

Barrier solved model in 220 iterations and 0.51 seconds (0.35 work units)
Optimal objective 2.84065651e+07

Crossover time: 0.01 seconds (0.02 work units)

Root relaxation: objective 2.840657e+07, 194 iterations, 0.44 seconds (0.29 work units)

    Nodes    |    Current Node    |     Objective Bounds      |     Work
 Expl Unexpl |  Obj  Depth IntInf | Incumbent    BestBd   Gap | It/Node Time

     0     0 2.8407e+07    0    9 2.9975e+07 2.8407e+07  5.23%     -    0s
     0     0 2.8834e+07    0    8 2.9975e+07 2.8834e+07  3.81%     -    0s
     0     0 2.9113e+07    0   14 2.9975e+07 2.9113e+07  2.88%     -    0s
     0     0 2.9114e+07    0   14 2.9975e+07 2.9114e+07  2.87%     -    0s
     0     0 2.9164e+07    0   29 2.9975e+07 2.9164e+07  2.71%     -    0s
     0     0 2.9175e+07    0   18 2.9975e+07 2.9175e+07  2.67%     -    0s
     0     0 2.9213e+07    0   31 2.9975e+07 2.9213e+07  2.54%     -    0s
     0     0 2.9215e+07    0   29 2.9975e+07 2.9215e+07  2.54%     -    0s
     0     0 2.9215e+07    0   29 2.9975e+07 2.9215e+07  2.53%     -    0s
     0     0 2.9253e+07    0   29 2.9975e+07 2.9253e+07  2.41%     -    0s
     0     0 2.9253e+07    0   29 2.9975e+07 2.9253e+07  2.41%     -    0s
     0     0 2.9268e+07    0   29 2.9975e+07 2.9268e+07  2.36%     -    0s
     0     0 2.9269e+07    0   29 2.9975e+07 2.9269e+07  2.35%     -    1s
     0     0 2.9269e+07    0   23 2.9975e+07 2.9269e+07  2.35%     -    1s
     0     2 2.9269e+07    0   23 2.9975e+07 2.9269e+07  2.35%     -    1s

Cutting planes:
  Learned: 1
  Cover: 4
  Implied bound: 8
  MIR: 21
  Flow cover: 11
  RLT: 4
  Relax-and-lift: 3

Explored 15 nodes (2272 simplex iterations) in 1.17 seconds (1.18 work units)
Thread count was 10 (of 10 available processors)

Solution count 1: 2.9975e+07 

Optimal solution found (tolerance 5.00e-03)
Best objective 2.997500000000e+07, best bound 2.995000000000e+07, gap 0.0834%
