
Gurobi 13.0.3 (mac64[arm]) logging started Sat Sep 26 12:18:10 2026

Set parameter LogFile to value "/Users/ashutosh/Desktop/Two-stage-Model/certainty_results/full/solves/wnw_5_15_20M_phase2.log"
Gurobi Optimizer version 13.0.3 build v13.0.3rc0 (mac64[arm] - Darwin 27.0.0 26A428)

CPU model: Apple M1 Pro
Thread count: 10 physical cores, 10 logical processors, using up to 10 threads

Non-default parameters:
TimeLimit  21600
MIPGap  0.005
Method  2
LogToConsole  0

Optimize a model with 13559 rows, 5548 columns and 38843 nonzeros (Min)
Model fingerprint: 0x19f2c0ee
Model has 724 linear objective coefficients
Variable types: 3498 continuous, 2050 integer (1688 binary)
Coefficient statistics:
  Matrix range     [1e-03, 1e+05]
  Objective range  [2e+04, 1e+05]
  Bounds range     [1e+00, 3e+00]
  RHS range        [1e-02, 2e+07]

Loaded user MIP start with objective 1.995e+07
MIP start from previous solve did not produce a new incumbent solution

Presolve removed 11344 rows and 3803 columns
Presolve time: 0.06s
Presolved: 2215 rows, 1745 columns, 8571 nonzeros
Variable types: 1486 continuous, 259 integer (259 binary)
Root barrier log...

Ordering time: 0.00s

Barrier statistics:
 AA' NZ     : 3.110e+04
 Factor NZ  : 9.214e+04 (roughly 2 MB of memory)
 Factor Ops : 7.095e+06 (less than 1 second per iteration)
 Threads    : 10

                  Objective                Residual
Iter       Primal          Dual         Primal    Dual     Compl     Time
   0   3.08868167e+08 -1.88662677e+08  1.03e+05 9.09e-13  7.20e+06     0s
   1   1.44648305e+08 -2.19830476e+08  5.01e+04 4.61e+03  3.55e+06     0s
   2   1.49880672e+07 -2.38493009e+08  1.14e+03 1.09e-11  1.35e+05     0s
   3   6.72270054e+06 -4.34489048e+07  1.12e+02 3.82e-11  1.63e+04     0s
   4   3.37622129e+06 -1.12702405e+07  4.37e+01 2.18e-11  4.67e+03     0s
   5   1.68595092e+06 -4.42341463e+06  2.03e+01 1.46e-10  1.93e+03     0s
   6   1.01198556e+06 -1.32314420e+06  1.16e+01 5.82e-10  8.74e+02     0s
   7   7.83972078e+05 -1.54547944e+05  8.04e+00 1.80e-09  5.44e+02     0s
   8   7.62844707e+05  7.19747342e+05  6.44e+00 5.24e-10  4.29e+02     0s
   9   7.86187108e+05  1.18331125e+06  6.17e+00 1.57e-09  4.02e+02     0s
  10   8.41671218e+05  1.49602401e+06  5.80e+00 1.34e-09  3.75e+02     0s
  11   9.04718006e+05  1.57992716e+06  5.51e+00 1.86e-09  3.59e+02     0s
  12   9.38589144e+05  1.67556007e+06  5.37e+00 1.46e-09  3.50e+02     0s
  13   1.02970570e+06  2.02908039e+06  5.06e+00 1.51e-09  3.35e+02     0s
  14   1.13892929e+06  2.71759925e+06  4.79e+00 3.26e-09  3.14e+02     0s
  15   1.20501280e+06  3.21240850e+06  4.65e+00 5.59e-09  3.02e+02     0s
  16   1.38479094e+06  3.48297183e+06  4.35e+00 3.84e-09  2.84e+02     0s
  17   1.48739687e+06  3.56981471e+06  4.19e+00 5.59e-09  2.74e+02     0s
  18   1.59472408e+06  3.69367213e+06  4.02e+00 1.42e-08  2.60e+02     0s
  19   1.63609716e+06  3.72342621e+06  3.96e+00 1.49e-08  2.56e+02     0s
  20   1.72406193e+06  4.00361580e+06  3.83e+00 2.24e-08  2.46e+02     0s
  21   1.85824988e+06  4.21320214e+06  3.67e+00 2.79e-08  2.39e+02     0s
  22   1.96669423e+06  4.41919990e+06  3.54e+00 2.51e-08  2.30e+02     0s
  23   2.11364888e+06  4.54634336e+06  3.37e+00 2.37e-08  2.21e+02     0s
  24   2.13366379e+06  5.17498117e+06  3.35e+00 2.79e-08  2.18e+02     0s
  25   2.21988752e+06  5.49086061e+06  3.29e+00 1.44e-08  2.15e+02     0s
  26   2.35785960e+06  5.79696644e+06  3.18e+00 3.66e-08  2.05e+02     0s
  27   2.56541198e+06  6.21682164e+06  3.01e+00 3.10e-08  1.93e+02     0s
  28   2.62682210e+06  6.25798853e+06  2.96e+00 3.73e-08  1.90e+02     0s
  29   2.66289867e+06  6.36661747e+06  2.94e+00 2.86e-08  1.87e+02     0s
  30   2.77663295e+06  6.54560758e+06  2.86e+00 3.52e-08  1.82e+02     0s
  31   2.96607405e+06  6.55021693e+06  2.73e+00 3.42e-08  1.77e+02     0s
  32   3.13187843e+06  6.76874672e+06  2.61e+00 3.49e-08  1.69e+02     0s
  33   3.35908834e+06  6.97568048e+06  2.48e+00 4.30e-08  1.62e+02     0s
  34   3.45896883e+06  7.08698830e+06  2.42e+00 3.77e-08  1.60e+02     0s
  35   3.62114838e+06  7.29497664e+06  2.33e+00 9.71e-08  1.50e+02     0s
  36   3.72151441e+06  7.46359369e+06  2.27e+00 1.03e-07  1.45e+02     0s
  37   3.80837500e+06  7.61491750e+06  2.22e+00 6.38e-08  1.42e+02     0s
  38   3.91768287e+06  7.75828188e+06  2.16e+00 4.73e-08  1.39e+02     0s
  39   4.04430477e+06  7.99151848e+06  2.10e+00 8.94e-08  1.33e+02     0s
  40   4.15115009e+06  8.20720832e+06  2.05e+00 7.92e-08  1.29e+02     0s
  41   4.19226066e+06  8.34013283e+06  2.03e+00 6.52e-08  1.28e+02     0s
  42   4.21674648e+06  8.40757661e+06  2.02e+00 7.40e-08  1.27e+02     0s
  43   4.27079519e+06  8.59417943e+06  2.00e+00 9.83e-08  1.26e+02     0s
  44   4.32381480e+06  8.88404160e+06  1.97e+00 8.61e-08  1.23e+02     0s
  45   4.37191137e+06  8.98328244e+06  1.95e+00 6.71e-08  1.22e+02     0s
  46   4.44344936e+06  9.01991028e+06  1.92e+00 1.05e-07  1.21e+02     0s
  47   4.49882113e+06  9.44908294e+06  1.90e+00 8.80e-08  1.19e+02     0s
  48   4.54264807e+06  9.69072399e+06  1.88e+00 5.49e-08  1.17e+02     0s
  49   4.63756148e+06  9.93207600e+06  1.85e+00 4.28e-08  1.16e+02     0s
  50   5.03205838e+06  1.01029052e+07  1.73e+00 5.22e-08  1.10e+02     0s
  51   5.04741426e+06  1.04824071e+07  1.72e+00 1.51e-07  1.06e+02     0s
  52   5.10587655e+06  1.07507050e+07  1.70e+00 1.41e-07  1.05e+02     0s
  53   5.18426083e+06  1.06564026e+07  1.68e+00 2.51e-07  1.04e+02     0s
  54   5.26458012e+06  1.10106869e+07  1.66e+00 1.25e-07  1.00e+02     0s
  55   5.30329444e+06  1.10898302e+07  1.65e+00 1.21e-07  1.00e+02     0s
  56   5.33009369e+06  1.12308196e+07  1.64e+00 1.27e-07  9.98e+01     0s
  57   5.57249974e+06  1.15150666e+07  1.58e+00 1.23e-07  9.67e+01     0s
  58   5.71306505e+06  1.15855420e+07  1.54e+00 1.79e-07  9.39e+01     0s
  59   5.76966016e+06  1.18864002e+07  1.53e+00 1.96e-07  9.71e+01     0s
  60   6.04816757e+06  1.19647328e+07  1.47e+00 1.61e-07  9.40e+01     0s
  61   6.06296589e+06  1.21234058e+07  1.46e+00 1.30e-07  9.27e+01     0s
  62   7.14508251e+06  1.22673937e+07  1.23e+00 3.44e-07  9.16e+01     0s
  63   7.30383094e+06  1.24018612e+07  1.19e+00 1.12e-06  8.24e+01     0s
  64   7.36978406e+06  1.24686225e+07  1.18e+00 1.17e-06  8.10e+01     0s
  65   7.41665993e+06  1.25285887e+07  1.17e+00 1.32e-06  7.98e+01     0s
  66   7.47947532e+06  1.27581798e+07  1.15e+00 9.68e-07  7.82e+01     0s
  67   7.60718862e+06  1.30621129e+07  1.12e+00 1.04e-06  7.51e+01     0s
  68   7.61853136e+06  1.30926755e+07  1.12e+00 1.03e-06  7.49e+01     0s
  69   7.81380313e+06  1.31464863e+07  1.08e+00 9.61e-07  7.34e+01     0s
  70   7.97796306e+06  1.31753757e+07  1.05e+00 6.15e-07  7.09e+01     0s
  71   8.09486718e+06  1.31991555e+07  1.03e+00 5.00e-07  6.95e+01     0s
  72   8.16196922e+06  1.32183191e+07  1.01e+00 5.05e-07  6.88e+01     0s
  73   8.24551250e+06  1.32399163e+07  9.98e-01 5.47e-07  6.76e+01     0s
  74   8.28195549e+06  1.32703499e+07  9.91e-01 6.43e-07  6.65e+01     0s
  75   8.37559951e+06  1.33655550e+07  9.73e-01 5.37e-07  6.41e+01     0s
  76   8.68185587e+06  1.33977005e+07  9.15e-01 1.51e-06  5.89e+01     0s
  77   8.70801833e+06  1.37141979e+07  9.10e-01 1.98e-06  5.78e+01     0s
  78   8.71479213e+06  1.38742572e+07  9.09e-01 2.01e-06  5.79e+01     0s
  79   8.77868775e+06  1.36747357e+07  8.99e-01 2.11e-06  5.93e+01     0s
  80   2.90014059e+09 -1.88662677e+08  1.03e+06 9.09e-13  7.15e+07     0s
  81   1.68072340e+09 -2.32125949e+08  6.25e+05 5.50e+03  4.59e+07     0s
  82   4.63649581e+08 -3.16259833e+08  1.56e+05 2.91e-11  1.21e+07     0s
  83   2.08860900e+07 -2.91639041e+08  5.20e+02 1.52e-11  1.06e+05     0s
  84   8.94506050e+06 -6.95001244e+07  8.93e+01 7.28e-12  2.16e+04     0s
  85   5.75103502e+06 -2.36119759e+07  3.88e+01 2.18e-11  7.77e+03     0s
  86   2.77132146e+06 -6.85605591e+06  1.61e+01 1.11e-09  2.62e+03     0s
  87   1.66499761e+06 -1.27079468e+06  8.94e+00 5.82e-10  1.03e+03     0s
  88   1.41880231e+06 -4.18545165e+05  6.97e+00 3.78e-10  7.84e+02     0s
  89   1.44044694e+06  4.04001830e+05  6.29e+00 1.28e-09  6.84e+02     0s
  90   1.43677019e+06  8.63124580e+05  5.87e+00 7.57e-10  6.28e+02     0s
  91   1.45616618e+06  1.14766070e+06  5.60e+00 1.63e-09  5.92e+02     0s
  92   1.47986989e+06  1.33853785e+06  5.39e+00 1.86e-09  5.67e+02     0s
  93   1.55441497e+06  1.53041021e+06  4.89e+00 2.04e-09  5.27e+02     0s
  94   1.66672298e+06  2.08582377e+06  4.56e+00 2.91e-09  4.96e+02     0s
  95   1.86609955e+06  3.11138739e+06  4.15e+00 7.33e-09  4.41e+02     0s
  96   2.01111811e+06  3.28994850e+06  3.91e+00 7.22e-09  4.16e+02     0s
  97   2.07797271e+06  3.48611357e+06  3.79e+00 1.26e-08  3.92e+02     0s
  98   2.15319793e+06  3.75730371e+06  3.68e+00 9.55e-09  3.75e+02     0s
  99   2.28961914e+06  4.06918278e+06  3.50e+00 9.20e-09  3.54e+02     0s
 100   2.36216133e+06  4.38289051e+06  3.43e+00 1.68e-08  3.43e+02     0s
 101   2.43743464e+06  4.97665690e+06  3.34e+00 2.03e-08  3.28e+02     0s
 102   2.46249331e+06  5.22386589e+06  3.32e+00 1.84e-08  3.26e+02     0s
 103   2.60869069e+06  5.51012098e+06  3.19e+00 1.49e-08  3.11e+02     0s
 104   2.78610539e+06  5.85602535e+06  3.04e+00 4.03e-08  2.86e+02     0s
 105   2.91730859e+06  6.19423702e+06  2.93e+00 4.21e-08  2.72e+02     0s
 106   2.98533030e+06  6.33087424e+06  2.88e+00 4.38e-08  2.67e+02     0s
 107   3.27172084e+06  6.46933272e+06  2.66e+00 6.31e-08  2.41e+02     0s
 108   3.40163871e+06  6.60611951e+06  2.57e+00 5.68e-08  2.33e+02     0s
 109   3.54833952e+06  6.73332180e+06  2.47e+00 5.63e-08  2.25e+02     0s
 110   3.66719783e+06  6.93089825e+06  2.39e+00 5.42e-08  2.16e+02     0s
 111   3.76682991e+06  7.06350317e+06  2.33e+00 4.73e-08  2.11e+02     0s
 112   3.85922542e+06  7.40439187e+06  2.28e+00 1.20e-07  1.93e+02     0s
 113   3.94374858e+06  7.64489989e+06  2.23e+00 1.08e-07  1.90e+02     0s
 114   4.02989906e+06  7.85472769e+06  2.19e+00 1.64e-07  1.83e+02     0s
 115   4.25985710e+06  8.02372724e+06  2.07e+00 1.66e-07  1.74e+02     0s
 116   4.35601801e+06  8.13264387e+06  2.02e+00 2.27e-07  1.67e+02     0s
 117   4.39140402e+06  8.39380361e+06  2.00e+00 8.66e-08  1.65e+02     0s
 118   4.42353384e+06  8.74900624e+06  1.99e+00 1.70e-07  1.67e+02     0s
 119   4.60851833e+06  9.00284647e+06  1.91e+00 1.61e-07  1.65e+02     0s
 120   4.68635969e+06  9.29185802e+06  1.88e+00 3.86e-08  1.63e+02     0s
 121   4.82325390e+06  9.78180057e+06  1.83e+00 3.68e-08  1.58e+02     0s
 122   5.13000834e+06  1.01170754e+07  1.73e+00 1.21e-07  1.49e+02     0s
 123   5.15776195e+06  1.04718649e+07  1.72e+00 4.02e-07  1.44e+02     0s
 124   5.32169338e+06  1.08030139e+07  1.67e+00 4.32e-07  1.41e+02     0s
 125   5.45988835e+06  1.04287293e+07  1.63e+00 1.47e-06  1.43e+02     0s
 126   5.52323532e+06  1.10628888e+07  1.62e+00 1.45e-06  1.37e+02     0s
 127   5.64488486e+06  1.08063162e+07  1.59e+00 3.32e-07  1.34e+02     0s
 128   5.86079048e+06  1.15580294e+07  1.53e+00 1.79e-07  1.22e+02     0s
 129   5.94213394e+06  1.18354213e+07  1.51e+00 2.10e-07  1.20e+02     0s
 130   6.12328927e+06  1.17646104e+07  1.47e+00 2.03e-07  1.19e+02     0s
 131   6.26249863e+06  1.21010595e+07  1.44e+00 8.15e-07  1.10e+02     0s
 132   6.54684400e+06  1.23148360e+07  1.37e+00 7.90e-07  1.05e+02     0s
 133   7.32017975e+06  1.24001985e+07  1.20e+00 7.81e-07  9.45e+01     0s
 134   7.40391383e+06  1.24893315e+07  1.18e+00 6.44e-07  8.87e+01     0s
 135   7.58828292e+06  1.26189612e+07  1.14e+00 6.33e-06  8.24e+01     0s
 136   7.62706338e+06  1.27044440e+07  1.13e+00 7.37e-06  8.09e+01     0s
 137   7.70611545e+06  1.28281838e+07  1.11e+00 7.86e-06  7.97e+01     0s
 138   7.75927349e+06  1.29740427e+07  1.10e+00 8.74e-06  7.89e+01     0s
 139   7.78584475e+06  1.30504580e+07  1.10e+00 8.83e-06  7.85e+01     0s
 140   7.85560902e+06  1.31830747e+07  1.08e+00 2.48e-07  7.70e+01     0s
 141   7.99133504e+06  1.31566873e+07  1.06e+00 4.63e-07  7.59e+01     0s
 142   8.21495736e+06  1.31913989e+07  1.01e+00 7.29e-06  7.34e+01     0s
 143   8.29220016e+06  1.32197939e+07  9.98e-01 7.59e-06  7.21e+01     0s
 144   8.33906963e+06  1.32342569e+07  9.89e-01 7.76e-06  7.15e+01     0s
 145   8.37087241e+06  1.32447878e+07  9.83e-01 7.71e-06  7.11e+01     0s
 146   8.46741334e+06  1.33027626e+07  9.64e-01 2.64e-07  6.95e+01     0s
 147   8.50906189e+06  1.33757933e+07  9.57e-01 3.23e-07  6.86e+01     0s
 148   8.81519739e+06  1.33808262e+07  8.98e-01 1.90e-05  6.25e+01     0s
 149   8.82771875e+06  1.34902979e+07  8.96e-01 1.86e-05  6.23e+01     0s
 150   8.88129370e+06  1.38922643e+07  8.87e-01 1.84e-05  6.15e+01     0s
 151   8.96640104e+06  1.39464699e+07  8.73e-01 6.19e-07  6.14e+01     0s
 152   9.03927534e+06  1.39270014e+07  8.61e-01 8.71e-07  6.10e+01     0s
 153   9.06689577e+06  1.39637621e+07  8.57e-01 6.16e-07  6.08e+01     0s
 154   9.18184154e+06  1.39575104e+07  8.38e-01 6.03e-07  6.10e+01     0s
 155   9.22757676e+06  1.40781572e+07  8.30e-01 5.89e-07  6.07e+01     0s
 156   9.30045266e+06  1.44729042e+07  8.19e-01 1.43e-06  5.83e+01     0s
 157   9.52775965e+06  1.45548056e+07  7.85e-01 7.73e-07  5.70e+01     0s
 158   1.01852789e+07  1.46434659e+07  6.87e-01 7.73e-07  5.10e+01     0s
 159   1.02264613e+07  1.47387737e+07  6.80e-01 2.17e-05  4.64e+01     0s
 160   1.03828307e+07  1.47062799e+07  6.57e-01 2.92e-05  4.54e+01     0s
 161   1.06765117e+07  1.47493340e+07  6.14e-01 3.53e-05  4.18e+01     0s
 162   1.07661702e+07  1.48029726e+07  6.01e-01 4.30e-05  4.02e+01     0s
 163   1.08582021e+07  1.52933152e+07  5.88e-01 4.18e-05  4.10e+01     0s
 164   1.09368772e+07  1.56515570e+07  5.77e-01 4.20e-05  3.97e+01     0s
 165   1.10094831e+07  1.57984151e+07  5.69e-01 2.19e-06  3.87e+01     0s
 166   1.11683940e+07  1.56503954e+07  5.51e-01 5.20e-06  4.09e+01     0s
 167   1.12500000e+07  1.57179947e+07  5.42e-01 4.73e-06  4.17e+01     0s
 168   1.13544622e+07  1.58612221e+07  5.31e-01 6.00e-06  4.04e+01     0s
 169   1.13920236e+07  1.59311774e+07  5.27e-01 3.91e-07  3.92e+01     0s
 170   1.15457181e+07  1.59905601e+07  5.10e-01 4.60e-06  3.79e+01     0s
 171   1.15929064e+07  1.60302833e+07  5.04e-01 2.02e-05  3.64e+01     0s
 172   1.16996065e+07  1.60767724e+07  4.93e-01 1.65e-05  3.52e+01     0s
 173   1.17597012e+07  1.61362459e+07  4.86e-01 8.57e-06  3.41e+01     0s
 174   1.18878808e+07  1.61952358e+07  4.72e-01 7.50e-06  3.29e+01     0s
 175   1.20462319e+07  1.61979292e+07  4.55e-01 7.54e-06  3.20e+01     0s
 176   1.21261658e+07  1.62652509e+07  4.46e-01 1.18e-05  3.06e+01     0s
 177   1.21464170e+07  1.63071469e+07  4.44e-01 1.11e-05  3.04e+01     0s
 178   1.21760122e+07  1.63806101e+07  4.41e-01 1.11e-05  3.03e+01     0s
 179   1.27154787e+07  1.62397857e+07  3.85e-01 2.36e-06  3.12e+01     0s
 180   1.27239171e+07  1.63127790e+07  3.85e-01 1.22e-06  3.05e+01     0s
 181   1.27439710e+07  1.66479206e+07  3.83e-01 6.54e-07  3.07e+01     0s
 182   1.27577649e+07  1.67963824e+07  3.81e-01 2.31e-07  3.07e+01     0s
 183   1.27662365e+07  1.68880906e+07  3.81e-01 8.57e-08  3.07e+01     0s
 184   1.28412659e+07  1.69951909e+07  3.74e-01 3.20e-07  3.16e+01     0s
 185   1.29495003e+07  1.70404203e+07  3.65e-01 3.26e-06  3.14e+01     0s
 186   1.29551389e+07  1.71466946e+07  3.65e-01 1.60e-07  3.20e+01     0s
 187   1.30170577e+07  1.70786380e+07  3.59e-01 2.87e-07  3.21e+01     0s
 188   1.30629355e+07  1.71380489e+07  3.56e-01 5.92e-07  3.14e+01     0s
 189   1.33352962e+07  1.72208854e+07  3.33e-01 4.09e-06  2.95e+01     0s
 190   1.34059657e+07  1.72427265e+07  3.27e-01 1.26e-05  2.78e+01     0s
 191   1.35700913e+07  1.72471922e+07  3.13e-01 1.69e-05  2.68e+01     0s
 192   1.35765046e+07  1.73127190e+07  3.12e-01 1.50e-05  2.66e+01     0s
 193   1.35821551e+07  1.73405395e+07  3.12e-01 1.50e-05  2.64e+01     0s
 194   1.35904520e+07  1.75145354e+07  3.11e-01 8.01e-08  2.64e+01     0s
 195   1.37274420e+07  1.77400697e+07  3.03e-01 2.66e-07  3.05e+01     0s
 196   1.46207208e+07  1.74719336e+07  2.39e-01 1.08e-05  4.60e+01     0s
 197   1.49454666e+07  1.76585456e+07  2.15e-01 7.98e-06  3.84e+01     0s
 198   1.55934679e+07  1.78814589e+07  1.69e-01 1.64e-04  1.74e+01     1s
 199   1.56581652e+07  1.80098057e+07  1.64e-01 1.04e-04  1.37e+01     1s
 200   1.59429096e+07  1.79802334e+07  1.48e-01 9.62e-05  2.39e+01     1s
 201   1.64712759e+07  1.80972080e+07  1.12e-01 7.68e-05  1.65e+01     1s
 202   1.65032623e+07  1.81895386e+07  1.10e-01 6.16e-05  1.36e+01     1s
 203   1.67678025e+07  1.81786735e+07  9.27e-02 2.87e-05  1.17e+01     1s
 204   1.72732358e+07  1.81940460e+07  6.03e-02 2.06e-05  8.81e+00     1s
 205   1.76082757e+07  1.81985492e+07  3.85e-02 4.43e-05  5.19e+00     1s
 206   1.76272536e+07  1.81997742e+07  3.73e-02 1.97e-05  4.84e+00     1s
 207   1.76326744e+07  1.82035279e+07  3.68e-02 2.17e-05  4.52e+00     1s
 208   1.76561944e+07  1.82052339e+07  3.53e-02 2.03e-05  4.31e+00     1s
 209   1.76728160e+07  1.82069218e+07  3.42e-02 1.84e-05  4.16e+00     1s
 210   1.77324515e+07  1.82071962e+07  3.04e-02 1.83e-05  3.67e+00     1s
 211   1.77535586e+07  1.82064355e+07  2.90e-02 1.60e-05  3.52e+00     1s
 212   1.77827618e+07  1.82077205e+07  2.72e-02 1.14e-05  3.26e+00     1s
 213   1.77866946e+07  1.82078274e+07  2.69e-02 1.12e-05  3.10e+00     1s
 214   1.78425377e+07  1.82079941e+07  2.33e-02 1.04e-05  2.70e+00     1s
 215   1.78482523e+07  1.82083356e+07  2.30e-02 1.19e-05  2.64e+00     1s
 216   1.79597377e+07  1.82093374e+07  1.59e-02 1.71e-05  1.92e+00     1s
 217   1.81568532e+07  1.82101798e+07  3.40e-03 7.90e-05  4.25e-01     1s
 218   1.81979273e+07  1.82104634e+07  7.96e-04 1.59e-05  9.05e-02     1s
 219   1.82103864e+07  1.82104854e+07  6.57e-06 1.91e-05  1.74e-03     1s
 220   1.82104892e+07  1.82104892e+07  3.02e-11 6.23e-06  1.51e-08     1s
 221   1.82104892e+07  1.82104892e+07  4.55e-13 4.40e-06  2.33e-11     1s

Barrier solved model in 221 iterations and 0.54 seconds (0.35 work units)
Optimal objective 1.82104892e+07

Crossover time: 0.01 seconds (0.02 work units)

Root relaxation: objective 1.821049e+07, 282 iterations, 0.48 seconds (0.29 work units)

    Nodes    |    Current Node    |     Objective Bounds      |     Work
 Expl Unexpl |  Obj  Depth IntInf | Incumbent    BestBd   Gap | It/Node Time

     0     0 1.8210e+07    0   34 1.9950e+07 1.8210e+07  8.72%     -    0s
     0     0 1.8210e+07    0   34 1.9950e+07 1.8210e+07  8.72%     -    0s
     0     0 1.8427e+07    0   31 1.9950e+07 1.8427e+07  7.63%     -    0s
     0     0 1.8632e+07    0   31 1.9950e+07 1.8632e+07  6.61%     -    0s
     0     0 1.8636e+07    0   34 1.9950e+07 1.8636e+07  6.59%     -    0s
     0     0 1.8643e+07    0   34 1.9950e+07 1.8643e+07  6.55%     -    0s
     0     0 1.8659e+07    0   34 1.9950e+07 1.8659e+07  6.47%     -    0s
     0     0 1.8669e+07    0   45 1.9950e+07 1.8669e+07  6.42%     -    0s
     0     0 1.8672e+07    0   43 1.9950e+07 1.8672e+07  6.40%     -    0s
     0     0 1.8672e+07    0   45 1.9950e+07 1.8672e+07  6.40%     -    0s
     0     0 1.8672e+07    0   45 1.9950e+07 1.8672e+07  6.40%     -    0s
     0     0 1.8686e+07    0   44 1.9950e+07 1.8686e+07  6.34%     -    0s
     0     0 1.8701e+07    0   44 1.9950e+07 1.8701e+07  6.26%     -    0s
     0     0 1.8701e+07    0   44 1.9950e+07 1.8701e+07  6.26%     -    0s
     0     0 1.8701e+07    0   44 1.9950e+07 1.8701e+07  6.26%     -    0s
     0     2 1.8701e+07    0   44 1.9950e+07 1.8701e+07  6.26%     -    1s

Cutting planes:
  Cover: 8
  Implied bound: 49
  MIR: 34
  Flow cover: 43
  RLT: 4
  Relax-and-lift: 1

Explored 1696 nodes (96955 simplex iterations) in 3.25 seconds (7.01 work units)
Thread count was 10 (of 10 available processors)

Solution count 1: 1.995e+07 

Optimal solution found (tolerance 5.00e-03)
Warning: max constraint violation (1.2566e-06) exceeds tolerance
Best objective 1.995000000000e+07, best bound 1.995000000000e+07, gap 0.0000%
