
Gurobi 13.0.3 (mac64[arm]) logging started Sat Sep 26 12:17:25 2026

Set parameter LogFile to value "/Users/ashutosh/Desktop/Two-stage-Model/certainty_results/full/solves/wnw_5_05_20M_phase2.log"
Gurobi Optimizer version 13.0.3 build v13.0.3rc0 (mac64[arm] - Darwin 27.0.0 26A428)

CPU model: Apple M1 Pro
Thread count: 10 physical cores, 10 logical processors, using up to 10 threads

Non-default parameters:
TimeLimit  21600
MIPGap  0.005
Method  2
LogToConsole  0

Optimize a model with 13546 rows, 5548 columns and 38804 nonzeros (Min)
Model fingerprint: 0x5101c92d
Model has 724 linear objective coefficients
Variable types: 3498 continuous, 2050 integer (1688 binary)
Coefficient statistics:
  Matrix range     [1e-03, 1e+05]
  Objective range  [2e+04, 1e+05]
  Bounds range     [1e+00, 3e+00]
  RHS range        [1e-02, 2e+07]

Loaded user MIP start with objective 1.995e+07
MIP start from previous solve did not produce a new incumbent solution

Presolve removed 11413 rows and 3819 columns
Presolve time: 0.05s
Presolved: 2133 rows, 1729 columns, 8360 nonzeros
Variable types: 1471 continuous, 258 integer (258 binary)
Root barrier log...

Ordering time: 0.00s

Barrier statistics:
 AA' NZ     : 2.864e+04
 Factor NZ  : 8.835e+04 (roughly 2 MB of memory)
 Factor Ops : 6.976e+06 (less than 1 second per iteration)
 Threads    : 10

                  Objective                Residual
Iter       Primal          Dual         Primal    Dual     Compl     Time
   0   3.03117016e+08 -1.83844289e+08  1.06e+05 9.09e-13  7.34e+06     0s
   1   9.99555062e+07 -2.14578274e+08  3.73e+04 4.54e+03  2.64e+06     0s
   2   1.27640601e+07 -2.18595576e+08  8.23e+02 9.09e-12  1.06e+05     0s
   3   5.84348811e+06 -3.13398217e+07  9.19e+01 2.33e-10  1.23e+04     0s
   4   2.63908304e+06 -6.63486403e+06  3.79e+01 1.46e-11  3.23e+03     0s
   5   1.29011905e+06 -3.35381267e+06  1.82e+01 3.64e-11  1.54e+03     0s
   6   8.55215433e+05 -1.17204794e+06  1.19e+01 1.24e-10  8.09e+02     0s
   7   5.99529834e+05 -3.27012754e+04  8.06e+00 8.73e-11  4.68e+02     0s
   8   5.46759844e+05  1.41959020e+06  6.57e+00 7.57e-10  3.81e+02     0s
   9   6.21583322e+05  1.71606743e+06  6.06e+00 6.98e-10  3.51e+02     0s
  10   6.44385831e+05  1.97724584e+06  5.93e+00 4.66e-10  3.43e+02     0s
  11   6.96426382e+05  2.21053175e+06  5.69e+00 5.82e-10  3.27e+02     0s
  12   7.71447398e+05  2.42712164e+06  5.43e+00 5.82e-10  3.11e+02     0s
  13   8.50894177e+05  2.73406649e+06  5.19e+00 1.05e-09  2.97e+02     0s
  14   9.33660845e+05  2.85437713e+06  4.98e+00 9.31e-10  2.89e+02     0s
  15   1.10448874e+06  3.05080963e+06  4.65e+00 4.66e-10  2.74e+02     0s
  16   1.22308989e+06  2.94501324e+06  4.43e+00 1.30e-08  2.74e+02     0s
  17   1.39014203e+06  3.55903494e+06  4.12e+00 1.78e-08  2.46e+02     0s
  18   1.52209330e+06  3.73216805e+06  3.91e+00 9.72e-09  2.31e+02     0s
  19   1.60996340e+06  3.87026030e+06  3.77e+00 8.85e-09  2.23e+02     0s
  20   1.65133855e+06  4.21363100e+06  3.71e+00 7.21e-08  2.18e+02     0s
  21   1.87699358e+06  4.77220913e+06  3.43e+00 9.55e-09  2.02e+02     0s
  22   1.90643074e+06  5.06207527e+06  3.40e+00 7.87e-08  1.97e+02     0s
  23   1.96887370e+06  5.59296485e+06  3.34e+00 2.00e-08  1.95e+02     0s
  24   2.22209687e+06  5.94026256e+06  3.14e+00 1.15e-07  1.83e+02     0s
  25   2.37616323e+06  6.16878360e+06  3.02e+00 1.67e-07  1.76e+02     0s
  26   2.43910155e+06  6.34543276e+06  2.97e+00 1.45e-07  1.72e+02     0s
  27   2.47426351e+06  6.52460569e+06  2.94e+00 2.52e-07  1.70e+02     0s
  28   2.53151362e+06  6.88269810e+06  2.91e+00 3.90e-07  1.67e+02     0s
  29   2.64905039e+06  7.07124364e+06  2.83e+00 2.82e-07  1.62e+02     0s
  30   2.69617734e+06  7.58128782e+06  2.80e+00 8.85e-08  1.58e+02     0s
  31   2.81556524e+06  7.46591235e+06  2.74e+00 2.37e-07  1.56e+02     0s
  32   2.88483267e+06  8.23467140e+06  2.70e+00 4.70e-08  1.50e+02     0s
  33   2.98161732e+06  8.26116799e+06  2.66e+00 4.66e-08  1.48e+02     0s
  34   3.07472876e+06  8.43868468e+06  2.61e+00 2.07e-08  1.43e+02     0s
  35   3.32171364e+06  8.70417064e+06  2.51e+00 1.38e-07  1.41e+02     0s
  36   3.56251348e+06  8.79008937e+06  2.40e+00 2.89e-07  1.35e+02     0s
  37   3.61875412e+06  8.83731512e+06  2.38e+00 4.14e-08  1.32e+02     0s
  38   3.63483026e+06  9.37215285e+06  2.37e+00 6.05e-08  1.31e+02     0s
  39   3.85933218e+06  9.63013496e+06  2.29e+00 3.02e-07  1.34e+02     0s
  40   2.84230545e+09 -1.83844289e+08  1.06e+06 9.09e-13  7.28e+07     0s
  41   3.60246789e+08 -2.62067641e+08  2.77e+05 2.22e+03  1.96e+07     0s
  42   2.03764307e+07 -2.78730976e+08  3.03e+03 1.82e-11  2.76e+05     0s
  43   1.07007184e+07 -1.77492449e+08  5.30e+02 1.27e-11  7.41e+04     0s
  44   6.16173630e+06 -6.97103977e+07  1.50e+02 8.19e-12  2.38e+04     0s
  45   3.27702693e+06 -3.75882056e+07  5.17e+01 5.46e-12  1.09e+04     0s
  46   1.78563654e+06 -1.00634150e+07  2.11e+01 7.28e-11  3.24e+03     0s
  47   8.99263275e+05 -2.71779287e+06  9.61e+00 2.33e-10  1.12e+03     0s
  48   7.15657037e+05 -5.51650162e+05  6.98e+00 2.91e-10  6.35e+02     0s
  49   7.52047620e+05 -2.46053286e+05  6.36e+00 2.91e-10  5.92e+02     0s
  50   7.51155921e+05  2.25464022e+05  6.13e+00 4.66e-10  5.56e+02     0s
  51   7.72668844e+05  1.16782910e+06  5.71e+00 9.31e-10  4.91e+02     0s
  52   8.97855027e+05  1.80557813e+06  5.19e+00 1.28e-09  4.43e+02     0s
  53   1.02479435e+06  2.30891792e+06  4.85e+00 2.56e-09  4.11e+02     0s
  54   1.17293272e+06  2.53825298e+06  4.58e+00 2.33e-09  3.94e+02     0s
  55   1.28925772e+06  2.90244817e+06  4.36e+00 5.01e-09  3.68e+02     0s
  56   1.39628382e+06  3.18766920e+06  4.18e+00 4.31e-09  3.46e+02     0s
  57   1.54787922e+06  3.31268587e+06  3.94e+00 5.94e-09  3.25e+02     0s
  58   1.63947397e+06  3.54848676e+06  3.79e+00 5.59e-09  3.06e+02     0s
  59   1.75426981e+06  4.18822572e+06  3.61e+00 8.15e-09  2.86e+02     0s
  60   1.89505568e+06  4.74627066e+06  3.43e+00 1.36e-08  2.67e+02     0s
  61   1.97434194e+06  5.05863123e+06  3.35e+00 1.20e-08  2.58e+02     0s
  62   2.07699520e+06  5.34030520e+06  3.25e+00 2.90e-08  2.50e+02     0s
  63   2.19354507e+06  5.54970642e+06  3.16e+00 3.05e-08  2.44e+02     0s
  64   2.41285406e+06  5.76641590e+06  2.99e+00 2.68e-08  2.33e+02     0s
  65   2.51621570e+06  5.95558736e+06  2.91e+00 3.38e-08  2.24e+02     0s
  66   2.57881560e+06  6.84355165e+06  2.87e+00 2.96e-08  2.11e+02     0s
  67   2.75557670e+06  7.17247953e+06  2.77e+00 3.26e-08  2.07e+02     0s
  68   2.82752051e+06  7.37935953e+06  2.73e+00 1.02e-07  2.03e+02     0s
  69   2.85882341e+06  7.56344663e+06  2.72e+00 3.21e-07  2.00e+02     0s
  70   2.90172381e+06  7.67330705e+06  2.69e+00 3.12e-07  1.98e+02     0s
  71   2.96408633e+06  7.75271631e+06  2.66e+00 3.67e-07  1.97e+02     0s
  72   3.16654067e+06  8.32042847e+06  2.57e+00 5.59e-07  1.89e+02     0s
  73   3.35854891e+06  7.97375864e+06  2.49e+00 7.75e-07  1.90e+02     0s
  74   3.43932055e+06  8.12686836e+06  2.45e+00 8.32e-07  1.86e+02     0s
  75   3.53668121e+06  8.22145697e+06  2.41e+00 3.91e-08  1.86e+02     0s
  76   3.62769008e+06  8.51553677e+06  2.37e+00 2.51e-07  1.77e+02     0s
  77   3.74421280e+06  8.96137376e+06  2.33e+00 1.02e-07  1.74e+02     0s
  78   3.79021706e+06  9.38354793e+06  2.31e+00 2.29e-07  1.71e+02     0s
  79   4.02824963e+06  9.53512946e+06  2.22e+00 1.30e-06  1.65e+02     0s
  80   4.09559977e+06  9.79675898e+06  2.19e+00 1.49e-06  1.63e+02     0s
  81   4.24297031e+06  9.88684868e+06  2.14e+00 5.29e-07  1.58e+02     0s
  82   4.37375047e+06  1.02128916e+07  2.10e+00 1.63e-06  1.52e+02     0s
  83   4.52875599e+06  1.04024695e+07  2.04e+00 1.68e-06  1.49e+02     0s
  84   4.66429681e+06  1.06148834e+07  2.00e+00 2.14e-06  1.45e+02     0s
  85   5.01172494e+06  1.07015396e+07  1.89e+00 1.89e-06  1.38e+02     0s
  86   5.02985125e+06  1.09104293e+07  1.88e+00 3.00e-06  1.34e+02     0s
  87   5.14499655e+06  1.08819087e+07  1.85e+00 2.99e-06  1.32e+02     0s
  88   5.24063676e+06  1.10376528e+07  1.82e+00 3.07e-06  1.30e+02     0s
  89   5.42929900e+06  1.11464063e+07  1.77e+00 4.29e-06  1.26e+02     0s
  90   5.55456640e+06  1.16423646e+07  1.73e+00 3.15e-06  1.20e+02     0s
  91   5.64538778e+06  1.15470702e+07  1.71e+00 3.00e-06  1.20e+02     0s
  92   5.73119322e+06  1.18451120e+07  1.69e+00 4.88e-06  1.16e+02     0s
  93   5.85337291e+06  1.19699250e+07  1.66e+00 2.84e-08  1.15e+02     0s
  94   5.98216967e+06  1.21043365e+07  1.62e+00 2.56e-07  1.13e+02     0s
  95   6.07484465e+06  1.22054338e+07  1.60e+00 1.28e-07  1.11e+02     0s
  96   6.17693380e+06  1.22690345e+07  1.57e+00 1.25e-07  1.10e+02     0s
  97   6.29636310e+06  1.23110539e+07  1.55e+00 1.10e-07  1.10e+02     0s
  98   6.32870344e+06  1.26703204e+07  1.54e+00 1.31e-07  1.08e+02     0s
  99   7.04404342e+06  1.22035580e+07  1.38e+00 9.90e-06  1.16e+02     0s
 100   7.28645112e+06  1.24744121e+07  1.32e+00 8.12e-06  1.09e+02     0s
 101   7.60573574e+06  1.29331493e+07  1.25e+00 6.70e-07  9.44e+01     0s
 102   8.32413021e+06  1.29765594e+07  1.09e+00 9.83e-07  8.53e+01     0s
 103   8.36291230e+06  1.31625309e+07  1.08e+00 7.87e-07  7.84e+01     0s
 104   8.46035614e+06  1.31011515e+07  1.06e+00 7.09e-07  7.87e+01     0s
 105   8.64089749e+06  1.31999221e+07  1.02e+00 4.61e-07  7.58e+01     0s
 106   8.65308737e+06  1.32222308e+07  1.02e+00 4.77e-07  7.56e+01     0s
 107   8.67698322e+06  1.36973678e+07  1.02e+00 6.07e-07  7.70e+01     0s
 108   8.72968694e+06  1.38090591e+07  1.01e+00 5.25e-07  7.56e+01     0s
 109   8.87995232e+06  1.41152905e+07  9.75e-01 4.49e-07  7.15e+01     0s
 110   9.07830087e+06  1.40673714e+07  9.39e-01 7.77e-07  6.68e+01     0s
 111   9.13038073e+06  1.39588142e+07  9.30e-01 1.15e-06  7.27e+01     0s
 112   9.31548117e+06  1.40214246e+07  8.97e-01 1.17e-06  7.23e+01     0s
 113   9.42209373e+06  1.43448713e+07  8.78e-01 1.42e-06  6.87e+01     0s
 114   9.48962932e+06  1.43870928e+07  8.67e-01 1.41e-06  6.82e+01     0s
 115   9.83332590e+06  1.43341959e+07  8.10e-01 1.44e-06  6.63e+01     0s
 116   1.01557529e+07  1.44408180e+07  7.56e-01 3.88e-06  6.01e+01     0s
 117   1.02929249e+07  1.46237082e+07  7.33e-01 4.15e-06  5.50e+01     0s
 118   1.03759550e+07  1.46134139e+07  7.20e-01 3.93e-06  5.43e+01     0s
 119   1.04215703e+07  1.46970923e+07  7.12e-01 5.36e-06  5.20e+01     0s
 120   1.04537531e+07  1.47956845e+07  7.07e-01 6.04e-06  5.06e+01     0s
 121   1.05931199e+07  1.48998887e+07  6.86e-01 5.83e-06  4.99e+01     0s
 122   1.09118205e+07  1.49333807e+07  6.38e-01 7.35e-06  4.98e+01     0s
 123   1.09960519e+07  1.49514645e+07  6.26e-01 7.64e-06  4.94e+01     0s
 124   1.10221669e+07  1.50522449e+07  6.22e-01 2.82e-06  4.88e+01     0s
 125   1.10460814e+07  1.51566279e+07  6.18e-01 2.85e-06  4.85e+01     0s
 126   1.10564632e+07  1.51724779e+07  6.17e-01 2.86e-06  4.85e+01     0s
 127   1.10578121e+07  1.52813438e+07  6.17e-01 2.92e-06  4.82e+01     0s
 128   1.13257085e+07  1.54644550e+07  5.83e-01 2.76e-06  5.12e+01     0s
 129   1.15103812e+07  1.55731934e+07  5.59e-01 4.27e-06  5.18e+01     0s
 130   1.17728717e+07  1.56513060e+07  5.28e-01 1.08e-06  5.82e+01     0s
 131   1.18034067e+07  1.62742465e+07  5.24e-01 2.12e-06  5.77e+01     0s
 132   1.18227549e+07  1.68683154e+07  5.21e-01 3.19e-07  5.83e+01     0s
 133   1.19663799e+07  1.61391758e+07  5.08e-01 8.80e-07  6.30e+01     0s
 134   1.20250258e+07  1.63081474e+07  5.02e-01 1.75e-06  6.30e+01     0s
 135   1.20852329e+07  1.67745995e+07  4.96e-01 2.02e-06  5.76e+01     0s
 136   1.21352553e+07  1.69662128e+07  4.91e-01 2.01e-06  5.69e+01     0s
 137   1.21621986e+07  1.69853914e+07  4.88e-01 2.05e-06  5.67e+01     0s
 138   1.23842502e+07  1.70649775e+07  4.67e-01 1.03e-06  5.51e+01     0s
 139   1.24550889e+07  1.70841601e+07  4.61e-01 1.91e-07  5.48e+01     0s
 140   1.26393573e+07  1.71501659e+07  4.43e-01 5.56e-06  5.20e+01     0s
 141   1.29454910e+07  1.71928205e+07  4.14e-01 9.36e-06  4.92e+01     0s
 142   1.29826701e+07  1.71976047e+07  4.11e-01 9.35e-06  4.88e+01     0s
 143   1.30488575e+07  1.72040523e+07  4.05e-01 9.37e-06  4.81e+01     0s
 144   1.32411719e+07  1.72181416e+07  3.87e-01 8.23e-07  4.60e+01     0s
 145   1.34490196e+07  1.72422937e+07  3.67e-01 9.10e-06  4.25e+01     0s
 146   1.34927809e+07  1.75636760e+07  3.63e-01 9.09e-06  4.14e+01     0s
 147   1.35274525e+07  1.77675507e+07  3.59e-01 9.18e-06  4.02e+01     0s
 148   1.37119847e+07  1.79818790e+07  3.45e-01 9.55e-06  4.01e+01     0s
 149   1.44728873e+07  1.80555538e+07  2.86e-01 1.25e-05  3.63e+01     0s
 150   1.47784480e+07  1.80752804e+07  2.62e-01 4.53e-05  3.05e+01     0s
 151   1.48858495e+07  1.81082970e+07  2.54e-01 3.27e-05  2.74e+01     0s
 152   1.49307674e+07  1.82910287e+07  2.51e-01 4.10e-05  2.38e+01     0s
 153   1.51395418e+07  1.83389183e+07  2.36e-01 3.97e-05  2.37e+01     0s
 154   1.56865907e+07  1.83603093e+07  1.97e-01 4.26e-05  2.17e+01     0s
 155   1.66000797e+07  1.83605827e+07  1.31e-01 1.15e-05  1.72e+01     0s
 156   1.69054864e+07  1.83811815e+07  1.09e-01 2.23e-05  1.25e+01     0s
 157   1.69537832e+07  1.84321486e+07  1.05e-01 1.62e-05  1.03e+01     0s
 158   1.70030153e+07  1.84531491e+07  1.02e-01 1.41e-05  9.73e+00     0s
 159   1.70095190e+07  1.84605313e+07  1.01e-01 1.57e-05  9.40e+00     0s
 160   1.70171894e+07  1.84703777e+07  1.01e-01 1.57e-05  9.28e+00     0s
 161   1.71158050e+07  1.84733297e+07  9.41e-02 1.69e-05  8.62e+00     0s
 162   1.72276937e+07  1.84710804e+07  8.65e-02 1.60e-05  8.11e+00     0s
 163   1.74622868e+07  1.84669790e+07  7.05e-02 5.38e-05  7.41e+00     0s
 164   1.75706310e+07  1.84812709e+07  6.33e-02 4.25e-05  6.30e+00     0s
 165   1.77878881e+07  1.84875710e+07  4.84e-02 5.69e-05  4.10e+00     0s
 166   1.77961402e+07  1.85032332e+07  4.78e-02 5.92e-05  3.77e+00     0s
 167   1.78696469e+07  1.85197643e+07  4.29e-02 5.85e-05  3.28e+00     0s
 168   1.79108061e+07  1.85131370e+07  4.02e-02 4.75e-05  3.28e+00     0s
 169   1.80435243e+07  1.84931665e+07  3.15e-02 4.17e-05  4.47e+00     0s
 170   1.80915120e+07  1.85078030e+07  2.87e-02 4.53e-06  4.54e+00     0s
 171   1.83036738e+07  1.85213953e+07  1.45e-02 3.08e-05  1.34e+00     0s
 172   1.84016813e+07  1.85241004e+07  8.04e-03 3.12e-05  5.17e-01     0s
 173   1.84851811e+07  1.85244040e+07  2.57e-03 4.07e-05  1.58e-01     0s
 174   1.85154437e+07  1.85244697e+07  5.96e-04 3.00e-05  4.98e-02     0s
 175   1.85234772e+07  1.85244965e+07  6.76e-05 2.61e-05  6.35e-03     0s
 176   1.85244472e+07  1.85245033e+07  3.72e-06 1.37e-05  3.41e-04     0s
 177   1.85245036e+07  1.85245037e+07  6.55e-09 1.79e-05  5.00e-07     0s
 178   1.85245037e+07  1.85245037e+07  4.55e-13 1.81e-05  2.96e-11     0s

Barrier solved model in 178 iterations and 0.43 seconds (0.29 work units)
Optimal objective 1.85245037e+07

Crossover time: 0.01 seconds (0.02 work units)

Root relaxation: objective 1.852450e+07, 296 iterations, 0.37 seconds (0.23 work units)

    Nodes    |    Current Node    |     Objective Bounds      |     Work
 Expl Unexpl |  Obj  Depth IntInf | Incumbent    BestBd   Gap | It/Node Time

     0     0 1.8525e+07    0   26 1.9950e+07 1.8525e+07  7.15%     -    0s
H    0     0                    1.982500e+07 1.8525e+07  6.56%     -    0s
     0     0 1.8705e+07    0   24 1.9825e+07 1.8705e+07  5.65%     -    0s
     0     0 1.8931e+07    0   26 1.9825e+07 1.8931e+07  4.51%     -    0s
     0     0 1.8931e+07    0   28 1.9825e+07 1.8931e+07  4.51%     -    0s
     0     0 1.8931e+07    0   31 1.9825e+07 1.8931e+07  4.51%     -    0s
     0     0 1.8931e+07    0   31 1.9825e+07 1.8931e+07  4.51%     -    0s
     0     0 1.8931e+07    0   33 1.9825e+07 1.8931e+07  4.51%     -    0s
     0     0 1.8931e+07    0   32 1.9825e+07 1.8931e+07  4.51%     -    0s
     0     0 1.8931e+07    0   33 1.9825e+07 1.8931e+07  4.51%     -    0s
     0     0 1.8974e+07    0   39 1.9825e+07 1.8974e+07  4.30%     -    0s
     0     0 1.9055e+07    0   39 1.9825e+07 1.9055e+07  3.89%     -    0s
     0     0 1.9055e+07    0   39 1.9825e+07 1.9055e+07  3.89%     -    0s
     0     0 1.9055e+07    0   39 1.9825e+07 1.9055e+07  3.89%     -    0s
     0     0 1.9055e+07    0   39 1.9825e+07 1.9055e+07  3.89%     -    0s
     0     0 1.9055e+07    0   39 1.9825e+07 1.9055e+07  3.89%     -    0s
     0     0 1.9055e+07    0   39 1.9825e+07 1.9055e+07  3.89%     -    0s
     0     0 1.9055e+07    0   39 1.9825e+07 1.9055e+07  3.89%     -    0s
     0     2 1.9055e+07    0   39 1.9825e+07 1.9055e+07  3.89%     -    0s

Cutting planes:
  Cover: 4
  Implied bound: 37
  MIR: 41
  Flow cover: 14
  RLT: 4

Explored 84 nodes (7521 simplex iterations) in 1.30 seconds (1.74 work units)
Thread count was 10 (of 10 available processors)

Solution count 2: 1.9825e+07 1.995e+07 

Optimal solution found (tolerance 5.00e-03)
Best objective 1.982500000000e+07, best bound 1.982500000000e+07, gap 0.0000%
