
Gurobi 13.0.3 (mac64[arm]) logging started Sat Sep 26 12:18:18 2026

Set parameter LogFile to value "/Users/ashutosh/Desktop/Two-stage-Model/certainty_results/full/solves/wnw_5_15_40M_phase1.log"
Gurobi Optimizer version 13.0.3 build v13.0.3rc0 (mac64[arm] - Darwin 27.0.0 26A428)

CPU model: Apple M1 Pro
Thread count: 10 physical cores, 10 logical processors, using up to 10 threads

Non-default parameters:
TimeLimit  21600
MIPGap  0.005
Method  2
LogToConsole  0

Optimize a model with 13558 rows, 5548 columns and 38180 nonzeros (Min)
Model fingerprint: 0xc595c69e
Model has 663 linear objective coefficients and an objective constant of 396.859633
Variable types: 3498 continuous, 2050 integer (1688 binary)
Coefficient statistics:
  Matrix range     [1e-03, 1e+05]
  Objective range  [1e+00, 1e+00]
  Bounds range     [1e+00, 3e+00]
  RHS range        [1e-02, 4e+07]

Loaded user MIP start with objective 4.47349
MIP start from previous solve did not produce a new incumbent solution

Presolve removed 11343 rows and 3802 columns
Presolve time: 0.06s
Presolved: 2215 rows, 1746 columns, 8221 nonzeros
Variable types: 1487 continuous, 259 integer (259 binary)
Root barrier log...

Ordering time: 0.00s

Barrier statistics:
 AA' NZ     : 3.069e+04
 Factor NZ  : 9.240e+04 (roughly 2 MB of memory)
 Factor Ops : 7.344e+06 (less than 1 second per iteration)
 Threads    : 10

                  Objective                Residual
Iter       Primal          Dual         Primal    Dual     Compl     Time
   0  -5.75772095e+05 -4.67497883e+05  2.00e+04 2.68e+00  8.67e+03     0s
   1  -2.77524108e+05 -4.82582727e+05  9.67e+03 9.86e+00  4.27e+03     0s
   2  -5.76953570e+03 -4.78741839e+05  2.10e+02 2.13e-14  1.93e+02     0s
   3  -3.93509673e+02 -9.45893485e+04  2.09e+01 9.59e-14  2.62e+01     0s
   4   1.18091143e+02 -5.79187712e+04  2.62e+00 6.39e-14  1.30e+01     0s
   5   1.73097768e+02 -7.69345279e+03  1.75e-01 2.49e-14  1.70e+00     0s
   6   1.40819107e+02 -2.83180097e+03  4.69e-02 2.13e-14  6.40e-01     0s
   7   8.05941556e+01 -1.00074143e+03  2.24e-03 1.07e-14  2.32e-01     0s
   8   3.43691551e+01 -1.70851879e+02  2.99e-04 7.11e-15  4.40e-02     0s
   9   1.27578862e+01 -6.87891083e+01  6.93e-05 3.55e-15  1.75e-02     0s
  10   8.14307280e+00 -1.90645187e+01  3.66e-05 3.55e-15  5.84e-03     0s
  11   5.15033781e+00 -5.34756875e+00  1.83e-05 3.55e-15  2.25e-03     0s
  12   3.17092268e+00 -1.13684519e+00  8.17e-06 3.55e-15  9.25e-04     0s
  13   2.56717761e+00  9.41169296e-01  5.38e-06 3.55e-15  3.49e-04     0s
  14   1.64978408e+00  1.30430211e+00  9.93e-07 3.55e-15  7.42e-05     0s
  15   1.53861807e+00  1.36038704e+00  5.16e-07 7.11e-15  3.83e-05     0s
  16   1.49899996e+00  1.38485375e+00  3.34e-07 3.55e-15  2.45e-05     0s
  17   1.46459858e+00  1.40122354e+00  1.77e-07 7.11e-15  1.36e-05     0s
  18   1.44439291e+00  1.41384943e+00  8.78e-08 3.55e-15  6.56e-06     0s
  19   1.43210333e+00  1.42018325e+00  3.35e-08 3.55e-15  2.56e-06     0s
  20   1.42811904e+00  1.42283577e+00  1.63e-08 3.55e-15  1.13e-06     0s
  21   1.42587999e+00  1.42385578e+00  6.67e-09 3.55e-15  4.34e-07     0s
  22   1.42494185e+00  1.42416899e+00  2.69e-09 3.55e-15  1.66e-07     0s
  23   1.42435755e+00  1.42424131e+00  2.06e-09 7.11e-15  2.49e-08     0s
  24   1.42429216e+00  1.42427947e+00  1.75e-10 3.55e-15  2.72e-09     0s
  25   1.42428716e+00  1.42428514e+00  2.36e-10 1.17e-14  4.34e-10     0s

Barrier solved model in 25 iterations and 0.14 seconds (0.12 work units)
Optimal objective 1.42428716e+00


Restart crossover...

Crossover time: 0.03 seconds (0.03 work units)

Root relaxation: objective 1.424286e+00, 574 iterations, 0.09 seconds (0.07 work units)

    Nodes    |    Current Node    |     Objective Bounds      |     Work
 Expl Unexpl |  Obj  Depth IntInf | Incumbent    BestBd   Gap | It/Node Time

     0     0    1.42429    0   20    4.47349    1.42429  68.2%     -    0s
H    0     0                       4.4572591    1.42429  68.0%     -    0s
     0     0    1.54174    0   22    4.45726    1.54174  65.4%     -    0s
H    0     0                       4.3609483    1.54174  64.6%     -    0s
     0     0    1.55723    0   20    4.36095    1.55723  64.3%     -    0s
     0     0    1.56918    0   21    4.36095    1.56918  64.0%     -    0s
     0     0    1.57830    0   23    4.36095    1.57830  63.8%     -    0s
H    0     0                       2.6204163    1.57830  39.8%     -    0s
     0     0    1.58033    0   21    2.62042    1.58033  39.7%     -    0s
     0     0    1.58202    0   23    2.62042    1.58202  39.6%     -    0s
     0     0    1.58416    0   22    2.62042    1.58416  39.5%     -    0s
     0     0    1.58760    0   23    2.62042    1.58760  39.4%     -    0s
     0     0    1.58760    0   23    2.62042    1.58760  39.4%     -    0s
     0     0    1.58760    0   21    2.62042    1.58760  39.4%     -    0s
     0     0    1.59501    0   24    2.62042    1.59501  39.1%     -    0s
     0     0    1.59512    0   23    2.62042    1.59512  39.1%     -    0s
     0     0    1.59512    0   24    2.62042    1.59512  39.1%     -    0s
     0     0    1.59513    0   25    2.62042    1.59513  39.1%     -    0s
     0     0    1.59513    0   25    2.62042    1.59513  39.1%     -    0s
H    0     0                       2.6204163    1.59513  39.1%     -    0s
     0     0    1.59513    0   25    2.62042    1.59513  39.1%     -    0s
     0     0    1.59513    0   23    2.62042    1.59513  39.1%     -    0s
     0     2    1.59513    0   23    2.62042    1.59513  39.1%     -    0s
H   14    14                       2.6204158    1.60738  38.7%   120    0s
H  233   199                       2.6204154    1.63132  37.7%   113    1s
H  258   206                       2.4675071    1.63662  33.7%   107    1s
*  277   213              29       2.4068122    1.63662  32.0%   108    1s
H  405   301                       1.8583900    1.63958  11.8%   101    1s

Cutting planes:
  Learned: 1
  Cover: 7
  Implied bound: 29
  MIR: 29
  StrongCG: 4
  Flow cover: 20
  RLT: 1
  Relax-and-lift: 1

Explored 714 nodes (54281 simplex iterations) in 2.15 seconds (4.50 work units)
Thread count was 10 (of 10 available processors)

Solution count 9: 1.85839 2.40681 2.46751 ... 4.47349

Optimal solution found (tolerance 5.00e-03)
Best objective 1.858390000000e+00, best bound 1.858390000000e+00, gap 0.0000%
