
Gurobi 13.0.3 (mac64[arm]) logging started Sat Sep 26 12:17:59 2026

Set parameter LogFile to value "/Users/ashutosh/Desktop/Two-stage-Model/certainty_results/full/solves/wnw_5_10_60M_phase2.log"
Gurobi Optimizer version 13.0.3 build v13.0.3rc0 (mac64[arm] - Darwin 27.0.0 26A428)

CPU model: Apple M1 Pro
Thread count: 10 physical cores, 10 logical processors, using up to 10 threads

Non-default parameters:
TimeLimit  21600
MIPGap  0.005
Method  2
LogToConsole  0

Optimize a model with 13558 rows, 5548 columns and 38840 nonzeros (Min)
Model fingerprint: 0xae929689
Model has 724 linear objective coefficients
Variable types: 3498 continuous, 2050 integer (1688 binary)
Coefficient statistics:
  Matrix range     [1e-03, 1e+05]
  Objective range  [2e+04, 1e+05]
  Bounds range     [1e+00, 3e+00]
  RHS range        [1e-02, 6e+07]

Loaded user MIP start with objective 5.915e+07
MIP start from previous solve did not produce a new incumbent solution

Presolve removed 12355 rows and 4030 columns
Presolve time: 0.05s
Presolved: 1203 rows, 1518 columns, 5776 nonzeros
Variable types: 1322 continuous, 196 integer (196 binary)
Root barrier log...

Ordering time: 0.00s

Barrier statistics:
 Dense cols : 3
 AA' NZ     : 8.533e+03
 Factor NZ  : 3.854e+04 (roughly 1 MB of memory)
 Factor Ops : 2.249e+06 (less than 1 second per iteration)
 Threads    : 1

                  Objective                Residual
Iter       Primal          Dual         Primal    Dual     Compl     Time
   0   6.03494082e+07  3.20430982e+07  1.48e+04 0.00e+00  2.24e+05     0s
   1   5.88997709e+07  3.60811625e+07  5.76e+03 3.91e+02  8.79e+04     0s
   2   5.81211059e+07  4.64959333e+07  2.20e+02 5.23e-12  6.18e+03     0s
   3   5.80294136e+07  5.59919618e+07  3.94e+01 4.05e-11  9.21e+02     0s
   4   5.80147310e+07  5.76240420e+07  1.49e+01 7.28e-12  2.10e+02     0s
   5   5.80115730e+07  5.78157009e+07  9.59e+00 3.64e-10  1.20e+02     0s
   6   5.80171645e+07  5.79035446e+07  7.09e+00 1.02e-10  8.73e+01     0s
   7   5.80375702e+07  5.79773312e+07  3.46e+00 2.18e-11  4.00e+01     0s
   8   5.80405257e+07  5.80021185e+07  3.27e+00 8.95e-10  3.42e+01     0s
   9   5.80450077e+07  5.80121680e+07  2.84e+00 7.42e-10  3.03e+01     0s
  10   5.80485837e+07  5.80316755e+07  2.29e+00 8.44e-10  2.31e+01     0s
  11   5.80510940e+07  5.80365945e+07  2.05e+00 1.50e-09  2.06e+01     0s
  12   5.80586833e+07  5.80492681e+07  1.56e+00 2.91e-10  1.61e+01     0s
  13   5.80618765e+07  5.80519696e+07  1.29e+00 3.02e-10  1.39e+01     0s
  14   5.80726960e+07  5.80719652e+07  5.12e-01 1.76e-08  4.91e+00     0s
  15   5.80746557e+07  5.80758193e+07  3.78e-01 1.34e-10  3.26e+00     0s
  16   5.80758968e+07  5.80777461e+07  3.02e-01 8.73e-11  2.47e+00     0s
  17   5.80775603e+07  5.80791970e+07  2.00e-01 6.91e-11  1.63e+00     0s
  18   5.80782005e+07  5.80796918e+07  1.64e-01 5.46e-11  1.36e+00     0s
  19   5.80785083e+07  5.80803039e+07  1.47e-01 7.28e-11  1.19e+00     0s
  20   5.80786425e+07  5.80804308e+07  1.41e-01 5.09e-11  1.15e+00     0s
  21   5.80789527e+07  5.80810179e+07  1.28e-01 1.51e-10  1.02e+00     0s
  22   5.80792125e+07  5.80812977e+07  1.17e-01 3.46e-10  9.41e-01     0s
  23   5.80794802e+07  5.80815052e+07  1.06e-01 3.42e-10  8.46e-01     0s
  24   5.80795954e+07  5.80821454e+07  1.00e-01 1.09e-10  7.88e-01     0s
  25   5.80797053e+07  5.80825063e+07  9.66e-02 3.49e-09  6.90e-01     0s
  26   5.80798166e+07  5.80824368e+07  9.40e-02 2.82e-09  6.62e-01     0s
  27   5.80798893e+07  5.80833382e+07  8.79e-02 1.64e-09  5.82e-01     0s
  28   5.80801638e+07  5.80835009e+07  8.02e-02 1.18e-08  4.29e-01     0s
  29   5.80802776e+07  5.80831027e+07  7.69e-02 5.03e-09  3.97e-01     0s
  30   5.80805681e+07  5.80845798e+07  7.34e-02 4.28e-09  4.38e-01     0s
  31   5.80806594e+07  5.80846178e+07  7.18e-02 4.39e-09  4.26e-01     0s
  32   5.80807412e+07  5.80846808e+07  7.05e-02 5.82e-10  4.16e-01     0s
  33   5.80808168e+07  5.80848405e+07  6.93e-02 2.32e-09  4.05e-01     0s
  34   5.80810021e+07  5.80851369e+07  6.65e-02 1.11e-09  3.82e-01     0s
  35   5.80811212e+07  5.80854423e+07  6.48e-02 3.33e-09  3.68e-01     0s
  36   5.80813489e+07  5.80855502e+07  6.15e-02 1.37e-08  3.11e-01     0s
  37   5.80814401e+07  5.80855799e+07  6.03e-02 1.19e-08  2.97e-01     0s
  38   5.80814955e+07  5.80863766e+07  5.88e-02 1.22e-08  2.81e-01     0s
  39   5.80817267e+07  5.80867105e+07  5.62e-02 9.20e-09  2.01e-01     0s
  40   5.80819774e+07  5.80869260e+07  5.34e-02 9.12e-09  1.91e-01     0s
  41   5.80821242e+07  5.80876328e+07  5.17e-02 8.40e-09  1.75e-01     0s
  42   5.80822757e+07  5.80876560e+07  5.04e-02 8.37e-09  1.77e-01     0s
  43   5.80828052e+07  5.80879363e+07  4.59e-02 8.63e-09  1.64e-01     0s
  44   5.80828370e+07  5.80881653e+07  4.55e-02 1.76e-09  1.49e-01     0s
  45   5.80830675e+07  5.80882399e+07  4.36e-02 2.51e-08  1.42e-01     0s
  46   5.80830905e+07  5.80895779e+07  4.33e-02 2.19e-08  1.43e-01     0s
  47   5.80835353e+07  5.80894437e+07  4.03e-02 1.41e-07  1.22e-01     0s
  48   5.80837802e+07  5.80899151e+07  3.98e-02 5.11e-09  1.72e-01     0s
  49   5.80841190e+07  5.80902945e+07  3.76e-02 4.90e-09  1.58e-01     0s
  50   5.80843452e+07  5.80891449e+07  3.62e-02 1.47e-08  2.34e-01     0s
  51   5.80843796e+07  5.80895465e+07  3.60e-02 1.16e-08  2.19e-01     0s
  52   5.80844940e+07  5.80904893e+07  3.53e-02 7.36e-09  1.93e-01     0s
  53   5.80845895e+07  5.80908980e+07  3.46e-02 7.33e-09  1.82e-01     0s
  54   5.80849822e+07  5.80908765e+07  3.24e-02 3.11e-07  1.57e-01     0s
  55   5.80854869e+07  5.80914648e+07  2.99e-02 2.04e-07  1.34e-01     0s
  56   5.80856104e+07  5.80916735e+07  2.92e-02 2.09e-07  1.17e-01     0s
  57   5.80856990e+07  5.80925680e+07  2.87e-02 2.10e-07  1.12e-01     0s
  58   5.80862340e+07  5.80922145e+07  2.66e-02 2.33e-07  1.28e-01     0s
  59   5.80863061e+07  5.80926955e+07  2.63e-02 2.21e-07  1.09e-01     0s
  60   5.80865545e+07  5.80929709e+07  2.55e-02 5.09e-09  1.16e-01     0s
  61   5.80867660e+07  5.80930448e+07  2.47e-02 2.01e-07  1.09e-01     0s
  62   5.80870319e+07  5.80933578e+07  2.38e-02 1.25e-08  1.06e-01     0s
  63   5.80870304e+07  5.80940294e+07  2.38e-02 9.51e-08  9.94e-02     0s
  64   5.80874861e+07  5.80940862e+07  2.25e-02 2.04e-07  1.12e-01     0s
  65   5.80878369e+07  5.80947214e+07  2.12e-02 1.22e-07  1.16e-01     0s
  66   5.80885225e+07  5.80957243e+07  1.94e-02 2.72e-08  1.11e-01     0s
  67   5.80888253e+07  5.80962298e+07  1.86e-02 1.83e-04  6.16e-02     0s
  68   5.80889200e+07  5.80960603e+07  1.84e-02 1.78e-04  6.18e-02     0s
  69   5.80891798e+07  5.80963071e+07  1.77e-02 1.74e-04  5.79e-02     0s
  70   5.80893883e+07  5.80964356e+07  1.72e-02 7.11e-07  5.51e-02     0s
  71   5.80899850e+07  5.80965150e+07  1.58e-02 7.17e-07  5.63e-02     0s
  72   5.80899918e+07  5.80974285e+07  1.58e-02 6.19e-07  6.03e-02     0s
  73   5.80910778e+07  5.80974344e+07  1.35e-02 3.70e-07  5.26e-02     0s
  74   5.80912881e+07  5.80977714e+07  1.30e-02 7.03e-07  4.99e-02     0s
  75   5.80923361e+07  5.80979320e+07  1.10e-02 7.54e-07  4.29e-02     0s
  76   5.80925950e+07  5.80978611e+07  1.05e-02 8.97e-06  4.80e-02     0s
  77   5.80927200e+07  5.80986064e+07  1.02e-02 8.90e-06  3.84e-02     0s
  78   5.80929892e+07  5.80986366e+07  9.73e-03 1.25e-05  2.67e-02     0s
  79   5.80938616e+07  5.80986868e+07  8.24e-03 1.31e-05  1.92e-02     0s
  80   5.80941116e+07  5.80987081e+07  7.82e-03 8.70e-06  1.88e-02     0s
  81   5.80941327e+07  5.80994535e+07  7.77e-03 8.64e-06  1.79e-02     0s
  82   5.80955969e+07  5.80988145e+07  5.64e-03 6.71e-06  6.56e-02     0s
  83   5.80959080e+07  5.80994005e+07  5.18e-03 3.23e-06  2.02e-02     0s
  84   5.80959209e+07  5.81004084e+07  5.16e-03 2.01e-07  1.94e-02     0s
  85   5.80988666e+07  5.80994175e+07  4.68e-03 2.08e-07  7.90e-01     0s
  86   5.80989789e+07  5.80998489e+07  3.76e-03 6.47e-08  6.05e-01     0s
  87   5.80995409e+07  5.81003972e+07  2.07e-03 1.41e-08  2.87e-01     0s
  88   5.80995931e+07  5.81004010e+07  1.95e-03 1.34e-08  2.71e-01     0s
  89   5.81000877e+07  5.81007718e+07  1.06e-03 2.75e-08  1.21e-01     0s
  90   5.81010088e+07  5.81010058e+07  2.71e-05 6.40e-08  9.70e-03     0s
  91   5.81010272e+07  5.81010272e+07  1.54e-09 4.24e-08  2.10e-06     0s
  92   5.81010272e+07  5.81010272e+07  4.11e-13 1.28e-08  1.76e-10     0s

Barrier solved model in 92 iterations and 0.18 seconds (0.19 work units)
Optimal objective 5.81010272e+07

Crossover time: 0.01 seconds (0.01 work units)

Root relaxation: objective 5.810103e+07, 113 iterations, 0.12 seconds (0.13 work units)

    Nodes    |    Current Node    |     Objective Bounds      |     Work
 Expl Unexpl |  Obj  Depth IntInf | Incumbent    BestBd   Gap | It/Node Time

     0     0 5.8101e+07    0   14 5.9150e+07 5.8101e+07  1.77%     -    0s

Cutting planes:
  Gomory: 5
  Implied bound: 13
  MIR: 3
  Flow cover: 3

Explored 1 nodes (121 simplex iterations) in 0.25 seconds (0.27 work units)
Thread count was 10 (of 10 available processors)

Solution count 2: 5.915e+07 5.915e+07 

Optimal solution found (tolerance 5.00e-03)
Best objective 5.915000000000e+07, best bound 5.915000000000e+07, gap 0.0000%
