
Gurobi 13.0.3 (mac64[arm]) logging started Sat Sep 26 12:18:36 2026

Set parameter LogFile to value "/Users/ashutosh/Desktop/Two-stage-Model/certainty_results/full/solves/wnw_5_25_40M_phase2.log"
Gurobi Optimizer version 13.0.3 build v13.0.3rc0 (mac64[arm] - Darwin 27.0.0 26A428)

CPU model: Apple M1 Pro
Thread count: 10 physical cores, 10 logical processors, using up to 10 threads

Non-default parameters:
TimeLimit  21600
MIPGap  0.005
Method  2
LogToConsole  0

Optimize a model with 13533 rows, 5548 columns and 38765 nonzeros (Min)
Model fingerprint: 0xfe814566
Model has 724 linear objective coefficients
Variable types: 3498 continuous, 2050 integer (1688 binary)
Coefficient statistics:
  Matrix range     [1e-03, 1e+05]
  Objective range  [2e+04, 1e+05]
  Bounds range     [1e+00, 3e+00]
  RHS range        [1e-02, 4e+07]

Loaded user MIP start with objective 3.995e+07
MIP start from previous solve did not produce a new incumbent solution

Presolve removed 12162 rows and 3957 columns
Presolve time: 0.05s
Presolved: 1371 rows, 1591 columns, 6281 nonzeros
Variable types: 1374 continuous, 217 integer (217 binary)
Root barrier log...

Ordering time: 0.00s

Barrier statistics:
 AA' NZ     : 1.475e+04
 Factor NZ  : 5.709e+04 (roughly 2 MB of memory)
 Factor Ops : 4.422e+06 (less than 1 second per iteration)
 Threads    : 10

                  Objective                Residual
Iter       Primal          Dual         Primal    Dual     Compl     Time
   0   6.41581916e+07 -2.59746627e+07  6.41e+04 4.55e-13  1.79e+06     0s
   1   4.35941670e+07 -2.44271157e+07  1.79e+04 1.28e+03  5.15e+05     0s
   2   3.41893718e+07 -1.13147782e+07  4.69e+02 3.12e+01  2.47e+04     0s
   3   3.34362734e+07  2.61954528e+07  1.13e+02 7.13e-01  3.90e+03     0s
   4   3.34130990e+07  3.05579651e+07  1.03e+02 1.40e-01  2.25e+03     0s
   5   3.34293081e+07  3.08657447e+07  9.66e+01 1.32e-01  2.11e+03     0s
   6   3.34615057e+07  3.09623864e+07  8.28e+01 1.10e-01  1.83e+03     0s
   7   3.35717604e+07  3.21078265e+07  5.19e+01 4.56e-02  1.07e+03     0s
   8   3.39073314e+07  3.23782982e+07  5.01e+01 4.40e-02  1.12e+03     0s
   9   3.39445165e+07  3.34107764e+07  3.25e+01 2.08e-11  5.65e+02     0s
  10   3.42804849e+07  3.37998208e+07  1.26e+01 1.00e-10  3.00e+02     0s
  11   3.42815740e+07  3.41338064e+07  7.41e+00 3.11e-11  1.33e+02     0s
  12   3.42872566e+07  3.42113820e+07  4.43e+00 1.67e-11  7.24e+01     0s
  13   3.43116518e+07  3.42276059e+07  1.77e+00 7.38e-11  4.33e+01     0s
  14   3.43095642e+07  3.42866786e+07  1.51e+00 3.13e-11  2.58e+01     0s
  15   3.43182621e+07  3.42931782e+07  9.38e-01 5.04e-11  1.98e+01     0s
  16   3.43164832e+07  3.43142235e+07  4.75e-01 6.43e-11  8.84e+00     0s
  17   3.43163057e+07  3.43335729e+07  3.94e-01 5.82e-11  7.37e+00     0s
  18   3.43162939e+07  3.43676233e+07  3.79e-01 1.16e-10  7.04e+00     0s
  19   3.43163103e+07  3.43942248e+07  3.70e-01 2.04e-10  6.80e+00     0s
  20   3.43164061e+07  3.44733483e+07  3.62e-01 5.82e-10  6.37e+00     0s
  21   3.43174053e+07  3.46006625e+07  3.57e-01 6.98e-10  5.88e+00     0s
  22   3.43214316e+07  3.45794979e+07  3.53e-01 3.73e-09  6.12e+00     0s
  23   3.43252280e+07  3.46020893e+07  3.48e-01 4.54e-09  6.10e+00     0s
  24   3.43271619e+07  3.46477695e+07  3.46e-01 4.70e-08  5.76e+00     0s
  25   3.43292029e+07  3.46511760e+07  3.44e-01 4.83e-08  5.73e+00     0s
  26   3.43318911e+07  3.46819444e+07  3.41e-01 6.43e-08  5.66e+00     0s
  27   3.43343548e+07  3.47019911e+07  3.39e-01 6.40e-08  5.59e+00     0s
  28   3.43416016e+07  3.47057454e+07  3.33e-01 6.43e-08  5.81e+00     0s
  29   3.44239329e+07  3.47104033e+07  2.60e-01 1.63e-06  3.70e+00     0s
  30   3.44242196e+07  3.47517429e+07  2.60e-01 2.22e-07  3.70e+00     0s
  31   3.44243035e+07  3.47120276e+07  2.60e-01 2.22e-07  3.69e+00     0s
  32   3.44243355e+07  3.47212671e+07  2.60e-01 2.22e-07  3.69e+00     0s
  33   2.79753313e+08 -3.17555256e+07  6.41e+05 4.55e-13  1.93e+07     0s
  34   3.52493233e+07 -1.33470653e+08  2.32e+04 9.09e-12  1.42e+06     0s
  35   3.37532001e+07 -7.36344329e+07  5.46e+02 2.00e-11  5.98e+04     0s
  36   3.33042273e+07  1.65226572e+07  1.05e+02 2.91e-11  8.64e+03     0s
  37   3.39128899e+07  2.27712165e+07  6.91e+01 1.78e-10  5.33e+03     0s
  38   3.38481039e+07  2.45468286e+07  5.45e+01 1.30e-10  4.27e+03     0s
  39   3.39799537e+07  2.46903017e+07  4.94e+01 1.34e-10  4.11e+03     0s
  40   3.39722261e+07  3.07208483e+07  3.15e+01 1.10e-10  1.73e+03     0s
  41   3.41951463e+07  3.09347161e+07  1.92e+01 8.57e-11  1.40e+03     0s
  42   3.42643855e+07  3.23249832e+07  1.20e+01 2.07e-10  8.16e+02     0s
  43   3.42918183e+07  3.30837191e+07  4.57e+00 8.05e-11  4.29e+02     0s
  44   3.42966957e+07  3.34659502e+07  3.57e+00 1.07e-10  3.02e+02     0s
  45   3.43018469e+07  3.40846345e+07  1.53e+00 4.33e-11  8.87e+01     0s
  46   3.43414775e+07  3.41104607e+07  1.10e+00 5.07e-11  8.56e+01     0s
  47   3.43280249e+07  3.42656228e+07  5.52e-01 9.46e-11  3.01e+01     0s
  48   3.43263739e+07  3.42913952e+07  4.73e-01 7.28e-11  2.61e+01     0s
  49   3.43250434e+07  3.43217456e+07  4.10e-01 1.75e-10  2.33e+01     0s
  50   3.43247820e+07  3.43360331e+07  3.91e-01 1.46e-10  2.21e+01     0s
  51   3.43247557e+07  3.43511077e+07  3.85e-01 1.75e-10  2.17e+01     0s
  52   3.43248008e+07  3.43596701e+07  3.80e-01 2.04e-10  2.13e+01     0s
  53   3.43249126e+07  3.44578484e+07  3.75e-01 8.15e-10  2.13e+01     0s
  54   3.43267570e+07  3.45308599e+07  3.64e-01 1.28e-09  2.01e+01     0s
  55   3.43301096e+07  3.46039382e+07  3.59e-01 3.97e-08  1.97e+01     0s
  56   3.43368928e+07  3.45917713e+07  3.52e-01 7.19e-08  1.96e+01     0s
  57   3.43376708e+07  3.46209813e+07  3.51e-01 8.38e-08  1.90e+01     0s
  58   3.43418578e+07  3.46453876e+07  3.46e-01 9.03e-08  1.87e+01     0s
  59   3.43515769e+07  3.46737698e+07  3.36e-01 1.63e-07  1.80e+01     0s
  60   3.43559033e+07  3.46461735e+07  3.32e-01 1.85e-07  1.79e+01     0s
  61   3.43746302e+07  3.46771542e+07  3.14e-01 1.46e-07  1.69e+01     0s
  62   3.44013906e+07  3.46633521e+07  2.90e-01 4.55e-07  1.62e+01     0s
  63   3.44334714e+07  3.46881691e+07  2.60e-01 7.31e-07  1.34e+01     0s
  64   3.44354086e+07  3.47261420e+07  2.58e-01 7.31e-07  1.32e+01     0s
  65   3.44948070e+07  3.46915846e+07  2.10e-01 5.33e-07  1.32e+01     0s
  66   3.44954514e+07  3.47177027e+07  2.10e-01 9.33e-07  1.13e+01     0s
  67   3.44952951e+07  3.47518690e+07  2.09e-01 1.28e-07  1.12e+01     0s
  68   3.45017477e+07  3.47059450e+07  2.06e-01 1.28e-07  1.18e+01     0s
  69   3.45598162e+07  3.47635293e+07  1.60e-01 9.43e-08  6.58e+00     0s
  70   3.45609174e+07  3.49799944e+07  1.59e-01 3.08e-07  4.98e+00     0s
  71   3.45632442e+07  3.50223563e+07  1.59e-01 3.08e-07  5.32e+00     0s
  72   3.45697107e+07  3.49022338e+07  1.57e-01 1.25e-06  7.55e+00     0s
  73   3.45982353e+07  3.56835722e+07  1.52e-01 1.44e-07  7.20e+00     0s
  74   3.46201811e+07  3.56150489e+07  1.49e-01 4.16e-06  7.99e+00     0s
  75   3.47205483e+07  3.54869734e+07  1.36e-01 1.86e-06  1.45e+01     0s
  76   3.48140584e+07  3.54718207e+07  1.23e-01 1.84e-05  1.96e+01     0s
  77   3.48304334e+07  3.56545084e+07  1.21e-01 7.96e-06  1.05e+01     0s
  78   3.48577811e+07  3.57836675e+07  1.18e-01 1.32e-06  8.92e+00     0s
  79   3.48802317e+07  3.57948521e+07  1.15e-01 2.78e-06  8.53e+00     0s
  80   3.48859042e+07  3.58111922e+07  1.14e-01 1.96e-06  8.41e+00     0s
  81   3.48883568e+07  3.59334357e+07  1.14e-01 2.80e-06  8.39e+00     0s
  82   3.49080890e+07  3.59484592e+07  1.12e-01 3.00e-06  8.65e+00     0s
  83   3.49325330e+07  3.59401574e+07  1.09e-01 2.34e-06  8.58e+00     0s
  84   3.49457028e+07  3.59485908e+07  1.08e-01 1.99e-07  8.91e+00     0s
  85   3.49759097e+07  3.59594903e+07  1.05e-01 2.66e-06  9.14e+00     0s
  86   3.50297188e+07  3.59901589e+07  9.92e-02 8.75e-07  8.42e+00     0s
  87   3.50449913e+07  3.60409827e+07  9.77e-02 6.14e-06  8.80e+00     0s
  88   3.50463328e+07  3.60715319e+07  9.75e-02 6.52e-06  8.82e+00     0s
  89   3.50474425e+07  3.61088112e+07  9.74e-02 1.08e-07  8.87e+00     0s
  90   3.50545693e+07  3.60997413e+07  9.67e-02 4.21e-07  8.86e+00     0s
  91   3.50630536e+07  3.61531094e+07  9.58e-02 5.72e-07  8.73e+00     0s
  92   3.50740567e+07  3.62806570e+07  9.48e-02 1.62e-07  8.76e+00     0s
  93   3.50750592e+07  3.62632397e+07  9.47e-02 1.49e-07  8.90e+00     0s
  94   3.52108120e+07  3.60827132e+07  8.48e-02 2.02e-05  1.55e+01     0s
  95   3.52305035e+07  3.61311659e+07  8.32e-02 1.99e-06  1.42e+01     0s
  96   3.53996883e+07  3.62233993e+07  7.03e-02 8.56e-05  1.26e+01     0s
  97   3.54705157e+07  3.62382113e+07  6.48e-02 9.03e-05  1.17e+01     0s
  98   3.54854800e+07  3.63026033e+07  6.33e-02 6.83e-05  7.41e+00     0s
  99   3.54923823e+07  3.63213219e+07  6.27e-02 6.77e-05  7.23e+00     0s
 100   3.54937239e+07  3.63492208e+07  6.27e-02 6.78e-05  7.24e+00     0s
 101   3.54945148e+07  3.63428484e+07  6.26e-02 6.78e-05  7.23e+00     0s
 102   3.54963735e+07  3.63458259e+07  6.25e-02 1.68e-08  7.25e+00     0s
 103   3.54971120e+07  3.64965192e+07  6.24e-02 6.52e-08  7.25e+00     0s
 104   3.54979102e+07  3.65912110e+07  6.24e-02 1.49e-07  7.33e+00     0s
 105   3.54989205e+07  3.68406895e+07  6.23e-02 1.01e-07  7.52e+00     0s
 106   3.54993591e+07  3.70325490e+07  6.23e-02 6.33e-08  7.63e+00     0s
 107   3.55014985e+07  3.72842345e+07  6.23e-02 1.68e-07  7.91e+00     0s
 108   3.55061106e+07  3.76303282e+07  6.22e-02 1.42e-06  8.43e+00     0s

Barrier performed 108 iterations in 0.30 seconds (0.20 work units)
Sub-optimal termination - objective 3.55061106e+07

Crossover time: 0.04 seconds (0.07 work units)
Crossover changed status from Sub-Optimal to Optimal

Root relaxation: objective 3.937811e+07, 1803 iterations, 0.27 seconds (0.19 work units)

    Nodes    |    Current Node    |     Objective Bounds      |     Work
 Expl Unexpl |  Obj  Depth IntInf | Incumbent    BestBd   Gap | It/Node Time

     0     0 3.9378e+07    0   11 3.9950e+07 3.9378e+07  1.43%     -    0s
     0     0 3.9378e+07    0    8 3.9950e+07 3.9378e+07  1.43%     -    0s
     0     0          -    0      3.9950e+07 3.9852e+07  0.25%     -    0s

Cutting planes:
  MIR: 1

Explored 1 nodes (1823 simplex iterations) in 0.40 seconds (0.30 work units)
Thread count was 10 (of 10 available processors)

Solution count 1: 3.995e+07 

Optimal solution found (tolerance 5.00e-03)
Best objective 3.995000000000e+07, best bound 3.987500000000e+07, gap 0.1877%
