
Gurobi 13.0.3 (mac64[arm]) logging started Sat Sep 26 12:17:53 2026

Set parameter LogFile to value "/Users/ashutosh/Desktop/Two-stage-Model/certainty_results/full/solves/wnw_5_10_40M_phase2.log"
Gurobi Optimizer version 13.0.3 build v13.0.3rc0 (mac64[arm] - Darwin 27.0.0 26A428)

CPU model: Apple M1 Pro
Thread count: 10 physical cores, 10 logical processors, using up to 10 threads

Non-default parameters:
TimeLimit  21600
MIPGap  0.005
Method  2
LogToConsole  0

Optimize a model with 13558 rows, 5548 columns and 38840 nonzeros (Min)
Model fingerprint: 0x43dbfe1e
Model has 724 linear objective coefficients
Variable types: 3498 continuous, 2050 integer (1688 binary)
Coefficient statistics:
  Matrix range     [1e-03, 1e+05]
  Objective range  [2e+04, 1e+05]
  Bounds range     [1e+00, 3e+00]
  RHS range        [1e-02, 4e+07]

Loaded user MIP start with objective 3.99e+07
MIP start from previous solve did not produce a new incumbent solution

Presolve removed 11352 rows and 3806 columns
Presolve time: 0.06s
Presolved: 2206 rows, 1742 columns, 8601 nonzeros
Variable types: 1482 continuous, 260 integer (260 binary)
Root barrier log...

Ordering time: 0.00s

Barrier statistics:
 AA' NZ     : 3.233e+04
 Factor NZ  : 1.016e+05 (roughly 2 MB of memory)
 Factor Ops : 9.536e+06 (less than 1 second per iteration)
 Threads    : 10

                  Objective                Residual
Iter       Primal          Dual         Primal    Dual     Compl     Time
   0   1.40877951e+08 -1.99577252e+08  3.67e+04 9.09e-13  2.64e+06     0s
   1   7.41080168e+07 -1.96552221e+08  1.62e+04 4.77e+03  1.19e+06     0s
   2   9.07031592e+06 -1.80104388e+08  4.66e+02 7.40e+01  7.24e+04     0s
   3   7.65094269e+06 -4.33373618e+07  3.45e+02 1.15e+01  2.75e+04     0s
   4   5.00203603e+06 -2.68660910e+07  1.32e+02 5.74e+00  1.27e+04     0s
   5   3.20580402e+06 -2.67060854e+06  3.15e+01 3.19e-01  2.29e+03     0s
   6   2.77390739e+06  9.55118460e+05  1.46e+01 6.80e-02  8.58e+02     0s
   7   2.64879605e+06  1.72553676e+06  9.87e+00 3.75e-02  5.35e+02     0s
   8   2.61623126e+06  2.08292924e+06  8.18e+00 2.92e-02  4.31e+02     0s
   9   2.62498408e+06  2.79265749e+06  7.05e+00 2.03e-02  3.49e+02     0s
  10   2.63853014e+06  3.22437137e+06  6.41e+00 1.81e-02  3.10e+02     0s
  11   2.67976416e+06  3.82124822e+06  6.18e+00 1.68e-02  3.03e+02     0s
  12   2.69564065e+06  4.62248061e+06  6.04e+00 1.57e-02  2.97e+02     0s
  13   2.77980562e+06  4.88560722e+06  5.76e+00 1.53e-02  2.81e+02     0s
  14   2.81097064e+06  4.91699870e+06  5.66e+00 1.53e-02  2.75e+02     0s
  15   2.88745424e+06  5.25350529e+06  5.49e+00 1.37e-02  2.62e+02     0s
  16   2.95408548e+06  5.67492334e+06  5.35e+00 1.32e-02  2.54e+02     0s
  17   3.05364319e+06  6.11386439e+06  5.19e+00 1.27e-02  2.46e+02     0s
  18   3.21117818e+06  6.24112712e+06  4.96e+00 1.22e-02  2.35e+02     0s
  19   3.28719288e+06  6.34096471e+06  4.85e+00 1.18e-02  2.28e+02     0s
  20   3.48000599e+06  6.64645737e+06  4.57e+00 1.04e-02  2.10e+02     0s
  21   3.59691537e+06  7.11235827e+06  4.40e+00 9.84e-03  1.98e+02     0s
  22   3.68057905e+06  7.95347169e+06  4.30e+00 9.38e-03  1.90e+02     0s
  23   3.84372888e+06  8.12762985e+06  4.14e+00 9.27e-03  1.83e+02     0s
  24   3.94045287e+06  8.51974982e+06  4.06e+00 8.82e-03  1.77e+02     0s
  25   4.07391908e+06  9.04177890e+06  3.95e+00 8.41e-03  1.69e+02     0s
  26   4.16399131e+06  9.57992201e+06  3.88e+00 8.06e-03  1.67e+02     0s
  27   4.25838317e+06  9.81377339e+06  3.83e+00 7.96e-03  1.68e+02     0s
  28   4.39578229e+06  1.00536432e+07  3.75e+00 7.90e-03  1.71e+02     0s
  29   1.05121742e+09 -1.99577252e+08  3.67e+05 9.09e-13  2.58e+07     0s
  30   4.45761984e+08 -2.33736619e+08  1.73e+05 4.59e+03  1.24e+07     0s
  31   3.48858988e+07 -2.91266564e+08  4.19e+03 1.64e-11  3.74e+05     0s
  32   1.40320673e+07 -2.17277395e+08  2.40e+02 1.82e-11  6.61e+04     0s
  33   1.26505353e+07 -3.56394019e+07  1.82e+02 1.82e-11  1.77e+04     0s
  34   7.00307989e+06 -1.05904337e+07  7.03e+01 4.37e-11  6.12e+03     0s
  35   3.95744208e+06 -3.30764375e+05  2.16e+01 1.49e-10  1.53e+03     0s
  36   3.28708761e+06  1.35958541e+06  1.23e+01 2.62e-10  7.71e+02     0s
  37   3.04750623e+06  2.03189207e+06  8.97e+00 1.60e-10  5.40e+02     0s
  38   2.98498529e+06  2.60847855e+06  7.01e+00 2.04e-10  4.36e+02     0s
  39   2.97387779e+06  3.24630473e+06  6.61e+00 1.75e-09  3.99e+02     0s
  40   3.03127118e+06  4.58467872e+06  6.13e+00 9.31e-10  3.81e+02     0s
  41   3.16753019e+06  4.99016023e+06  5.61e+00 3.84e-09  3.44e+02     0s
  42   3.26670238e+06  5.21951543e+06  5.40e+00 4.07e-09  3.36e+02     0s
  43   3.30242604e+06  5.63334513e+06  5.30e+00 4.07e-09  3.28e+02     0s
  44   3.42722289e+06  6.07559681e+06  5.06e+00 1.07e-08  3.10e+02     0s
  45   3.59882266e+06  6.26020186e+06  4.79e+00 1.59e-08  2.93e+02     0s
  46   3.67172357e+06  6.47414027e+06  4.68e+00 2.72e-08  2.82e+02     0s
  47   3.74941382e+06  6.89437702e+06  4.56e+00 3.06e-08  2.71e+02     0s
  48   3.92220307e+06  7.43434348e+06  4.32e+00 2.82e-08  2.54e+02     0s
  49   3.97028315e+06  7.98157346e+06  4.28e+00 5.10e-08  2.53e+02     0s
  50   4.05889596e+06  8.37128178e+06  4.19e+00 4.91e-08  2.46e+02     0s
  51   4.15950580e+06  8.85670321e+06  4.10e+00 6.59e-08  2.39e+02     0s
  52   4.25282087e+06  9.14903400e+06  4.02e+00 3.42e-08  2.36e+02     0s
  53   4.36975175e+06  9.49134371e+06  3.93e+00 3.31e-08  2.30e+02     0s
  54   4.52665196e+06  1.08884468e+07  3.82e+00 2.93e-08  2.23e+02     0s
  55   4.74807514e+06  1.11958449e+07  3.70e+00 2.37e-08  2.19e+02     0s
  56   4.95330908e+06  1.11764762e+07  3.59e+00 3.28e-08  2.13e+02     0s
  57   5.21034215e+06  1.14792507e+07  3.46e+00 4.59e-08  2.03e+02     0s
  58   5.27047161e+06  1.17078731e+07  3.43e+00 4.98e-08  2.00e+02     0s
  59   5.57269738e+06  1.18664224e+07  3.28e+00 5.73e-08  1.97e+02     0s
  60   5.76372143e+06  1.19708073e+07  3.19e+00 4.07e-08  1.92e+02     0s
  61   5.80013182e+06  1.24797176e+07  3.17e+00 7.73e-08  1.87e+02     0s
  62   6.21807018e+06  1.28309142e+07  3.02e+00 8.43e-08  1.95e+02     0s
  63   6.46735309e+06  1.21542631e+07  2.92e+00 6.43e-08  2.07e+02     0s
  64   6.51442196e+06  1.27074538e+07  2.90e+00 6.33e-08  2.01e+02     0s
  65   6.70942850e+06  1.32589629e+07  2.82e+00 8.36e-08  1.94e+02     0s
  66   6.76635768e+06  1.38253294e+07  2.79e+00 7.54e-08  1.87e+02     0s
  67   7.00805310e+06  1.36024788e+07  2.70e+00 1.26e-07  1.86e+02     0s
  68   7.06746231e+06  1.40256793e+07  2.69e+00 1.97e-07  1.86e+02     0s
  69   7.21477698e+06  1.44669796e+07  2.64e+00 1.19e-07  1.84e+02     0s
  70   7.24023546e+06  1.46425703e+07  2.63e+00 1.21e-07  1.83e+02     0s
  71   7.40613364e+06  1.53341908e+07  2.58e+00 9.69e-08  1.78e+02     0s
  72   7.53425932e+06  1.58507397e+07  2.54e+00 1.00e-07  1.72e+02     0s
  73   7.76916695e+06  1.59854390e+07  2.47e+00 1.88e-07  1.67e+02     0s
  74   7.87273075e+06  1.61813991e+07  2.45e+00 1.80e-07  1.67e+02     0s
  75   8.10218046e+06  1.64831134e+07  2.38e+00 4.92e-07  1.59e+02     0s
  76   8.37603804e+06  1.66816040e+07  2.31e+00 3.53e-07  1.58e+02     0s
  77   8.41836515e+06  1.68279557e+07  2.30e+00 3.62e-07  1.56e+02     0s
  78   8.44917213e+06  1.70121757e+07  2.29e+00 4.12e-07  1.55e+02     0s
  79   8.53967723e+06  1.73328464e+07  2.27e+00 3.75e-07  1.54e+02     0s
  80   8.65781932e+06  1.79234574e+07  2.23e+00 3.60e-07  1.51e+02     0s
  81   8.68831088e+06  1.82989311e+07  2.23e+00 3.57e-07  1.60e+02     0s
  82   9.06399109e+06  1.77613936e+07  2.14e+00 3.90e-07  1.59e+02     0s
  83   9.43028881e+06  1.84129345e+07  2.07e+00 4.60e-07  1.54e+02     0s
  84   9.46659033e+06  1.87117612e+07  2.06e+00 4.08e-07  1.52e+02     0s
  85   9.47616643e+06  1.87845985e+07  2.06e+00 3.89e-07  1.52e+02     0s
  86   9.71773834e+06  1.89162347e+07  2.01e+00 3.80e-07  1.48e+02     0s
  87   9.74284922e+06  1.93416855e+07  2.00e+00 2.28e-07  1.47e+02     0s
  88   9.85314317e+06  1.92317349e+07  1.98e+00 2.78e-07  1.46e+02     0s
  89   9.95176098e+06  1.96133200e+07  1.96e+00 2.75e-07  1.45e+02     0s
  90   1.04088719e+07  1.97229120e+07  1.87e+00 1.89e-07  1.42e+02     0s
  91   1.04240024e+07  1.98184480e+07  1.87e+00 4.25e-07  1.39e+02     0s
  92   1.05128574e+07  1.99897249e+07  1.85e+00 2.83e-07  1.37e+02     0s
  93   1.08990537e+07  2.03169641e+07  1.78e+00 3.40e-07  1.34e+02     0s
  94   1.11639927e+07  2.05353792e+07  1.73e+00 2.03e-07  1.27e+02     0s
  95   1.14777488e+07  2.05743403e+07  1.68e+00 4.69e-07  1.22e+02     0s
  96   1.15617759e+07  2.11940950e+07  1.66e+00 3.26e-07  1.18e+02     0s
  97   1.16133823e+07  2.14862444e+07  1.65e+00 3.01e-07  1.18e+02     0s
  98   1.16827509e+07  2.16950143e+07  1.64e+00 3.23e-07  1.17e+02     0s
  99   1.18135643e+07  2.18990827e+07  1.62e+00 1.26e-07  1.17e+02     0s
 100   1.18174928e+07  2.20711083e+07  1.62e+00 1.26e-07  1.17e+02     0s
 101   1.20046149e+07  2.29781480e+07  1.59e+00 3.65e-07  1.14e+02     0s
 102   1.22669523e+07  2.28681318e+07  1.56e+00 7.05e-07  1.12e+02     0s
 103   1.22943770e+07  2.34835772e+07  1.55e+00 6.39e-07  1.10e+02     0s
 104   1.31361330e+07  2.35354903e+07  1.44e+00 1.11e-06  1.05e+02     0s
 105   1.31975372e+07  2.37429983e+07  1.43e+00 4.01e-06  1.00e+02     0s
 106   1.32477234e+07  2.36408693e+07  1.43e+00 3.94e-06  1.01e+02     0s
 107   1.33010969e+07  2.37132528e+07  1.42e+00 3.83e-06  1.00e+02     0s
 108   1.34972657e+07  2.38779589e+07  1.39e+00 2.92e-07  9.93e+01     0s
 109   1.39919394e+07  2.38332411e+07  1.33e+00 6.40e-07  9.90e+01     0s
 110   1.41281323e+07  2.39014145e+07  1.31e+00 1.24e-06  9.74e+01     0s
 111   1.41639727e+07  2.41024228e+07  1.31e+00 1.69e-07  9.55e+01     0s
 112   1.41840711e+07  2.43858592e+07  1.31e+00 1.74e-07  9.53e+01     0s
 113   1.42146246e+07  2.46727376e+07  1.30e+00 1.69e-07  9.52e+01     0s
 114   1.42664057e+07  2.48049508e+07  1.30e+00 1.69e-07  9.58e+01     0s
 115   1.46150431e+07  2.49093097e+07  1.26e+00 4.34e-07  1.02e+02     0s
 116   1.48046326e+07  2.53166477e+07  1.24e+00 2.48e-07  1.02e+02     0s
 117   1.52666073e+07  2.60435425e+07  1.19e+00 7.97e-07  1.11e+02     0s
 118   1.55045296e+07  2.72752865e+07  1.17e+00 8.49e-07  1.11e+02     0s
 119   1.55300030e+07  2.75664244e+07  1.17e+00 1.49e-08  1.11e+02     0s
 120   1.57017783e+07  2.78422282e+07  1.15e+00 1.51e-07  1.16e+02     0s
 121   1.58798544e+07  2.87681566e+07  1.14e+00 3.69e-07  1.18e+02     0s
 122   1.64901134e+07  2.87206519e+07  1.09e+00 8.21e-07  1.19e+02     0s
 123   1.66178752e+07  3.01088696e+07  1.07e+00 2.72e-06  1.25e+02     0s
 124   1.70149234e+07  2.97237160e+07  1.04e+00 2.18e-06  1.23e+02     0s
 125   1.74512039e+07  3.01362181e+07  1.01e+00 2.42e-06  1.15e+02     0s
 126   1.74855374e+07  3.03247243e+07  1.01e+00 2.18e-06  1.14e+02     0s
 127   1.75427753e+07  3.06967804e+07  1.00e+00 2.10e-06  1.13e+02     0s
 128   1.77262017e+07  3.10970307e+07  9.89e-01 2.19e-06  1.11e+02     0s
 129   1.77329375e+07  3.13405481e+07  9.88e-01 4.47e-08  1.11e+02     0s
 130   1.79949367e+07  3.15431043e+07  9.69e-01 1.86e-07  1.09e+02     0s
 131   1.88293654e+07  3.17047380e+07  9.11e-01 3.58e-07  1.05e+02     0s
 132   1.89630588e+07  3.17972326e+07  9.02e-01 1.28e-06  1.01e+02     0s
 133   1.93438973e+07  3.18885290e+07  8.76e-01 8.98e-07  9.75e+01     0s
 134   1.99201849e+07  3.19100284e+07  8.37e-01 1.22e-06  9.24e+01     0s
 135   2.05669020e+07  3.19362341e+07  7.92e-01 2.87e-06  8.51e+01     0s
 136   2.06580406e+07  3.20152283e+07  7.86e-01 3.91e-06  8.14e+01     0s
 137   2.06773603e+07  3.25870554e+07  7.85e-01 4.09e-06  8.16e+01     0s
 138   2.08258622e+07  3.23469740e+07  7.75e-01 3.99e-06  8.10e+01     0s
 139   2.13311055e+07  3.26046145e+07  7.42e-01 3.27e-06  7.71e+01     0s
 140   2.13674359e+07  3.27407221e+07  7.40e-01 6.71e-06  7.45e+01     0s
 141   2.13948512e+07  3.31472250e+07  7.38e-01 7.09e-06  7.43e+01     0s
 142   2.14215599e+07  3.36550478e+07  7.36e-01 7.12e-06  7.45e+01     0s
 143   2.14828352e+07  3.38156419e+07  7.33e-01 3.02e-07  7.45e+01     0s
 144   2.19361681e+07  3.39013527e+07  7.07e-01 3.09e-07  7.54e+01     0s
 145   2.20780959e+07  3.40060935e+07  6.99e-01 2.24e-07  7.51e+01     0s
 146   2.28997006e+07  3.41244064e+07  6.53e-01 5.48e-07  7.44e+01     0s
 147   2.30625500e+07  3.42089926e+07  6.44e-01 4.99e-07  7.13e+01     0s
 148   2.31151298e+07  3.42757272e+07  6.41e-01 4.72e-06  6.93e+01     0s
 149   2.34034273e+07  3.43789197e+07  6.25e-01 2.05e-06  6.47e+01     0s
 150   2.34782839e+07  3.46829680e+07  6.21e-01 2.26e-05  5.95e+01     0s
 151   2.43728330e+07  3.47000691e+07  5.72e-01 2.34e-05  5.60e+01     0s
 152   2.44924405e+07  3.47189198e+07  5.65e-01 1.50e-05  5.36e+01     0s
 153   2.45570055e+07  3.47888357e+07  5.62e-01 1.36e-05  5.25e+01     0s
 154   2.59988598e+07  3.48021191e+07  4.83e-01 1.08e-05  4.76e+01     0s
 155   2.62344315e+07  3.48514350e+07  4.71e-01 1.91e-05  4.15e+01     0s
 156   2.63101467e+07  3.48722733e+07  4.67e-01 1.87e-05  4.13e+01     0s
 157   2.64365856e+07  3.48871448e+07  4.60e-01 1.88e-05  4.10e+01     0s
 158   2.65266579e+07  3.49850328e+07  4.55e-01 5.44e-06  4.01e+01     0s
 159   2.66041173e+07  3.50684352e+07  4.51e-01 1.07e-06  3.96e+01     0s
 160   2.67230276e+07  3.50584258e+07  4.45e-01 2.03e-06  3.91e+01     0s
 161   2.68687697e+07  3.51092657e+07  4.37e-01 4.65e-06  3.80e+01     0s
 162   2.72037560e+07  3.51331468e+07  4.19e-01 7.46e-06  3.65e+01     0s
 163   2.72909695e+07  3.51654492e+07  4.15e-01 9.97e-06  3.60e+01     0s
 164   2.77430408e+07  3.51695777e+07  3.91e-01 1.30e-05  3.42e+01     0s
 165   2.78005140e+07  3.51834410e+07  3.88e-01 1.34e-05  3.29e+01     0s
 166   2.78158676e+07  3.52652842e+07  3.87e-01 1.49e-05  3.28e+01     0s
 167   2.79709212e+07  3.53357183e+07  3.79e-01 1.73e-05  3.19e+01     0s
 168   2.81886842e+07  3.53676545e+07  3.68e-01 2.74e-06  3.09e+01     0s
 169   2.83160275e+07  3.53890181e+07  3.62e-01 6.98e-06  3.04e+01     0s
 170   2.83959985e+07  3.54219609e+07  3.58e-01 1.36e-05  2.99e+01     0s
 171   2.83996974e+07  3.55032780e+07  3.58e-01 1.16e-05  3.00e+01     0s
 172   2.84041338e+07  3.60602769e+07  3.57e-01 1.12e-05  3.12e+01     0s
 173   2.84136129e+07  3.63351198e+07  3.57e-01 5.14e-07  3.17e+01     0s
 174   2.84163186e+07  3.63562173e+07  3.57e-01 4.10e-07  3.19e+01     0s
 175   2.84364225e+07  3.66522433e+07  3.56e-01 1.62e-06  3.32e+01     0s

Barrier performed 175 iterations in 0.43 seconds (0.32 work units)
Numerical trouble encountered

Model may be infeasible or unbounded.  Consider using the
homogeneous algorithm (through parameter 'BarHomogeneous')

Crossover changed status from Numeric to Optimal

Extra simplex iterations after uncrush: 1

Root relaxation: objective 3.819468e+07, 2999 iterations, 0.56 seconds (0.59 work units)

    Nodes    |    Current Node    |     Objective Bounds      |     Work
 Expl Unexpl |  Obj  Depth IntInf | Incumbent    BestBd   Gap | It/Node Time

     0     0 3.8195e+07    0   28 3.9900e+07 3.8195e+07  4.27%     -    0s
     0     0 3.8195e+07    0   28 3.9900e+07 3.8195e+07  4.27%     -    0s
     0     0 3.8643e+07    0   31 3.9900e+07 3.8643e+07  3.15%     -    0s
     0     0 3.8643e+07    0   31 3.9900e+07 3.8643e+07  3.15%     -    0s
     0     0 3.8722e+07    0   32 3.9900e+07 3.8722e+07  2.95%     -    0s
     0     0 3.8731e+07    0   32 3.9900e+07 3.8731e+07  2.93%     -    0s
     0     0 3.8731e+07    0   32 3.9900e+07 3.8731e+07  2.93%     -    0s
     0     0 3.8798e+07    0   34 3.9900e+07 3.8798e+07  2.76%     -    1s
     0     0 3.8801e+07    0   34 3.9900e+07 3.8801e+07  2.75%     -    1s
     0     0 3.8803e+07    0   34 3.9900e+07 3.8803e+07  2.75%     -    1s
     0     0 3.8803e+07    0   33 3.9900e+07 3.8803e+07  2.75%     -    1s
     0     0 3.8803e+07    0   34 3.9900e+07 3.8803e+07  2.75%     -    1s
     0     0 3.8812e+07    0   36 3.9900e+07 3.8812e+07  2.73%     -    1s
     0     0 3.8817e+07    0   38 3.9900e+07 3.8817e+07  2.71%     -    1s
     0     0 3.8817e+07    0   37 3.9900e+07 3.8817e+07  2.71%     -    1s
     0     0 3.8830e+07    0   37 3.9900e+07 3.8830e+07  2.68%     -    1s
     0     0 3.8836e+07    0   36 3.9900e+07 3.8836e+07  2.67%     -    1s
     0     0 3.8836e+07    0   37 3.9900e+07 3.8836e+07  2.67%     -    1s
     0     0 3.8836e+07    0   37 3.9900e+07 3.8836e+07  2.67%     -    1s
     0     0 3.8836e+07    0   38 3.9900e+07 3.8836e+07  2.67%     -    1s
     0     0 3.8836e+07    0   38 3.9900e+07 3.8836e+07  2.67%     -    1s
     0     0 3.8836e+07    0   36 3.9900e+07 3.8836e+07  2.67%     -    1s
     0     2 3.8836e+07    0   36 3.9900e+07 3.8836e+07  2.67%     -    1s

Cutting planes:
  Cover: 3
  Implied bound: 6
  MIR: 38
  Flow cover: 4
  RLT: 8
  Relax-and-lift: 3

Explored 60 nodes (9976 simplex iterations) in 1.72 seconds (2.30 work units)
Thread count was 10 (of 10 available processors)

Solution count 1: 3.99e+07 

Optimal solution found (tolerance 5.00e-03)
Best objective 3.990000000000e+07, best bound 3.972500000000e+07, gap 0.4386%
