
Gurobi 13.0.3 (mac64[arm]) logging started Sat Sep 26 12:17:37 2026

Set parameter LogFile to value "/Users/ashutosh/Desktop/Two-stage-Model/certainty_results/full/solves/wnw_5_10_10M_phase2.log"
Gurobi Optimizer version 13.0.3 build v13.0.3rc0 (mac64[arm] - Darwin 27.0.0 26A428)

CPU model: Apple M1 Pro
Thread count: 10 physical cores, 10 logical processors, using up to 10 threads

Non-default parameters:
TimeLimit  21600
MIPGap  0.005
Method  2
LogToConsole  0

Optimize a model with 13558 rows, 5548 columns and 38840 nonzeros (Min)
Model fingerprint: 0x29be0445
Model has 724 linear objective coefficients
Variable types: 3498 continuous, 2050 integer (1688 binary)
Coefficient statistics:
  Matrix range     [1e-03, 1e+05]
  Objective range  [2e+04, 1e+05]
  Bounds range     [1e+00, 3e+00]
  RHS range        [1e-02, 1e+07]

Loaded user MIP start with objective 9.925e+06
MIP start from previous solve did not produce a new incumbent solution

Presolve removed 11350 rows and 3804 columns
Presolve time: 0.05s
Presolved: 2208 rows, 1744 columns, 8552 nonzeros
Variable types: 1484 continuous, 260 integer (260 binary)
Root barrier log...

Ordering time: 0.00s

Barrier statistics:
 AA' NZ     : 3.075e+04
 Factor NZ  : 9.299e+04 (roughly 2 MB of memory)
 Factor Ops : 7.867e+06 (less than 1 second per iteration)
 Threads    : 10

                  Objective                Residual
Iter       Primal          Dual         Primal    Dual     Compl     Time
   0   2.97250386e+08 -1.99552340e+08  1.04e+05 9.09e-13  7.29e+06     0s
   1   1.32597373e+08 -2.39497018e+08  4.85e+04 4.12e+03  3.47e+06     0s
   2   7.96088807e+06 -2.43806542e+08  2.19e+03 2.91e-11  2.09e+05     0s
   3   2.26747922e+06 -6.18420147e+07  1.32e+02 6.86e-10  2.09e+04     0s
   4   1.13847367e+06 -1.98912681e+07  4.98e+01 2.09e-10  6.50e+03     0s
   5   5.59941260e+05 -7.46644184e+06  2.10e+01 6.46e-11  2.41e+03     0s
   6   3.29760198e+05 -3.27808520e+06  1.15e+01 1.02e-09  1.14e+03     0s
   7   2.32346021e+05 -6.29414625e+05  7.74e+00 3.64e-10  4.80e+02     0s
   8   2.14604977e+05  9.62788061e+03  5.74e+00 6.98e-10  3.49e+02     0s
   9   2.62860973e+05  7.04267416e+05  5.26e+00 1.86e-09  3.08e+02     0s
  10   2.91165733e+05  9.55044298e+05  4.92e+00 2.33e-09  2.85e+02     0s
  11   3.31707917e+05  1.23196288e+06  4.80e+00 2.44e-09  2.83e+02     0s
  12   3.73632502e+05  1.36546937e+06  4.60e+00 2.50e-09  2.70e+02     0s
  13   3.99724529e+05  1.52647385e+06  4.55e+00 3.26e-09  2.66e+02     0s
  14   4.28520347e+05  1.53242549e+06  4.44e+00 3.09e-09  2.61e+02     0s
  15   5.01634924e+05  1.61869029e+06  4.18e+00 2.85e-09  2.47e+02     0s
  16   5.52221759e+05  1.73163715e+06  4.02e+00 2.85e-09  2.38e+02     0s
  17   5.99773996e+05  1.86999860e+06  3.91e+00 3.73e-09  2.30e+02     0s
  18   7.23285808e+05  2.15927739e+06  3.66e+00 3.32e-09  2.13e+02     0s
  19   8.12083799e+05  2.49493146e+06  3.47e+00 3.67e-09  2.02e+02     0s
  20   9.60672519e+05  2.63044791e+06  3.23e+00 6.40e-09  1.88e+02     0s
  21   1.01453393e+06  2.75499431e+06  3.14e+00 1.06e-08  1.79e+02     0s
  22   1.12285628e+06  2.85627009e+06  2.98e+00 1.20e-08  1.73e+02     0s
  23   1.19148144e+06  3.35890181e+06  2.88e+00 1.23e-08  1.64e+02     0s
  24   1.39413199e+06  3.61353922e+06  2.64e+00 1.05e-08  1.48e+02     0s
  25   1.53132825e+06  3.86331211e+06  2.51e+00 1.05e-08  1.42e+02     0s
  26   1.55502264e+06  3.95737167e+06  2.49e+00 1.07e-08  1.39e+02     0s
  27   1.56808042e+06  4.01133774e+06  2.47e+00 1.05e-08  1.38e+02     0s
  28   1.68775201e+06  3.69903993e+06  2.37e+00 1.13e-08  1.41e+02     0s
  29   1.75695823e+06  3.98014081e+06  2.30e+00 1.61e-08  1.34e+02     0s
  30   1.93205075e+06  4.04680588e+06  2.15e+00 1.58e-08  1.35e+02     0s
  31   2.12232713e+06  4.39912604e+06  2.01e+00 8.15e-08  1.20e+02     0s
  32   2.15453421e+06  4.53508339e+06  1.98e+00 1.01e-07  1.17e+02     0s
  33   2.22695926e+06  4.67704746e+06  1.93e+00 1.03e-07  1.13e+02     0s
  34   2.33376459e+06  4.88793472e+06  1.85e+00 9.34e-08  1.09e+02     0s
  35   2.42369351e+06  5.27762611e+06  1.80e+00 7.38e-08  1.04e+02     0s
  36   2.46721602e+06  5.33936477e+06  1.77e+00 9.13e-08  1.04e+02     0s
  37   2.67566812e+06  5.39708392e+06  1.67e+00 7.96e-08  1.05e+02     0s
  38   2.78100444e+06  5.69439989e+06  1.62e+00 1.06e-07  9.72e+01     0s
  39   3.08789808e+06  5.72748238e+06  1.46e+00 1.23e-07  8.94e+01     0s
  40   3.12389904e+06  5.78987678e+06  1.45e+00 5.96e-08  8.54e+01     0s
  41   3.15158133e+06  5.96347451e+06  1.43e+00 7.17e-08  8.27e+01     0s
  42   3.23935851e+06  5.93827806e+06  1.39e+00 1.13e-07  7.95e+01     0s
  43   3.50217315e+06  5.96110216e+06  1.28e+00 1.37e-07  7.85e+01     0s
  44   3.86398962e+06  6.13502975e+06  1.11e+00 3.69e-07  6.52e+01     0s
  45   3.90633484e+06  6.16947299e+06  1.09e+00 3.19e-07  6.24e+01     0s
  46   3.93391602e+06  6.26153297e+06  1.08e+00 3.24e-07  6.14e+01     0s
  47   3.99844551e+06  6.27095248e+06  1.05e+00 3.28e-07  6.06e+01     0s
  48   4.09087006e+06  6.43978449e+06  1.01e+00 3.10e-07  5.84e+01     0s
  49   4.35465125e+06  6.47198170e+06  9.13e-01 2.34e-07  5.84e+01     0s
  50   4.52415597e+06  6.54308748e+06  8.49e-01 4.47e-07  5.28e+01     0s
  51   4.73942525e+06  6.60596684e+06  7.68e-01 3.40e-07  4.56e+01     0s
  52   4.77989807e+06  6.67656047e+06  7.53e-01 2.92e-07  4.24e+01     0s
  53   4.82032567e+06  6.70540192e+06  7.37e-01 2.65e-07  4.15e+01     0s
  54   4.86542746e+06  6.73562613e+06  7.20e-01 2.67e-07  4.05e+01     0s
  55   4.92802613e+06  6.78978546e+06  6.97e-01 2.97e-07  3.86e+01     0s
  56   5.10371846e+06  6.86435201e+06  6.36e-01 5.22e-07  3.52e+01     0s
  57   5.14171553e+06  6.91268130e+06  6.23e-01 5.32e-07  3.37e+01     0s
  58   5.16236852e+06  6.95222606e+06  6.16e-01 4.90e-07  3.32e+01     0s
  59   5.20549394e+06  7.08743171e+06  6.01e-01 6.71e-07  3.19e+01     0s
  60   5.24629054e+06  7.02606289e+06  5.89e-01 7.53e-07  3.16e+01     0s
  61   5.25252047e+06  7.19484927e+06  5.87e-01 5.52e-07  3.09e+01     0s
  62   5.32512576e+06  7.12472528e+06  5.66e-01 1.24e-06  3.11e+01     0s
  63   5.38829036e+06  7.18290280e+06  5.51e-01 1.28e-06  3.20e+01     0s
  64   5.62462784e+06  7.10735475e+06  4.82e-01 7.97e-07  3.06e+01     0s
  65   5.65467552e+06  7.25510798e+06  4.74e-01 2.76e-07  2.37e+01     0s
  66   5.68722776e+06  7.29398682e+06  4.64e-01 3.04e-07  2.34e+01     0s
  67   5.72780948e+06  7.32352794e+06  4.53e-01 5.24e-07  2.22e+01     0s
  68   5.95562335e+06  7.32152283e+06  3.91e-01 8.76e-07  1.97e+01     0s
  69   5.96647409e+06  7.34461674e+06  3.88e-01 6.37e-07  1.86e+01     0s
  70   5.99905200e+06  7.35989007e+06  3.79e-01 6.94e-07  1.82e+01     0s
  71   6.07050758e+06  7.38716748e+06  3.59e-01 6.64e-07  1.70e+01     0s
  72   6.28032104e+06  7.39183099e+06  3.03e-01 1.09e-06  1.43e+01     0s
  73   6.50781500e+06  7.40340569e+06  2.45e-01 1.07e-06  1.36e+01     0s
  74   6.68171530e+06  7.42518671e+06  1.99e-01 2.97e-06  8.70e+00     0s
  75   6.71247645e+06  7.43247755e+06  1.91e-01 2.83e-06  8.29e+00     0s
  76   6.75706315e+06  7.44685360e+06  1.79e-01 2.67e-06  7.64e+00     0s
  77   6.76483619e+06  7.46631325e+06  1.77e-01 2.64e-06  7.56e+00     0s
  78   6.78154760e+06  7.47189750e+06  1.73e-01 2.56e-06  7.41e+00     0s
  79   6.79572400e+06  7.47286225e+06  1.69e-01 2.45e-06  7.28e+00     0s
  80   6.87633753e+06  7.47982647e+06  1.50e-01 2.33e-06  6.54e+00     0s
  81   6.94333337e+06  7.48165479e+06  1.33e-01 2.11e-06  5.85e+00     0s
  82   6.95212353e+06  7.48384653e+06  1.31e-01 1.65e-06  5.52e+00     0s
  83   6.95909807e+06  7.48385231e+06  1.29e-01 1.65e-06  5.45e+00     0s
  84   6.96320943e+06  7.48958729e+06  1.28e-01 1.70e-06  5.38e+00     0s
  85   6.99528506e+06  7.49403265e+06  1.21e-01 1.57e-06  5.13e+00     0s
  86   7.00976581e+06  7.49573059e+06  1.17e-01 1.50e-06  5.06e+00     0s
  87   7.01672242e+06  7.49715916e+06  1.16e-01 1.52e-06  4.87e+00     0s
  88   7.02920814e+06  7.50158374e+06  1.13e-01 2.17e-06  4.63e+00     0s
  89   7.03375104e+06  7.50445939e+06  1.12e-01 1.95e-06  4.56e+00     0s
  90   7.03828440e+06  7.50941245e+06  1.11e-01 2.06e-06  4.48e+00     0s
  91   7.04818585e+06  7.51508011e+06  1.08e-01 2.04e-06  4.34e+00     0s
  92   7.05370684e+06  7.51422447e+06  1.07e-01 1.92e-06  4.29e+00     0s
  93   7.05759054e+06  7.51590929e+06  1.06e-01 1.89e-06  4.25e+00     0s
  94   7.06048602e+06  7.51697651e+06  1.05e-01 2.09e-06  4.22e+00     0s
  95   7.06557144e+06  7.52007992e+06  1.04e-01 1.60e-07  4.19e+00     0s
  96   7.10543188e+06  7.52100562e+06  9.50e-02 1.34e-07  3.85e+00     0s
  97   7.11717296e+06  7.52511772e+06  9.23e-02 6.52e-08  3.73e+00     0s
  98   7.14227358e+06  7.52646993e+06  8.67e-02 9.87e-08  3.53e+00     0s
  99   7.19855341e+06  7.52593841e+06  7.42e-02 1.01e-06  3.04e+00     0s
 100   7.25094796e+06  7.52681519e+06  6.25e-02 3.18e-06  2.34e+00     0s
 101   7.26010385e+06  7.52758750e+06  6.04e-02 3.18e-06  2.24e+00     0s
 102   7.29585257e+06  7.52852877e+06  5.24e-02 3.13e-06  2.00e+00     0s
 103   7.29733820e+06  7.53081866e+06  5.21e-02 2.71e-06  1.95e+00     0s
 104   7.30921705e+06  7.53366026e+06  4.95e-02 2.55e-06  1.85e+00     0s
 105   7.48161325e+06  7.53339592e+06  1.19e-02 1.46e-06  9.12e-01     0s
 106   7.53477996e+06  7.53588924e+06  2.75e-04 2.34e-06  4.01e-02     0s
 107   7.53601884e+06  7.53601914e+06  1.73e-07 1.17e-06  1.11e-04     0s
 108   7.53601952e+06  7.53601952e+06  2.39e-12 1.75e-07  5.07e-10     0s

Barrier solved model in 108 iterations and 0.28 seconds (0.22 work units)
Optimal objective 7.53601952e+06

Crossover time: 0.01 seconds (0.02 work units)

Root relaxation: objective 7.536020e+06, 346 iterations, 0.22 seconds (0.15 work units)

    Nodes    |    Current Node    |     Objective Bounds      |     Work
 Expl Unexpl |  Obj  Depth IntInf | Incumbent    BestBd   Gap | It/Node Time

     0     0 7536019.52    0   35 9925000.00 7536019.52  24.1%     -    0s
     0     0 7967357.37    0   39 9925000.00 7967357.37  19.7%     -    0s
     0     0 8081457.64    0   39 9925000.00 8081457.64  18.6%     -    0s
     0     0 8135591.14    0   41 9925000.00 8135591.14  18.0%     -    0s
     0     0 8135591.14    0   51 9925000.00 8135591.14  18.0%     -    0s
     0     0 8294576.32    0   40 9925000.00 8294576.32  16.4%     -    0s
     0     0 8348189.34    0   39 9925000.00 8348189.34  15.9%     -    0s
     0     0 8365233.15    0   39 9925000.00 8365233.15  15.7%     -    0s
     0     0 8365233.15    0   39 9925000.00 8365233.15  15.7%     -    0s
     0     2 8365233.15    0   39 9925000.00 8365233.15  15.7%     -    0s

Cutting planes:
  Gomory: 6
  Cover: 3
  Implied bound: 48
  MIR: 30
  Flow cover: 10
  Relax-and-lift: 1

Explored 670 nodes (43361 simplex iterations) in 1.85 seconds (3.57 work units)
Thread count was 10 (of 10 available processors)

Solution count 1: 9.925e+06 

Optimal solution found (tolerance 5.00e-03)
Best objective 9.925000000000e+06, best bound 9.925000000000e+06, gap 0.0000%
