
Gurobi 13.0.3 (mac64[arm]) logging started Sat Sep 26 12:17:55 2026

Set parameter LogFile to value "/Users/ashutosh/Desktop/Two-stage-Model/certainty_results/full/solves/wnw_5_10_50M_phase1.log"
Gurobi Optimizer version 13.0.3 build v13.0.3rc0 (mac64[arm] - Darwin 27.0.0 26A428)

CPU model: Apple M1 Pro
Thread count: 10 physical cores, 10 logical processors, using up to 10 threads

Non-default parameters:
TimeLimit  21600
MIPGap  0.005
Method  2
LogToConsole  0

Optimize a model with 13557 rows, 5548 columns and 38177 nonzeros (Min)
Model fingerprint: 0xb891b9a2
Model has 663 linear objective coefficients and an objective constant of 396.859633
Variable types: 3498 continuous, 2050 integer (1688 binary)
Coefficient statistics:
  Matrix range     [1e-03, 1e+05]
  Objective range  [1e+00, 1e+00]
  Bounds range     [1e+00, 3e+00]
  RHS range        [1e-02, 5e+07]

Loaded user MIP start with objective 3.03808
MIP start from previous solve did not produce a new incumbent solution

Presolve removed 11348 rows and 3802 columns
Presolve time: 0.05s
Presolved: 2209 rows, 1746 columns, 8205 nonzeros
Variable types: 1486 continuous, 260 integer (260 binary)
Root barrier log...

Ordering time: 0.00s

Barrier statistics:
 AA' NZ     : 3.034e+04
 Factor NZ  : 8.864e+04 (roughly 2 MB of memory)
 Factor Ops : 6.516e+06 (less than 1 second per iteration)
 Threads    : 10

                  Objective                Residual
Iter       Primal          Dual         Primal    Dual     Compl     Time
   0  -6.35257853e+05 -4.98989124e+05  2.19e+04 2.69e+00  9.69e+03     0s
   1  -3.01778100e+05 -5.06939323e+05  1.04e+04 9.26e+00  4.70e+03     0s
   2  -5.93297931e+03 -5.09205878e+05  2.15e+02 1.71e-13  2.04e+02     0s
   3  -3.83228692e+02 -1.00575466e+05  2.02e+01 1.10e-13  2.75e+01     0s
   4   1.34228963e+02 -2.45313687e+04  1.91e+00 4.44e-14  5.58e+00     0s
   5   1.65505426e+02 -6.08166046e+03  3.26e-02 1.42e-14  1.34e+00     0s
   6   1.22657662e+02 -2.07004585e+03  7.81e-03 7.11e-15  4.71e-01     0s
   7   6.56344924e+01 -4.04213699e+02  1.21e-04 7.11e-15  1.01e-01     0s
   8   2.55118562e+01 -1.11027109e+02  1.72e-05 7.11e-15  2.93e-02     0s
   9   5.73106595e+00 -2.88850587e+01  1.22e-06 3.55e-15  7.43e-03     0s
  10   4.29310757e+00 -8.81761419e+00  8.23e-07 7.11e-15  2.82e-03     0s
  11   2.78869965e+00 -3.63370281e+00  4.47e-07 3.55e-15  1.38e-03     0s
  12   1.39369468e+00 -6.50952866e-01  1.44e-07 7.11e-15  4.39e-04     0s
  13   8.74172469e-01  3.38830400e-01  4.03e-08 3.55e-15  1.15e-04     0s
  14   7.47027825e-01  5.68585613e-01  1.63e-08 3.55e-15  3.83e-05     0s
  15   6.98114270e-01  6.31507549e-01  7.33e-09 3.55e-15  1.43e-05     0s
  16   6.85835905e-01  6.45073343e-01  5.19e-09 7.11e-15  8.75e-06     0s
  17   6.75602941e-01  6.48082880e-01  3.43e-09 3.55e-15  5.91e-06     0s
  18   6.67211291e-01  6.49301758e-01  1.97e-09 3.55e-15  3.85e-06     0s
  19   6.62887200e-01  6.52763474e-01  1.24e-09 3.55e-15  2.17e-06     0s
  20   6.57894876e-01  6.54959871e-01  3.06e-10 3.55e-15  6.30e-07     0s
  21   6.56943523e-01  6.55619481e-01  1.48e-10 3.55e-15  2.84e-07     0s
  22   6.56228755e-01  6.55826613e-01  3.22e-11 7.11e-15  8.64e-08     0s
  23   6.56179364e-01  6.55968739e-01  3.06e-11 3.55e-15  4.52e-08     0s
  24   6.56067671e-01  6.56040226e-01  4.30e-11 3.55e-15  5.89e-09     0s
  25   6.56048202e-01  6.56048124e-01  2.73e-11 7.11e-15  1.68e-11     0s

Barrier solved model in 25 iterations and 0.13 seconds (0.12 work units)
Optimal objective 6.56048202e-01

Crossover time: 0.02 seconds (0.03 work units)

Root relaxation: objective 6.560482e-01, 353 iterations, 0.08 seconds (0.07 work units)

    Nodes    |    Current Node    |     Objective Bounds      |     Work
 Expl Unexpl |  Obj  Depth IntInf | Incumbent    BestBd   Gap | It/Node Time

     0     0    0.65605    0   19    3.03808    0.65605  78.4%     -    0s
     0     0    0.75163    0   20    3.03808    0.75163  75.3%     -    0s
H    0     0                       2.6794900    0.75163  71.9%     -    0s
     0     0    0.75164    0   20    2.67949    0.75164  71.9%     -    0s
H    0     0                       1.7122888    0.75401  56.0%     -    0s
     0     0    0.75401    0   21    1.71229    0.75401  56.0%     -    0s
     0     0    0.75472    0   24    1.71229    0.75472  55.9%     -    0s
     0     0    0.75472    0   24    1.71229    0.75472  55.9%     -    0s
     0     0    0.75694    0   23    1.71229    0.75694  55.8%     -    0s
     0     0    0.76024    0   18    1.71229    0.76024  55.6%     -    0s
     0     0    0.76054    0   22    1.71229    0.76054  55.6%     -    0s
     0     0    0.76054    0   25    1.71229    0.76054  55.6%     -    0s
     0     0    0.76423    0   26    1.71229    0.76423  55.4%     -    0s
     0     0    0.76990    0   24    1.71229    0.76990  55.0%     -    0s
     0     0    0.76992    0   24    1.71229    0.76992  55.0%     -    0s
     0     0    0.77153    0   25    1.71229    0.77153  54.9%     -    0s
     0     0    0.77166    0   26    1.71229    0.77166  54.9%     -    0s
     0     0    0.77244    0   26    1.71229    0.77244  54.9%     -    0s
     0     0    0.77244    0   26    1.71229    0.77244  54.9%     -    0s
     0     0    0.77244    0   26    1.71229    0.77244  54.9%     -    0s
     0     0    0.77244    0   26    1.71229    0.77244  54.9%     -    0s
     0     2    0.77244    0   26    1.71229    0.77244  54.9%     -    0s
H    9    16                       1.6629955    0.77325  53.5%   191    1s
H   34    45                       1.6629944    0.77548  53.4%   224    1s
H  110   118                       1.4529977    0.77656  46.6%   171    1s
H  136   129                       1.4431325    0.77656  46.2%   146    1s
H  196   136                       1.4431325    0.77656  46.2%   121    1s
H  197   136                       1.3635000    0.77656  43.0%   121    1s
*  238   150              14       0.9699300    0.78005  19.6%   122    1s
*  334   131               8       0.8829900    0.80622  8.69%   140    2s

Cutting planes:
  Learned: 1
  Cover: 6
  Implied bound: 23
  MIR: 31
  StrongCG: 6
  Flow cover: 33
  RLT: 1
  Relax-and-lift: 1

Explored 475 nodes (53295 simplex iterations) in 2.17 seconds (4.95 work units)
Thread count was 10 (of 10 available processors)

Solution count 10: 0.88299 0.96993 1.3635 ... 3.03808

Optimal solution found (tolerance 5.00e-03)
Best objective 8.829899999997e-01, best bound 8.829899999997e-01, gap 0.0000%
