
Gurobi 13.0.3 (mac64[arm]) logging started Sat Sep 26 12:18:32 2026

Set parameter LogFile to value "/Users/ashutosh/Desktop/Two-stage-Model/certainty_results/full/solves/wnw_5_25_20M_phase2.log"
Gurobi Optimizer version 13.0.3 build v13.0.3rc0 (mac64[arm] - Darwin 27.0.0 26A428)

CPU model: Apple M1 Pro
Thread count: 10 physical cores, 10 logical processors, using up to 10 threads

Non-default parameters:
TimeLimit  21600
MIPGap  0.005
Method  2
LogToConsole  0

Optimize a model with 13533 rows, 5548 columns and 38765 nonzeros (Min)
Model fingerprint: 0x8770cd34
Model has 724 linear objective coefficients
Variable types: 3498 continuous, 2050 integer (1688 binary)
Coefficient statistics:
  Matrix range     [1e-03, 1e+05]
  Objective range  [2e+04, 1e+05]
  Bounds range     [1e+00, 3e+00]
  RHS range        [1e-02, 2e+07]

Loaded user MIP start with objective 2e+07
MIP start from previous solve did not produce a new incumbent solution

Presolve removed 11526 rows and 3837 columns
Presolve time: 0.06s
Presolved: 2007 rows, 1711 columns, 7997 nonzeros
Variable types: 1462 continuous, 249 integer (249 binary)
Root barrier log...

Ordering time: 0.00s

Barrier statistics:
 AA' NZ     : 2.642e+04
 Factor NZ  : 8.328e+04 (roughly 2 MB of memory)
 Factor Ops : 6.654e+06 (less than 1 second per iteration)
 Threads    : 10

                  Objective                Residual
Iter       Primal          Dual         Primal    Dual     Compl     Time
   0   1.81579844e+08 -1.08676033e+08  1.41e+05 4.55e-13  4.75e+06     0s
   1   4.38753001e+07 -1.20038089e+08  2.95e+04 1.72e+03  1.04e+06     0s
   2   5.37471067e+06 -9.30017294e+07  3.56e+02 3.64e-12  3.38e+04     0s
   3   2.14602616e+06 -8.29415488e+06  7.41e+01 1.46e-11  3.75e+03     0s
   4   8.42954055e+05 -2.80702893e+06  2.80e+01 3.64e-11  1.25e+03     0s
   5   4.41602658e+05 -1.31375300e+06  1.45e+01 9.09e-11  6.02e+02     0s
   6   2.99928112e+05 -4.23189396e+05  9.74e+00 1.49e-10  3.09e+02     0s
   7   2.34333500e+05  4.00453819e+04  7.37e+00 3.35e-10  2.01e+02     0s
   8   2.35203883e+05  3.54920511e+05  6.15e+00 5.82e-10  1.65e+02     0s
   9   2.47736944e+05  4.33612314e+05  5.70e+00 6.98e-10  1.52e+02     0s
  10   2.56690448e+05  4.81809989e+05  5.50e+00 6.40e-10  1.46e+02     0s
  11   2.53623125e+05  6.76395365e+05  5.46e+00 6.69e-10  1.48e+02     0s
  12   2.57485650e+05  1.33051692e+06  5.14e+00 1.40e-09  1.39e+02     0s
  13   3.13613823e+05  1.69658888e+06  4.80e+00 1.63e-09  1.26e+02     0s
  14   3.22131676e+05  1.84646931e+06  4.76e+00 1.98e-09  1.26e+02     0s
  15   3.48257828e+05  2.02253540e+06  4.67e+00 2.10e-09  1.24e+02     0s
  16   3.58015926e+05  2.07889012e+06  4.64e+00 1.86e-09  1.23e+02     0s
  17   3.64542339e+05  2.10706438e+06  4.62e+00 1.75e-09  1.22e+02     0s
  18   3.67788262e+05  2.13392901e+06  4.61e+00 1.75e-09  1.22e+02     0s
  19   4.72897592e+05  2.25763949e+06  4.40e+00 3.61e-09  1.19e+02     0s
  20   5.46505735e+05  2.40463624e+06  4.28e+00 4.19e-09  1.21e+02     0s
  21   6.41758922e+05  2.89805776e+06  4.08e+00 8.03e-09  1.14e+02     0s
  22   7.99931186e+05  3.10120212e+06  3.80e+00 3.14e-09  1.06e+02     0s
  23   8.87940306e+05  3.47699765e+06  3.70e+00 1.44e-08  1.01e+02     0s
  24   1.01051902e+06  3.41820398e+06  3.54e+00 2.06e-08  1.00e+02     0s
  25   1.14060381e+06  3.45727868e+06  3.38e+00 2.88e-08  9.65e+01     0s
  26   1.22837670e+06  3.57235411e+06  3.27e+00 4.20e-08  9.39e+01     0s
  27   1.37763749e+06  3.68402945e+06  3.08e+00 4.32e-08  8.81e+01     0s
  28   1.43033224e+06  3.77062030e+06  3.01e+00 3.96e-08  8.56e+01     0s
  29   1.48355575e+06  3.87389570e+06  2.94e+00 3.68e-08  8.32e+01     0s
  30   1.53922299e+06  4.12714330e+06  2.87e+00 3.73e-08  8.07e+01     0s
  31   1.68443240e+06  4.20188888e+06  2.72e+00 3.35e-08  7.63e+01     0s
  32   1.71525307e+06  4.55048984e+06  2.68e+00 3.59e-08  7.50e+01     0s
  33   1.72166466e+06  4.66602186e+06  2.67e+00 3.42e-08  7.54e+01     0s
  34   1.76637627e+06  4.79726707e+06  2.63e+00 3.28e-08  7.37e+01     0s
  35   1.81058884e+06  4.82575922e+06  2.59e+00 1.19e-08  7.21e+01     0s
  36   1.86899581e+06  4.89437718e+06  2.54e+00 1.93e-08  6.99e+01     0s
  37   1.90529172e+06  5.00955993e+06  2.52e+00 1.84e-08  6.80e+01     0s
  38   1.98921479e+06  5.12909976e+06  2.45e+00 2.00e-08  6.55e+01     0s
  39   1.99947299e+06  5.25256268e+06  2.44e+00 1.98e-08  6.51e+01     0s
  40   2.02153006e+06  5.37595006e+06  2.43e+00 2.00e-08  6.47e+01     0s
  41   2.02606798e+06  5.48298926e+06  2.42e+00 6.29e-09  6.46e+01     0s
  42   1.63200418e+09 -2.96446311e+08  1.41e+06 1.36e-12  1.14e+08     0s
  43   8.67847062e+08 -3.78332687e+08  7.82e+05 5.15e+03  7.04e+07     0s
  44   6.72569427e+07 -4.31113689e+08  4.26e+04 1.27e-11  4.02e+06     0s
  45   1.56134835e+07 -3.77629528e+08  6.42e+02 2.36e-11  1.47e+05     0s
  46   1.26731742e+07 -7.14893973e+07  1.53e+02 1.96e-11  2.83e+04     0s
  47   6.40611383e+06 -2.60095728e+07  5.24e+01 9.09e-12  9.70e+03     0s
  48   2.73627201e+06 -1.19086292e+07  2.14e+01 8.00e-11  4.11e+03     0s
  49   1.61392732e+06 -4.36561164e+06  1.20e+01 5.09e-11  1.76e+03     0s
  50   1.13015387e+06 -1.44895762e+06  8.16e+00 8.44e-10  8.91e+02     0s
  51   9.43624744e+05 -7.37303607e+05  6.17e+00 6.11e-10  6.57e+02     0s
  52   8.83587534e+05 -2.76921438e+05  5.68e+00 6.40e-10  5.68e+02     0s
  53   8.62573563e+05 -8.88386557e+04  5.05e+00 7.57e-10  5.13e+02     0s
  54   8.58359039e+05  2.70608545e+05  4.90e+00 9.02e-10  4.85e+02     0s
  55   8.63321328e+05  1.42846613e+06  4.72e+00 1.57e-09  4.38e+02     0s
  56   9.40230966e+05  1.66072311e+06  4.41e+00 1.57e-09  4.12e+02     0s
  57   9.92710546e+05  2.08523442e+06  4.26e+00 2.56e-09  3.93e+02     0s
  58   1.07599039e+06  2.16207571e+06  4.08e+00 3.38e-09  3.81e+02     0s
  59   1.09437987e+06  2.05460412e+06  4.04e+00 3.43e-09  3.79e+02     0s
  60   1.26421625e+06  2.38376545e+06  3.84e+00 4.89e-09  3.74e+02     0s
  61   1.38747995e+06  3.03537710e+06  3.67e+00 3.61e-09  3.61e+02     0s
  62   1.53985963e+06  2.94913317e+06  3.44e+00 4.54e-09  3.44e+02     0s
  63   1.59767314e+06  3.01572048e+06  3.35e+00 5.12e-09  3.36e+02     0s
  64   1.67735455e+06  3.11627015e+06  3.22e+00 5.82e-09  3.23e+02     0s
  65   1.79255508e+06  3.31633710e+06  3.05e+00 7.80e-09  3.01e+02     0s
  66   1.83029112e+06  3.39927628e+06  2.99e+00 8.38e-09  2.95e+02     0s
  67   1.86907730e+06  3.50602875e+06  2.93e+00 7.33e-09  2.89e+02     0s
  68   1.91231059e+06  3.66965550e+06  2.86e+00 7.45e-09  2.82e+02     0s
  69   2.01388425e+06  4.07428287e+06  2.72e+00 8.85e-09  2.64e+02     0s
  70   2.05800863e+06  4.39314226e+06  2.67e+00 9.55e-09  2.58e+02     0s
  71   2.17791812e+06  4.37347019e+06  2.57e+00 1.00e-08  2.54e+02     0s
  72   2.18587338e+06  4.76580179e+06  2.56e+00 1.37e-08  2.51e+02     0s
  73   2.27232474e+06  4.95255468e+06  2.48e+00 1.40e-08  2.43e+02     0s
  74   2.35471564e+06  5.21378848e+06  2.41e+00 1.40e-08  2.36e+02     0s
  75   2.51847001e+06  5.42203516e+06  2.29e+00 1.54e-08  2.24e+02     0s
  76   2.58599418e+06  5.66230782e+06  2.24e+00 2.86e-08  2.14e+02     0s
  77   2.61173663e+06  5.92994141e+06  2.22e+00 2.84e-08  2.12e+02     0s
  78   2.65837139e+06  6.08954958e+06  2.19e+00 2.89e-08  2.09e+02     0s
  79   2.76084146e+06  5.71455655e+06  2.13e+00 1.49e-08  2.04e+02     0s
  80   3.07737079e+06  5.74617021e+06  1.97e+00 3.77e-08  2.00e+02     0s
  81   3.18341724e+06  6.41775842e+06  1.91e+00 3.80e-08  1.77e+02     0s
  82   3.23546961e+06  6.78379484e+06  1.88e+00 3.73e-08  1.73e+02     0s
  83   3.28657771e+06  7.31820547e+06  1.85e+00 3.54e-08  1.69e+02     0s
  84   3.30805821e+06  7.58779019e+06  1.85e+00 3.66e-08  1.69e+02     0s
  85   3.56267523e+06  7.80703554e+06  1.75e+00 3.86e-08  1.65e+02     0s
  86   3.61099028e+06  8.47239522e+06  1.73e+00 1.82e-07  1.52e+02     0s
  87   3.66838375e+06  8.59895106e+06  1.71e+00 1.72e-07  1.49e+02     0s
  88   3.78526360e+06  8.66960616e+06  1.68e+00 1.65e-07  1.48e+02     0s
  89   3.83155195e+06  8.90007050e+06  1.66e+00 2.98e-07  1.43e+02     0s
  90   3.99825363e+06  8.95252954e+06  1.61e+00 2.61e-07  1.39e+02     0s
  91   4.48981711e+06  8.97885908e+06  1.46e+00 3.02e-07  1.28e+02     0s
  92   4.53500249e+06  9.14598620e+06  1.46e+00 3.25e-07  1.30e+02     0s
  93   4.59831423e+06  9.29813041e+06  1.44e+00 3.19e-07  1.27e+02     0s
  94   4.74533279e+06  9.37246356e+06  1.39e+00 4.05e-08  1.24e+02     0s
  95   4.85226576e+06  9.46232275e+06  1.36e+00 8.38e-08  1.20e+02     0s
  96   4.98265804e+06  9.65496513e+06  1.33e+00 1.40e-07  1.15e+02     0s
  97   5.08364329e+06  9.68234441e+06  1.30e+00 1.20e-07  1.18e+02     0s
  98   5.32307485e+06  1.00203701e+07  1.24e+00 1.34e-07  1.13e+02     0s
  99   5.71849706e+06  1.03330865e+07  1.15e+00 5.14e-07  1.14e+02     0s
 100   5.73851039e+06  1.05095839e+07  1.15e+00 7.90e-07  1.12e+02     0s
 101   5.84172237e+06  1.06096336e+07  1.13e+00 1.07e-07  1.09e+02     0s
 102   5.88951002e+06  1.13251321e+07  1.12e+00 1.61e-07  1.05e+02     0s
 103   6.17764089e+06  1.13644349e+07  1.06e+00 1.23e-07  1.02e+02     0s
 104   6.42442886e+06  1.11134318e+07  1.01e+00 3.78e-07  1.05e+02     0s
 105   6.57579426e+06  1.14802709e+07  9.82e-01 6.34e-07  9.66e+01     0s
 106   6.61763820e+06  1.16218210e+07  9.74e-01 1.97e-07  9.60e+01     0s
 107   6.71724608e+06  1.18434025e+07  9.56e-01 1.59e-07  9.39e+01     0s
 108   6.74167182e+06  1.19854758e+07  9.51e-01 1.53e-07  9.32e+01     0s
 109   6.78842942e+06  1.22617859e+07  9.43e-01 1.48e-07  9.22e+01     0s
 110   7.10302393e+06  1.21242886e+07  8.95e-01 1.82e-07  9.56e+01     0s
 111   7.13751738e+06  1.24109108e+07  8.89e-01 2.31e-07  9.34e+01     0s
 112   7.18506836e+06  1.24881271e+07  8.81e-01 2.53e-07  9.25e+01     0s
 113   7.36055994e+06  1.26694775e+07  8.54e-01 2.44e-07  9.07e+01     0s
 114   7.61435933e+06  1.27634039e+07  8.17e-01 2.80e-07  9.03e+01     0s
 115   7.73523651e+06  1.28666191e+07  8.00e-01 9.01e-07  8.71e+01     0s
 116   7.88941580e+06  1.29002669e+07  7.78e-01 3.06e-07  8.63e+01     0s
 117   7.90979038e+06  1.29333182e+07  7.74e-01 3.05e-07  8.60e+01     0s
 118   7.94328516e+06  1.32476740e+07  7.70e-01 2.84e-07  8.49e+01     0s
 119   8.12555889e+06  1.30829249e+07  7.45e-01 1.95e-06  7.84e+01     0s
 120   8.15523478e+06  1.33710552e+07  7.40e-01 1.99e-06  7.78e+01     0s
 121   8.25899775e+06  1.34858009e+07  7.27e-01 2.02e-06  7.78e+01     0s
 122   8.26108192e+06  1.38234175e+07  7.26e-01 4.14e-08  7.77e+01     0s
 123   8.26486961e+06  1.36677934e+07  7.26e-01 4.14e-08  7.77e+01     0s
 124   8.66488439e+06  1.37369285e+07  6.76e-01 2.23e-06  7.56e+01     0s
 125   8.66705365e+06  1.38278722e+07  6.76e-01 6.52e-08  7.53e+01     0s
 126   8.72693891e+06  1.38457361e+07  6.69e-01 7.45e-08  7.59e+01     0s
 127   8.79359870e+06  1.41313665e+07  6.64e-01 5.03e-08  8.01e+01     0s
 128   8.92339092e+06  1.51870814e+07  6.50e-01 5.70e-07  7.06e+01     0s
 129   9.17790937e+06  1.52838926e+07  6.24e-01 1.30e-06  7.31e+01     0s
 130   9.37567534e+06  1.57921445e+07  6.05e-01 1.68e-06  6.91e+01     0s
 131   1.01153353e+07  1.55506916e+07  5.39e-01 2.77e-06  7.52e+01     0s
 132   1.05103006e+07  1.57168920e+07  5.04e-01 1.56e-06  7.05e+01     0s
 133   1.09675338e+07  1.59665700e+07  4.63e-01 1.44e-05  5.24e+01     0s
 134   1.11335413e+07  1.59782671e+07  4.49e-01 1.25e-05  5.21e+01     0s
 135   1.11834763e+07  1.67363422e+07  4.44e-01 1.14e-05  4.81e+01     0s
 136   1.13512332e+07  1.67670112e+07  4.31e-01 3.28e-07  4.78e+01     0s
 137   1.14326171e+07  1.67952452e+07  4.25e-01 5.09e-07  4.67e+01     0s
 138   1.14725871e+07  1.66457171e+07  4.22e-01 3.92e-06  5.04e+01     0s
 139   1.15788733e+07  1.68215170e+07  4.14e-01 3.78e-06  4.94e+01     0s
 140   1.17384405e+07  1.71108247e+07  4.02e-01 1.13e-06  4.79e+01     0s
 141   1.18440889e+07  1.71437176e+07  3.94e-01 1.42e-06  4.66e+01     0s
 142   1.20250289e+07  1.71521319e+07  3.81e-01 2.89e-06  4.54e+01     0s
 143   1.23867357e+07  1.71265310e+07  3.55e-01 8.55e-06  4.33e+01     0s
 144   1.24718701e+07  1.71340373e+07  3.49e-01 7.85e-06  4.27e+01     0s
 145   1.24920445e+07  1.71467919e+07  3.48e-01 8.15e-06  4.22e+01     0s
 146   1.25195003e+07  1.72196117e+07  3.46e-01 8.73e-06  4.13e+01     0s
 147   1.25875132e+07  1.72753564e+07  3.41e-01 8.87e-06  4.09e+01     0s
 148   1.26061404e+07  1.73213495e+07  3.40e-01 8.87e-06  4.05e+01     0s
 149   1.26253574e+07  1.74273969e+07  3.38e-01 2.78e-07  4.02e+01     0s
 150   1.26412217e+07  1.74425680e+07  3.37e-01 7.45e-07  4.00e+01     0s
 151   1.26568221e+07  1.75887408e+07  3.36e-01 2.20e-06  3.96e+01     0s
 152   1.26638039e+07  1.76032830e+07  3.36e-01 4.30e-07  3.95e+01     0s
 153   1.27043128e+07  1.76590787e+07  3.33e-01 5.76e-07  3.92e+01     0s
 154   1.27738903e+07  1.77689060e+07  3.28e-01 1.02e-06  3.84e+01     0s
 155   1.32988966e+07  1.77893646e+07  2.95e-01 1.15e-06  3.66e+01     0s
 156   1.35955780e+07  1.77988362e+07  2.76e-01 2.16e-06  3.45e+01     0s
 157   1.40598553e+07  1.78150522e+07  2.46e-01 1.17e-05  2.89e+01     0s
 158   1.41691957e+07  1.78744870e+07  2.39e-01 1.42e-05  2.31e+01     0s
 159   1.41910495e+07  1.79044033e+07  2.38e-01 1.29e-05  2.28e+01     0s
 160   1.42310111e+07  1.79151865e+07  2.35e-01 1.24e-05  2.26e+01     0s
 161   1.43024961e+07  1.79364566e+07  2.31e-01 1.18e-05  2.23e+01     0s
 162   1.43449964e+07  1.79301463e+07  2.28e-01 2.82e-07  2.21e+01     0s
 163   1.44269248e+07  1.79445380e+07  2.23e-01 2.16e-06  2.14e+01     0s
 164   1.45071107e+07  1.79488050e+07  2.18e-01 7.86e-07  2.10e+01     0s
 165   1.46542941e+07  1.79547061e+07  2.09e-01 2.63e-06  2.02e+01     0s
 166   1.46737888e+07  1.79602182e+07  2.08e-01 4.41e-06  1.98e+01     0s
 167   1.46909717e+07  1.79814652e+07  2.07e-01 4.48e-06  1.98e+01     0s
 168   1.47066541e+07  1.79896796e+07  2.06e-01 5.93e-06  1.95e+01     0s
 169   1.47201071e+07  1.80173957e+07  2.05e-01 5.18e-07  1.94e+01     0s
 170   1.47392743e+07  1.80290958e+07  2.04e-01 3.76e-07  1.93e+01     0s
 171   1.47430525e+07  1.80350616e+07  2.03e-01 1.32e-06  1.91e+01     0s
 172   1.47937835e+07  1.80447248e+07  2.00e-01 3.07e-07  1.89e+01     0s
 173   1.49049870e+07  1.80520202e+07  1.94e-01 5.09e-07  1.85e+01     0s
 174   1.49205232e+07  1.80768458e+07  1.93e-01 1.12e-06  1.80e+01     0s
 175   1.49589980e+07  1.80777336e+07  1.90e-01 1.41e-06  1.78e+01     0s
 176   1.50582446e+07  1.80817920e+07  1.84e-01 2.02e-06  1.74e+01     0s
 177   1.51241919e+07  1.80837330e+07  1.80e-01 1.74e-06  1.71e+01     0s
 178   1.51420568e+07  1.80874757e+07  1.79e-01 1.78e-06  1.69e+01     0s
 179   1.51704076e+07  1.80943505e+07  1.78e-01 1.47e-06  1.67e+01     0s
 180   1.52014161e+07  1.81113874e+07  1.76e-01 2.88e-06  1.65e+01     0s
 181   1.52098513e+07  1.80974801e+07  1.75e-01 3.05e-06  1.65e+01     0s
 182   1.52150157e+07  1.81427046e+07  1.75e-01 3.30e-06  1.63e+01     0s
 183   1.52505388e+07  1.81698930e+07  1.73e-01 9.61e-07  1.62e+01     0s
 184   1.62796332e+07  1.81375882e+07  1.13e-01 2.46e-05  1.55e+01     0s
 185   1.63943926e+07  1.82081981e+07  1.06e-01 8.79e-05  9.52e+00     0s
 186   1.64265331e+07  1.82543202e+07  1.04e-01 8.52e-05  9.24e+00     0s
 187   1.64416792e+07  1.81943243e+07  1.04e-01 8.33e-05  1.03e+01     0s
 188   1.64528490e+07  1.82846154e+07  1.03e-01 8.17e-05  1.01e+01     0s
 189   1.65320478e+07  1.82905520e+07  9.93e-02 1.77e-06  1.19e+01     0s
 190   1.67148972e+07  1.82493454e+07  9.04e-02 6.20e-06  1.76e+01     0s
 191   1.68390308e+07  1.83661407e+07  8.43e-02 5.23e-06  1.59e+01     0s
 192   1.69970032e+07  1.83380807e+07  7.65e-02 5.55e-06  1.96e+01     0s
 193   1.72360247e+07  1.84180611e+07  6.43e-02 4.06e-05  1.46e+01     0s
 194   1.74437623e+07  1.84378821e+07  5.37e-02 1.38e-04  1.23e+01     0s
 195   1.74988474e+07  1.84951952e+07  5.10e-02 7.46e-05  5.54e+00     0s
 196   1.75175894e+07  1.85037910e+07  5.00e-02 7.32e-05  5.28e+00     0s
 197   1.75450766e+07  1.85378337e+07  4.87e-02 7.45e-05  4.30e+00     0s
 198   1.78189371e+07  1.85269002e+07  3.53e-02 5.64e-05  4.25e+00     0s
 199   1.80801248e+07  1.85284791e+07  2.26e-02 3.50e-05  3.65e+00     0s
 200   1.81229368e+07  1.85417479e+07  2.05e-02 4.67e-05  1.63e+00     0s
 201   1.81324687e+07  1.85436848e+07  2.00e-02 7.07e-05  1.48e+00     0s
 202   1.81407277e+07  1.85583799e+07  1.97e-02 7.54e-05  1.22e+00     0s
 203   1.81481839e+07  1.85608751e+07  1.93e-02 7.49e-05  1.20e+00     0s
 204   1.82646649e+07  1.85644982e+07  1.39e-02 5.89e-05  9.49e-01     0s
 205   1.82665759e+07  1.85667756e+07  1.39e-02 7.85e-05  7.75e-01     0s
 206   1.83471862e+07  1.85658226e+07  1.01e-02 1.80e-04  7.04e-01     0s
 207   1.83555671e+07  1.85659014e+07  9.75e-03 1.73e-04  6.83e-01     1s
 208   1.83605390e+07  1.85660962e+07  9.52e-03 1.30e-04  6.52e-01     1s
 209   1.83685180e+07  1.85660120e+07  9.16e-03 1.26e-04  6.39e-01     1s
 210   1.83782646e+07  1.85663903e+07  8.71e-03 1.16e-04  6.15e-01     1s
 211   1.84342504e+07  1.85671379e+07  6.14e-03 7.22e-05  4.04e-01     1s
 212   1.84371515e+07  1.85672320e+07  6.01e-03 6.86e-05  3.85e-01     1s
 213   1.84582745e+07  1.85676053e+07  5.04e-03 7.97e-05  2.97e-01     1s
 214   1.84987841e+07  1.85677032e+07  3.17e-03 1.14e-04  1.82e-01     1s
 215   1.84992707e+07  1.85680130e+07  3.15e-03 9.26e-05  1.68e-01     1s
 216   1.85282294e+07  1.85681565e+07  1.83e-03 7.97e-05  1.11e-01     1s
 217   1.85486658e+07  1.85681924e+07  8.96e-04 6.70e-05  5.97e-02     1s
 218   1.85548623e+07  1.85681823e+07  6.12e-04 6.25e-05  4.70e-02     1s
 219   1.85673834e+07  1.85681938e+07  3.90e-05 4.02e-05  1.19e-02     1s
 220   1.85681981e+07  1.85682051e+07  5.20e-07 4.96e-05  1.02e-03     1s
 221   1.85682074e+07  1.85682078e+07  2.78e-08 2.42e-05  2.07e-05     1s
 222   1.85682078e+07  1.85682078e+07  2.05e-11 2.41e-05  4.12e-10     1s

Barrier solved model in 222 iterations and 0.53 seconds (0.33 work units)
Optimal objective 1.85682078e+07

Crossover time: 0.01 seconds (0.02 work units)

Root relaxation: objective 1.856821e+07, 217 iterations, 0.47 seconds (0.27 work units)

    Nodes    |    Current Node    |     Objective Bounds      |     Work
 Expl Unexpl |  Obj  Depth IntInf | Incumbent    BestBd   Gap | It/Node Time

     0     0 1.8568e+07    0   12 2.0000e+07 1.8568e+07  7.16%     -    0s
     0     0 1.8832e+07    0    9 2.0000e+07 1.8832e+07  5.84%     -    0s
     0     0 1.8876e+07    0    9 2.0000e+07 1.8876e+07  5.62%     -    0s
     0     0 1.8876e+07    0   11 2.0000e+07 1.8876e+07  5.62%     -    0s
     0     0 1.8969e+07    0   11 2.0000e+07 1.8969e+07  5.15%     -    0s
     0     0 1.8974e+07    0   13 2.0000e+07 1.8974e+07  5.13%     -    0s
     0     0 1.8974e+07    0   13 2.0000e+07 1.8974e+07  5.13%     -    0s
     0     0 1.9025e+07    0   15 2.0000e+07 1.9025e+07  4.87%     -    0s
     0     0 1.9025e+07    0   17 2.0000e+07 1.9025e+07  4.87%     -    0s
     0     0 1.9048e+07    0   17 2.0000e+07 1.9048e+07  4.76%     -    0s
     0     0 1.9048e+07    0   15 2.0000e+07 1.9048e+07  4.76%     -    0s
     0     0 1.9059e+07    0   15 2.0000e+07 1.9059e+07  4.71%     -    0s
     0     0 1.9059e+07    0   20 2.0000e+07 1.9059e+07  4.71%     -    0s
     0     0 1.9104e+07    0   20 2.0000e+07 1.9104e+07  4.48%     -    0s
     0     0 1.9104e+07    0   17 2.0000e+07 1.9104e+07  4.48%     -    1s
     0     2 1.9104e+07    0   17 2.0000e+07 1.9104e+07  4.48%     -    1s

Cutting planes:
  Cover: 3
  Implied bound: 35
  MIR: 16
  Flow cover: 11
  RLT: 4

Explored 89 nodes (7691 simplex iterations) in 1.27 seconds (1.39 work units)
Thread count was 10 (of 10 available processors)

Solution count 1: 2e+07 

Optimal solution found (tolerance 5.00e-03)
Best objective 2.000000000000e+07, best bound 2.000000000000e+07, gap 0.0000%
