
Gurobi 13.0.3 (mac64[arm]) logging started Sat Sep 26 12:17:22 2026

Set parameter LogFile to value "/Users/ashutosh/Desktop/Two-stage-Model/certainty_results/full/solves/wnw_5_05_10M_phase2.log"
Gurobi Optimizer version 13.0.3 build v13.0.3rc0 (mac64[arm] - Darwin 27.0.0 26A428)

CPU model: Apple M1 Pro
Thread count: 10 physical cores, 10 logical processors, using up to 10 threads

Non-default parameters:
TimeLimit  21600
MIPGap  0.005
Method  2
LogToConsole  0

Optimize a model with 13546 rows, 5548 columns and 38804 nonzeros (Min)
Model fingerprint: 0x5c0806ed
Model has 724 linear objective coefficients
Variable types: 3498 continuous, 2050 integer (1688 binary)
Coefficient statistics:
  Matrix range     [1e-03, 1e+05]
  Objective range  [2e+04, 1e+05]
  Bounds range     [1e+00, 3e+00]
  RHS range        [1e-02, 1e+07]

Loaded user MIP start with objective 9.95e+06
MIP start from previous solve did not produce a new incumbent solution

Presolve removed 11413 rows and 3819 columns
Presolve time: 0.05s
Presolved: 2133 rows, 1729 columns, 8360 nonzeros
Variable types: 1471 continuous, 258 integer (258 binary)
Root barrier log...

Ordering time: 0.00s

Barrier statistics:
 AA' NZ     : 2.864e+04
 Factor NZ  : 8.835e+04 (roughly 2 MB of memory)
 Factor Ops : 6.976e+06 (less than 1 second per iteration)
 Threads    : 10

                  Objective                Residual
Iter       Primal          Dual         Primal    Dual     Compl     Time
   0   2.77547750e+08 -1.83904838e+08  9.97e+04 9.09e-13  6.91e+06     0s
   1   9.01011490e+07 -2.20466952e+08  3.53e+04 4.26e+03  2.50e+06     0s
   2   1.17561764e+07 -2.13656808e+08  7.12e+02 9.09e-12  9.73e+04     0s
   3   4.89074120e+06 -4.64510479e+07  8.13e+01 2.26e-10  1.52e+04     0s
   4   2.12311174e+06 -9.00578827e+06  3.30e+01 1.46e-11  3.52e+03     0s
   5   1.08552126e+06 -4.01293305e+06  1.59e+01 5.09e-11  1.58e+03     0s
   6   6.06683586e+05 -1.49481856e+06  8.57e+00 3.27e-10  7.20e+02     0s
   7   4.58603668e+05 -2.75515145e+05  6.25e+00 2.91e-10  4.15e+02     0s
   8   4.07360632e+05  8.13297834e+05  4.82e+00 4.07e-10  2.88e+02     0s
   9   4.99386235e+05  1.20544705e+06  4.37e+00 1.11e-09  2.65e+02     0s
  10   5.08609014e+05  1.34790044e+06  4.33e+00 7.57e-10  2.61e+02     0s
  11   5.38166026e+05  1.54464485e+06  4.21e+00 1.05e-09  2.53e+02     0s
  12   6.32886522e+05  1.71212070e+06  3.92e+00 8.15e-10  2.36e+02     0s
  13   7.02962839e+05  2.04509793e+06  3.76e+00 1.51e-09  2.27e+02     0s
  14   8.55609482e+05  2.51545284e+06  3.47e+00 3.26e-09  2.05e+02     0s
  15   9.62308807e+05  2.71262006e+06  3.30e+00 5.12e-09  1.87e+02     0s
  16   1.04924633e+06  2.81764561e+06  3.16e+00 3.96e-09  1.77e+02     0s
  17   1.12473196e+06  2.85343007e+06  3.04e+00 3.96e-09  1.70e+02     0s
  18   1.21787809e+06  2.93771362e+06  2.90e+00 2.01e-08  1.60e+02     0s
  19   1.29201669e+06  2.98322682e+06  2.79e+00 1.79e-08  1.55e+02     0s
  20   1.36526725e+06  3.06505599e+06  2.69e+00 6.87e-09  1.47e+02     0s
  21   1.37063502e+06  3.15960161e+06  2.68e+00 8.03e-09  1.44e+02     0s
  22   1.45876156e+06  3.26323135e+06  2.56e+00 8.27e-09  1.36e+02     0s
  23   1.50100946e+06  3.44425925e+06  2.50e+00 9.08e-09  1.33e+02     0s
  24   1.57216323e+06  3.58915033e+06  2.41e+00 1.65e-08  1.27e+02     0s
  25   1.69203122e+06  3.55313787e+06  2.28e+00 9.55e-08  1.20e+02     0s
  26   1.73574420e+06  3.89950694e+06  2.24e+00 1.24e-07  1.14e+02     0s
  27   1.77522091e+06  4.28526355e+06  2.20e+00 1.28e-07  1.11e+02     0s
  28   1.93641596e+06  4.42058901e+06  2.07e+00 8.95e-08  1.04e+02     0s
  29   2.02261211e+06  4.48332939e+06  2.00e+00 2.29e-07  9.97e+01     0s
  30   2.11385258e+06  4.49901052e+06  1.93e+00 4.76e-07  9.45e+01     0s
  31   2.13709291e+06  4.51053696e+06  1.91e+00 4.66e-07  9.36e+01     0s
  32   2.15385770e+06  4.53927195e+06  1.90e+00 4.28e-07  9.27e+01     0s
  33   2.17699768e+06  4.60372650e+06  1.88e+00 5.38e-08  9.15e+01     0s
  34   2.20013139e+06  4.65360733e+06  1.86e+00 7.36e-08  9.06e+01     0s
  35   2.22749714e+06  4.88554433e+06  1.84e+00 4.31e-08  8.94e+01     0s
  36   2.23629236e+06  5.10830421e+06  1.84e+00 1.28e-08  8.91e+01     0s
  37   2.26789203e+06  5.19422524e+06  1.82e+00 2.27e-08  8.85e+01     0s
  38   2.35261030e+06  5.35829815e+06  1.77e+00 1.32e-07  8.56e+01     0s
  39   2.39466549e+06  5.52297977e+06  1.75e+00 2.22e-07  8.42e+01     0s
  40   2.44727489e+06  5.53850288e+06  1.72e+00 3.23e-07  8.25e+01     0s
  41   2.51841079e+06  5.64912056e+06  1.68e+00 3.51e-07  8.04e+01     0s
  42   2.56692310e+06  5.81994278e+06  1.66e+00 3.33e-07  7.76e+01     0s
  43   2.63448042e+06  5.90273131e+06  1.63e+00 2.97e-07  7.62e+01     0s
  44   2.74945219e+06  5.89163027e+06  1.58e+00 2.64e-07  7.58e+01     0s
  45   2.80261903e+06  6.23843582e+06  1.55e+00 3.69e-07  7.29e+01     0s
  46   3.17969848e+06  5.99785930e+06  1.39e+00 6.15e-06  7.04e+01     0s
  47   3.27122165e+06  6.51147251e+06  1.35e+00 3.96e-06  5.89e+01     0s
  48   3.43745597e+06  6.36278613e+06  1.28e+00 4.18e-06  5.98e+01     0s
  49   3.56031830e+06  6.67014114e+06  1.24e+00 4.36e-06  5.54e+01     0s
  50   3.58015234e+06  6.71088970e+06  1.23e+00 1.52e-07  5.46e+01     0s
  51   3.60539919e+06  6.76568710e+06  1.22e+00 6.10e-08  5.36e+01     0s
  52   3.66266486e+06  6.82942231e+06  1.20e+00 8.24e-08  5.28e+01     0s
  53   3.73783029e+06  6.84569675e+06  1.17e+00 8.06e-08  5.21e+01     0s
  54   3.80801398e+06  6.86867386e+06  1.15e+00 7.78e-08  5.11e+01     0s
  55   3.90099453e+06  6.88394801e+06  1.11e+00 3.31e-08  4.95e+01     0s
  56   3.91225886e+06  6.97908090e+06  1.11e+00 1.49e-07  4.82e+01     0s
  57   3.92693385e+06  7.00410834e+06  1.11e+00 1.54e-07  4.79e+01     0s
  58   3.94917452e+06  7.05442739e+06  1.10e+00 3.21e-08  4.76e+01     0s
  59   3.98788286e+06  7.08662367e+06  1.08e+00 1.89e-07  4.72e+01     0s
  60   4.01890554e+06  7.05093013e+06  1.07e+00 2.03e-07  4.71e+01     0s
  61   2.66966069e+09 -1.83904838e+08  9.97e+05 9.09e-13  6.86e+07     0s
  62   3.37357593e+08 -2.64740747e+08  2.60e+05 2.22e+03  1.84e+07     0s
  63   1.19628103e+07 -2.77324173e+08  1.32e+03 1.91e-11  1.55e+05     0s
  64   5.95237504e+06 -5.44382071e+07  1.41e+02 2.49e-10  2.03e+04     0s
  65   2.41550334e+06 -1.11617060e+07  4.45e+01 2.18e-11  4.45e+03     0s
  66   9.12786937e+05 -3.61191201e+06  1.54e+01 2.57e-11  1.43e+03     0s
  67   5.70182860e+05 -1.33252266e+06  9.43e+00 8.00e-11  6.98e+02     0s
  68   4.05715430e+05 -6.78398813e+05  6.46e+00 8.73e-10  4.77e+02     0s
  69   3.63848469e+05 -1.79142320e+05  5.62e+00 9.31e-10  4.19e+02     0s
  70   3.98484464e+05  1.99336743e+05  5.04e+00 1.05e-09  3.78e+02     0s
  71   4.08867464e+05  5.08246758e+05  4.78e+00 6.40e-10  3.56e+02     0s
  72   4.56056917e+05  6.40505035e+05  4.47e+00 8.73e-10  3.37e+02     0s
  73   4.74843653e+05  1.30757363e+06  4.36e+00 1.16e-09  3.17e+02     0s
  74   5.64149190e+05  1.49870652e+06  4.07e+00 1.98e-09  2.95e+02     0s
  75   6.12622777e+05  1.61928844e+06  3.95e+00 6.98e-10  2.85e+02     0s
  76   6.34752916e+05  1.74910047e+06  3.89e+00 1.19e-09  2.80e+02     0s
  77   6.66661796e+05  1.95750595e+06  3.82e+00 1.86e-09  2.72e+02     0s
  78   8.28649298e+05  2.44667214e+06  3.53e+00 1.63e-09  2.48e+02     0s
  79   9.39651227e+05  2.27563898e+06  3.35e+00 5.94e-09  2.35e+02     0s
  80   9.98446261e+05  2.47428572e+06  3.27e+00 3.84e-09  2.21e+02     0s
  81   1.11526020e+06  2.57919545e+06  3.08e+00 4.57e-09  2.13e+02     0s
  82   1.19475009e+06  2.63015146e+06  2.95e+00 4.22e-09  2.07e+02     0s
  83   1.26202323e+06  2.87921783e+06  2.85e+00 4.07e-09  1.95e+02     0s
  84   1.27668431e+06  2.98390403e+06  2.82e+00 5.24e-09  1.91e+02     0s
  85   1.45787738e+06  3.23681741e+06  2.55e+00 8.47e-09  1.72e+02     0s
  86   1.51909921e+06  3.43660962e+06  2.47e+00 1.85e-08  1.65e+02     0s
  87   1.56917183e+06  3.55861657e+06  2.44e+00 8.21e-09  1.68e+02     0s
  88   1.59489505e+06  3.65364848e+06  2.42e+00 2.07e-08  1.65e+02     0s
  89   1.62672214e+06  3.77104696e+06  2.38e+00 3.26e-09  1.60e+02     0s
  90   1.68985729e+06  4.09088742e+06  2.31e+00 6.05e-09  1.54e+02     0s
  91   1.81743360e+06  4.14782028e+06  2.19e+00 1.96e-08  1.43e+02     0s
  92   2.02671953e+06  4.26999661e+06  2.03e+00 4.94e-08  1.29e+02     0s
  93   2.12208033e+06  4.48311762e+06  1.95e+00 6.05e-08  1.20e+02     0s
  94   2.18435203e+06  4.59011766e+06  1.90e+00 7.17e-08  1.17e+02     0s
  95   2.25910629e+06  4.94241883e+06  1.83e+00 6.38e-08  1.10e+02     0s
  96   2.36108622e+06  5.22779606e+06  1.77e+00 5.82e-08  1.05e+02     0s
  97   2.39793802e+06  5.54205853e+06  1.75e+00 2.10e-08  1.02e+02     0s
  98   2.50024546e+06  5.53697300e+06  1.70e+00 1.91e-08  9.98e+01     0s
  99   2.67508715e+06  5.58769031e+06  1.62e+00 2.33e-08  1.00e+02     0s
 100   2.71778027e+06  5.77154714e+06  1.60e+00 2.42e-08  9.78e+01     0s
 101   2.76295447e+06  6.05525650e+06  1.58e+00 3.68e-08  9.47e+01     0s
 102   2.92610851e+06  6.12738778e+06  1.51e+00 3.12e-08  9.23e+01     0s
 103   3.12685869e+06  6.01318022e+06  1.42e+00 8.85e-09  9.24e+01     0s
 104   3.35752981e+06  6.15258703e+06  1.32e+00 7.87e-08  7.87e+01     0s
 105   3.39227436e+06  6.37843846e+06  1.31e+00 3.50e-07  7.71e+01     0s
 106   3.40717636e+06  6.42800955e+06  1.30e+00 2.56e-07  7.63e+01     0s
 107   3.44693437e+06  6.53675487e+06  1.28e+00 4.47e-08  7.38e+01     0s
 108   3.55772185e+06  6.72481690e+06  1.24e+00 1.34e-07  7.08e+01     0s
 109   3.71356390e+06  6.76852798e+06  1.19e+00 1.08e-07  6.88e+01     0s
 110   3.83044058e+06  6.79827235e+06  1.14e+00 6.94e-08  6.63e+01     0s
 111   3.86685369e+06  6.84096062e+06  1.13e+00 5.45e-08  6.53e+01     0s
 112   3.89972038e+06  6.90236106e+06  1.12e+00 4.05e-08  6.44e+01     0s
 113   3.94044408e+06  7.01338162e+06  1.11e+00 4.44e-08  6.24e+01     0s
 114   4.05446551e+06  7.05431145e+06  1.07e+00 3.49e-08  6.06e+01     0s
 115   4.13877959e+06  7.07750107e+06  1.04e+00 3.07e-08  5.88e+01     0s
 116   4.16971399e+06  7.18132931e+06  1.03e+00 5.20e-08  5.80e+01     0s
 117   4.29109152e+06  7.19044605e+06  9.92e-01 6.01e-08  5.94e+01     0s
 118   4.53739182e+06  7.13122778e+06  9.13e-01 1.14e-07  5.98e+01     0s
 119   4.65785309e+06  7.29517164e+06  8.78e-01 1.55e-06  5.48e+01     0s
 120   4.70764184e+06  7.39834636e+06  8.62e-01 1.87e-07  4.89e+01     0s
 121   4.81064839e+06  7.54932704e+06  8.29e-01 1.30e-07  4.60e+01     0s
 122   4.96055766e+06  7.46237464e+06  7.85e-01 1.70e-07  4.41e+01     0s
 123   5.15654332e+06  7.62650337e+06  7.28e-01 8.97e-07  3.94e+01     0s
 124   5.16364952e+06  7.71063500e+06  7.26e-01 7.62e-07  3.92e+01     0s
 125   5.22967445e+06  7.72427320e+06  7.08e-01 8.43e-07  3.85e+01     0s
 126   5.31746628e+06  7.74256221e+06  6.84e-01 3.21e-08  3.74e+01     0s
 127   5.37643002e+06  7.75047237e+06  6.68e-01 5.59e-08  3.57e+01     0s
 128   5.44491359e+06  7.82945541e+06  6.49e-01 9.03e-08  3.38e+01     0s
 129   5.49367227e+06  7.88627224e+06  6.37e-01 8.89e-08  3.32e+01     0s
 130   5.72445641e+06  7.87105922e+06  5.79e-01 5.52e-06  3.03e+01     0s
 131   5.73016710e+06  7.90575479e+06  5.77e-01 5.26e-06  2.99e+01     0s
 132   5.74690216e+06  7.94024932e+06  5.73e-01 5.25e-06  2.97e+01     0s
 133   5.80633357e+06  7.98327618e+06  5.59e-01 5.22e-06  2.94e+01     0s
 134   5.86842311e+06  7.95065179e+06  5.43e-01 4.89e-08  2.87e+01     0s
 135   5.87482876e+06  7.97010574e+06  5.41e-01 5.31e-07  2.85e+01     0s
 136   5.89627924e+06  7.97825088e+06  5.36e-01 6.28e-07  2.84e+01     0s
 137   5.93792755e+06  8.00260378e+06  5.26e-01 7.12e-08  2.80e+01     0s
 138   6.00133745e+06  8.06574084e+06  5.10e-01 6.43e-08  2.65e+01     0s
 139   6.06828935e+06  8.08352499e+06  4.94e-01 1.98e-07  2.56e+01     0s
 140   6.08172505e+06  8.14712197e+06  4.91e-01 2.36e-07  2.48e+01     0s
 141   6.22105702e+06  8.17636966e+06  4.60e-01 2.19e-07  2.40e+01     0s
 142   6.70009184e+06  8.14328621e+06  3.52e-01 3.20e-07  2.32e+01     0s
 143   6.81515851e+06  8.19814949e+06  3.26e-01 2.07e-06  1.80e+01     0s
 144   6.86488694e+06  8.22506121e+06  3.15e-01 8.34e-07  1.68e+01     0s
 145   7.20486821e+06  8.21806673e+06  2.40e-01 5.95e-07  1.59e+01     0s
 146   7.56646434e+06  8.26037455e+06  1.59e-01 2.38e-05  8.15e+00     0s
 147   7.76920968e+06  8.27458200e+06  1.14e-01 1.96e-06  4.95e+00     0s
 148   7.94018232e+06  8.28118766e+06  7.66e-02 1.97e-06  2.78e+00     0s
 149   8.09676004e+06  8.28278966e+06  4.17e-02 3.96e-06  1.44e+00     0s
 150   8.12059970e+06  8.28341328e+06  3.64e-02 2.66e-06  1.19e+00     0s
 151   8.22831457e+06  8.28403262e+06  1.24e-02 2.54e-06  4.05e-01     0s
 152   8.28012178e+06  8.28420993e+06  9.36e-04 2.34e-06  5.30e-02     0s
 153   8.28124008e+06  8.28422984e+06  6.87e-04 1.98e-06  4.12e-02     0s
 154   8.28147757e+06  8.28431255e+06  6.34e-04 5.67e-06  2.18e-02     0s
 155   8.28432581e+06  8.28432646e+06  2.36e-07 8.10e-07  9.76e-05     0s
 156   8.28432665e+06  8.28432665e+06  8.40e-09 8.30e-07  2.57e-07     0s
 157   8.28432665e+06  8.28432665e+06  2.92e-11 7.73e-08  5.29e-11     0s

Barrier solved model in 157 iterations and 0.35 seconds (0.27 work units)
Optimal objective 8.28432665e+06

Crossover time: 0.01 seconds (0.02 work units)

Root relaxation: objective 8.284327e+06, 322 iterations, 0.29 seconds (0.20 work units)

    Nodes    |    Current Node    |     Objective Bounds      |     Work
 Expl Unexpl |  Obj  Depth IntInf | Incumbent    BestBd   Gap | It/Node Time

     0     0 8284326.65    0   29 9950000.00 8284326.65  16.7%     -    0s
     0     0 8602770.25    0   17 9950000.00 8602770.25  13.5%     -    0s
     0     0 8675216.22    0   18 9950000.00 8675216.22  12.8%     -    0s
     0     0 8675216.22    0   19 9950000.00 8675216.22  12.8%     -    0s
     0     0 8675750.74    0   18 9950000.00 8675750.74  12.8%     -    0s
     0     0 8675750.74    0   18 9950000.00 8675750.74  12.8%     -    0s
     0     0 8675750.74    0   18 9950000.00 8675750.74  12.8%     -    0s
     0     0 8675750.74    0   17 9950000.00 8675750.74  12.8%     -    0s
     0     2 8675750.74    0   17 9950000.00 8675750.74  12.8%     -    0s

Cutting planes:
  Learned: 1
  Gomory: 8
  Cover: 4
  Implied bound: 32
  MIR: 9
  Flow cover: 10
  RLT: 1
  Relax-and-lift: 1

Explored 400 nodes (27762 simplex iterations) in 1.55 seconds (3.16 work units)
Thread count was 10 (of 10 available processors)

Solution count 1: 9.95e+06 

Optimal solution found (tolerance 5.00e-03)
Best objective 9.950000000000e+06, best bound 9.950000000000e+06, gap 0.0000%
