
Gurobi 13.0.3 (mac64[arm]) logging started Sat Sep 26 12:17:32 2026

Set parameter LogFile to value "/Users/ashutosh/Desktop/Two-stage-Model/certainty_results/full/solves/wnw_5_05_50M_phase2.log"
Gurobi Optimizer version 13.0.3 build v13.0.3rc0 (mac64[arm] - Darwin 27.0.0 26A428)

CPU model: Apple M1 Pro
Thread count: 10 physical cores, 10 logical processors, using up to 10 threads

Non-default parameters:
TimeLimit  21600
MIPGap  0.005
Method  2
LogToConsole  0

Optimize a model with 13546 rows, 5548 columns and 38804 nonzeros (Min)
Model fingerprint: 0x31813aa1
Model has 724 linear objective coefficients
Variable types: 3498 continuous, 2050 integer (1688 binary)
Coefficient statistics:
  Matrix range     [1e-03, 1e+05]
  Objective range  [2e+04, 1e+05]
  Bounds range     [1e+00, 3e+00]
  RHS range        [1e-02, 5e+07]

Loaded user MIP start with objective 4.98e+07
MIP start from previous solve did not produce a new incumbent solution

Presolve removed 12224 rows and 3968 columns
Presolve time: 0.05s
Presolved: 1322 rows, 1580 columns, 6147 nonzeros
Variable types: 1370 continuous, 210 integer (210 binary)
Root barrier log...

Ordering time: 0.00s

Barrier statistics:
 AA' NZ     : 1.370e+04
 Factor NZ  : 5.018e+04 (roughly 2 MB of memory)
 Factor Ops : 3.420e+06 (less than 1 second per iteration)
 Threads    : 1

                  Objective                Residual
Iter       Primal          Dual         Primal    Dual     Compl     Time
   0   6.56122411e+07 -1.32686011e+07  7.45e+04 4.55e-13  2.19e+06     0s
   1   4.88990870e+07 -1.34967993e+07  1.00e+04 3.74e+02  3.08e+05     0s
   2   4.69860008e+07  1.00382274e+07  2.23e+02 1.73e+00  1.61e+04     0s
   3   4.67730082e+07  4.06532756e+07  3.95e+01 5.46e-12  2.36e+03     0s
   4   4.67213739e+07  4.57119789e+07  1.03e+01 2.36e-11  3.98e+02     0s
   5   4.67129711e+07  4.63309179e+07  5.28e+00 1.46e-11  1.60e+02     0s
   6   4.67094837e+07  4.65310940e+07  2.55e+00 1.82e-11  7.63e+01     0s
   7   4.67071910e+07  4.66394758e+07  1.54e+00 6.91e-11  3.63e+01     0s
   8   4.67055519e+07  4.66891641e+07  7.70e-01 7.86e-10  1.55e+01     0s
   9   4.67073132e+07  4.67004480e+07  5.91e-01 2.98e-10  1.06e+01     0s
  10   4.67088751e+07  4.67125060e+07  4.44e-01 2.76e-10  6.34e+00     0s
  11   4.67104654e+07  4.67184232e+07  3.90e-01 2.47e-10  5.91e+00     0s
  12   4.67115653e+07  4.67245895e+07  3.41e-01 2.91e-10  4.82e+00     0s
  13   4.67137459e+07  4.67253845e+07  3.04e-01 3.06e-10  4.43e+00     0s
  14   4.67142303e+07  4.67263993e+07  2.95e-01 3.49e-10  4.32e+00     0s
  15   4.67161130e+07  4.67324173e+07  2.66e-01 6.55e-10  3.66e+00     0s
  16   4.67176753e+07  4.67333300e+07  2.47e-01 8.15e-10  3.30e+00     0s
  17   4.67181397e+07  4.67344478e+07  2.42e-01 7.42e-10  3.17e+00     0s
  18   4.67198778e+07  4.67363723e+07  2.22e-01 4.45e-09  2.58e+00     0s
  19   4.67227101e+07  4.67361310e+07  2.01e-01 2.26e-09  2.48e+00     0s
  20   4.67232780e+07  4.67438353e+07  1.93e-01 1.72e-09  2.19e+00     0s
  21   4.67240153e+07  4.67450118e+07  1.87e-01 1.98e-09  2.21e+00     0s
  22   4.67254744e+07  4.67456306e+07  1.76e-01 3.04e-09  2.13e+00     0s
  23   4.67257242e+07  4.67502856e+07  1.74e-01 3.06e-09  2.09e+00     0s
  24   4.67261386e+07  4.67508790e+07  1.71e-01 3.23e-09  2.06e+00     0s
  25   4.67297515e+07  4.67515294e+07  1.49e-01 3.99e-09  1.87e+00     0s
  26   4.67298106e+07  4.67584817e+07  1.49e-01 1.33e-08  1.72e+00     0s
  27   4.67299878e+07  4.67606886e+07  1.48e-01 1.53e-08  1.97e+00     0s
  28   4.67306811e+07  4.67520649e+07  1.44e-01 2.26e-08  2.04e+00     0s
  29   4.67313638e+07  4.67647738e+07  1.40e-01 2.25e-08  1.90e+00     0s
  30   4.67337762e+07  4.67647721e+07  1.34e-01 2.93e-08  2.36e+00     0s
  31   4.67352743e+07  4.67754356e+07  1.32e-01 3.38e-08  2.58e+00     0s
  32   4.67390084e+07  4.67777594e+07  1.25e-01 2.04e-08  2.50e+00     0s
  33   4.67430469e+07  4.67878208e+07  1.14e-01 2.54e-08  1.99e+00     0s
  34   4.67434537e+07  4.67895418e+07  1.13e-01 2.00e-08  2.02e+00     0s
  35   4.67502266e+07  4.67900988e+07  9.69e-02 1.34e-07  1.56e+00     0s
  36   4.67506912e+07  4.67910994e+07  9.57e-02 1.18e-09  1.54e+00     0s
  37   4.67512427e+07  4.67927922e+07  9.43e-02 1.01e-08  1.53e+00     0s
  38   4.67516588e+07  4.67987326e+07  9.31e-02 4.89e-09  1.55e+00     0s
  39   4.67522085e+07  4.68142392e+07  9.11e-02 6.05e-09  1.47e+00     0s
  40   4.67579179e+07  4.67918655e+07  8.35e-02 3.07e-08  1.82e+00     0s
  41   4.67757144e+07  4.68030974e+07  6.74e-02 1.34e-07  3.69e+00     0s
  42   4.67762731e+07  4.68052543e+07  6.63e-02 1.07e-08  3.49e+00     0s
  43   4.67780930e+07  4.68137262e+07  6.29e-02 1.44e-08  2.68e+00     0s
  44   4.67790338e+07  4.68227689e+07  6.00e-02 1.37e-08  2.91e+00     0s
  45   4.67893596e+07  4.68201390e+07  4.88e-02 1.43e-08  2.95e+00     0s
  46   4.67970361e+07  4.68209043e+07  3.71e-02 7.47e-08  2.17e+00     0s
  47   4.67973686e+07  4.68240351e+07  3.55e-02 3.86e-08  2.05e+00     0s
  48   4.67986738e+07  4.70136318e+07  3.11e-02 3.63e-08  7.94e+00     0s
  49   4.67995435e+07  4.72521496e+07  2.78e-02 1.27e-07  1.45e+00     0s
  50   4.67995947e+07  4.80102330e+07  2.75e-02 1.71e-07  4.42e-01     0s
  51   4.67997668e+07  4.73307475e+07  2.75e-02 1.83e-07  4.85e-01     0s
  52   4.68005841e+07  4.84844577e+07  2.75e-02 2.01e-07  7.01e-01     0s
  53   4.68010711e+07  4.69397588e+07  2.75e-02 1.36e-06  8.46e-01     0s
  54   2.01052956e+08 -2.23710955e+07  7.45e+05 4.55e-13  2.48e+07     0s
  55   5.05425092e+07 -1.69631427e+08  2.68e+04 1.09e-11  2.28e+06     0s
  56   4.78871496e+07 -1.00847694e+08  5.79e+02 2.51e-10  8.69e+04     0s
  57   4.73540926e+07  2.43409685e+07  3.07e+01 7.28e-11  8.02e+03     0s
  58   4.69279237e+07  4.33187975e+07  6.40e+00 3.64e-11  1.23e+03     0s
  59   4.68259925e+07  4.62838314e+07  2.23e+00 4.37e-11  2.11e+02     0s
  60   4.67597385e+07  4.65907424e+07  5.11e-01 1.53e-10  6.27e+01     0s
  61   4.67451341e+07  4.66484342e+07  2.48e-01 1.46e-10  3.54e+01     0s
  62   4.67431356e+07  4.66663089e+07  2.03e-01 2.76e-10  2.88e+01     0s
  63   4.67426574e+07  4.66891953e+07  1.70e-01 3.78e-10  2.43e+01     0s
  64   4.67443705e+07  4.67163797e+07  1.48e-01 1.54e-09  1.72e+01     0s
  65   4.67445964e+07  4.67331849e+07  1.46e-01 1.69e-09  1.56e+01     0s
  66   4.67449440e+07  4.67478444e+07  1.36e-01 1.11e-09  1.44e+01     0s
  67   4.67514619e+07  4.67258203e+07  1.15e-01 3.23e-09  1.56e+01     0s
  68   4.67521376e+07  4.67390766e+07  1.13e-01 2.50e-09  1.44e+01     0s
  69   4.67521518e+07  4.67547002e+07  1.12e-01 3.09e-09  1.41e+01     0s
  70   4.67595287e+07  4.67576854e+07  9.26e-02 2.12e-08  1.07e+01     0s
  71   4.67600468e+07  4.67606628e+07  9.14e-02 2.04e-08  1.03e+01     0s
  72   4.67601643e+07  4.67660516e+07  9.11e-02 1.74e-08  9.88e+00     0s
  73   4.67601671e+07  4.67791328e+07  9.04e-02 1.69e-08  9.80e+00     0s
  74   4.67613893e+07  4.67857740e+07  8.79e-02 1.80e-08  9.65e+00     0s
  75   4.67692951e+07  4.67932401e+07  7.52e-02 3.80e-08  8.89e+00     0s
  76   4.67832033e+07  4.68089767e+07  5.33e-02 5.13e-07  3.86e+00     0s
  77   4.67870449e+07  4.68127632e+07  4.88e-02 2.77e-07  3.21e+00     0s
  78   4.67875334e+07  4.68194810e+07  4.80e-02 3.06e-07  3.08e+00     0s
  79   4.68020356e+07  4.68190423e+07  2.87e-02 2.76e-07  2.28e+00     0s
  80   4.68027031e+07  4.68224684e+07  2.78e-02 1.70e-07  1.68e+00     0s
  81   4.68027169e+07  4.69981615e+07  2.78e-02 1.53e-07  2.05e+00     0s
  82   4.68028469e+07  4.83130906e+07  2.75e-02 1.94e-07  1.56e+00     0s
  83   4.68030228e+07  4.68220352e+07  2.75e-02 2.79e-07  1.65e+00     0s
  84   4.68030240e+07  4.84063000e+07  2.75e-02 5.51e-07  1.60e+00     0s
  85   4.68032836e+07  4.68222201e+07  2.75e-02 5.20e-07  1.73e+00     0s
  86   4.68032855e+07  4.75464820e+07  2.75e-02 8.98e-07  1.68e+00     0s
  87   4.69603344e+07  4.79096252e+07  2.72e-02 7.45e-07  4.09e+01     0s

Barrier performed 87 iterations in 0.18 seconds (0.21 work units)
Sub-optimal termination - objective 4.69603344e+07

Crossover time: 0.06 seconds (0.11 work units)
Crossover changed status from Sub-Optimal to Optimal

Root relaxation: objective 4.904203e+07, 1997 iterations, 0.18 seconds (0.25 work units)

    Nodes    |    Current Node    |     Objective Bounds      |     Work
 Expl Unexpl |  Obj  Depth IntInf | Incumbent    BestBd   Gap | It/Node Time

     0     0 4.9042e+07    0    9 4.9800e+07 4.9042e+07  1.52%     -    0s
     0     0 4.9087e+07    0    6 4.9800e+07 4.9087e+07  1.43%     -    0s
     0     0     cutoff    0      4.9800e+07 4.9800e+07  0.00%     -    0s

Cutting planes:
  Cover: 2
  Implied bound: 3
  Flow cover: 3
  RLT: 1
  Relax-and-lift: 1

Explored 1 nodes (2021 simplex iterations) in 0.30 seconds (0.35 work units)
Thread count was 10 (of 10 available processors)

Solution count 1: 4.98e+07 

Optimal solution found (tolerance 5.00e-03)
Best objective 4.980000000000e+07, best bound 4.980000000000e+07, gap 0.0000%
