
Gurobi 13.0.3 (mac64[arm]) logging started Sat Sep 26 12:18:27 2026

Set parameter LogFile to value "/Users/ashutosh/Desktop/Two-stage-Model/certainty_results/full/solves/wnw_5_25_10M_phase1.log"
Gurobi Optimizer version 13.0.3 build v13.0.3rc0 (mac64[arm] - Darwin 27.0.0 26A428)

CPU model: Apple M1 Pro
Thread count: 10 physical cores, 10 logical processors, using up to 10 threads

Non-default parameters:
TimeLimit  21600
MIPGap  0.005
Method  2
LogToConsole  0

Optimize a model with 13532 rows, 5548 columns and 38102 nonzeros (Min)
Model fingerprint: 0x4c615cc8
Model has 663 linear objective coefficients and an objective constant of 396.859633
Variable types: 3498 continuous, 2050 integer (1688 binary)
Coefficient statistics:
  Matrix range     [1e-03, 1e+05]
  Objective range  [1e+00, 1e+00]
  Bounds range     [1e+00, 3e+00]
  RHS range        [1e-02, 1e+07]

Loaded user MIP start with objective 43.4077
MIP start from previous solve produced solution with objective 43.4077 (0.04s)
MIP start from previous solve produced solution with objective 43.4077 (0.04s)
Loaded MIP start from previous solve with objective 43.4077

Presolve removed 11527 rows and 3838 columns
Presolve time: 0.05s
Presolved: 2005 rows, 1710 columns, 7644 nonzeros
Variable types: 1461 continuous, 249 integer (249 binary)
Root barrier log...

Ordering time: 0.00s

Barrier statistics:
 AA' NZ     : 2.602e+04
 Factor NZ  : 7.895e+04 (roughly 2 MB of memory)
 Factor Ops : 5.574e+06 (less than 1 second per iteration)
 Threads    : 10

                  Objective                Residual
Iter       Primal          Dual         Primal    Dual     Compl     Time
   0  -1.62749586e+06 -5.77596077e+05  4.72e+04 2.69e+00  2.41e+04     0s
   1  -5.00157655e+05 -6.47166799e+05  1.45e+04 5.10e+00  7.59e+03     0s
   2  -1.32964047e+05 -4.96368083e+05  3.86e+03 3.07e-01  2.05e+03     0s
   3  -1.18711064e+03 -3.23675240e+05  3.99e+01 1.78e-14  9.28e+01     0s
   4   8.98724468e+01 -4.67375793e+04  3.28e+00 2.13e-14  1.14e+01     0s
   5   1.67268842e+02 -8.42248083e+03  3.80e-01 3.55e-14  1.98e+00     0s
   6   1.37053763e+02 -1.99618326e+03  3.53e-02 1.42e-14  4.84e-01     0s
   7   8.70974414e+01 -8.83763588e+02  9.03e-03 3.86e-15  2.20e-01     0s
   8   4.87777777e+01 -3.25910825e+02  2.10e-03 3.55e-15  8.49e-02     0s
   9   3.21600702e+01 -1.44084140e+02  9.79e-04 3.55e-15  3.99e-02     0s
  10   2.30327100e+01 -6.38835550e+01  4.12e-04 3.55e-15  1.97e-02     0s
  11   1.55845184e+01 -1.73501683e+01  1.47e-04 3.55e-15  7.46e-03     0s
  12   1.27041016e+01 -2.11511735e+00  6.18e-05 3.55e-15  3.36e-03     0s
  13   1.09240964e+01  5.02913556e+00  2.10e-05 3.55e-15  1.33e-03     0s
  14   1.02590980e+01  7.83423618e+00  7.76e-06 3.55e-15  5.49e-04     0s
  15   9.89249719e+00  9.54185806e+00  1.49e-06 3.55e-15  7.94e-05     0s
  16   9.83382442e+00  9.71092881e+00  5.98e-07 3.55e-15  2.78e-05     0s
  17   9.81621417e+00  9.75655741e+00  3.59e-07 3.55e-15  1.35e-05     0s
  18   9.80695528e+00  9.76680960e+00  2.38e-07 3.55e-15  9.09e-06     0s
  19   9.79923569e+00  9.77782906e+00  1.38e-07 7.11e-15  4.85e-06     0s
  20   9.79201036e+00  9.78374276e+00  3.63e-08 3.55e-15  1.87e-06     0s
  21   9.79043954e+00  9.78864812e+00  1.47e-08 3.55e-15  4.06e-07     0s
  22   9.78941789e+00  9.78915282e+00  2.36e-09 3.55e-15  6.00e-08     0s
  23   9.78921829e+00  9.78919451e+00  1.11e-09 3.55e-15  5.38e-09     0s
  24   9.78921310e+00  9.78921086e+00  1.14e-09 7.11e-15  5.07e-10     0s

Barrier solved model in 24 iterations and 0.16 seconds (0.14 work units)
Optimal objective 9.78921310e+00

Crossover time: 0.02 seconds (0.03 work units)

Root relaxation: objective 9.789213e+00, 370 iterations, 0.09 seconds (0.06 work units)

    Nodes    |    Current Node    |     Objective Bounds      |     Work
 Expl Unexpl |  Obj  Depth IntInf | Incumbent    BestBd   Gap | It/Node Time

     0     0    9.78921    0   31   43.40768    9.78921  77.4%     -    0s
H    0     0                      19.9243025    9.78921  50.9%     -    0s
     0     0   10.16719    0   24   19.92430   10.16719  49.0%     -    0s
H    0     0                      18.5781525   10.16719  45.3%     -    0s
     0     0   10.17328    0   26   18.57815   10.17328  45.2%     -    0s
     0     0   10.17328    0   26   18.57815   10.17328  45.2%     -    0s
H    0     0                      17.5701577   10.19496  42.0%     -    0s
     0     0   10.19496    0   29   17.57016   10.19496  42.0%     -    0s
     0     0   10.26136    0   29   17.57016   10.26136  41.6%     -    0s
     0     0   10.26856    0   29   17.57016   10.26856  41.6%     -    0s
     0     0   10.26856    0   29   17.57016   10.26856  41.6%     -    0s
     0     0   10.27365    0   29   17.57016   10.27365  41.5%     -    0s
     0     0   10.27365    0   26   17.57016   10.27365  41.5%     -    0s
     0     2   10.27365    0   26   17.57016   10.27365  41.5%     -    0s
H   14    16                      17.5701575   10.35180  41.1%  87.6    0s
H   15    26                      17.0101553   10.35180  39.1%  87.1    0s
H  213   227                      15.8926032   10.35676  34.8%  74.0    0s
H  219   227                      14.9281825   10.35676  30.6%  73.0    0s
H  298   251                      14.3585338   10.54382  26.6%  66.5    0s
H  299   251                      14.3584675   10.54382  26.6%  66.3    0s
H  304   251                      12.5165959   10.54382  15.8%  66.8    0s
H  325   257                      12.5165959   10.54382  15.8%  64.8    0s
*  343   270              34      12.5165759   10.54382  15.8%  68.1    1s
*  427   305              16      12.1531300   10.74421  11.6%  68.1    1s
H  484   306                      12.0230075   10.81584  10.0%  65.5    1s
*  554   315              25      11.9397831   10.82993  9.30%  62.3    1s
H  626   294                      11.9397830   10.93436  8.42%  64.5    1s
H  868   142                      11.9397828   11.51956  3.52%  65.0    1s
*  876   142              25      11.9397668   11.58480  2.97%  65.8    1s

Cutting planes:
  Learned: 1
  Cover: 11
  Implied bound: 40
  MIR: 21
  StrongCG: 3
  Flow cover: 5
  Inf proof: 1
  RLT: 1
  Relax-and-lift: 2

Explored 1070 nodes (60788 simplex iterations) in 1.77 seconds (3.94 work units)
Thread count was 10 (of 10 available processors)

Solution count 10: 11.9398 11.9398 11.9398 ... 14.3585

Optimal solution found (tolerance 5.00e-03)
Best objective 1.193976679242e+01, best bound 1.193976598728e+01, gap 0.0000%
