
Gurobi 13.0.3 (mac64[arm]) logging started Sat Sep 26 12:18:07 2026

Set parameter LogFile to value "/Users/ashutosh/Desktop/Two-stage-Model/certainty_results/full/solves/wnw_5_15_20M_phase1.log"
Gurobi Optimizer version 13.0.3 build v13.0.3rc0 (mac64[arm] - Darwin 27.0.0 26A428)

CPU model: Apple M1 Pro
Thread count: 10 physical cores, 10 logical processors, using up to 10 threads

Non-default parameters:
TimeLimit  21600
MIPGap  0.005
Method  2
LogToConsole  0

Optimize a model with 13558 rows, 5548 columns and 38180 nonzeros (Min)
Model fingerprint: 0xefeb1170
Model has 663 linear objective coefficients and an objective constant of 396.859633
Variable types: 3498 continuous, 2050 integer (1688 binary)
Coefficient statistics:
  Matrix range     [1e-03, 1e+05]
  Objective range  [1e+00, 1e+00]
  Bounds range     [1e+00, 3e+00]
  RHS range        [1e-02, 2e+07]

Loaded user MIP start with objective 17.6291
MIP start from previous solve did not produce a new incumbent solution

Presolve removed 11343 rows and 3802 columns
Presolve time: 0.06s
Presolved: 2215 rows, 1746 columns, 8221 nonzeros
Variable types: 1487 continuous, 259 integer (259 binary)
Root barrier log...

Ordering time: 0.00s

Barrier statistics:
 AA' NZ     : 3.069e+04
 Factor NZ  : 9.240e+04 (roughly 2 MB of memory)
 Factor Ops : 7.344e+06 (less than 1 second per iteration)
 Threads    : 10

                  Objective                Residual
Iter       Primal          Dual         Primal    Dual     Compl     Time
   0  -1.03407012e+06 -4.67918489e+05  3.60e+04 2.68e+00  1.55e+04     0s
   1  -5.11822004e+05 -5.31302113e+05  1.78e+04 9.86e+00  7.80e+03     0s
   2  -8.08819534e+03 -5.48533649e+05  2.93e+02 6.57e-14  2.45e+02     0s
   3  -4.88392014e+02 -1.05993334e+05  2.44e+01 3.55e-14  2.99e+01     0s
   4   1.31987656e+02 -1.78611330e+04  2.45e+00 2.66e-14  4.19e+00     0s
   5   1.70770428e+02 -8.34055548e+03  5.46e-02 6.75e-14  1.83e+00     0s
   6   1.46937529e+02 -2.23481578e+03  1.78e-02 2.13e-14  5.12e-01     0s
   7   7.63482649e+01 -5.98475352e+02  1.03e-03 7.53e-15  1.45e-01     0s
   8   2.96140479e+01 -1.21207748e+02  9.65e-05 7.11e-15  3.24e-02     0s
   9   1.53657479e+01 -3.03013616e+01  2.01e-05 7.11e-15  9.80e-03     0s
  10   1.06741788e+01 -4.79904077e+00  4.85e-06 3.55e-15  3.32e-03     0s
  11   8.90576966e+00  3.78485629e+00  1.79e-06 3.55e-15  1.10e-03     0s
  12   8.19642137e+00  5.77244762e+00  6.86e-07 7.11e-15  5.20e-04     0s
  13   7.85781101e+00  7.23151161e+00  1.69e-07 3.55e-15  1.34e-04     0s
  14   7.76277685e+00  7.66042408e+00  4.56e-08 3.55e-15  2.20e-05     0s
  15   7.73698420e+00  7.69479037e+00  1.77e-08 3.55e-15  9.05e-06     0s
  16   7.72445996e+00  7.71182640e+00  5.16e-09 3.55e-15  2.71e-06     0s
  17   7.72034718e+00  7.71651262e+00  1.37e-09 3.55e-15  8.23e-07     0s
  18   7.71991150e+00  7.71758572e+00  9.51e-10 3.55e-15  4.99e-07     0s
  19   7.71900474e+00  7.71874041e+00  2.26e-10 3.55e-15  5.67e-08     0s
  20   7.71886756e+00  7.71885911e+00  5.68e-10 3.55e-15  1.81e-09     0s
  21   7.71886515e+00  7.71886515e+00  1.41e-10 3.55e-15  1.81e-12     0s

Barrier solved model in 21 iterations and 0.16 seconds (0.15 work units)
Optimal objective 7.71886515e+00

Crossover time: 0.01 seconds (0.02 work units)

Root relaxation: objective 7.718865e+00, 304 iterations, 0.08 seconds (0.05 work units)

    Nodes    |    Current Node    |     Objective Bounds      |     Work
 Expl Unexpl |  Obj  Depth IntInf | Incumbent    BestBd   Gap | It/Node Time

     0     0    7.71887    0   41   17.62911    7.71887  56.2%     -    0s
     0     0    7.90179    0   33   17.62911    7.90179  55.2%     -    0s
H    0     0                      16.9695944    7.90179  53.4%     -    0s
     0     0    7.91569    0   44   16.96959    7.91569  53.4%     -    0s
     0     0    7.92189    0   33   16.96959    7.92189  53.3%     -    0s
     0     0    7.92200    0   45   16.96959    7.92200  53.3%     -    0s
     0     0    7.92861    0   44   16.96959    7.92861  53.3%     -    0s
     0     0    7.92861    0   44   16.96959    7.92861  53.3%     -    0s
H    0     0                      11.3309509    7.92861  30.0%     -    0s
     0     0    7.93503    0   45   11.33095    7.93503  30.0%     -    0s
     0     0    7.93503    0   45   11.33095    7.93503  30.0%     -    0s
     0     0    7.93503    0   45   11.33095    7.93503  30.0%     -    0s
     0     2    7.93503    0   45   11.33095    7.93503  30.0%     -    0s
H  186   183                      11.3309509    7.95396  29.8%  41.6    0s
H  508   451                       9.8269240    7.98647  18.7%  58.0    1s
*  547   466              46       9.8100629    7.98647  18.6%  60.1    1s
*  735   556              47       9.0080500    8.00269  11.2%  61.8    1s
H  794   535                       9.0080500    8.00457  11.1%  62.8    1s
H  805   535                       9.0080498    8.00457  11.1%  62.6    1s
H 1020   541                       9.0080498    8.02874  10.9%  71.5    2s
H 1022   541                       9.0080498    8.02874  10.9%  71.6    2s
* 1094   531              15       8.7961900    8.06330  8.33%  72.4    2s
* 1255   525              12       8.7501700    8.06330  7.85%  79.7    2s
H 1280   517                       8.7501700    8.11363  7.27%  80.3    2s
H 1289   517                       8.7501700    8.11459  7.26%  81.1    2s
H 1576   482                       8.7501700    8.16845  6.65%  91.0    3s
H 1581   482                       8.7501699    8.17095  6.62%  91.2    3s
* 1711   457              12       8.5809400    8.23103  4.08%  93.2    3s

Cutting planes:
  Learned: 1
  Cover: 11
  Implied bound: 35
  MIR: 45
  StrongCG: 6
  Flow cover: 29

Explored 2264 nodes (177014 simplex iterations) in 3.73 seconds (9.73 work units)
Thread count was 10 (of 10 available processors)

Solution count 10: 8.58094 8.75017 8.75017 ... 9.00805

Optimal solution found (tolerance 5.00e-03)
Warning: max constraint violation (1.2566e-06) exceeds tolerance
Best objective 8.580940000000e+00, best bound 8.580940000000e+00, gap 0.0000%
