
Gurobi 13.0.3 (mac64[arm]) logging started Sat Sep 26 12:17:33 2026

Set parameter LogFile to value "/Users/ashutosh/Desktop/Two-stage-Model/certainty_results/full/solves/wnw_5_05_80M_phase2.log"
Gurobi Optimizer version 13.0.3 build v13.0.3rc0 (mac64[arm] - Darwin 27.0.0 26A428)

CPU model: Apple M1 Pro
Thread count: 10 physical cores, 10 logical processors, using up to 10 threads

Non-default parameters:
TimeLimit  21600
MIPGap  0.005
Method  2
LogToConsole  0

Optimize a model with 13546 rows, 5548 columns and 38804 nonzeros (Min)
Model fingerprint: 0xae57ac68
Model has 724 linear objective coefficients
Variable types: 3498 continuous, 2050 integer (1688 binary)
Coefficient statistics:
  Matrix range     [1e-03, 1e+05]
  Objective range  [2e+04, 1e+05]
  Bounds range     [1e+00, 3e+00]
  RHS range        [1e-02, 8e+07]

Loaded user MIP start with objective 5.53e+07
MIP start from previous solve did not produce a new incumbent solution

Presolve removed 12330 rows and 4022 columns
Presolve time: 0.03s
Presolved: 1216 rows, 1526 columns, 5881 nonzeros
Found heuristic solution: objective 5.525000e+07
Variable types: 1323 continuous, 203 integer (203 binary)
Found heuristic solution: objective 5.512500e+07
Root barrier log...

Ordering time: 0.00s

Barrier statistics:
 AA' NZ     : 1.278e+04
 Factor NZ  : 4.777e+04 (roughly 1 MB of memory)
 Factor Ops : 3.237e+06 (less than 1 second per iteration)
 Threads    : 1

                  Objective                Residual
Iter       Primal          Dual         Primal    Dual     Compl     Time
   0   5.75811445e+07 -4.48116023e+07  4.85e+03 2.11e+03  3.51e+05     0s
   1   5.38163228e+07 -9.50830674e+06  7.83e+02 2.10e+03  6.70e+04     0s
   2   5.36530387e+07  3.83706930e+07  1.16e+02 1.80e+01  9.60e+03     0s
   3   5.35885213e+07  5.03147359e+07  2.12e+01 1.09e-11  1.63e+03     0s
   4   5.35522463e+07  5.23817923e+07  1.02e+01 2.91e-11  6.20e+02     0s
   5   5.35812803e+07  5.33646813e+07  1.02e+00 1.91e-11  8.74e+01     0s
   6   5.35629648e+07  5.35091474e+07  3.63e-01 1.85e-11  2.36e+01     0s
   7   5.35550765e+07  5.35349009e+07  1.91e-01 8.37e-11  1.01e+01     0s
   8   5.35509680e+07  5.35449170e+07  9.04e-02 6.18e-11  3.79e+00     0s
   9   5.35472003e+07  5.35462051e+07  5.44e-03 8.55e-11  4.12e-01     0s
  10   5.35467862e+07  5.35464082e+07  4.46e-04 6.37e-11  1.19e-01     0s
  11   5.35467394e+07  5.35466704e+07  9.04e-05 2.91e-11  2.20e-02     0s
  12   5.35467289e+07  5.35467013e+07  2.54e-05 2.91e-11  8.52e-03     0s
  13   5.35467271e+07  5.35467090e+07  1.49e-05 4.37e-11  5.55e-03     0s
  14   5.35467260e+07  5.35467164e+07  8.70e-06 2.47e-10  2.98e-03     0s
  15   5.35467253e+07  5.35467212e+07  4.81e-06 3.64e-10  1.33e-03     0s
  16   5.35467250e+07  5.35467224e+07  2.93e-06 2.91e-10  8.58e-04     0s
  17   5.35467249e+07  5.35467226e+07  2.63e-06 3.06e-10  7.70e-04     0s
  18   5.35467248e+07  5.35467232e+07  1.49e-06 3.20e-10  5.23e-04     0s
  19   5.35467248e+07  5.35467235e+07  1.37e-06 6.98e-10  4.40e-04     0s
  20   5.35467248e+07  5.35467235e+07  1.26e-06 6.98e-10  4.21e-04     0s
  21   5.35467247e+07  5.35467237e+07  9.71e-07 8.73e-10  3.58e-04     0s
  22   5.35467247e+07  5.35467244e+07  7.95e-07 6.69e-09  1.58e-04     0s
  23   5.35467247e+07  5.35467245e+07  7.34e-07 5.82e-09  1.29e-04     0s
  24   5.35467248e+07  5.35467245e+07  6.10e-07 1.68e-08  1.04e-04     0s
  25   5.35467248e+07  5.35467247e+07  6.07e-07 1.65e-08  9.26e-05     0s
  26   5.35467248e+07  5.35467246e+07  4.99e-07 1.48e-08  8.07e-05     0s
  27   5.35467248e+07  5.35467248e+07  4.95e-07 1.65e-08  6.71e-05     0s
  28   5.35467248e+07  5.35467247e+07  2.78e-07 1.73e-08  5.96e-05     0s
  29   5.35467248e+07  5.35467248e+07  2.68e-07 1.48e-08  3.63e-05     0s
  30   5.35467248e+07  5.35467249e+07  2.57e-07 1.89e-08  2.59e-05     0s
  31   5.35467249e+07  5.35467249e+07  1.29e-07 2.46e-08  1.08e-05     0s
  32   5.35467248e+07  5.35467246e+07  2.07e-07 2.26e-08  8.44e-05     0s
  33   5.35467248e+07  5.35467249e+07  2.21e-07 2.56e-08  7.73e-07     0s
  34   5.35467248e+07  5.35467249e+07  2.50e-07 7.16e-09  1.30e-08     0s
  35   5.35467248e+07  5.35467249e+07  2.50e-07 2.91e-10  5.52e-10     0s

Barrier solved model in 35 iterations and 0.11 seconds (0.12 work units)
Optimal objective 5.35467248e+07

Crossover time: 0.01 seconds (0.01 work units)

Extra simplex iterations after uncrush: 202

Root relaxation: objective 5.354672e+07, 308 iterations, 0.07 seconds (0.08 work units)

    Nodes    |    Current Node    |     Objective Bounds      |     Work
 Expl Unexpl |  Obj  Depth IntInf | Incumbent    BestBd   Gap | It/Node Time

     0     0 5.3547e+07    0    6 5.5125e+07 5.3547e+07  2.86%     -    0s
H    0     0                    5.400000e+07 5.3547e+07  0.84%     -    0s

Cutting planes:
  Gomory: 2

Explored 1 nodes (308 simplex iterations) in 0.19 seconds (0.20 work units)
Thread count was 10 (of 10 available processors)

Solution count 4: 5.4e+07 5.5125e+07 5.525e+07 5.53e+07 

Optimal solution found (tolerance 5.00e-03)
Best objective 5.400000000000e+07, best bound 5.400000000000e+07, gap 0.0000%
