
Gurobi 13.0.3 (mac64[arm]) logging started Sat Sep 26 12:17:29 2026

Set parameter LogFile to value "/Users/ashutosh/Desktop/Two-stage-Model/certainty_results/full/solves/wnw_5_05_40M_phase1.log"
Gurobi Optimizer version 13.0.3 build v13.0.3rc0 (mac64[arm] - Darwin 27.0.0 26A428)

CPU model: Apple M1 Pro
Thread count: 10 physical cores, 10 logical processors, using up to 10 threads

Non-default parameters:
TimeLimit  21600
MIPGap  0.005
Method  2
LogToConsole  0

Optimize a model with 13545 rows, 5548 columns and 38141 nonzeros (Min)
Model fingerprint: 0x2c8305c8
Model has 663 linear objective coefficients and an objective constant of 396.859633
Variable types: 3498 continuous, 2050 integer (1688 binary)
Coefficient statistics:
  Matrix range     [1e-03, 1e+05]
  Objective range  [1e+00, 1e+00]
  Bounds range     [1e+00, 3e+00]
  RHS range        [1e-02, 4e+07]

Loaded user MIP start with objective 4.01767
MIP start from previous solve did not produce a new incumbent solution

Presolve removed 11413 rows and 3819 columns
Presolve time: 0.05s
Presolved: 2132 rows, 1729 columns, 8007 nonzeros
Variable types: 1471 continuous, 258 integer (258 binary)
Root barrier log...

Ordering time: 0.00s

Barrier statistics:
 AA' NZ     : 2.823e+04
 Factor NZ  : 8.757e+04 (roughly 2 MB of memory)
 Factor Ops : 6.701e+06 (less than 1 second per iteration)
 Threads    : 10

                  Objective                Residual
Iter       Primal          Dual         Primal    Dual     Compl     Time
   0  -3.94825382e+05 -4.54668423e+05  1.32e+04 2.68e+00  5.96e+03     0s
   1  -1.22847526e+05 -4.53552752e+05  4.12e+03 9.10e+00  1.94e+03     0s
   2  -2.27993417e+03 -3.53995789e+05  8.25e+01 5.24e-14  1.12e+02     0s
   3  -1.15109768e-01 -6.76052306e+04  6.51e+00 3.44e-14  1.63e+01     0s
   4   1.63453701e+02 -9.49916083e+03  6.65e-01 3.55e-14  2.17e+00     0s
   5   1.31515102e+02 -3.42167568e+03  3.07e-03 3.55e-14  7.73e-01     0s
   6   9.14814089e+01 -1.74315447e+03  8.44e-04 1.78e-14  3.99e-01     0s
   7   4.91304309e+01 -5.70605164e+02  1.11e-04 7.11e-15  1.35e-01     0s
   8   2.34207220e+01 -1.06623436e+02  1.94e-05 3.55e-15  2.83e-02     0s
   9   7.60364469e+00 -3.68706981e+01  2.26e-06 3.55e-15  9.68e-03     0s
  10   6.35795862e+00 -2.49692237e+01  1.47e-06 3.55e-15  6.82e-03     0s
  11   3.36153041e+00 -6.05217653e+00  4.24e-07 3.55e-15  2.05e-03     0s
  12   2.05766141e+00 -1.54229692e+00  1.34e-07 3.55e-15  7.83e-04     0s
  13   1.48154031e+00  7.65762352e-01  3.93e-08 3.55e-15  1.56e-04     0s
  14   1.28233585e+00  1.05565537e+00  1.02e-08 3.55e-15  4.93e-05     0s
  15   1.23116147e+00  1.15436017e+00  3.70e-09 3.55e-15  1.67e-05     0s
  16   1.21735895e+00  1.17903412e+00  2.07e-09 3.55e-15  8.34e-06     0s
  17   1.21010788e+00  1.18942340e+00  1.25e-09 3.55e-15  4.50e-06     0s
  18   1.20430689e+00  1.19436617e+00  6.18e-10 3.55e-15  2.16e-06     0s
  19   1.20035324e+00  1.19743339e+00  1.62e-10 3.55e-15  6.35e-07     0s
  20   1.19920772e+00  1.19839723e+00  1.79e-10 3.55e-15  1.76e-07     0s
  21   1.19884162e+00  1.19870129e+00  3.31e-10 3.55e-15  3.05e-08     0s
  22   1.19881065e+00  1.19879784e+00  6.72e-10 3.55e-15  2.79e-09     0s
  23   1.19880875e+00  1.19880865e+00  1.71e-10 7.11e-15  2.16e-11     0s

Barrier solved model in 23 iterations and 0.13 seconds (0.11 work units)
Optimal objective 1.19880875e+00

Crossover time: 0.02 seconds (0.02 work units)

Root relaxation: objective 1.198809e+00, 348 iterations, 0.08 seconds (0.06 work units)

    Nodes    |    Current Node    |     Objective Bounds      |     Work
 Expl Unexpl |  Obj  Depth IntInf | Incumbent    BestBd   Gap | It/Node Time

     0     0    1.19881    0    9    4.01767    1.19881  70.2%     -    0s
H    0     0                       2.5298084    1.19881  52.6%     -    0s
     0     0    1.31045    0    8    2.52981    1.31045  48.2%     -    0s
     0     0    1.31046    0    8    2.52981    1.31046  48.2%     -    0s
     0     0    1.31046    0    8    2.52981    1.31046  48.2%     -    0s
     0     0    1.31046    0    8    2.52981    1.31046  48.2%     -    0s
H    0     0                       2.2062283    1.31046  40.6%     -    0s
     0     2    1.31046    0    8    2.20623    1.31046  40.6%     -    0s
H   29    30                       2.2062283    1.33760  39.4%   191    0s
H   30    30                       1.4604300    1.36062  6.83%   187    0s

Cutting planes:
  Cover: 4
  Implied bound: 13
  MIR: 5
  Flow cover: 3

Explored 83 nodes (10359 simplex iterations) in 0.71 seconds (1.25 work units)
Thread count was 10 (of 10 available processors)

Solution count 4: 1.46043 2.20623 2.52981 4.01767 

Optimal solution found (tolerance 5.00e-03)
Best objective 1.460430000000e+00, best bound 1.460430000000e+00, gap 0.0000%
