
Gurobi 13.0.3 (mac64[arm]) logging started Sat Sep 26 12:17:39 2026

Set parameter LogFile to value "/Users/ashutosh/Desktop/Two-stage-Model/certainty_results/full/solves/wnw_5_10_20M_phase1.log"
Gurobi Optimizer version 13.0.3 build v13.0.3rc0 (mac64[arm] - Darwin 27.0.0 26A428)

CPU model: Apple M1 Pro
Thread count: 10 physical cores, 10 logical processors, using up to 10 threads

Non-default parameters:
TimeLimit  21600
MIPGap  0.005
Method  2
LogToConsole  0

Optimize a model with 13557 rows, 5548 columns and 38177 nonzeros (Min)
Model fingerprint: 0x3ac16afa
Model has 663 linear objective coefficients and an objective constant of 396.859633
Variable types: 3498 continuous, 2050 integer (1688 binary)
Coefficient statistics:
  Matrix range     [1e-03, 1e+05]
  Objective range  [1e+00, 1e+00]
  Bounds range     [1e+00, 3e+00]
  RHS range        [1e-02, 2e+07]

Loaded user MIP start with objective 22.1163
MIP start from previous solve did not produce a new incumbent solution

Presolve removed 11348 rows and 3802 columns
Presolve time: 0.06s
Presolved: 2209 rows, 1746 columns, 8205 nonzeros
Variable types: 1486 continuous, 260 integer (260 binary)
Root barrier log...

Ordering time: 0.00s

Barrier statistics:
 AA' NZ     : 3.034e+04
 Factor NZ  : 8.864e+04 (roughly 2 MB of memory)
 Factor Ops : 6.516e+06 (less than 1 second per iteration)
 Threads    : 10

                  Objective                Residual
Iter       Primal          Dual         Primal    Dual     Compl     Time
   0  -1.15410561e+06 -4.99685736e+05  3.98e+04 2.69e+00  1.75e+04     0s
   1  -5.64323109e+05 -5.70148634e+05  1.95e+04 9.57e+00  8.72e+03     0s
   2  -8.42336961e+03 -5.79312286e+05  3.03e+02 6.39e-14  2.59e+02     0s
   3  -4.62515430e+02 -1.14623141e+05  2.33e+01 5.33e-14  3.17e+01     0s
   4   1.09251602e+01 -1.89819438e+04  6.85e+00 2.49e-14  5.08e+00     0s
   5   1.65646693e+02 -7.49836395e+03  3.63e-01 1.78e-14  1.68e+00     0s
   6   1.47855142e+02 -2.37687307e+03  1.12e-01 2.13e-14  5.47e-01     0s
   7   9.80079903e+01 -1.47501925e+03  1.10e-02 1.07e-14  3.38e-01     0s
   8   4.71515454e+01 -2.03615215e+02  4.32e-06 3.55e-15  5.38e-02     0s
   9   2.83665064e+01 -6.51608847e+01  1.66e-06 3.55e-15  2.01e-02     0s
  10   1.77866240e+01 -2.22365740e+01  6.03e-07 3.55e-15  8.59e-03     0s
  11   1.39553551e+01 -3.82464160e+00  2.75e-07 3.55e-15  3.82e-03     0s
  12   1.14467304e+01  2.80825883e+00  9.56e-08 3.55e-15  1.85e-03     0s
  13   1.05590043e+01  7.14276448e+00  4.27e-08 3.55e-15  7.34e-04     0s
  14   9.86456313e+00  9.31638261e+00  6.09e-09 3.55e-15  1.18e-04     0s
  15   9.75090154e+00  9.54956340e+00  2.22e-09 3.55e-15  4.32e-05     0s
  16   9.72642169e+00  9.57935857e+00  1.34e-09 3.55e-15  3.16e-05     0s
  17   9.70954456e+00  9.64611864e+00  8.11e-10 7.11e-15  1.36e-05     0s
  18   9.69611604e+00  9.66937077e+00  3.96e-10 3.55e-15  5.74e-06     0s
  19   9.68827367e+00  9.67888789e+00  1.54e-10 3.55e-15  2.02e-06     0s
  20   9.68410616e+00  9.68159711e+00  1.33e-09 3.55e-15  5.39e-07     0s
  21   9.68370880e+00  9.68259787e+00  8.34e-10 3.55e-15  2.39e-07     0s
  22   9.68370534e+00  9.68278321e+00  8.23e-10 3.55e-15  1.98e-07     0s
  23   9.68345910e+00  9.68305970e+00  2.37e-09 3.55e-15  8.58e-08     0s
  24   9.68321536e+00  9.68316640e+00  5.49e-09 3.55e-15  1.05e-08     0s
  25   9.68319085e+00  9.68317917e+00  1.49e-09 1.36e-14  2.51e-09     0s
  26   9.68318012e+00  9.68317985e+00  6.93e-10 2.80e-14  5.63e-11     0s

Barrier solved model in 26 iterations and 0.16 seconds (0.15 work units)
Optimal objective 9.68318012e+00

Crossover time: 0.02 seconds (0.03 work units)

Root relaxation: objective 9.683180e+00, 310 iterations, 0.07 seconds (0.07 work units)

    Nodes    |    Current Node    |     Objective Bounds      |     Work
 Expl Unexpl |  Obj  Depth IntInf | Incumbent    BestBd   Gap | It/Node Time

     0     0    9.68318    0   44   22.11633    9.68318  56.2%     -    0s
     0     0    9.83725    0   56   22.11633    9.83725  55.5%     -    0s
H    0     0                      21.1459894    9.89566  53.2%     -    0s
     0     0    9.89566    0   56   21.14599    9.89566  53.2%     -    0s
     0     0    9.93177    0   39   21.14599    9.93177  53.0%     -    0s
     0     0    9.94217    0   47   21.14599    9.94217  53.0%     -    0s
     0     0    9.95458    0   47   21.14599    9.95458  52.9%     -    0s
     0     0    9.95458    0   46   21.14599    9.95458  52.9%     -    0s
H    0     0                      16.1223079    9.95458  38.3%     -    0s
     0     0    9.96307    0   46   16.12231    9.96307  38.2%     -    0s
     0     0    9.96508    0   46   16.12231    9.96508  38.2%     -    0s
     0     0    9.96640    0   46   16.12231    9.96640  38.2%     -    0s
     0     0    9.96640    0   46   16.12231    9.96640  38.2%     -    0s
     0     2    9.96640    0   46   16.12231    9.96640  38.2%     -    0s
H   23    26                      16.1223079    9.96971  38.2%  57.9    0s
H   45    56                      14.1991410    9.99920  29.6%  64.7    0s
H   50    56                      14.0314863    9.99920  28.7%  59.3    0s
H   71    74                      14.0314862    9.99920  28.7%  57.5    0s
H  111   127                      13.3726282    9.99920  25.2%  52.7    0s
*  233   216              39      13.0545823   10.00026  23.4%  54.5    0s
H  376   321                      12.3182255   10.00505  18.8%  65.1    1s
*  409   323              58      12.2895928   10.00505  18.6%  64.2    1s
H  496   379                      12.2895928   10.12909  17.6%  65.8    1s
H  520   398                      11.9832120   10.12909  15.5%  65.2    1s
H  590   407                      11.9832120   10.16071  15.2%  65.0    1s
*  610   421              35      11.9563083   10.23639  14.4%  64.4    1s
*  685   431              39      11.9260036   10.23639  14.2%  63.8    1s
H  854   486                      11.8336700   10.28266  13.1%  66.2    1s
H  929   514                      11.7687800   10.28266  12.6%  65.2    1s
H 1059   551                      11.5901900   10.37748  10.5%  67.8    2s
* 1340   534              25      11.5593500   10.50200  9.15%  70.0    2s
H 1742   524                      11.5593499   10.62859  8.05%  76.7    3s
* 2074   512              17      11.5555000   10.77365  6.77%  79.2    3s
H 2195   504                      11.5555000   10.80612  6.49%  79.3    3s
H 2589   439                      11.5554997   10.93739  5.35%  81.4    4s
H 2619   430                      11.4581900   10.95849  4.36%  81.4    4s
  2654   375     cutoff    7        11.45819   10.95849  4.36%  81.2    5s
H 2808   321                      11.4581900   11.01156  3.90%  80.7    5s
H 2891   321                      11.4192822   11.01595  3.53%  80.5    5s
* 3062   211              21      11.2602200   11.10098  1.41%  79.5    5s

Cutting planes:
  Learned: 1
  Cover: 19
  Implied bound: 39
  MIR: 45
  StrongCG: 1
  Flow cover: 18
  RLT: 3
  Relax-and-lift: 3

Explored 3304 nodes (247231 simplex iterations) in 5.40 seconds (14.19 work units)
Thread count was 10 (of 10 available processors)

Solution count 10: 11.2602 11.4193 11.4582 ... 11.5902

Optimal solution found (tolerance 5.00e-03)
Best objective 1.126022000000e+01, best bound 1.126022000000e+01, gap 0.0000%
