
Gurobi 13.0.3 (mac64[arm]) logging started Sat Sep 26 12:17:27 2026

Set parameter LogFile to value "/Users/ashutosh/Desktop/Two-stage-Model/certainty_results/full/solves/wnw_5_05_30M_phase1.log"
Gurobi Optimizer version 13.0.3 build v13.0.3rc0 (mac64[arm] - Darwin 27.0.0 26A428)

CPU model: Apple M1 Pro
Thread count: 10 physical cores, 10 logical processors, using up to 10 threads

Non-default parameters:
TimeLimit  21600
MIPGap  0.005
Method  2
LogToConsole  0

Optimize a model with 13545 rows, 5548 columns and 38141 nonzeros (Min)
Model fingerprint: 0x7bea2371
Model has 663 linear objective coefficients and an objective constant of 396.859633
Variable types: 3498 continuous, 2050 integer (1688 binary)
Coefficient statistics:
  Matrix range     [1e-03, 1e+05]
  Objective range  [1e+00, 1e+00]
  Bounds range     [1e+00, 3e+00]
  RHS range        [1e-02, 3e+07]

Loaded user MIP start with objective 8.20546
MIP start from previous solve did not produce a new incumbent solution

Presolve removed 11413 rows and 3819 columns
Presolve time: 0.06s
Presolved: 2132 rows, 1729 columns, 8007 nonzeros
Variable types: 1471 continuous, 258 integer (258 binary)
Root barrier log...

Ordering time: 0.00s

Barrier statistics:
 AA' NZ     : 2.823e+04
 Factor NZ  : 8.757e+04 (roughly 2 MB of memory)
 Factor Ops : 6.701e+06 (less than 1 second per iteration)
 Threads    : 10

                  Objective                Residual
Iter       Primal          Dual         Primal    Dual     Compl     Time
   0  -6.13231243e+05 -4.54922486e+05  2.05e+04 2.68e+00  9.20e+03     0s
   1  -2.19021070e+05 -4.85086669e+05  7.33e+03 1.00e+01  3.38e+03     0s
   2  -2.82889766e+03 -4.32932289e+05  1.01e+02 2.13e-14  1.38e+02     0s
   3  -5.60534859e+01 -7.34256330e+04  8.47e+00 2.49e-14  1.82e+01     0s
   4   1.72161494e+02 -1.04189750e+04  5.58e-01 2.49e-14  2.36e+00     0s
   5   1.48047160e+02 -3.42174889e+03  2.08e-02 1.15e-14  7.78e-01     0s
   6   9.75941712e+01 -1.72473459e+03  4.83e-03 7.11e-15  3.97e-01     0s
   7   5.31607876e+01 -5.02230441e+02  7.46e-04 3.55e-15  1.21e-01     0s
   8   2.46130456e+01 -1.13476483e+02  1.69e-04 7.11e-15  3.00e-02     0s
   9   1.38813217e+01 -2.73938276e+01  6.74e-05 3.55e-15  8.98e-03     0s
  10   6.19495006e+00 -4.28763307e+00  1.16e-05 3.55e-15  2.28e-03     0s
  11   4.51290757e+00  1.34808152e+00  3.69e-06 3.55e-15  6.89e-04     0s
  12   4.00073255e+00  2.95880672e+00  1.43e-06 3.55e-15  2.27e-04     0s
  13   3.74302265e+00  3.41877364e+00  3.38e-07 3.55e-15  7.06e-05     0s
  14   3.68287783e+00  3.61267033e+00  1.01e-07 3.55e-15  1.53e-05     0s
  15   3.66646605e+00  3.64300092e+00  4.43e-08 3.55e-15  5.11e-06     0s
  16   3.65859142e+00  3.64604627e+00  1.71e-08 3.55e-15  2.73e-06     0s
  17   3.65656139e+00  3.65103905e+00  1.04e-08 7.11e-15  1.20e-06     0s
  18   3.65476116e+00  3.65219627e+00  4.49e-09 3.55e-15  5.58e-07     0s
  19   3.65423691e+00  3.65293021e+00  2.79e-09 3.55e-15  2.84e-07     0s
  20   3.65338605e+00  3.65329482e+00  1.66e-10 3.55e-15  1.99e-08     0s
  21   3.65336508e+00  3.65336226e+00  2.08e-10 7.11e-15  6.15e-10     0s

Barrier solved model in 21 iterations and 0.12 seconds (0.11 work units)
Optimal objective 3.65336508e+00


Restart crossover...

Crossover time: 0.03 seconds (0.04 work units)

Root relaxation: objective 3.653364e+00, 588 iterations, 0.08 seconds (0.07 work units)

    Nodes    |    Current Node    |     Objective Bounds      |     Work
 Expl Unexpl |  Obj  Depth IntInf | Incumbent    BestBd   Gap | It/Node Time

     0     0    3.65336    0    9    8.20546    3.65336  55.5%     -    0s
H    0     0                       4.8681304    3.65336  25.0%     -    0s
     0     0    3.78126    0    8    4.86813    3.78126  22.3%     -    0s
H    0     0                       4.7622037    3.78462  20.5%     -    0s
     0     0    3.78462    0   10    4.76220    3.78462  20.5%     -    0s
     0     0    3.81365    0   15    4.76220    3.81365  19.9%     -    0s
     0     0    3.81583    0   13    4.76220    3.81583  19.9%     -    0s
     0     0    3.81850    0   20    4.76220    3.81850  19.8%     -    0s
     0     0    3.82213    0   19    4.76220    3.82213  19.7%     -    0s
H    0     0                       4.7619780    3.82213  19.7%     -    0s
     0     0    3.82554    0   21    4.76198    3.82554  19.7%     -    0s
     0     0    3.83331    0   15    4.76198    3.83331  19.5%     -    0s
     0     0    3.83851    0   16    4.76198    3.83851  19.4%     -    0s
     0     0    3.83924    0   22    4.76198    3.83924  19.4%     -    0s
     0     0    3.83936    0   25    4.76198    3.83936  19.4%     -    0s
     0     0    3.84154    0   23    4.76198    3.84154  19.3%     -    0s
     0     0    3.84434    0   23    4.76198    3.84434  19.3%     -    0s
     0     0    3.84439    0   26    4.76198    3.84439  19.3%     -    0s
     0     0    3.84442    0   22    4.76198    3.84442  19.3%     -    0s
     0     0    3.84442    0   22    4.76198    3.84442  19.3%     -    0s
     0     0    3.84442    0   22    4.76198    3.84442  19.3%     -    0s
     0     0    3.84442    0   17    4.76198    3.84442  19.3%     -    0s
H    0     0                       4.7605437    3.84442  19.2%     -    0s
     0     2    3.84442    0   17    4.76054    3.84442  19.2%     -    0s
H   25    24                       4.7605437    3.85535  19.0%  74.7    0s
H   28    24                       4.7605435    3.85535  19.0%  77.4    0s
H   32    24                       4.7590677    3.85535  19.0%  75.6    0s
H  124   108                       4.4778400    3.85535  13.9%  98.1    1s
H  127   108                       4.1321500    3.85535  6.70%  97.5    1s
*  188    99               9       4.0176700    3.85535  4.04%  82.3    1s

Cutting planes:
  Learned: 1
  Gomory: 1
  Cover: 10
  Implied bound: 18
  MIR: 28
  StrongCG: 3
  Flow cover: 9
  RLT: 5
  Relax-and-lift: 2

Explored 300 nodes (23141 simplex iterations) in 1.48 seconds (2.71 work units)
Thread count was 10 (of 10 available processors)

Solution count 9: 4.01767 4.13215 4.47784 ... 8.20546

Optimal solution found (tolerance 5.00e-03)
Best objective 4.017670000000e+00, best bound 4.005790000000e+00, gap 0.2957%
