
Gurobi 13.0.3 (mac64[arm]) logging started Sat Sep 26 12:18:35 2026

Set parameter LogFile to value "/Users/ashutosh/Desktop/Two-stage-Model/certainty_results/full/solves/wnw_5_25_40M_phase1.log"
Gurobi Optimizer version 13.0.3 build v13.0.3rc0 (mac64[arm] - Darwin 27.0.0 26A428)

CPU model: Apple M1 Pro
Thread count: 10 physical cores, 10 logical processors, using up to 10 threads

Non-default parameters:
TimeLimit  21600
MIPGap  0.005
Method  2
LogToConsole  0

Optimize a model with 13532 rows, 5548 columns and 38102 nonzeros (Min)
Model fingerprint: 0x42ff82fb
Model has 663 linear objective coefficients and an objective constant of 396.859633
Variable types: 3498 continuous, 2050 integer (1688 binary)
Coefficient statistics:
  Matrix range     [1e-03, 1e+05]
  Objective range  [1e+00, 1e+00]
  Bounds range     [1e+00, 3e+00]
  RHS range        [1e-02, 4e+07]

Loaded user MIP start with objective 2.29363
MIP start from previous solve did not produce a new incumbent solution

Presolve removed 11527 rows and 3838 columns
Presolve time: 0.05s
Presolved: 2005 rows, 1710 columns, 7644 nonzeros
Variable types: 1461 continuous, 249 integer (249 binary)
Root barrier log...

Ordering time: 0.00s

Barrier statistics:
 AA' NZ     : 2.602e+04
 Factor NZ  : 7.895e+04 (roughly 2 MB of memory)
 Factor Ops : 5.574e+06 (less than 1 second per iteration)
 Threads    : 10

                  Objective                Residual
Iter       Primal          Dual         Primal    Dual     Compl     Time
   0  -1.71673005e+06 -5.74548227e+05  4.98e+04 2.69e+00  2.54e+04     0s
   1  -5.26520412e+05 -5.85286395e+05  1.53e+04 7.82e+00  7.98e+03     0s
   2  -5.99513840e+03 -5.26876276e+05  1.80e+02 1.78e-14  2.11e+02     0s
   3  -4.60110180e+02 -8.25450271e+04  1.86e+01 2.13e-14  2.49e+01     0s
   4   1.23677619e+02 -1.65102771e+04  1.49e+00 2.31e-14  4.00e+00     0s
   5   1.50487552e+02 -3.35971739e+03  5.51e-02 8.17e-14  7.98e-01     0s
   6   1.09682173e+02 -1.49496659e+03  1.34e-02 3.73e-14  3.64e-01     0s
   7   6.31336501e+01 -5.69241512e+02  2.30e-03 1.24e-14  1.43e-01     0s
   8   3.10552921e+01 -2.34362776e+02  7.11e-04 7.11e-15  6.01e-02     0s
   9   1.23493639e+01 -7.12569446e+01  1.56e-04 3.55e-15  1.89e-02     0s
  10   2.67210202e+00 -1.31456731e+01  1.29e-06 3.55e-15  3.58e-03     0s
  11   1.89296704e+00 -2.72914196e+00  8.29e-07 7.11e-15  1.05e-03     0s
  12   1.33867747e+00 -7.90570236e-01  5.07e-07 3.55e-15  4.82e-04     0s
  13   9.18273730e-01 -1.46072585e-01  2.90e-07 3.55e-15  2.41e-04     0s
  14   6.50835430e-01  1.72985487e-01  1.64e-07 3.55e-15  1.08e-04     0s
  15   4.49186000e-01  2.73255525e-01  5.12e-08 3.55e-15  3.98e-05     0s
  16   3.68546125e-01  3.05075643e-01  1.70e-08 3.55e-15  1.44e-05     0s
  17   3.50193640e-01  3.15341826e-01  9.83e-09 1.78e-15  7.89e-06     0s
  18   3.40953260e-01  3.23431403e-01  5.68e-09 7.11e-15  3.97e-06     0s
  19   3.34258328e-01  3.25634280e-01  2.70e-09 3.55e-15  1.95e-06     0s
  20   3.30241803e-01  3.26880526e-01  9.42e-10 3.55e-15  7.61e-07     0s
  21   3.29628503e-01  3.27175063e-01  6.78e-10 3.55e-15  5.55e-07     0s
  22   3.28061751e-01  3.27682256e-01  5.77e-11 3.55e-15  8.59e-08     0s
  23   3.27984276e-01  3.27979687e-01  3.04e-10 3.55e-15  1.04e-09     0s
  24   3.27981991e-01  3.27981924e-01  2.66e-09 3.55e-15  1.52e-11     0s

Barrier solved model in 24 iterations and 0.13 seconds (0.11 work units)
Optimal objective 3.27981991e-01

Crossover time: 0.02 seconds (0.03 work units)

Root relaxation: objective 3.279820e-01, 309 iterations, 0.07 seconds (0.06 work units)

    Nodes    |    Current Node    |     Objective Bounds      |     Work
 Expl Unexpl |  Obj  Depth IntInf | Incumbent    BestBd   Gap | It/Node Time

     0     0    0.32798    0   11    2.29363    0.32798  85.7%     -    0s
     0     0    0.33126    0   12    2.29363    0.33126  85.6%     -    0s
H    0     0                       1.2300379    0.33126  73.1%     -    0s
     0     0    0.33354    0   14    1.23004    0.33354  72.9%     -    0s
     0     0    0.33471    0   14    1.23004    0.33471  72.8%     -    0s
     0     0    0.33617    0   12    1.23004    0.33617  72.7%     -    0s
     0     0    0.33647    0   12    1.23004    0.33647  72.6%     -    0s
     0     0    0.33669    0   11    1.23004    0.33669  72.6%     -    0s
H    0     0                       1.2148095    0.33669  72.3%     -    0s
     0     0    0.34163    0   11    1.21481    0.34163  71.9%     -    0s
     0     0    0.34163    0   10    1.21481    0.34163  71.9%     -    0s
     0     2    0.34163    0   10    1.21481    0.34163  71.9%     -    0s
H   18    23                       1.0106100    0.35028  65.3%  68.3    0s
*   19    21               4       0.3906300    0.35028  10.3%  65.8    0s

Cutting planes:
  Learned: 1
  Cover: 4
  Implied bound: 5
  MIR: 13
  StrongCG: 1
  Flow cover: 2
  RLT: 2
  Relax-and-lift: 2

Explored 44 nodes (2242 simplex iterations) in 0.70 seconds (0.95 work units)
Thread count was 10 (of 10 available processors)

Solution count 5: 0.39063 1.01061 1.21481 ... 2.29363

Optimal solution found (tolerance 5.00e-03)
Best objective 3.906299999998e-01, best bound 3.906299999998e-01, gap 0.0000%
