
Gurobi 13.0.3 (mac64[arm]) logging started Sat Sep 26 12:18:25 2026

Set parameter LogFile to value "/Users/ashutosh/Desktop/Two-stage-Model/certainty_results/full/solves/wnw_5_15_50M_phase2.log"
Gurobi Optimizer version 13.0.3 build v13.0.3rc0 (mac64[arm] - Darwin 27.0.0 26A428)

CPU model: Apple M1 Pro
Thread count: 10 physical cores, 10 logical processors, using up to 10 threads

Non-default parameters:
TimeLimit  21600
MIPGap  0.005
Method  2
LogToConsole  0

Optimize a model with 13559 rows, 5548 columns and 38843 nonzeros (Min)
Model fingerprint: 0x049525b3
Model has 724 linear objective coefficients
Variable types: 3498 continuous, 2050 integer (1688 binary)
Coefficient statistics:
  Matrix range     [1e-03, 1e+05]
  Objective range  [2e+04, 1e+05]
  Bounds range     [1e+00, 3e+00]
  RHS range        [1e-02, 5e+07]

Loaded user MIP start with objective 4.9725e+07
MIP start from previous solve did not produce a new incumbent solution

Presolve removed 12184 rows and 3958 columns
Presolve time: 0.05s
Presolved: 1375 rows, 1590 columns, 6254 nonzeros
Variable types: 1377 continuous, 213 integer (213 binary)
Root barrier log...

Ordering time: 0.00s

Barrier statistics:
 AA' NZ     : 1.464e+04
 Factor NZ  : 5.369e+04 (roughly 2 MB of memory)
 Factor Ops : 3.730e+06 (less than 1 second per iteration)
 Threads    : 10

                  Objective                Residual
Iter       Primal          Dual         Primal    Dual     Compl     Time
   0   6.95376162e+07 -1.66458600e+07  6.08e+04 4.55e-13  1.86e+06     0s
   1   5.60521810e+07 -1.70578052e+07  2.62e+04 1.42e+03  8.17e+05     0s
   2   4.57279848e+07 -1.02407318e+07  5.31e+02 3.64e-12  3.11e+04     0s
   3   4.49021914e+07  3.42764618e+07  8.14e+01 5.82e-11  4.53e+03     0s
   4   4.46774700e+07  4.17984904e+07  2.39e+01 5.46e-12  1.12e+03     0s
   5   4.46339936e+07  4.35446198e+07  1.49e+01 7.28e-12  4.62e+02     0s
   6   4.46118306e+07  4.38779791e+07  4.88e+00 1.09e-11  2.48e+02     0s
   7   4.46052746e+07  4.43525210e+07  4.28e+00 1.09e-11  1.04e+02     0s
   8   4.45982795e+07  4.45180412e+07  3.27e+00 5.82e-11  5.08e+01     0s
   9   4.45905376e+07  4.45714613e+07  1.22e+00 2.91e-11  1.82e+01     0s
  10   4.45915163e+07  4.45811414e+07  7.09e-01 2.91e-11  1.17e+01     0s
  11   4.45921858e+07  4.45885618e+07  6.64e-01 5.82e-11  1.03e+01     0s
  12   4.45935083e+07  4.45918337e+07  6.09e-01 1.53e-10  9.14e+00     0s
  13   4.45946546e+07  4.45930353e+07  5.60e-01 1.60e-10  8.65e+00     0s
  14   4.45955420e+07  4.46046942e+07  5.25e-01 1.96e-10  6.25e+00     0s
  15   4.45960397e+07  4.46100387e+07  4.86e-01 2.69e-10  5.70e+00     0s
  16   4.45970003e+07  4.46110295e+07  4.65e-01 2.11e-10  5.34e+00     0s
  17   4.45978378e+07  4.46102569e+07  4.23e-01 3.27e-10  4.58e+00     0s
  18   4.45986477e+07  4.46206124e+07  3.99e-01 4.80e-10  4.64e+00     0s
  19   4.45990844e+07  4.46185223e+07  3.83e-01 4.22e-10  4.21e+00     0s
  20   4.45997674e+07  4.46239532e+07  3.66e-01 4.51e-10  3.97e+00     0s
  21   4.46017652e+07  4.46250219e+07  3.44e-01 8.00e-10  3.82e+00     0s
  22   4.46029298e+07  4.46339732e+07  3.23e-01 3.49e-10  3.62e+00     0s
  23   4.46055773e+07  4.46368730e+07  3.01e-01 1.82e-10  3.47e+00     0s
  24   4.46126203e+07  4.46376606e+07  2.49e-01 8.83e-09  3.02e+00     0s
  25   4.46135026e+07  4.46382084e+07  2.43e-01 8.24e-09  2.96e+00     0s
  26   4.46154582e+07  4.46394084e+07  2.28e-01 8.45e-09  2.81e+00     0s
  27   4.46158979e+07  4.46473002e+07  2.24e-01 7.04e-09  2.72e+00     0s
  28   4.46160669e+07  4.46439865e+07  2.23e-01 7.14e-09  2.60e+00     0s
  29   4.46175175e+07  4.46490090e+07  2.12e-01 8.11e-09  2.46e+00     0s
  30   4.46184656e+07  4.46499679e+07  2.06e-01 8.41e-09  2.43e+00     0s
  31   4.46254781e+07  4.46474642e+07  1.66e-01 6.69e-09  2.14e+00     0s
  32   4.46255626e+07  4.46478966e+07  1.66e-01 6.64e-09  2.13e+00     0s
  33   4.46258231e+07  4.46488010e+07  1.64e-01 6.55e-09  2.10e+00     0s
  34   4.46262410e+07  4.46506727e+07  1.61e-01 2.39e-09  2.06e+00     0s
  35   4.46271294e+07  4.46549486e+07  1.55e-01 3.13e-09  1.95e+00     0s
  36   4.46276085e+07  4.46554464e+07  1.52e-01 8.72e-09  1.92e+00     0s
  37   4.46279222e+07  4.46586456e+07  1.50e-01 3.55e-09  1.83e+00     0s
  38   4.46283222e+07  4.46699497e+07  1.48e-01 7.57e-09  1.82e+00     0s
  39   4.46284040e+07  4.46809844e+07  1.47e-01 1.54e-08  1.95e+00     0s
  40   2.43298772e+08 -1.66458600e+07  6.08e+05 4.55e-13  1.84e+07     0s
  41   1.18270967e+08 -4.52199489e+07  2.93e+05 1.72e+02  1.07e+07     0s
  42   4.73086880e+07 -4.15329535e+07  4.59e+02 6.37e-12  4.08e+04     0s
  43   4.62204509e+07  3.01032540e+07  1.61e+02 7.73e-12  8.31e+03     0s
  44   4.51200456e+07  3.40810318e+07  5.15e+01 5.28e-11  4.15e+03     0s
  45   4.48138311e+07  4.13637842e+07  2.18e+01 1.82e-11  1.29e+03     0s
  46   4.47094868e+07  4.39033205e+07  1.25e+01 2.00e-11  3.67e+02     0s
  47   4.46115044e+07  4.44199123e+07  2.38e+00 2.98e-10  7.75e+01     0s
  48   4.46065467e+07  4.45395375e+07  1.90e+00 3.64e-11  3.93e+01     0s
  49   4.45980044e+07  4.45795360e+07  9.88e-01 7.28e-11  1.83e+01     0s
  50   4.45982223e+07  4.45849438e+07  8.28e-01 2.91e-11  1.50e+01     0s
  51   4.45986363e+07  4.45944537e+07  7.08e-01 5.82e-11  1.25e+01     0s
  52   4.45994725e+07  4.45979816e+07  6.48e-01 1.24e-10  1.03e+01     0s
  53   4.45995150e+07  4.46098734e+07  5.28e-01 6.55e-11  8.04e+00     0s
  54   4.46009293e+07  4.46073424e+07  4.82e-01 1.82e-10  6.86e+00     0s
  55   4.46006553e+07  4.46162687e+07  4.73e-01 1.89e-10  6.73e+00     0s
  56   4.46014344e+07  4.46216901e+07  4.16e-01 1.89e-10  5.87e+00     0s
  57   4.46019650e+07  4.46224242e+07  3.95e-01 1.75e-10  5.46e+00     0s
  58   4.46046278e+07  4.46213306e+07  3.74e-01 1.89e-10  5.54e+00     0s
  59   4.46046825e+07  4.46237875e+07  3.68e-01 2.18e-10  5.27e+00     0s
  60   4.46050384e+07  4.46300080e+07  3.61e-01 2.47e-10  5.18e+00     0s
  61   4.46058207e+07  4.46383434e+07  3.34e-01 4.37e-10  4.57e+00     0s
  62   4.46077197e+07  4.46353684e+07  3.21e-01 4.22e-10  4.48e+00     0s
  63   4.46087838e+07  4.46381822e+07  3.10e-01 4.07e-10  4.29e+00     0s
  64   4.46130509e+07  4.46318707e+07  2.72e-01 4.80e-10  3.96e+00     0s
  65   4.46142555e+07  4.46375896e+07  2.60e-01 5.09e-10  3.57e+00     0s
  66   4.46150027e+07  4.46375409e+07  2.53e-01 4.80e-10  3.60e+00     0s
  67   4.46172357e+07  4.46432316e+07  2.30e-01 5.54e-09  3.14e+00     0s
  68   4.46175937e+07  4.46489573e+07  2.21e-01 5.21e-09  2.85e+00     0s
  69   4.46186095e+07  4.46500555e+07  2.14e-01 3.75e-09  2.75e+00     0s
  70   4.46202946e+07  4.46506304e+07  2.04e-01 2.97e-09  2.63e+00     0s
  71   4.46229798e+07  4.46509191e+07  1.88e-01 4.42e-09  2.48e+00     0s
  72   4.46250464e+07  4.46515952e+07  1.76e-01 8.77e-09  2.22e+00     0s
  73   4.46260216e+07  4.46521177e+07  1.70e-01 4.76e-09  2.06e+00     0s
  74   4.46264986e+07  4.46524098e+07  1.67e-01 6.36e-09  2.00e+00     0s
  75   4.46268055e+07  4.46527052e+07  1.65e-01 6.66e-09  1.97e+00     0s
  76   4.46270941e+07  4.46529672e+07  1.63e-01 7.09e-09  1.95e+00     0s
  77   4.46273654e+07  4.46534453e+07  1.61e-01 6.96e-09  1.92e+00     0s
  78   4.46276105e+07  4.46550383e+07  1.58e-01 7.84e-09  1.83e+00     0s
  79   4.46280921e+07  4.46571401e+07  1.54e-01 7.97e-09  1.75e+00     0s
  80   4.46291464e+07  4.46547019e+07  1.52e-01 9.09e-09  1.85e+00     0s
  81   4.46291547e+07  4.46600370e+07  1.51e-01 7.39e-09  1.88e+00     0s
  82   4.46296758e+07  4.46616349e+07  1.47e-01 8.00e-09  1.78e+00     0s
  83   4.46298815e+07  4.46620691e+07  1.46e-01 7.60e-09  1.76e+00     0s
  84   4.46300157e+07  4.46768008e+07  1.46e-01 2.49e-08  1.79e+00     0s
  85   4.46304891e+07  4.46826854e+07  1.44e-01 2.40e-08  1.78e+00     0s
  86   4.46306248e+07  4.46828351e+07  1.44e-01 2.26e-08  1.77e+00     0s
  87   4.46314410e+07  4.46860595e+07  1.41e-01 3.82e-08  1.81e+00     0s
  88   4.46331367e+07  4.46877343e+07  1.37e-01 5.86e-08  1.76e+00     0s
  89   4.46344620e+07  4.46913603e+07  1.34e-01 8.16e-08  1.72e+00     0s
  90   4.46365887e+07  4.46926506e+07  1.28e-01 8.55e-08  1.60e+00     0s
  91   4.46388370e+07  4.46930844e+07  1.23e-01 8.61e-08  1.54e+00     0s
  92   4.46388597e+07  4.46945518e+07  1.23e-01 8.60e-08  1.54e+00     0s
  93   4.46390185e+07  4.46953848e+07  1.23e-01 8.61e-08  1.53e+00     0s
  94   4.46390344e+07  4.46957002e+07  1.23e-01 7.37e-08  1.53e+00     0s
  95   4.46396274e+07  4.47054642e+07  1.21e-01 7.47e-08  1.52e+00     0s
  96   4.46413248e+07  4.46996143e+07  1.18e-01 2.36e-08  1.47e+00     0s
  97   4.46479016e+07  4.46970368e+07  1.08e-01 2.63e-08  1.73e+00     0s
  98   4.46537005e+07  4.47001064e+07  9.74e-02 3.10e-08  1.70e+00     0s
  99   4.46539515e+07  4.47098695e+07  9.65e-02 3.13e-08  1.64e+00     0s
 100   4.46626469e+07  4.47007930e+07  8.45e-02 8.32e-08  2.17e+00     0s
 101   4.46625680e+07  4.47274530e+07  8.44e-02 7.26e-08  2.61e+00     0s
 102   4.46635566e+07  4.47348685e+07  8.29e-02 6.96e-08  2.50e+00     0s
 103   4.46675063e+07  4.47507794e+07  7.95e-02 1.85e-07  1.89e+00     0s
 104   4.46681615e+07  4.47530989e+07  7.90e-02 1.64e-07  1.81e+00     0s
 105   4.46692350e+07  4.47531380e+07  7.80e-02 1.65e-07  1.79e+00     0s
 106   4.46699305e+07  4.47562321e+07  7.75e-02 2.62e-07  1.71e+00     0s
 107   4.46744598e+07  4.47583394e+07  7.40e-02 7.37e-08  1.65e+00     0s
 108   4.46760498e+07  4.47577616e+07  7.27e-02 3.27e-08  1.73e+00     0s
 109   4.46786585e+07  4.47605624e+07  7.07e-02 5.47e-08  1.57e+00     0s
 110   4.46833312e+07  4.47604925e+07  6.72e-02 8.95e-08  1.69e+00     0s
 111   4.46854656e+07  4.47611386e+07  6.55e-02 7.18e-08  1.67e+00     0s
 112   4.46865596e+07  4.47622319e+07  6.46e-02 2.09e-07  1.59e+00     0s
 113   4.46868679e+07  4.47700768e+07  6.44e-02 6.18e-08  1.49e+00     0s
 114   4.46887448e+07  4.47844748e+07  6.29e-02 4.55e-08  1.40e+00     0s
 115   4.46924741e+07  4.47864678e+07  6.06e-02 7.31e-08  1.35e+00     0s
 116   4.46925277e+07  4.48507389e+07  6.06e-02 2.04e-07  1.42e+00     0s
 117   4.46927384e+07  4.59727859e+07  6.02e-02 4.51e-07  1.48e+00     0s
 118   4.46963110e+07  4.49065545e+07  6.02e-02 4.53e-07  2.14e+00     0s
 119   4.46982111e+07  4.59793805e+07  5.99e-02 1.78e-06  1.41e+00     0s
 120   4.49974227e+07  4.48048844e+07  4.64e-02 5.77e-04  7.70e+01     0s
 121   4.50026020e+07  4.50732012e+07  4.60e-02 5.28e-04  6.09e+01     0s
 122   4.50193404e+07  4.54463888e+07  4.51e-02 1.61e-05  3.89e+01     0s
 123   4.50476550e+07  4.54674685e+07  4.38e-02 1.73e-05  4.06e+01     0s
 124   4.50741320e+07  4.59871412e+07  4.26e-02 1.43e-04  1.85e+00     0s
 125   4.50755146e+07  4.60213666e+07  4.25e-02 2.09e-05  1.87e+00     0s
 126   4.50762096e+07  4.59912682e+07  4.25e-02 2.09e-05  2.02e+00     0s
 127   4.50770643e+07  4.60414981e+07  4.25e-02 2.12e-05  2.07e+00     0s
 128   4.50809263e+07  4.79615540e+07  4.23e-02 2.94e-05  3.69e+00     0s
 129   4.52794425e+07  4.80585116e+07  4.13e-02 1.51e-05  3.89e+01     0s
 130   4.57872947e+07  4.81533255e+07  3.48e-02 1.05e-05  4.71e+01     0s
 131   4.62414205e+07  4.83022290e+07  2.89e-02 6.41e-05  4.22e+01     0s
 132   4.67041227e+07  4.81224211e+07  2.28e-02 7.00e-05  6.18e+01     0s
 133   4.72915728e+07  4.81725889e+07  1.49e-02 2.29e-04  5.98e+01     0s
 134   4.73145897e+07  4.84174213e+07  1.46e-02 1.02e-04  2.47e+01     0s
 135   4.73346717e+07  4.84315405e+07  1.44e-02 9.99e-05  2.45e+01     0s
 136   4.74180905e+07  4.84018212e+07  1.33e-02 9.77e-05  2.37e+01     0s
 137   4.74977218e+07  4.84575658e+07  1.25e-02 8.50e-05  2.34e+01     0s
 138   4.75768746e+07  4.84630717e+07  1.15e-02 9.36e-05  2.10e+01     0s
 139   4.76586299e+07  4.84979860e+07  1.05e-02 2.09e-04  1.06e+01     0s
 140   4.76660040e+07  4.85010739e+07  1.04e-02 2.06e-04  1.06e+01     0s
 141   4.76918880e+07  4.85047258e+07  1.00e-02 2.06e-04  9.36e+00     0s
 142   4.77326865e+07  4.85312559e+07  9.51e-03 6.21e-05  8.80e+00     0s
 143   4.77617876e+07  4.85567500e+07  9.14e-03 5.92e-05  8.03e+00     0s
 144   4.78018589e+07  4.85594895e+07  8.68e-03 6.43e-05  7.63e+00     0s
 145   4.78077645e+07  4.85604735e+07  8.61e-03 6.92e-05  7.54e+00     0s
 146   4.79388745e+07  4.85606010e+07  7.12e-03 6.82e-05  6.41e+00     0s
 147   4.82864897e+07  4.85621239e+07  3.17e-03 2.20e-04  2.90e+00     0s
 148   4.84622597e+07  4.85643918e+07  1.17e-03 2.58e-04  9.90e-01     0s
 149   4.84757382e+07  4.85646228e+07  1.01e-03 1.42e-04  8.28e-01     0s
 150   4.84770879e+07  4.85655199e+07  9.98e-04 1.18e-04  8.16e-01     0s
 151   4.84782064e+07  4.85657963e+07  9.86e-04 1.14e-04  8.07e-01     0s
 152   4.84792016e+07  4.85692576e+07  9.74e-04 1.09e-04  8.18e-01     0s
 153   4.85010919e+07  4.85683064e+07  7.60e-04 1.08e-04  1.27e+00     0s
 154   4.85049459e+07  4.85690538e+07  7.18e-04 1.37e-04  1.20e+00     0s
 155   4.85058858e+07  4.85711199e+07  7.06e-04 5.38e-06  1.21e+00     0s
 156   4.85064982e+07  4.85697252e+07  7.02e-04 5.86e-06  1.20e+00     0s
 157   4.85081327e+07  4.85710754e+07  6.83e-04 2.31e-06  1.17e+00     0s
 158   4.85125094e+07  4.85713655e+07  6.36e-04 3.29e-06  1.10e+00     0s
 159   4.85269073e+07  4.85710173e+07  4.88e-04 5.98e-06  1.04e+00     0s
 160   4.85620086e+07  4.85701821e+07  1.20e-04 5.81e-05  9.44e-01     0s
 161   4.85730164e+07  4.85730854e+07  5.48e-06 6.99e-05  1.32e-01     0s
 162   4.85731570e+07  4.85732808e+07  2.77e-06 1.45e-05  4.26e-02     0s
 163   4.85732971e+07  4.85733014e+07  8.92e-08 1.88e-05  1.27e-03     0s
 164   4.85733018e+07  4.85733018e+07  4.73e-11 1.19e-05  7.35e-09     0s

Barrier solved model in 164 iterations and 0.33 seconds (0.22 work units)
Optimal objective 4.85733018e+07

Crossover time: 0.01 seconds (0.01 work units)

Root relaxation: objective 4.857330e+07, 149 iterations, 0.27 seconds (0.16 work units)

    Nodes    |    Current Node    |     Objective Bounds      |     Work
 Expl Unexpl |  Obj  Depth IntInf | Incumbent    BestBd   Gap | It/Node Time

     0     0 4.8573e+07    0   12 4.9725e+07 4.8573e+07  2.32%     -    0s
     0     0 4.8811e+07    0   15 4.9725e+07 4.8811e+07  1.84%     -    0s
     0     0 4.8911e+07    0   15 4.9725e+07 4.8911e+07  1.64%     -    0s
     0     0 4.8998e+07    0   17 4.9725e+07 4.8998e+07  1.46%     -    0s
     0     0 4.9024e+07    0   17 4.9725e+07 4.9024e+07  1.41%     -    0s
     0     0 4.9076e+07    0   18 4.9725e+07 4.9076e+07  1.31%     -    0s
     0     0 4.9092e+07    0   18 4.9725e+07 4.9092e+07  1.27%     -    0s
     0     0 4.9092e+07    0   17 4.9725e+07 4.9092e+07  1.27%     -    0s
     0     0 4.9102e+07    0   17 4.9725e+07 4.9102e+07  1.25%     -    0s
     0     0 4.9102e+07    0   15 4.9725e+07 4.9102e+07  1.25%     -    0s
     0     2 4.9102e+07    0   14 4.9725e+07 4.9102e+07  1.25%     -    0s

Cutting planes:
  Learned: 1
  Cover: 2
  Implied bound: 1
  MIR: 13
  Flow cover: 3
  Relax-and-lift: 1

Explored 3 nodes (701 simplex iterations) in 0.60 seconds (0.48 work units)
Thread count was 10 (of 10 available processors)

Solution count 1: 4.9725e+07 

Optimal solution found (tolerance 5.00e-03)
Best objective 4.972500000000e+07, best bound 4.972500000000e+07, gap 0.0000%
