
Gurobi 13.0.3 (mac64[arm]) logging started Sat Sep 26 12:18:20 2026

Set parameter LogFile to value "/Users/ashutosh/Desktop/Two-stage-Model/certainty_results/full/solves/wnw_5_15_40M_phase2.log"
Gurobi Optimizer version 13.0.3 build v13.0.3rc0 (mac64[arm] - Darwin 27.0.0 26A428)

CPU model: Apple M1 Pro
Thread count: 10 physical cores, 10 logical processors, using up to 10 threads

Non-default parameters:
TimeLimit  21600
MIPGap  0.005
Method  2
LogToConsole  0

Optimize a model with 13559 rows, 5548 columns and 38843 nonzeros (Min)
Model fingerprint: 0x18941cd8
Model has 724 linear objective coefficients
Variable types: 3498 continuous, 2050 integer (1688 binary)
Coefficient statistics:
  Matrix range     [1e-03, 1e+05]
  Objective range  [2e+04, 1e+05]
  Bounds range     [1e+00, 3e+00]
  RHS range        [1e-02, 4e+07]

Loaded user MIP start with objective 3.995e+07
MIP start from previous solve did not produce a new incumbent solution

Presolve removed 11491 rows and 3816 columns
Presolve time: 0.06s
Presolved: 2068 rows, 1732 columns, 8312 nonzeros
Variable types: 1476 continuous, 256 integer (256 binary)
Root barrier log...

Ordering time: 0.00s

Barrier statistics:
 AA' NZ     : 3.257e+04
 Factor NZ  : 1.029e+05 (roughly 2 MB of memory)
 Factor Ops : 9.888e+06 (less than 1 second per iteration)
 Threads    : 10

                  Objective                Residual
Iter       Primal          Dual         Primal    Dual     Compl     Time
   0   1.75213253e+08 -1.79131164e+08  5.25e+04 9.09e-13  3.63e+06     0s
   1   8.52238308e+07 -1.83826643e+08  2.31e+04 4.61e+03  1.64e+06     0s
   2   1.28490905e+07 -1.83842187e+08  6.56e+02 1.82e-11  8.66e+04     0s
   3   8.05171798e+06 -2.71031029e+07  1.86e+02 8.91e-11  1.59e+04     0s
   4   6.26503318e+06 -1.59654473e+07  7.18e+01 6.55e-11  7.70e+03     0s
   5   5.27967232e+06 -2.05681047e+06  2.94e+01 7.64e-11  2.50e+03     0s
   6   4.94787954e+06  1.89221608e+06  1.75e+01 1.38e-10  1.16e+03     0s
   7   4.82084060e+06  3.00416422e+06  1.15e+01 4.51e-10  7.40e+02     0s
   8   4.85468895e+06  3.27468627e+06  8.32e+00 3.49e-10  6.11e+02     0s
   9   4.87369114e+06  4.37530855e+06  6.75e+00 6.98e-10  4.04e+02     0s
  10   4.89634157e+06  4.58463067e+06  5.97e+00 1.02e-09  3.62e+02     0s
  11   4.95335719e+06  4.92191062e+06  5.32e+00 1.66e-09  3.26e+02     0s
  12   5.00924498e+06  5.99345912e+06  4.69e+00 2.56e-09  2.75e+02     0s
  13   5.07396084e+06  6.24635168e+06  4.46e+00 3.26e-09  2.60e+02     0s
  14   5.09651940e+06  6.43194088e+06  4.40e+00 5.12e-09  2.54e+02     0s
  15   5.15933601e+06  6.62535757e+06  4.23e+00 4.07e-09  2.43e+02     0s
  16   5.17684754e+06  6.89548797e+06  4.19e+00 5.36e-09  2.39e+02     0s
  17   5.28680534e+06  7.49627764e+06  3.97e+00 8.85e-09  2.25e+02     0s
  18   5.58960487e+06  7.62918967e+06  3.55e+00 1.30e-08  2.03e+02     0s
  19   5.67068524e+06  7.71305219e+06  3.44e+00 2.10e-08  1.94e+02     0s
  20   5.83716611e+06  7.94047434e+06  3.21e+00 2.63e-08  1.75e+02     0s
  21   5.88509847e+06  8.10777112e+06  3.14e+00 2.96e-08  1.71e+02     0s
  22   5.94136126e+06  8.58113428e+06  3.07e+00 3.05e-08  1.65e+02     0s
  23   6.01249163e+06  8.77512875e+06  3.00e+00 3.17e-08  1.61e+02     0s
  24   6.06239640e+06  8.83113891e+06  2.95e+00 3.35e-08  1.58e+02     0s
  25   6.17961384e+06  8.69175094e+06  2.84e+00 5.17e-08  1.56e+02     0s
  26   6.22487192e+06  8.77043330e+06  2.80e+00 5.08e-08  1.53e+02     0s
  27   6.30479262e+06  8.93746578e+06  2.73e+00 4.66e-08  1.49e+02     0s
  28   6.48071447e+06  9.04759652e+06  2.57e+00 4.63e-08  1.42e+02     0s
  29   6.50158534e+06  9.39049961e+06  2.55e+00 6.10e-08  1.35e+02     0s
  30   6.56391030e+06  9.69243057e+06  2.50e+00 6.05e-08  1.31e+02     0s
  31   6.63606713e+06  9.84021592e+06  2.44e+00 6.12e-08  1.32e+02     0s
  32   6.63790410e+06  1.00434009e+07  2.44e+00 6.10e-08  1.32e+02     0s
  33   6.65483458e+06  1.01633001e+07  2.43e+00 6.54e-08  1.30e+02     0s
  34   1.39605497e+09 -1.79131164e+08  5.25e+05 9.09e-13  3.58e+07     0s
  35   1.12073532e+08 -2.39962416e+08  1.30e+05 2.57e+03  9.19e+06     0s
  36   1.17170707e+07 -2.51575375e+08  3.13e+02 3.64e-11  7.92e+04     0s
  37   9.93151022e+06 -2.23840445e+07  1.60e+02 2.96e-11  1.34e+04     0s
  38   7.07015264e+06 -6.18653303e+06  7.40e+01 6.91e-11  5.29e+03     0s
  39   5.21829453e+06  1.28828803e+06  2.05e+01 2.82e-11  1.42e+03     0s
  40   4.89523543e+06  3.58141673e+06  1.11e+01 7.64e-10  6.08e+02     0s
  41   4.92959591e+06  3.95612823e+06  7.98e+00 5.31e-10  4.67e+02     0s
  42   4.94011443e+06  4.53881359e+06  7.08e+00 2.62e-10  3.73e+02     0s
  43   4.94193955e+06  4.80195987e+06  5.96e+00 2.04e-10  3.12e+02     0s
  44   4.99001226e+06  5.08791033e+06  5.50e+00 1.46e-10  2.92e+02     0s
  45   4.98684840e+06  5.90284652e+06  5.05e+00 1.05e-09  2.54e+02     0s
  46   5.06793219e+06  5.94500563e+06  4.87e+00 8.73e-10  2.56e+02     0s
  47   5.14421928e+06  6.27547651e+06  4.69e+00 4.89e-09  2.51e+02     0s
  48   5.25772501e+06  6.81753968e+06  4.20e+00 3.96e-09  2.13e+02     0s
  49   5.31477923e+06  7.38261813e+06  4.05e+00 4.89e-09  2.03e+02     0s
  50   5.38027809e+06  7.63027313e+06  3.93e+00 4.42e-09  1.96e+02     0s
  51   5.52520084e+06  7.79228520e+06  3.71e+00 6.29e-09  1.84e+02     0s
  52   5.68400195e+06  7.72604291e+06  3.49e+00 1.36e-08  1.77e+02     0s
  53   5.74099242e+06  7.68835789e+06  3.41e+00 1.13e-08  1.76e+02     0s
  54   5.86951232e+06  7.86632505e+06  3.23e+00 1.05e-08  1.65e+02     0s
  55   5.92664877e+06  8.11517359e+06  3.15e+00 1.19e-08  1.57e+02     0s
  56   5.96484724e+06  8.55166305e+06  3.09e+00 4.42e-09  1.53e+02     0s
  57   6.03489289e+06  8.61186584e+06  3.01e+00 4.89e-09  1.49e+02     0s
  58   6.18983842e+06  8.75521249e+06  2.87e+00 1.86e-08  1.42e+02     0s
  59   6.31890575e+06  8.95578103e+06  2.74e+00 1.09e-08  1.36e+02     0s
  60   6.45047672e+06  9.08988448e+06  2.62e+00 1.35e-08  1.31e+02     0s
  61   6.51074570e+06  9.25858009e+06  2.57e+00 2.28e-08  1.25e+02     0s
  62   6.55600085e+06  9.53784394e+06  2.53e+00 3.35e-08  1.23e+02     0s
  63   6.66007320e+06  9.87172506e+06  2.44e+00 3.45e-08  1.17e+02     0s
  64   6.68987870e+06  1.01348249e+07  2.42e+00 3.52e-08  1.16e+02     0s
  65   6.71344687e+06  1.03073421e+07  2.41e+00 3.59e-08  1.15e+02     0s
  66   6.78340299e+06  1.02203777e+07  2.37e+00 2.70e-08  1.16e+02     0s
  67   6.83096167e+06  1.02171341e+07  2.34e+00 2.82e-08  1.15e+02     0s
  68   6.90686461e+06  1.07128944e+07  2.29e+00 4.24e-08  1.11e+02     0s
  69   6.91808403e+06  1.15321923e+07  2.28e+00 4.42e-08  1.12e+02     0s
  70   6.93311766e+06  1.16109193e+07  2.27e+00 4.52e-08  1.11e+02     0s
  71   6.95151073e+06  1.17298971e+07  2.26e+00 4.56e-08  1.11e+02     0s
  72   7.08372693e+06  1.21950480e+07  2.21e+00 2.77e-08  1.11e+02     0s
  73   7.21626160e+06  1.21870882e+07  2.16e+00 4.94e-08  1.10e+02     0s
  74   7.34665056e+06  1.25483719e+07  2.10e+00 5.17e-08  1.08e+02     0s
  75   7.37319106e+06  1.36222590e+07  2.09e+00 5.73e-08  1.07e+02     0s
  76   7.47934175e+06  1.42895358e+07  2.07e+00 6.33e-08  1.15e+02     0s
  77   7.68135390e+06  1.49068315e+07  2.01e+00 8.06e-08  1.10e+02     0s
  78   7.82993353e+06  1.54127579e+07  1.97e+00 1.95e-07  1.05e+02     0s
  79   8.09003338e+06  1.55727180e+07  1.91e+00 1.92e-07  1.05e+02     0s
  80   8.13210874e+06  1.64536390e+07  1.90e+00 1.31e-06  1.00e+02     0s
  81   8.40345324e+06  1.66121380e+07  1.84e+00 2.75e-07  9.70e+01     0s
  82   8.41261296e+06  1.67771057e+07  1.84e+00 2.60e-07  9.68e+01     0s
  83   8.43403935e+06  1.71429568e+07  1.83e+00 2.52e-07  9.65e+01     0s
  84   8.52290812e+06  1.74794319e+07  1.82e+00 2.54e-07  9.60e+01     0s
  85   9.06464479e+06  1.72920038e+07  1.72e+00 9.70e-07  1.04e+02     0s
  86   9.22181763e+06  1.73959720e+07  1.69e+00 4.79e-07  1.05e+02     0s
  87   9.40389617e+06  1.79910571e+07  1.66e+00 4.55e-07  1.10e+02     0s
  88   9.56755315e+06  1.83850955e+07  1.64e+00 4.44e-07  1.19e+02     0s
  89   9.63783097e+06  1.98155968e+07  1.63e+00 9.72e-07  1.06e+02     0s
  90   1.03311255e+07  1.93962727e+07  1.52e+00 9.19e-07  1.11e+02     0s
  91   1.05565907e+07  1.97841532e+07  1.49e+00 1.13e-06  1.18e+02     0s
  92   1.11305825e+07  2.02358179e+07  1.41e+00 1.53e-06  1.16e+02     0s
  93   1.12753566e+07  2.07854747e+07  1.39e+00 4.76e-06  1.02e+02     0s
  94   1.13492926e+07  2.12226358e+07  1.38e+00 4.68e-06  1.02e+02     0s
  95   1.14327110e+07  2.14526195e+07  1.37e+00 4.64e-06  1.01e+02     0s
  96   1.15188207e+07  2.17481766e+07  1.36e+00 1.07e-06  1.01e+02     0s
  97   1.15518318e+07  2.19243053e+07  1.35e+00 1.05e-06  1.00e+02     0s
  98   1.16312078e+07  2.19982817e+07  1.34e+00 1.07e-06  1.00e+02     0s
  99   1.17110251e+07  2.22745667e+07  1.33e+00 1.06e-06  9.83e+01     0s
 100   1.18376627e+07  2.24988744e+07  1.32e+00 1.06e-06  9.74e+01     0s
 101   1.19268716e+07  2.30963683e+07  1.31e+00 9.69e-07  9.51e+01     0s
 102   1.19394761e+07  2.31903491e+07  1.30e+00 9.63e-07  9.51e+01     0s
 103   1.20665364e+07  2.37811621e+07  1.29e+00 9.97e-07  9.38e+01     0s
 104   1.21016374e+07  2.39568506e+07  1.29e+00 9.87e-07  9.35e+01     0s
 105   1.21984966e+07  2.42950100e+07  1.28e+00 9.76e-07  9.31e+01     0s
 106   1.24814596e+07  2.43043656e+07  1.25e+00 1.07e-06  9.19e+01     0s
 107   1.27534849e+07  2.44296523e+07  1.22e+00 9.44e-07  8.83e+01     0s
 108   1.27769169e+07  2.47813379e+07  1.22e+00 9.98e-07  8.63e+01     0s
 109   1.28119585e+07  2.59022248e+07  1.21e+00 1.04e-06  8.57e+01     0s
 110   1.28506321e+07  2.59809769e+07  1.21e+00 1.12e-06  8.56e+01     0s
 111   1.31857080e+07  2.66953809e+07  1.18e+00 2.70e-06  1.03e+02     0s
 112   1.33779373e+07  2.63882928e+07  1.17e+00 7.65e-07  1.07e+02     0s
 113   1.36639511e+07  2.71178990e+07  1.14e+00 1.03e-06  9.86e+01     0s
 114   1.36937624e+07  2.76736616e+07  1.14e+00 1.05e-06  9.83e+01     0s
 115   1.37424217e+07  2.78327143e+07  1.14e+00 9.78e-07  9.86e+01     0s
 116   1.42168207e+07  2.93487904e+07  1.12e+00 7.16e-07  1.36e+02     0s
 117   1.49091192e+07  2.93752805e+07  1.07e+00 1.26e-05  1.24e+02     0s
 118   1.50630190e+07  2.95036157e+07  1.05e+00 4.85e-06  1.18e+02     0s
 119   1.51771921e+07  3.03679456e+07  1.05e+00 4.78e-06  1.21e+02     0s
 120   1.60715411e+07  3.04317930e+07  9.84e-01 6.21e-06  1.14e+02     0s
 121   1.67440299e+07  2.94919449e+07  9.39e-01 2.49e-06  1.22e+02     0s
 122   1.68472596e+07  3.11875486e+07  9.32e-01 1.91e-05  1.09e+02     0s
 123   1.76323288e+07  3.11505257e+07  8.81e-01 2.41e-05  1.01e+02     0s
 124   1.77531846e+07  3.12704426e+07  8.74e-01 2.72e-05  9.69e+01     0s
 125   1.79052887e+07  3.13455280e+07  8.64e-01 2.80e-05  9.58e+01     0s
 126   1.81161473e+07  3.14133643e+07  8.50e-01 2.62e-05  9.43e+01     0s
 127   1.82508104e+07  3.14482104e+07  8.42e-01 2.65e-05  9.34e+01     0s
 128   1.85276007e+07  3.15181080e+07  8.24e-01 2.59e-05  9.13e+01     0s
 129   1.87085556e+07  3.15368869e+07  8.13e-01 7.55e-06  8.93e+01     0s
 130   1.87854994e+07  3.16069781e+07  8.08e-01 7.48e-06  8.87e+01     0s
 131   1.90243525e+07  3.16731328e+07  7.93e-01 1.03e-05  8.67e+01     0s
 132   1.90690679e+07  3.18174478e+07  7.90e-01 8.52e-07  8.59e+01     0s
 133   1.91822025e+07  3.22144721e+07  7.82e-01 9.41e-07  8.38e+01     0s
 134   1.97967537e+07  3.24888696e+07  7.45e-01 9.05e-07  7.75e+01     0s
 135   2.08637157e+07  3.25203785e+07  6.83e-01 5.65e-06  7.20e+01     0s
 136   2.09866212e+07  3.25282663e+07  6.76e-01 1.16e-05  7.06e+01     0s
 137   2.09991167e+07  3.25734624e+07  6.76e-01 1.11e-05  7.01e+01     0s
 138   2.10226081e+07  3.26228752e+07  6.74e-01 1.10e-05  7.00e+01     0s
 139   2.11160084e+07  3.27722198e+07  6.69e-01 1.49e-06  6.95e+01     0s
 140   2.15360037e+07  3.27805690e+07  6.45e-01 2.18e-06  6.67e+01     0s
 141   2.16379291e+07  3.27992274e+07  6.39e-01 3.83e-06  6.50e+01     0s
 142   2.16559648e+07  3.28336444e+07  6.38e-01 3.61e-06  6.49e+01     0s
 143   2.17688242e+07  3.29190481e+07  6.32e-01 4.27e-06  6.41e+01     0s
 144   2.18371904e+07  3.29554089e+07  6.28e-01 2.96e-06  6.38e+01     0s
 145   2.18858496e+07  3.29684843e+07  6.25e-01 2.94e-06  6.35e+01     0s
 146   2.19095922e+07  3.29890394e+07  6.24e-01 3.03e-06  6.34e+01     0s
 147   2.19532964e+07  3.30510634e+07  6.21e-01 2.92e-06  6.32e+01     0s
 148   2.24005713e+07  3.31908260e+07  5.97e-01 4.81e-06  6.16e+01     0s
 149   2.28189969e+07  3.32485013e+07  5.74e-01 4.74e-06  6.16e+01     0s
 150   2.31103810e+07  3.34484132e+07  5.58e-01 3.22e-06  5.86e+01     0s
 151   2.31093286e+07  3.34964620e+07  5.58e-01 3.22e-06  5.78e+01     0s
 152   2.31476088e+07  3.37748620e+07  5.56e-01 3.29e-06  5.79e+01     0s
 153   2.33161511e+07  3.36655691e+07  5.47e-01 3.58e-06  5.54e+01     0s
 154   2.39599351e+07  3.37847674e+07  5.15e-01 2.14e-05  5.61e+01     0s
 155   2.40459568e+07  3.44101972e+07  5.10e-01 2.59e-05  5.03e+01     0s
 156   2.43316716e+07  3.43486706e+07  4.96e-01 1.43e-05  4.75e+01     0s
 157   2.44744435e+07  3.40988924e+07  4.89e-01 1.38e-05  4.83e+01     0s
 158   2.46064239e+07  3.43533157e+07  4.82e-01 3.21e-05  6.26e+01     0s
 159   2.47048742e+07  3.47379790e+07  4.77e-01 9.83e-07  6.07e+01     0s
 160   2.47389411e+07  3.46614407e+07  4.75e-01 8.20e-08  6.14e+01     0s
 161   2.48256758e+07  3.46574079e+07  4.71e-01 6.67e-07  6.09e+01     0s
 162   2.48539581e+07  3.47267495e+07  4.70e-01 2.39e-06  6.03e+01     0s
 163   2.48692990e+07  3.49100347e+07  4.69e-01 8.27e-07  6.02e+01     0s
 164   2.48960661e+07  3.51578781e+07  4.68e-01 1.12e-07  5.99e+01     0s
 165   2.49668014e+07  3.53429441e+07  4.64e-01 5.70e-07  5.84e+01     0s
 166   2.50498275e+07  3.57859761e+07  4.61e-01 3.99e-06  5.80e+01     0s
 167   2.56826526e+07  3.54478031e+07  4.35e-01 1.85e-05  6.42e+01     0s
 168   2.57738224e+07  3.54464681e+07  4.31e-01 8.31e-07  6.52e+01     0s
 169   2.67334421e+07  3.56773536e+07  3.92e-01 1.00e-05  7.19e+01     0s
 170   2.68903759e+07  3.56980287e+07  3.86e-01 2.13e-06  7.22e+01     0s
 171   2.69763531e+07  3.58735671e+07  3.82e-01 1.36e-05  6.66e+01     0s
 172   2.75594364e+07  3.60411353e+07  3.59e-01 1.11e-05  6.43e+01     0s
 173   2.81492463e+07  3.59191483e+07  3.35e-01 7.60e-06  6.84e+01     0s
 174   2.83691056e+07  3.59727136e+07  3.26e-01 7.69e-06  6.71e+01     0s
 175   2.91006077e+07  3.58928701e+07  2.96e-01 5.83e-06  7.31e+01     0s
 176   2.92240059e+07  3.61488980e+07  2.91e-01 1.27e-05  5.49e+01     0s
 177   2.94798035e+07  3.62285075e+07  2.81e-01 1.20e-05  5.27e+01     0s
 178   2.95191365e+07  3.62763191e+07  2.79e-01 1.53e-05  5.11e+01     0s
 179   2.95339831e+07  3.63338732e+07  2.78e-01 1.50e-05  5.08e+01     0s
 180   2.96203061e+07  3.64110915e+07  2.75e-01 1.61e-05  4.98e+01     0s
 181   2.96403071e+07  3.64569021e+07  2.74e-01 1.79e-07  4.96e+01     0s
 182   2.96818007e+07  3.67110046e+07  2.72e-01 2.74e-06  4.94e+01     1s
 183   2.97062584e+07  3.69049513e+07  2.71e-01 1.46e-06  4.94e+01     1s
 184   2.97363594e+07  3.70670203e+07  2.70e-01 1.11e-06  4.95e+01     1s
 185   3.01994077e+07  3.70231058e+07  2.54e-01 1.86e-06  5.13e+01     1s
 186   3.08508179e+07  3.70958762e+07  2.30e-01 8.15e-06  4.87e+01     1s
 187   3.14588395e+07  3.67401274e+07  2.09e-01 2.38e-05  5.67e+01     1s
 188   3.15554214e+07  3.72432064e+07  2.05e-01 2.53e-05  2.93e+01     1s
 189   3.15653166e+07  3.75714128e+07  2.05e-01 2.42e-07  2.94e+01     1s
 190   3.16426374e+07  3.76159883e+07  2.02e-01 1.40e-06  2.92e+01     1s
 191   3.17687929e+07  3.76408268e+07  1.98e-01 4.47e-06  2.87e+01     1s
 192   3.23011458e+07  3.76512218e+07  1.80e-01 1.36e-05  2.71e+01     1s
 193   3.28709462e+07  3.76607218e+07  1.61e-01 8.03e-06  2.46e+01     1s
 194   3.31352858e+07  3.76667129e+07  1.53e-01 1.74e-05  2.28e+01     1s
 195   3.31975652e+07  3.76841478e+07  1.50e-01 2.22e-05  2.17e+01     1s
 196   3.32511711e+07  3.76921527e+07  1.49e-01 2.22e-05  2.14e+01     1s
 197   3.33331387e+07  3.76995332e+07  1.46e-01 2.16e-05  2.11e+01     1s
 198   3.34681575e+07  3.77094323e+07  1.42e-01 2.32e-05  2.06e+01     1s
 199   3.35786809e+07  3.77269067e+07  1.38e-01 2.19e-05  1.97e+01     1s
 200   3.36120834e+07  3.77313763e+07  1.37e-01 2.12e-05  1.94e+01     1s
 201   3.36598366e+07  3.77344288e+07  1.35e-01 2.20e-05  1.92e+01     1s
 202   3.37328073e+07  3.77380190e+07  1.33e-01 2.17e-05  1.89e+01     1s
 203   3.38648028e+07  3.77472938e+07  1.28e-01 2.27e-05  1.82e+01     1s
 204   3.38885227e+07  3.77547124e+07  1.28e-01 2.17e-05  1.80e+01     1s
 205   3.39037823e+07  3.77623680e+07  1.27e-01 2.09e-05  1.79e+01     1s
 206   3.39377155e+07  3.77713949e+07  1.26e-01 1.83e-05  1.76e+01     1s
 207   3.39774005e+07  3.77804835e+07  1.25e-01 5.33e-06  1.74e+01     1s
 208   3.40307846e+07  3.77871465e+07  1.23e-01 4.36e-06  1.71e+01     1s
 209   3.40664306e+07  3.77913884e+07  1.22e-01 4.35e-06  1.70e+01     1s
 210   3.40935186e+07  3.77957367e+07  1.21e-01 9.19e-06  1.68e+01     1s
 211   3.41277789e+07  3.77980513e+07  1.20e-01 7.90e-07  1.67e+01     1s
 212   3.41948464e+07  3.77996352e+07  1.18e-01 3.05e-06  1.65e+01     1s
 213   3.42511842e+07  3.78010052e+07  1.16e-01 1.11e-06  1.62e+01     1s
 214   3.42896909e+07  3.78042996e+07  1.15e-01 3.13e-06  1.59e+01     1s
 215   3.42951723e+07  3.78174534e+07  1.15e-01 5.82e-06  1.59e+01     1s
 216   3.43004674e+07  3.78425523e+07  1.14e-01 5.83e-06  1.59e+01     1s
 217   3.43073562e+07  3.78530607e+07  1.14e-01 1.71e-07  1.59e+01     1s
 218   3.43252185e+07  3.78669790e+07  1.14e-01 5.33e-07  1.58e+01     1s
 219   3.43605598e+07  3.78926830e+07  1.12e-01 1.89e-06  1.57e+01     1s
 220   3.58762664e+07  3.78690718e+07  6.52e-02 7.57e-05  1.70e+01     1s
 221   3.61239064e+07  3.79102553e+07  5.74e-02 5.19e-05  1.18e+01     1s
 222   3.67643888e+07  3.79256519e+07  3.75e-02 1.48e-04  1.04e+01     1s
 223   3.75276554e+07  3.79587689e+07  1.36e-02 1.51e-04  2.41e+00     1s
 224   3.78535891e+07  3.79617373e+07  3.41e-03 8.02e-05  5.62e-01     1s
 225   3.79083915e+07  3.79623298e+07  1.69e-03 4.44e-05  2.48e-01     1s
 226   3.79187160e+07  3.79636714e+07  1.36e-03 3.32e-05  2.06e-01     1s
 227   3.79234262e+07  3.79654996e+07  1.21e-03 2.76e-05  1.33e-01     1s
 228   3.79237254e+07  3.79658949e+07  1.20e-03 2.74e-05  1.33e-01     1s
 229   3.79238001e+07  3.79679886e+07  1.20e-03 2.73e-05  1.38e-01     1s
 230   3.79255428e+07  3.79636163e+07  1.16e-03 2.20e-06  1.84e-01     1s
 231   3.79312118e+07  3.79673594e+07  1.01e-03 7.12e-06  1.90e-01     1s
 232   3.79426100e+07  3.79675351e+07  6.96e-04 3.41e-05  1.76e-01     1s
 233   3.79629964e+07  3.79682636e+07  1.47e-04 4.03e-05  5.56e-02     1s
 234   3.79683762e+07  3.79684463e+07  2.10e-06 4.75e-05  1.93e-03     1s
 235   3.79684497e+07  3.79684509e+07  3.59e-08 6.09e-06  2.93e-05     1s
 236   3.79684510e+07  3.79684510e+07  3.59e-10 6.86e-06  3.78e-08     1s
 237   3.79684510e+07  3.79684510e+07  5.80e-10 4.84e-07  2.00e-10     1s

Barrier solved model in 237 iterations and 0.64 seconds (0.45 work units)
Optimal objective 3.79684510e+07

Crossover time: 0.01 seconds (0.02 work units)

Root relaxation: objective 3.796845e+07, 205 iterations, 0.56 seconds (0.37 work units)

    Nodes    |    Current Node    |     Objective Bounds      |     Work
 Expl Unexpl |  Obj  Depth IntInf | Incumbent    BestBd   Gap | It/Node Time

     0     0 3.7968e+07    0   19 3.9950e+07 3.7968e+07  4.96%     -    0s
     0     0 3.8668e+07    0   23 3.9950e+07 3.8668e+07  3.21%     -    0s
     0     0 3.8669e+07    0   23 3.9950e+07 3.8669e+07  3.21%     -    0s
     0     0 3.8714e+07    0   21 3.9950e+07 3.8714e+07  3.09%     -    0s
     0     0 3.8715e+07    0   21 3.9950e+07 3.8715e+07  3.09%     -    0s
     0     0 3.8755e+07    0   30 3.9950e+07 3.8755e+07  2.99%     -    0s
     0     0 3.8772e+07    0   26 3.9950e+07 3.8772e+07  2.95%     -    0s
     0     0 3.8772e+07    0   26 3.9950e+07 3.8772e+07  2.95%     -    0s
     0     0 3.8851e+07    0   26 3.9950e+07 3.8851e+07  2.75%     -    1s
     0     0 3.8853e+07    0   26 3.9950e+07 3.8853e+07  2.75%     -    1s
     0     0 3.8854e+07    0   29 3.9950e+07 3.8854e+07  2.74%     -    1s
     0     0 3.8854e+07    0   29 3.9950e+07 3.8854e+07  2.74%     -    1s
     0     0 3.8855e+07    0   26 3.9950e+07 3.8855e+07  2.74%     -    1s
     0     0 3.8855e+07    0   26 3.9950e+07 3.8855e+07  2.74%     -    1s
     0     0 3.8873e+07    0   30 3.9950e+07 3.8873e+07  2.70%     -    1s
     0     0 3.8876e+07    0   30 3.9950e+07 3.8876e+07  2.69%     -    1s
     0     0 3.8900e+07    0   28 3.9950e+07 3.8900e+07  2.63%     -    1s
     0     0 3.8908e+07    0   28 3.9950e+07 3.8908e+07  2.61%     -    1s
     0     0 3.8908e+07    0   28 3.9950e+07 3.8908e+07  2.61%     -    1s
     0     0 3.8920e+07    0   30 3.9950e+07 3.8920e+07  2.58%     -    1s
     0     0 3.8924e+07    0   29 3.9950e+07 3.8924e+07  2.57%     -    1s
     0     0 3.8924e+07    0   29 3.9950e+07 3.8924e+07  2.57%     -    1s
     0     0 3.8949e+07    0   28 3.9950e+07 3.8949e+07  2.50%     -    1s
     0     0 3.8949e+07    0   28 3.9950e+07 3.8949e+07  2.50%     -    1s
     0     0 3.8950e+07    0   25 3.9950e+07 3.8950e+07  2.50%     -    1s
     0     0 3.8950e+07    0   25 3.9950e+07 3.8950e+07  2.50%     -    1s
     0     0 3.8950e+07    0   25 3.9950e+07 3.8950e+07  2.50%     -    1s
     0     0 3.8950e+07    0   25 3.9950e+07 3.8950e+07  2.50%     -    1s
     0     0 3.8950e+07    0   24 3.9950e+07 3.8950e+07  2.50%     -    1s
     0     2 3.8950e+07    0   24 3.9950e+07 3.8950e+07  2.50%     -    1s

Cutting planes:
  Learned: 1
  Gomory: 1
  Cover: 7
  Implied bound: 11
  MIR: 31
  Flow cover: 26
  RLT: 2
  Relax-and-lift: 4

Explored 342 nodes (29195 simplex iterations) in 2.03 seconds (3.05 work units)
Thread count was 10 (of 10 available processors)

Solution count 1: 3.995e+07 

Optimal solution found (tolerance 5.00e-03)
Best objective 3.995000000000e+07, best bound 3.985000000000e+07, gap 0.2503%
