
Gurobi 13.0.3 (mac64[arm]) logging started Sat Sep 26 12:18:29 2026

Set parameter LogFile to value "/Users/ashutosh/Desktop/Two-stage-Model/certainty_results/full/solves/wnw_5_25_10M_phase2.log"
Gurobi Optimizer version 13.0.3 build v13.0.3rc0 (mac64[arm] - Darwin 27.0.0 26A428)

CPU model: Apple M1 Pro
Thread count: 10 physical cores, 10 logical processors, using up to 10 threads

Non-default parameters:
TimeLimit  21600
MIPGap  0.005
Method  2
LogToConsole  0

Optimize a model with 13533 rows, 5548 columns and 38765 nonzeros (Min)
Model fingerprint: 0xd73b5494
Model has 724 linear objective coefficients
Variable types: 3498 continuous, 2050 integer (1688 binary)
Coefficient statistics:
  Matrix range     [1e-03, 1e+05]
  Objective range  [2e+04, 1e+05]
  Bounds range     [1e+00, 3e+00]
  RHS range        [1e-02, 1e+07]

Loaded user MIP start with objective 9.925e+06
MIP start from previous solve did not produce a new incumbent solution

Presolve removed 11526 rows and 3837 columns
Presolve time: 0.05s
Presolved: 2007 rows, 1711 columns, 7997 nonzeros
Variable types: 1462 continuous, 249 integer (249 binary)
Root barrier log...

Ordering time: 0.00s

Barrier statistics:
 AA' NZ     : 2.642e+04
 Factor NZ  : 8.328e+04 (roughly 2 MB of memory)
 Factor Ops : 6.654e+06 (less than 1 second per iteration)
 Threads    : 10

                  Objective                Residual
Iter       Primal          Dual         Primal    Dual     Compl     Time
   0   1.99211163e+08 -1.08710271e+08  1.64e+05 4.55e-13  5.54e+06     0s
   1   3.97717402e+07 -1.27583219e+08  3.33e+04 1.36e+03  1.17e+06     0s
   2   4.95869437e+06 -9.13766800e+07  2.93e+02 4.55e-12  3.13e+04     0s
   3   2.12484445e+06 -8.32224718e+06  6.74e+01 7.28e-12  3.64e+03     0s
   4   8.46969670e+05 -3.02902850e+06  2.59e+01 4.37e-11  1.27e+03     0s
   5   5.49369249e+05 -1.87496049e+06  1.67e+01 1.13e-10  7.87e+02     0s
   6   3.11438199e+05 -5.25999562e+05  9.38e+00 1.24e-10  3.24e+02     0s
   7   2.20838373e+05 -8.77837314e+04  6.56e+00 2.33e-10  1.89e+02     0s
   8   1.82196033e+05  2.93337017e+05  5.03e+00 4.07e-10  1.33e+02     0s
   9   1.98973955e+05  3.07698521e+05  4.57e+00 5.38e-10  1.19e+02     0s
  10   2.05719229e+05  3.54505210e+05  4.42e+00 5.53e-10  1.15e+02     0s
  11   2.23538864e+05  3.80095455e+05  4.14e+00 7.86e-10  1.08e+02     0s
  12   2.23182230e+05  8.97133231e+05  4.10e+00 1.05e-09  1.10e+02     0s
  13   2.59548678e+05  1.24715341e+06  3.83e+00 1.05e-09  1.01e+02     0s
  14   2.69907805e+05  1.49772880e+06  3.79e+00 2.62e-09  9.98e+01     0s
  15   2.75258588e+05  1.50924020e+06  3.77e+00 2.97e-09  9.91e+01     0s
  16   2.80814995e+05  1.70170576e+06  3.75e+00 2.56e-09  9.93e+01     0s
  17   1.89166349e+09 -3.50124995e+08  1.64e+06 1.36e-12  1.55e+08     0s
  18   3.99482568e+08 -4.34676203e+08  4.37e+05 4.56e+03  4.21e+07     0s
  19   1.06066402e+07 -4.55119602e+08  5.63e+03 1.09e-11  6.51e+05     0s
  20   5.57483854e+06 -2.45978544e+08  3.83e+02 4.80e-10  9.02e+04     0s
  21   3.84132573e+06 -5.09494663e+07  1.11e+02 7.64e-11  1.91e+04     0s
  22   1.98665400e+06 -2.49656560e+07  4.30e+01 6.18e-11  8.19e+03     0s
  23   1.09064096e+06 -1.37075678e+07  2.05e+01 8.00e-11  4.20e+03     0s
  24   5.47500482e+05 -5.32656139e+06  8.97e+00 1.31e-10  1.68e+03     0s
  25   4.46034314e+05 -2.83491625e+06  7.00e+00 2.62e-10  1.04e+03     0s
  26   4.36815395e+05 -1.46209779e+06  6.10e+00 6.40e-10  7.49e+02     0s
  27   3.78751579e+05 -2.45482938e+05  4.48e+00 8.73e-10  4.74e+02     0s
  28   4.84953259e+05  4.27650898e+05  4.03e+00 1.80e-09  4.31e+02     0s
  29   6.20539121e+05  1.28437679e+06  3.79e+00 3.26e-09  4.05e+02     0s
  30   6.42201563e+05  1.40026635e+06  3.73e+00 3.03e-09  3.95e+02     0s
  31   6.22958953e+05  1.51499433e+06  3.72e+00 3.38e-09  3.85e+02     0s
  32   8.92310335e+05  1.79869855e+06  3.27e+00 4.66e-09  3.67e+02     0s
  33   9.46617946e+05  2.08358830e+06  3.20e+00 6.29e-09  3.55e+02     0s
  34   1.33450996e+06  1.95029932e+06  2.53e+00 8.15e-09  2.92e+02     0s
  35   1.41180850e+06  2.33863801e+06  2.40e+00 1.09e-08  2.59e+02     0s
  36   1.51195626e+06  2.63064088e+06  2.24e+00 1.11e-08  2.34e+02     0s
  37   1.63930073e+06  3.12935041e+06  2.07e+00 3.19e-08  1.91e+02     0s
  38   1.67659359e+06  3.41143379e+06  2.02e+00 3.24e-08  1.85e+02     0s
  39   1.73059388e+06  3.54631310e+06  1.94e+00 3.12e-08  1.77e+02     0s
  40   1.90469151e+06  3.54762650e+06  1.79e+00 2.28e-08  1.65e+02     0s
  41   1.92738459e+06  3.71463624e+06  1.76e+00 2.91e-08  1.55e+02     0s
  42   2.00343942e+06  4.05368466e+06  1.69e+00 3.24e-08  1.50e+02     0s
  43   2.25307849e+06  3.84242882e+06  1.52e+00 4.05e-08  1.39e+02     0s
  44   2.26702346e+06  3.89979990e+06  1.50e+00 3.98e-08  1.37e+02     0s
  45   2.29799842e+06  4.06141250e+06  1.47e+00 4.03e-08  1.34e+02     0s
  46   2.34140270e+06  4.21284856e+06  1.44e+00 4.17e-08  1.30e+02     0s
  47   2.37567075e+06  4.48787530e+06  1.42e+00 3.59e-08  1.26e+02     0s
  48   2.41411654e+06  4.60243613e+06  1.39e+00 3.91e-08  1.24e+02     0s
  49   2.46568551e+06  4.58578581e+06  1.37e+00 3.35e-08  1.23e+02     0s
  50   2.56649192e+06  4.76035557e+06  1.31e+00 2.82e-08  1.18e+02     0s
  51   2.73784593e+06  4.79957464e+06  1.22e+00 2.47e-08  1.10e+02     0s
  52   2.87540056e+06  4.85137202e+06  1.15e+00 4.19e-08  9.98e+01     0s
  53   2.94656867e+06  4.86699401e+06  1.11e+00 4.42e-08  9.69e+01     0s
  54   2.98277232e+06  5.12817835e+06  1.10e+00 4.61e-08  9.84e+01     0s
  55   3.01975367e+06  5.44502870e+06  1.08e+00 4.70e-08  9.58e+01     0s
  56   3.02670028e+06  5.57158936e+06  1.07e+00 1.86e-09  9.43e+01     0s
  57   3.06705585e+06  5.73774643e+06  1.06e+00 1.26e-08  9.23e+01     0s
  58   3.20624555e+06  5.79512123e+06  1.01e+00 3.63e-08  8.81e+01     0s
  59   3.24724150e+06  5.94013169e+06  9.92e-01 4.80e-08  8.49e+01     0s
  60   3.27114640e+06  6.06519461e+06  9.83e-01 3.68e-08  8.53e+01     0s
  61   3.28685421e+06  6.09167179e+06  9.78e-01 3.91e-08  8.49e+01     0s
  62   3.32396590e+06  6.12459643e+06  9.66e-01 4.05e-08  8.42e+01     0s
  63   3.38057167e+06  6.25989953e+06  9.48e-01 4.75e-08  8.18e+01     0s
  64   3.51182007e+06  6.24978990e+06  9.08e-01 4.84e-08  7.96e+01     0s
  65   3.80869825e+06  6.29080023e+06  8.18e-01 4.19e-08  7.34e+01     0s
  66   4.16408235e+06  6.35855284e+06  7.10e-01 1.49e-07  6.26e+01     0s
  67   4.19467438e+06  6.36606682e+06  7.01e-01 1.43e-07  6.13e+01     0s
  68   4.20850597e+06  6.37519115e+06  6.96e-01 1.37e-07  6.06e+01     0s
  69   4.21991868e+06  6.38000264e+06  6.93e-01 1.36e-07  6.03e+01     0s
  70   4.26557977e+06  6.38584336e+06  6.79e-01 1.35e-07  5.94e+01     0s
  71   4.40831981e+06  6.46252199e+06  6.39e-01 7.45e-08  5.71e+01     0s
  72   4.59340457e+06  6.51604935e+06  5.86e-01 1.03e-07  5.42e+01     0s
  73   4.74563279e+06  6.63706948e+06  5.46e-01 1.29e-07  5.23e+01     0s
  74   4.92378474e+06  6.59037469e+06  4.98e-01 2.66e-07  5.00e+01     0s
  75   5.02804324e+06  6.72760464e+06  4.67e-01 2.45e-07  4.57e+01     0s
  76   5.06598961e+06  6.89264688e+06  4.57e-01 2.40e-07  4.54e+01     0s
  77   5.33763262e+06  6.92874695e+06  3.93e-01 2.43e-07  4.09e+01     0s
  78   5.38120262e+06  6.97323006e+06  3.83e-01 3.36e-07  3.72e+01     0s
  79   5.64191097e+06  7.01564934e+06  3.29e-01 2.43e-07  3.80e+01     0s
  80   5.65466350e+06  7.07271027e+06  3.26e-01 2.62e-07  3.32e+01     0s
  81   5.67709543e+06  7.13499523e+06  3.22e-01 1.12e-08  3.27e+01     0s
  82   5.68784653e+06  7.23255517e+06  3.19e-01 5.03e-08  3.17e+01     0s
  83   5.81674358e+06  7.24757195e+06  2.94e-01 6.52e-08  3.04e+01     0s
  84   5.95085397e+06  7.25643952e+06  2.68e-01 9.41e-08  2.85e+01     0s
  85   6.31675478e+06  7.24923190e+06  1.97e-01 4.11e-06  2.24e+01     0s
  86   6.35612073e+06  7.32966737e+06  1.89e-01 3.25e-06  1.94e+01     0s
  87   6.40889038e+06  7.34883893e+06  1.80e-01 3.08e-06  1.86e+01     0s
  88   6.42041926e+06  7.35739319e+06  1.78e-01 3.10e-06  1.80e+01     0s
  89   6.44728563e+06  7.36495438e+06  1.73e-01 3.04e-06  1.75e+01     0s
  90   6.46718449e+06  7.37220149e+06  1.69e-01 2.97e-06  1.71e+01     0s
  91   6.48978666e+06  7.36898442e+06  1.65e-01 2.82e-06  1.68e+01     0s
  92   6.57893527e+06  7.37702751e+06  1.49e-01 2.73e-06  1.55e+01     0s
  93   6.58382647e+06  7.39019708e+06  1.48e-01 2.17e-06  1.47e+01     0s
  94   6.59707054e+06  7.39284451e+06  1.46e-01 2.02e-06  1.45e+01     0s
  95   6.61779035e+06  7.39638062e+06  1.42e-01 2.15e-06  1.40e+01     0s
  96   6.61977692e+06  7.39884548e+06  1.42e-01 2.15e-06  1.39e+01     0s
  97   6.62550105e+06  7.40762140e+06  1.41e-01 2.13e-06  1.38e+01     0s
  98   6.65723091e+06  7.44025849e+06  1.35e-01 4.47e-08  1.34e+01     0s
  99   6.67631650e+06  7.43791538e+06  1.32e-01 1.73e-07  1.36e+01     0s
 100   6.79061842e+06  7.44648464e+06  1.14e-01 5.11e-07  1.25e+01     0s
 101   6.95897864e+06  7.45541151e+06  8.64e-02 5.89e-07  1.07e+01     0s
 102   7.01360759e+06  7.47974945e+06  7.75e-02 1.58e-06  7.02e+00     0s
 103   7.01532760e+06  7.49296105e+06  7.72e-02 1.57e-06  7.00e+00     0s
 104   7.05741573e+06  7.51207919e+06  7.10e-02 1.63e-06  6.58e+00     0s
 105   7.11661607e+06  7.52542297e+06  6.26e-02 7.87e-07  6.08e+00     0s
 106   7.25923041e+06  7.53170162e+06  4.13e-02 8.00e-07  4.16e+00     0s
 107   7.33614482e+06  7.53503553e+06  3.00e-02 1.46e-06  3.03e+00     0s
 108   7.45618343e+06  7.53562312e+06  1.23e-02 1.97e-06  1.68e+00     0s
 109   7.51153889e+06  7.53819884e+06  4.18e-03 2.96e-06  6.55e-01     0s
 110   7.53888142e+06  7.53956326e+06  1.34e-04 5.45e-06  5.93e-02     0s
 111   7.53930677e+06  7.53975993e+06  6.94e-05 1.35e-06  8.59e-03     0s
 112   7.53976176e+06  7.53976655e+06  1.67e-06 8.88e-07  1.60e-03     0s
 113   7.53976804e+06  7.53976755e+06  1.51e-08 7.07e-07  1.34e-04     0s
 114   7.53976807e+06  7.53976809e+06  3.21e-07 8.81e-07  3.49e-07     0s
 115   7.53976809e+06  7.53976809e+06  1.64e-10 7.23e-07  1.40e-10     0s

Barrier solved model in 115 iterations and 0.33 seconds (0.22 work units)
Optimal objective 7.53976809e+06

Crossover time: 0.01 seconds (0.01 work units)

Root relaxation: objective 7.539768e+06, 297 iterations, 0.26 seconds (0.16 work units)

    Nodes    |    Current Node    |     Objective Bounds      |     Work
 Expl Unexpl |  Obj  Depth IntInf | Incumbent    BestBd   Gap | It/Node Time

     0     0 7539768.09    0   26 9925000.00 7539768.09  24.0%     -    0s
     0     0 8128959.18    0   34 9925000.00 8128959.18  18.1%     -    0s
     0     0 8128959.18    0   34 9925000.00 8128959.18  18.1%     -    0s
     0     0 8165012.77    0   36 9925000.00 8165012.77  17.7%     -    0s
     0     0 8165012.77    0   44 9925000.00 8165012.77  17.7%     -    0s
     0     0 8165012.77    0   49 9925000.00 8165012.77  17.7%     -    0s
     0     0 8212923.08    0   51 9925000.00 8212923.08  17.3%     -    0s
     0     0 8222913.99    0   51 9925000.00 8222913.99  17.1%     -    0s
     0     0 8222913.99    0   38 9925000.00 8222913.99  17.1%     -    0s
     0     0 8222913.99    0   38 9925000.00 8222913.99  17.1%     -    0s
     0     0 8222913.99    0   40 9925000.00 8222913.99  17.1%     -    0s
     0     0 8222913.99    0   43 9925000.00 8222913.99  17.1%     -    0s
     0     0 8222913.99    0   43 9925000.00 8222913.99  17.1%     -    0s
     0     0 8250283.39    0   41 9925000.00 8250283.39  16.9%     -    0s
     0     0 8265133.20    0   41 9925000.00 8265133.20  16.7%     -    0s
     0     0 8265133.20    0   39 9925000.00 8265133.20  16.7%     -    0s
     0     2 8265133.20    0   39 9925000.00 8265133.20  16.7%     -    0s

Cutting planes:
  Gomory: 1
  Implied bound: 17
  MIR: 36
  Flow cover: 15
  RLT: 1
  Relax-and-lift: 2

Explored 444 nodes (34999 simplex iterations) in 1.87 seconds (3.54 work units)
Thread count was 10 (of 10 available processors)

Solution count 1: 9.925e+06 

Optimal solution found (tolerance 5.00e-03)
Best objective 9.925000000000e+06, best bound 9.925000000000e+06, gap 0.0000%
