
Gurobi 13.0.3 (mac64[arm]) logging started Sat Sep 26 12:18:16 2026

Set parameter LogFile to value "/Users/ashutosh/Desktop/Two-stage-Model/certainty_results/full/solves/wnw_5_15_30M_phase2.log"
Gurobi Optimizer version 13.0.3 build v13.0.3rc0 (mac64[arm] - Darwin 27.0.0 26A428)

CPU model: Apple M1 Pro
Thread count: 10 physical cores, 10 logical processors, using up to 10 threads

Non-default parameters:
TimeLimit  21600
MIPGap  0.005
Method  2
LogToConsole  0

Optimize a model with 13559 rows, 5548 columns and 38843 nonzeros (Min)
Model fingerprint: 0xd2a15dfb
Model has 724 linear objective coefficients
Variable types: 3498 continuous, 2050 integer (1688 binary)
Coefficient statistics:
  Matrix range     [1e-03, 1e+05]
  Objective range  [2e+04, 1e+05]
  Bounds range     [1e+00, 3e+00]
  RHS range        [1e-02, 3e+07]

Loaded user MIP start with objective 3e+07
MIP start from previous solve did not produce a new incumbent solution

Presolve removed 11344 rows and 3803 columns
Presolve time: 0.07s
Presolved: 2215 rows, 1745 columns, 8571 nonzeros
Variable types: 1486 continuous, 259 integer (259 binary)
Root barrier log...

Ordering time: 0.00s

Barrier statistics:
 AA' NZ     : 3.110e+04
 Factor NZ  : 9.214e+04 (roughly 2 MB of memory)
 Factor Ops : 7.095e+06 (less than 1 second per iteration)
 Threads    : 10

                  Objective                Residual
Iter       Primal          Dual         Primal    Dual     Compl     Time
   0   2.07482943e+08 -1.88737106e+08  6.35e+04 9.09e-13  4.46e+06     0s
   1   1.02949450e+08 -2.04483924e+08  3.03e+04 4.89e+03  2.16e+06     0s
   2   1.08183177e+07 -2.12794635e+08  7.59e+02 1.82e-11  1.00e+05     0s
   3   4.94064903e+06 -3.18970548e+07  1.03e+02 1.55e-11  1.26e+04     0s
   4   2.39342886e+06 -6.76055344e+06  4.10e+01 2.91e-11  3.31e+03     0s
   5   1.22601152e+06 -3.01314962e+06  2.00e+01 7.28e-11  1.50e+03     0s
   6   8.38336583e+05 -8.07125100e+05  1.32e+01 1.89e-10  7.81e+02     0s
   7   6.48050007e+05  1.01631224e+05  8.87e+00 2.33e-10  4.91e+02     0s
   8   6.74586194e+05  1.17859251e+06  7.27e+00 9.31e-10  4.02e+02     0s
   9   7.03050398e+05  1.39957004e+06  6.99e+00 9.31e-10  3.85e+02     0s
  10   7.36930316e+05  1.58044549e+06  6.76e+00 1.75e-09  3.71e+02     0s
  11   8.33264132e+05  1.86026404e+06  6.23e+00 1.69e-09  3.40e+02     0s
  12   8.56050741e+05  2.02029009e+06  6.13e+00 2.27e-09  3.32e+02     0s
  13   8.96065556e+05  2.77431136e+06  5.94e+00 4.66e-09  3.18e+02     0s
  14   1.04063153e+06  3.15850334e+06  5.58e+00 9.08e-09  3.01e+02     0s
  15   1.19747218e+06  3.52685876e+06  5.27e+00 1.33e-08  2.86e+02     0s
  16   1.29574011e+06  3.92022156e+06  5.08e+00 1.62e-08  2.73e+02     0s
  17   1.49861175e+06  4.13461031e+06  4.76e+00 8.15e-09  2.57e+02     0s
  18   1.56656510e+06  4.23312955e+06  4.66e+00 9.66e-09  2.48e+02     0s
  19   1.65605036e+06  4.40075467e+06  4.52e+00 1.22e-08  2.37e+02     0s
  20   1.78285844e+06  4.80022380e+06  4.35e+00 3.06e-08  2.25e+02     0s
  21   1.91440607e+06  5.09210810e+06  4.19e+00 8.55e-08  2.15e+02     0s
  22   2.07046266e+06  5.44426747e+06  4.01e+00 1.38e-07  2.03e+02     0s
  23   2.14335928e+06  5.72841395e+06  3.93e+00 1.40e-07  1.97e+02     0s
  24   2.26454187e+06  6.14237380e+06  3.80e+00 1.64e-07  1.89e+02     0s
  25   2.46660669e+06  6.05697450e+06  3.65e+00 3.16e-07  1.88e+02     0s
  26   2.50405572e+06  6.83069273e+06  3.63e+00 2.93e-07  1.80e+02     0s
  27   2.69292364e+06  7.30820393e+06  3.48e+00 3.49e-08  1.77e+02     0s
  28   2.86453322e+06  7.48824945e+06  3.36e+00 5.05e-08  1.69e+02     0s
  29   3.07926095e+06  7.66223636e+06  3.21e+00 3.42e-08  1.58e+02     0s
  30   3.14089757e+06  7.81346190e+06  3.17e+00 3.03e-08  1.56e+02     0s
  31   3.25446470e+06  8.05094980e+06  3.09e+00 3.33e-08  1.51e+02     0s
  32   3.37066520e+06  8.24146802e+06  3.02e+00 3.66e-08  1.47e+02     0s
  33   3.54027633e+06  8.28557184e+06  2.92e+00 3.91e-08  1.43e+02     0s
  34   3.65980374e+06  8.44706361e+06  2.85e+00 2.44e-08  1.37e+02     0s
  35   3.72529695e+06  8.65661901e+06  2.81e+00 2.62e-08  1.35e+02     0s
  36   3.75992323e+06  8.87229289e+06  2.79e+00 2.65e-08  1.34e+02     0s
  37   3.79595368e+06  8.88936807e+06  2.78e+00 2.56e-08  1.34e+02     0s
  38   4.00062021e+06  8.94506429e+06  2.67e+00 2.92e-07  1.30e+02     0s
  39   4.17661529e+06  9.21737342e+06  2.59e+00 3.39e-07  1.26e+02     0s
  40   4.21962838e+06  9.44035444e+06  2.56e+00 1.92e-07  1.24e+02     0s
  41   4.31918110e+06  9.93798639e+06  2.51e+00 6.25e-07  1.21e+02     0s
  42   4.37161902e+06  9.98567066e+06  2.49e+00 6.42e-07  1.20e+02     0s
  43   4.41442237e+06  1.03544178e+07  2.47e+00 4.02e-07  1.20e+02     0s
  44   4.48975189e+06  1.07004125e+07  2.44e+00 1.28e-07  1.19e+02     0s
  45   1.80275144e+09 -1.88737106e+08  6.35e+05 9.09e-13  4.41e+07     0s
  46   7.88578193e+08 -2.28123559e+08  3.13e+05 4.70e+03  2.21e+07     0s
  47   1.64120796e+08 -2.92774075e+08  4.78e+04 1.55e-11  3.53e+06     0s
  48   1.75150851e+07 -2.35912225e+08  2.64e+02 2.73e-11  7.27e+04     0s
  49   1.23891274e+07 -3.30354281e+07  9.22e+01 2.91e-11  1.33e+04     0s
  50   4.23336980e+06 -9.92106638e+06  2.81e+01 1.94e-09  3.89e+03     0s
  51   1.97395661e+06 -2.01693899e+06  1.22e+01 1.75e-10  1.26e+03     0s
  52   1.52763352e+06 -8.35352956e+05  8.61e+00 4.95e-10  8.52e+02     0s
  53   1.46804553e+06 -1.16213713e+05  7.61e+00 5.82e-10  7.27e+02     0s
  54   1.48083743e+06  9.05919238e+05  7.05e+00 1.11e-09  6.39e+02     0s
  55   1.51031390e+06  1.44054671e+06  6.06e+00 1.05e-09  5.47e+02     0s
  56   1.52986378e+06  1.62863545e+06  5.90e+00 1.22e-09  5.31e+02     0s
  57   1.55295629e+06  2.16804954e+06  5.75e+00 2.10e-09  5.07e+02     0s
  58   1.70615611e+06  2.89611691e+06  5.34e+00 3.26e-09  4.78e+02     0s
  59   1.91276863e+06  3.74481586e+06  4.89e+00 4.89e-09  4.33e+02     0s
  60   2.04854916e+06  3.85302558e+06  4.64e+00 5.94e-09  4.14e+02     0s
  61   2.08044056e+06  3.96096092e+06  4.59e+00 7.92e-09  4.05e+02     0s
  62   2.12155142e+06  4.12882654e+06  4.51e+00 1.04e-08  3.95e+02     0s
  63   2.24272911e+06  4.50025468e+06  4.33e+00 1.16e-08  3.77e+02     0s
  64   2.44599057e+06  5.12685153e+06  4.05e+00 8.15e-09  3.44e+02     0s
  65   2.53589441e+06  5.38247049e+06  3.92e+00 1.23e-08  3.29e+02     0s
  66   2.61400347e+06  5.74062670e+06  3.83e+00 1.37e-08  3.19e+02     0s
  67   2.69972795e+06  6.06620191e+06  3.74e+00 1.65e-08  3.10e+02     0s
  68   2.94808589e+06  6.51832656e+06  3.53e+00 1.44e-08  2.94e+02     0s
  69   3.04948917e+06  6.67058691e+06  3.45e+00 1.44e-08  2.88e+02     0s
  70   3.10443406e+06  7.23511653e+06  3.40e+00 1.91e-08  2.80e+02     0s
  71   3.41666525e+06  7.31070062e+06  3.17e+00 2.26e-08  2.64e+02     0s
  72   3.48743770e+06  7.47640760e+06  3.12e+00 3.52e-08  2.55e+02     0s
  73   3.56742117e+06  7.71338623e+06  3.06e+00 3.70e-08  2.49e+02     0s
  74   3.78287526e+06  7.68143463e+06  2.92e+00 3.00e-08  2.41e+02     0s
  75   3.87178250e+06  7.71912354e+06  2.87e+00 3.00e-08  2.39e+02     0s
  76   3.97685403e+06  8.24183534e+06  2.80e+00 3.42e-08  2.29e+02     0s
  77   4.10563754e+06  8.56365686e+06  2.73e+00 1.47e-08  2.25e+02     0s
  78   4.17745834e+06  8.93858756e+06  2.69e+00 1.63e-08  2.19e+02     0s
  79   4.33143085e+06  9.01055644e+06  2.61e+00 1.54e-08  2.14e+02     0s
  80   4.41041250e+06  9.07371407e+06  2.57e+00 1.16e-08  2.11e+02     0s
  81   4.45999719e+06  9.10547888e+06  2.54e+00 1.16e-08  2.09e+02     0s
  82   4.49057428e+06  9.15149280e+06  2.53e+00 1.12e-08  2.07e+02     0s
  83   4.54581066e+06  9.87119445e+06  2.50e+00 6.05e-09  2.07e+02     0s
  84   4.66714517e+06  1.02397491e+07  2.45e+00 1.77e-08  2.03e+02     0s
  85   4.81110987e+06  1.07198233e+07  2.39e+00 5.26e-08  1.98e+02     0s
  86   4.85323018e+06  1.11018155e+07  2.37e+00 3.63e-08  1.96e+02     0s
  87   5.18988832e+06  1.15943189e+07  2.26e+00 5.73e-08  1.87e+02     0s
  88   5.26741942e+06  1.18065511e+07  2.23e+00 6.61e-08  1.82e+02     0s
  89   5.29378004e+06  1.19778086e+07  2.22e+00 6.38e-08  1.81e+02     0s
  90   5.34972817e+06  1.24233730e+07  2.21e+00 8.38e-08  1.83e+02     0s
  91   5.63998339e+06  1.32467137e+07  2.12e+00 9.27e-08  1.70e+02     0s
  92   5.91583943e+06  1.34001574e+07  2.05e+00 1.51e-07  1.64e+02     0s
  93   5.95721656e+06  1.36080863e+07  2.04e+00 1.52e-07  1.66e+02     0s
  94   6.32896599e+06  1.35647839e+07  1.96e+00 1.20e-07  1.67e+02     0s
  95   6.68117287e+06  1.39830112e+07  1.89e+00 4.95e-07  1.71e+02     0s
  96   7.17931567e+06  1.45178897e+07  1.78e+00 2.75e-07  1.59e+02     0s
  97   7.41137750e+06  1.48289803e+07  1.72e+00 8.38e-08  1.58e+02     0s
  98   7.83889937e+06  1.52895892e+07  1.63e+00 1.16e-07  1.48e+02     0s
  99   8.11338976e+06  1.55540879e+07  1.57e+00 3.46e-07  1.41e+02     0s
 100   8.16737315e+06  1.56860683e+07  1.56e+00 3.31e-07  1.40e+02     0s
 101   8.24393701e+06  1.58838624e+07  1.54e+00 2.58e-07  1.37e+02     0s
 102   8.36481913e+06  1.59926798e+07  1.52e+00 1.40e-07  1.35e+02     0s
 103   8.54640156e+06  1.60019649e+07  1.49e+00 1.46e-07  1.33e+02     0s
 104   8.77915941e+06  1.60536815e+07  1.44e+00 1.42e-07  1.28e+02     0s
 105   8.81369078e+06  1.64185194e+07  1.43e+00 1.40e-07  1.27e+02     0s
 106   8.96003918e+06  1.67056701e+07  1.41e+00 1.28e-07  1.24e+02     0s
 107   8.97750877e+06  1.67521593e+07  1.40e+00 1.02e-07  1.24e+02     0s
 108   9.02861592e+06  1.67537600e+07  1.39e+00 1.02e-07  1.24e+02     0s
 109   9.12800392e+06  1.71428678e+07  1.38e+00 1.60e-07  1.22e+02     0s
 110   9.30222914e+06  1.79128566e+07  1.35e+00 4.76e-07  1.17e+02     0s
 111   1.01376060e+07  1.74651211e+07  1.22e+00 3.24e-06  1.09e+02     0s
 112   1.03290794e+07  1.77544413e+07  1.20e+00 3.24e-06  1.14e+02     0s
 113   1.04902855e+07  1.77160419e+07  1.17e+00 2.98e-06  1.17e+02     0s
 114   1.07251625e+07  1.83554225e+07  1.14e+00 1.13e-06  1.03e+02     0s
 115   1.09069422e+07  1.95202418e+07  1.11e+00 4.81e-07  9.99e+01     0s
 116   1.11276219e+07  1.94673889e+07  1.08e+00 3.58e-07  1.05e+02     0s
 117   1.13690158e+07  1.99144269e+07  1.06e+00 5.70e-07  1.05e+02     0s
 118   1.15027746e+07  2.03476378e+07  1.04e+00 3.26e-07  1.02e+02     0s
 119   1.15520687e+07  2.03863026e+07  1.03e+00 2.61e-08  1.01e+02     0s
 120   1.16031788e+07  2.05813399e+07  1.03e+00 2.40e-07  1.00e+02     0s
 121   1.18498204e+07  2.06686792e+07  1.00e+00 1.10e-07  9.77e+01     0s
 122   1.19044554e+07  2.07266250e+07  9.94e-01 1.56e-07  9.69e+01     0s
 123   1.19713135e+07  2.09572978e+07  9.87e-01 7.77e-07  9.49e+01     0s
 124   1.21345089e+07  2.11364722e+07  9.69e-01 2.51e-07  9.28e+01     0s
 125   1.21470061e+07  2.10711558e+07  9.68e-01 2.46e-07  9.25e+01     0s
 126   1.22876505e+07  2.11556636e+07  9.53e-01 2.66e-07  9.14e+01     0s
 127   1.24626081e+07  2.11920262e+07  9.35e-01 1.01e-07  8.98e+01     0s
 128   1.26787700e+07  2.12395339e+07  9.12e-01 4.56e-07  8.73e+01     0s
 129   1.27012915e+07  2.13096440e+07  9.10e-01 9.65e-07  8.66e+01     0s
 130   1.27516095e+07  2.22440733e+07  9.04e-01 8.38e-07  8.84e+01     0s
 131   1.27612931e+07  2.25902318e+07  9.03e-01 6.89e-08  8.94e+01     0s
 132   1.29075021e+07  2.27391881e+07  8.90e-01 5.59e-08  8.92e+01     0s
 133   1.29837717e+07  2.29969090e+07  8.83e-01 1.99e-07  8.82e+01     0s
 134   1.29870484e+07  2.31064716e+07  8.83e-01 3.73e-09  8.80e+01     0s
 135   1.30651584e+07  2.32455140e+07  8.75e-01 2.24e-08  8.63e+01     0s
 136   1.33525456e+07  2.32503466e+07  8.51e-01 5.49e-07  8.38e+01     0s
 137   1.36370172e+07  2.34409482e+07  8.27e-01 1.21e-06  8.48e+01     0s
 138   1.42149450e+07  2.39602406e+07  7.96e-01 1.20e-06  1.25e+02     0s
 139   1.54579607e+07  2.39534440e+07  7.10e-01 7.35e-06  1.41e+02     0s
 140   1.56569244e+07  2.44949225e+07  6.95e-01 1.51e-06  1.35e+02     0s
 141   1.62589480e+07  2.55154296e+07  6.54e-01 4.22e-06  1.35e+02     0s
 142   1.64266390e+07  2.53916408e+07  6.42e-01 5.65e-06  1.34e+02     0s
 143   1.68597136e+07  2.55593260e+07  6.15e-01 4.31e-06  1.32e+02     0s
 144   1.74939562e+07  2.51669480e+07  5.72e-01 6.29e-06  1.56e+02     0s
 145   1.76425317e+07  2.57992400e+07  5.62e-01 4.18e-06  1.39e+02     0s
 146   1.79875740e+07  2.59239618e+07  5.39e-01 6.82e-07  1.34e+02     0s
 147   1.80959172e+07  2.56506864e+07  5.32e-01 3.44e-06  1.42e+02     0s
 148   1.83858111e+07  2.57249504e+07  5.17e-01 3.62e-06  1.53e+02     0s
 149   1.89589712e+07  2.59743269e+07  4.79e-01 3.51e-06  1.58e+02     0s
 150   1.94401743e+07  2.61624887e+07  4.49e-01 3.59e-06  1.43e+02     0s
 151   1.94834122e+07  2.63163913e+07  4.46e-01 2.88e-06  1.35e+02     0s
 152   1.98411789e+07  2.66350734e+07  4.28e-01 6.01e-06  1.39e+02     0s
 153   2.03121259e+07  2.66953935e+07  4.00e-01 4.47e-06  1.29e+02     0s
 154   2.06778966e+07  2.67756304e+07  3.78e-01 3.62e-06  1.14e+02     0s
 155   2.07365515e+07  2.67997597e+07  3.75e-01 4.13e-06  1.10e+02     0s
 156   2.08329902e+07  2.69713756e+07  3.69e-01 7.26e-06  1.01e+02     0s
 157   2.11508201e+07  2.69772011e+07  3.50e-01 8.04e-06  9.68e+01     0s
 158   2.12400972e+07  2.69993065e+07  3.45e-01 1.10e-05  9.30e+01     0s
 159   2.13661860e+07  2.70094767e+07  3.38e-01 1.08e-05  9.11e+01     0s
 160   2.14419930e+07  2.70621216e+07  3.33e-01 1.08e-05  8.95e+01     0s
 161   2.15761277e+07  2.70973674e+07  3.25e-01 1.08e-05  8.72e+01     0s
 162   2.17032126e+07  2.71075748e+07  3.18e-01 1.06e-05  8.52e+01     0s
 163   2.18263097e+07  2.71310935e+07  3.10e-01 1.05e-05  8.32e+01     0s
 164   2.19240117e+07  2.71535023e+07  3.05e-01 1.04e-05  8.16e+01     0s
 165   2.19442943e+07  2.72047387e+07  3.04e-01 1.05e-05  8.13e+01     0s
 166   2.21237751e+07  2.72307870e+07  2.93e-01 9.40e-06  7.85e+01     0s
 167   2.22763547e+07  2.72405494e+07  2.85e-01 4.36e-07  7.64e+01     0s
 168   2.24326441e+07  2.72641522e+07  2.76e-01 9.91e-07  7.36e+01     0s
 169   2.25068725e+07  2.72908304e+07  2.72e-01 1.60e-06  7.20e+01     0s
 170   2.25437226e+07  2.73078087e+07  2.70e-01 1.84e-06  7.13e+01     0s
 171   2.26970048e+07  2.73200088e+07  2.61e-01 1.55e-06  6.92e+01     0s
 172   2.27531386e+07  2.73331790e+07  2.58e-01 6.97e-07  6.81e+01     0s
 173   2.27990440e+07  2.73582849e+07  2.55e-01 2.41e-06  6.72e+01     0s
 174   2.28404058e+07  2.73660599e+07  2.53e-01 2.52e-06  6.65e+01     0s
 175   2.28834865e+07  2.73941022e+07  2.51e-01 4.41e-06  6.59e+01     0s
 176   2.28981863e+07  2.74431682e+07  2.50e-01 2.24e-07  6.59e+01     0s
 177   2.29344129e+07  2.75143215e+07  2.48e-01 2.50e-07  6.60e+01     0s
 178   2.30009254e+07  2.75733108e+07  2.44e-01 4.14e-07  6.52e+01     0s
 179   2.34002755e+07  2.75812366e+07  2.23e-01 1.27e-06  6.04e+01     0s
 180   2.37555435e+07  2.75854675e+07  2.04e-01 2.77e-06  5.55e+01     0s
 181   2.38394370e+07  2.75951158e+07  2.00e-01 7.80e-06  5.32e+01     0s
 182   2.38751673e+07  2.76036334e+07  1.98e-01 8.56e-06  5.15e+01     0s
 183   2.39133980e+07  2.76528994e+07  1.96e-01 9.02e-06  5.09e+01     0s
 184   2.39306848e+07  2.76832760e+07  1.95e-01 8.82e-06  5.07e+01     0s
 185   2.39996718e+07  2.77391216e+07  1.91e-01 7.77e-06  4.94e+01     0s
 186   2.43931489e+07  2.77439495e+07  1.71e-01 1.13e-06  4.51e+01     0s
 187   2.45227141e+07  2.77461542e+07  1.65e-01 5.29e-06  4.24e+01     0s
 188   2.45989156e+07  2.77672586e+07  1.61e-01 9.37e-06  3.99e+01     0s
 189   2.46074544e+07  2.77835441e+07  1.60e-01 9.37e-06  3.90e+01     0s
 190   2.46504864e+07  2.78587382e+07  1.58e-01 9.26e-06  3.79e+01     0s
 191   2.46524661e+07  2.78561062e+07  1.58e-01 9.26e-06  3.80e+01     0s
 192   2.46644225e+07  2.78565985e+07  1.57e-01 9.21e-06  3.79e+01     0s
 193   2.46696165e+07  2.78700760e+07  1.57e-01 1.60e-07  3.80e+01     0s
 194   2.46915208e+07  2.78785414e+07  1.56e-01 6.18e-07  3.77e+01     0s
 195   2.48195906e+07  2.78371728e+07  1.49e-01 5.26e-06  3.52e+01     1s
 196   2.48666241e+07  2.78173792e+07  1.47e-01 1.04e-06  3.48e+01     1s
 197   2.48989925e+07  2.79378299e+07  1.45e-01 1.20e-06  3.45e+01     1s
 198   2.49975322e+07  2.82194955e+07  1.41e-01 1.80e-06  3.50e+01     1s
 199   2.55165692e+07  2.82547403e+07  1.18e-01 1.00e-06  2.82e+01     1s
 200   2.56186395e+07  2.82563825e+07  1.14e-01 4.14e-06  2.78e+01     1s
 201   2.58164994e+07  2.83106564e+07  1.06e-01 1.79e-05  2.39e+01     1s
 202   2.59136637e+07  2.83190229e+07  1.02e-01 1.90e-05  2.30e+01     1s
 203   2.62916818e+07  2.83200780e+07  8.58e-02 2.63e-05  1.97e+01     1s
 204   2.64246724e+07  2.83240999e+07  8.03e-02 3.38e-05  1.82e+01     1s
 205   2.68025957e+07  2.83306842e+07  6.46e-02 3.89e-05  1.54e+01     1s
 206   2.70333244e+07  2.83455076e+07  5.51e-02 4.27e-05  1.19e+01     1s
 207   2.71063877e+07  2.83510839e+07  5.21e-02 3.79e-05  1.08e+01     1s
 208   2.71903769e+07  2.83568348e+07  4.86e-02 2.30e-05  9.68e+00     1s
 209   2.74233712e+07  2.83591665e+07  3.90e-02 1.85e-05  8.07e+00     1s
 210   2.76198328e+07  2.83623267e+07  3.09e-02 1.46e-05  6.21e+00     1s
 211   2.80829936e+07  2.83662706e+07  1.17e-02 4.52e-05  2.15e+00     1s
 212   2.83428868e+07  2.83667587e+07  1.00e-03 5.44e-05  2.59e-01     1s
 213   2.83664118e+07  2.83670978e+07  2.87e-05 3.78e-05  6.51e-03     1s
 214   2.83671030e+07  2.83671027e+07  8.49e-09 2.28e-05  1.16e-04     1s
 215   2.83671032e+07  2.83671032e+07  8.35e-09 5.87e-06  3.19e-06     1s
 216   2.83671032e+07  2.83671032e+07  4.55e-13 6.35e-06  7.27e-11     1s

Barrier solved model in 216 iterations and 0.55 seconds (0.36 work units)
Optimal objective 2.83671032e+07

Crossover time: 0.01 seconds (0.02 work units)

Root relaxation: objective 2.836710e+07, 282 iterations, 0.48 seconds (0.29 work units)

    Nodes    |    Current Node    |     Objective Bounds      |     Work
 Expl Unexpl |  Obj  Depth IntInf | Incumbent    BestBd   Gap | It/Node Time

     0     0 2.8367e+07    0   30 3.0000e+07 2.8367e+07  5.44%     -    0s
     0     0 2.8367e+07    0   31 3.0000e+07 2.8367e+07  5.44%     -    0s
     0     0 2.8729e+07    0   35 3.0000e+07 2.8729e+07  4.24%     -    0s
     0     0 2.8760e+07    0   35 3.0000e+07 2.8760e+07  4.13%     -    0s
     0     0 2.8760e+07    0   37 3.0000e+07 2.8760e+07  4.13%     -    0s
     0     0 2.8760e+07    0   36 3.0000e+07 2.8760e+07  4.13%     -    0s
     0     0 2.8871e+07    0   39 3.0000e+07 2.8871e+07  3.76%     -    0s
     0     0 2.8896e+07    0   39 3.0000e+07 2.8896e+07  3.68%     -    0s
     0     0 2.8896e+07    0   39 3.0000e+07 2.8896e+07  3.68%     -    0s
     0     0 2.8902e+07    0   40 3.0000e+07 2.8902e+07  3.66%     -    0s
     0     0 2.8912e+07    0   43 3.0000e+07 2.8912e+07  3.63%     -    0s
     0     0 2.8912e+07    0   43 3.0000e+07 2.8912e+07  3.63%     -    0s
     0     0 2.8912e+07    0   43 3.0000e+07 2.8912e+07  3.63%     -    0s
     0     0 2.8912e+07    0   44 3.0000e+07 2.8912e+07  3.63%     -    0s
     0     0 2.8912e+07    0   45 3.0000e+07 2.8912e+07  3.63%     -    1s
     0     0 2.8912e+07    0   42 3.0000e+07 2.8912e+07  3.63%     -    1s
     0     0 2.8912e+07    0   42 3.0000e+07 2.8912e+07  3.63%     -    1s
     0     0 2.8912e+07    0   43 3.0000e+07 2.8912e+07  3.63%     -    1s
     0     0 2.8912e+07    0   43 3.0000e+07 2.8912e+07  3.63%     -    1s
     0     0 2.8912e+07    0   44 3.0000e+07 2.8912e+07  3.63%     -    1s
     0     0 2.8912e+07    0   45 3.0000e+07 2.8912e+07  3.63%     -    1s
     0     0 2.8912e+07    0   46 3.0000e+07 2.8912e+07  3.63%     -    1s
     0     0 2.8912e+07    0   47 3.0000e+07 2.8912e+07  3.63%     -    1s
     0     0 2.8912e+07    0   47 3.0000e+07 2.8912e+07  3.63%     -    1s
     0     0 2.8912e+07    0   48 3.0000e+07 2.8912e+07  3.63%     -    1s
     0     0 2.8912e+07    0   48 3.0000e+07 2.8912e+07  3.63%     -    1s
     0     0 2.8912e+07    0   44 3.0000e+07 2.8912e+07  3.63%     -    1s
     0     2 2.8912e+07    0   43 3.0000e+07 2.8912e+07  3.63%     -    1s

Cutting planes:
  Cover: 9
  Implied bound: 28
  MIR: 52
  Flow cover: 11
  RLT: 9
  Relax-and-lift: 2

Explored 415 nodes (26066 simplex iterations) in 1.96 seconds (2.90 work units)
Thread count was 10 (of 10 available processors)

Solution count 1: 3e+07 

Optimal solution found (tolerance 5.00e-03)
Best objective 3.000000000000e+07, best bound 3.000000000000e+07, gap 0.0000%
