
Gurobi 13.0.3 (mac64[arm]) logging started Sat Sep 26 12:17:49 2026

Set parameter LogFile to value "/Users/ashutosh/Desktop/Two-stage-Model/certainty_results/full/solves/wnw_5_10_30M_phase2.log"
Gurobi Optimizer version 13.0.3 build v13.0.3rc0 (mac64[arm] - Darwin 27.0.0 26A428)

CPU model: Apple M1 Pro
Thread count: 10 physical cores, 10 logical processors, using up to 10 threads

Non-default parameters:
TimeLimit  21600
MIPGap  0.005
Method  2
LogToConsole  0

Optimize a model with 13558 rows, 5548 columns and 38840 nonzeros (Min)
Model fingerprint: 0xdb2cd8dd
Model has 724 linear objective coefficients
Variable types: 3498 continuous, 2050 integer (1688 binary)
Coefficient statistics:
  Matrix range     [1e-03, 1e+05]
  Objective range  [2e+04, 1e+05]
  Bounds range     [1e+00, 3e+00]
  RHS range        [1e-02, 3e+07]

Loaded user MIP start with objective 2.985e+07
MIP start from previous solve did not produce a new incumbent solution

Presolve removed 11350 rows and 3804 columns
Presolve time: 0.06s
Presolved: 2208 rows, 1744 columns, 8552 nonzeros
Variable types: 1484 continuous, 260 integer (260 binary)
Root barrier log...

Ordering time: 0.00s

Barrier statistics:
 AA' NZ     : 3.075e+04
 Factor NZ  : 9.299e+04 (roughly 2 MB of memory)
 Factor Ops : 7.867e+06 (less than 1 second per iteration)
 Threads    : 10

                  Objective                Residual
Iter       Primal          Dual         Primal    Dual     Compl     Time
   0   2.76123395e+08 -1.99470753e+08  8.92e+04 9.09e-13  6.29e+06     0s
   1   1.28598562e+08 -2.23171584e+08  4.14e+04 4.68e+03  2.97e+06     0s
   2   1.42077313e+07 -2.34749247e+08  9.76e+02 2.09e-11  1.22e+05     0s
   3   6.24994512e+06 -3.28804869e+07  1.05e+02 2.36e-11  1.33e+04     0s
   4   2.62315703e+06 -6.84718186e+06  4.11e+01 1.46e-11  3.43e+03     0s
   5   1.30964254e+06 -2.99224832e+06  2.00e+01 6.55e-11  1.54e+03     0s
   6   8.88559627e+05 -9.72754629e+05  1.32e+01 6.77e-10  8.16e+02     0s
   7   6.85387251e+05  3.60697165e+05  9.54e+00 7.57e-10  4.98e+02     0s
   8   7.02593997e+05  8.49692388e+05  8.01e+00 1.00e-09  4.15e+02     0s
   9   7.36159967e+05  2.06016878e+06  7.57e+00 3.49e-09  3.93e+02     0s
  10   7.83215158e+05  2.16907635e+06  7.11e+00 3.32e-09  3.63e+02     0s
  11   8.37827745e+05  2.61439156e+06  6.76e+00 3.09e-09  3.41e+02     0s
  12   9.18835787e+05  2.97453436e+06  6.46e+00 1.86e-09  3.24e+02     0s
  13   9.87004610e+05  3.16635658e+06  6.27e+00 2.10e-09  3.14e+02     0s
  14   1.04074568e+06  3.59849952e+06  6.14e+00 2.91e-09  3.06e+02     0s
  15   1.18044803e+06  4.28083254e+06  5.84e+00 2.33e-09  2.91e+02     0s
  16   1.28744730e+06  4.37241573e+06  5.65e+00 3.14e-09  2.82e+02     0s
  17   1.40677464e+06  4.54195569e+06  5.46e+00 6.29e-09  2.71e+02     0s
  18   1.50812344e+06  4.69354920e+06  5.29e+00 7.10e-09  2.61e+02     0s
  19   1.61715116e+06  4.97425199e+06  5.11e+00 1.06e-08  2.52e+02     0s
  20   1.72637126e+06  5.67697814e+06  4.94e+00 1.16e-08  2.43e+02     0s
  21   1.98532935e+06  5.51601590e+06  4.64e+00 3.04e-08  2.28e+02     0s
  22   2.03774366e+06  5.94773961e+06  4.58e+00 3.37e-08  2.22e+02     0s
  23   2.10287349e+06  6.30389068e+06  4.50e+00 1.87e-08  2.16e+02     0s
  24   2.20348927e+06  6.54075742e+06  4.40e+00 4.12e-08  2.11e+02     0s
  25   2.27988334e+06  6.86020859e+06  4.32e+00 7.97e-08  2.06e+02     0s
  26   2.46300072e+06  7.16751769e+06  4.17e+00 7.14e-08  2.00e+02     0s
  27   2.56939489e+06  7.43654562e+06  4.08e+00 2.74e-08  1.92e+02     0s
  28   2.69742326e+06  7.53204337e+06  3.98e+00 2.28e-08  1.86e+02     0s
  29   2.75203777e+06  7.70566107e+06  3.93e+00 2.37e-08  1.90e+02     0s
  30   2.79538124e+06  8.34607130e+06  3.90e+00 1.21e-07  1.91e+02     0s
  31   2.48697761e+09 -1.99470753e+08  8.92e+05 9.09e-13  6.23e+07     0s
  32   2.21117911e+08 -2.78510306e+08  2.30e+05 2.35e+03  1.65e+07     0s
  33   1.24856271e+07 -2.95505726e+08  4.39e+02 1.09e-11  9.72e+04     0s
  34   7.89981950e+06 -7.58779023e+07  7.85e+01 2.55e-11  2.18e+04     0s
  35   3.97742349e+06 -1.69431232e+07  2.41e+01 4.37e-11  5.35e+03     0s
  36   2.20190684e+06 -4.89330088e+06  1.20e+01 3.35e-10  1.96e+03     0s
  37   1.75588632e+06 -2.30477205e+06  9.19e+00 2.18e-10  1.26e+03     0s
  38   1.64203909e+06 -1.43594304e+06  7.98e+00 2.91e-10  1.06e+03     0s
  39   1.63801215e+06 -3.26547121e+05  7.19e+00 4.66e-10  9.12e+02     0s
  40   1.71488034e+06  1.73516125e+06  6.70e+00 1.63e-09  7.68e+02     0s
  41   1.79168840e+06  1.97058076e+06  6.20e+00 1.40e-09  7.16e+02     0s
  42   1.82631357e+06  2.33840728e+06  6.05e+00 1.40e-09  6.88e+02     0s
  43   1.89362085e+06  2.54686984e+06  5.80e+00 1.28e-09  6.57e+02     0s
  44   1.92713156e+06  3.46915180e+06  5.69e+00 3.14e-09  6.26e+02     0s
  45   2.08176844e+06  3.65152821e+06  5.37e+00 2.44e-09  5.83e+02     0s
  46   2.22350579e+06  3.73203454e+06  5.07e+00 3.26e-09  5.61e+02     0s
  47   2.51628770e+06  4.59178938e+06  4.58e+00 4.89e-09  5.07e+02     0s
  48   2.78851642e+06  4.98406070e+06  4.23e+00 5.82e-09  4.92e+02     0s
  49   2.84291867e+06  5.35649953e+06  4.17e+00 6.05e-09  4.81e+02     0s
  50   2.86655156e+06  5.68053150e+06  4.15e+00 1.27e-08  4.71e+02     0s
  51   3.04136119e+06  6.24289990e+06  3.99e+00 1.35e-08  4.50e+02     0s
  52   3.17139230e+06  6.49186826e+06  3.87e+00 9.55e-09  4.60e+02     0s
  53   3.42580215e+06  7.20244992e+06  3.68e+00 1.56e-08  4.44e+02     0s
  54   3.56165238e+06  7.28326895e+06  3.59e+00 1.63e-09  4.40e+02     0s
  55   3.58533127e+06  7.83663454e+06  3.57e+00 4.77e-08  4.26e+02     0s
  56   3.67690972e+06  8.26884774e+06  3.52e+00 1.28e-08  4.19e+02     0s
  57   3.93975052e+06  8.69704284e+06  3.38e+00 3.70e-08  4.03e+02     0s
  58   4.18851722e+06  9.37513284e+06  3.24e+00 1.67e-07  3.52e+02     0s
  59   4.60100454e+06  9.84934988e+06  3.06e+00 2.52e-07  3.37e+02     0s
  60   4.70824274e+06  1.05032807e+07  3.00e+00 1.78e-07  3.29e+02     0s
  61   4.89482784e+06  1.11431017e+07  2.92e+00 7.78e-08  3.17e+02     0s
  62   5.12974233e+06  1.12951714e+07  2.82e+00 7.50e-08  3.10e+02     0s
  63   5.42385707e+06  1.15188481e+07  2.71e+00 7.68e-08  2.98e+02     0s
  64   5.53013740e+06  1.23336897e+07  2.66e+00 1.04e-07  2.89e+02     0s
  65   5.67874121e+06  1.29026837e+07  2.61e+00 1.28e-07  2.85e+02     0s
  66   6.05200180e+06  1.31908116e+07  2.51e+00 1.78e-07  2.96e+02     0s
  67   6.21513715e+06  1.37122473e+07  2.46e+00 1.44e-07  2.83e+02     0s
  68   6.26446480e+06  1.37637108e+07  2.45e+00 3.59e-08  2.81e+02     0s
  69   6.46429989e+06  1.43074044e+07  2.39e+00 8.34e-08  2.73e+02     0s
  70   6.61154519e+06  1.45785166e+07  2.35e+00 5.49e-08  2.66e+02     0s
  71   6.90039490e+06  1.47323572e+07  2.27e+00 3.15e-07  2.56e+02     0s
  72   6.97008331e+06  1.49231721e+07  2.25e+00 3.45e-07  2.52e+02     0s
  73   7.10734060e+06  1.56115467e+07  2.21e+00 3.65e-07  2.46e+02     0s
  74   7.27507137e+06  1.61098729e+07  2.16e+00 4.69e-07  2.38e+02     0s
  75   7.47092526e+06  1.65018191e+07  2.12e+00 5.79e-07  2.32e+02     0s
  76   7.93542111e+06  1.66112342e+07  2.01e+00 6.86e-07  2.23e+02     0s
  77   8.03645159e+06  1.68550210e+07  1.99e+00 3.36e-07  2.19e+02     0s
  78   8.51548107e+06  1.72893834e+07  1.89e+00 5.69e-07  2.06e+02     0s
  79   9.17470791e+06  1.74276012e+07  1.76e+00 5.49e-07  2.03e+02     0s
  80   9.32826687e+06  1.75627294e+07  1.73e+00 1.10e-06  1.97e+02     0s
  81   9.56679620e+06  1.76755198e+07  1.68e+00 9.96e-07  1.91e+02     0s
  82   9.77458712e+06  1.77890901e+07  1.64e+00 1.08e-06  1.88e+02     0s
  83   1.02701805e+07  1.79247932e+07  1.55e+00 1.82e-07  1.77e+02     0s
  84   1.03250162e+07  1.80477671e+07  1.54e+00 4.95e-07  1.76e+02     0s
  85   1.07699113e+07  1.81963991e+07  1.46e+00 2.09e-06  1.75e+02     0s
  86   1.10627847e+07  1.85007381e+07  1.40e+00 2.19e-06  1.61e+02     0s
  87   1.11324898e+07  1.86699299e+07  1.39e+00 5.57e-07  1.60e+02     0s
  88   1.12961480e+07  1.89211856e+07  1.36e+00 4.92e-07  1.56e+02     0s
  89   1.14120746e+07  1.92032394e+07  1.34e+00 1.45e-07  1.53e+02     0s
  90   1.16321858e+07  1.97090782e+07  1.30e+00 3.82e-07  1.46e+02     0s
  91   1.18250726e+07  1.96570230e+07  1.27e+00 4.94e-07  1.41e+02     0s
  92   1.20601188e+07  2.02791189e+07  1.23e+00 7.51e-07  1.35e+02     0s
  93   1.20967346e+07  2.03172910e+07  1.23e+00 8.04e-07  1.34e+02     0s
  94   1.22928474e+07  2.04269200e+07  1.20e+00 1.27e-06  1.30e+02     0s
  95   1.23597035e+07  2.07261118e+07  1.19e+00 1.33e-07  1.28e+02     0s
  96   1.32030758e+07  2.08085348e+07  1.07e+00 1.59e-07  1.19e+02     0s
  97   1.32217300e+07  2.09642271e+07  1.07e+00 1.81e-07  1.17e+02     0s
  98   1.33120079e+07  2.11372221e+07  1.06e+00 2.04e-07  1.20e+02     0s
  99   1.36264260e+07  2.08857505e+07  1.03e+00 2.06e-07  1.26e+02     0s
 100   1.38257237e+07  2.09381439e+07  9.99e-01 1.03e-07  1.23e+02     0s
 101   1.39287457e+07  2.10146409e+07  9.85e-01 8.20e-08  1.20e+02     0s
 102   1.39789234e+07  2.11336218e+07  9.78e-01 1.99e-07  1.17e+02     0s
 103   1.40570362e+07  2.14029797e+07  9.68e-01 2.19e-07  1.15e+02     0s
 104   1.41094261e+07  2.16692419e+07  9.61e-01 2.24e-07  1.14e+02     0s
 105   1.41563925e+07  2.16703851e+07  9.55e-01 2.20e-07  1.14e+02     0s
 106   1.42570811e+07  2.17847391e+07  9.42e-01 1.73e-07  1.12e+02     0s
 107   1.44349889e+07  2.18588986e+07  9.21e-01 2.03e-07  1.10e+02     0s
 108   1.46449161e+07  2.23337918e+07  8.96e-01 9.97e-07  1.02e+02     0s
 109   1.47505106e+07  2.25094381e+07  8.84e-01 9.69e-07  1.01e+02     0s
 110   1.48104846e+07  2.27332557e+07  8.77e-01 1.05e-06  1.00e+02     0s
 111   1.50334316e+07  2.28839049e+07  8.54e-01 1.28e-06  9.99e+01     0s
 112   1.51799727e+07  2.30508605e+07  8.39e-01 9.50e-07  9.96e+01     0s
 113   1.52998069e+07  2.31994633e+07  8.26e-01 3.33e-07  9.84e+01     0s
 114   1.54968605e+07  2.33051826e+07  8.07e-01 6.76e-07  9.68e+01     0s
 115   1.55847756e+07  2.35082587e+07  7.98e-01 7.25e-07  9.51e+01     0s
 116   1.56325030e+07  2.40648196e+07  7.93e-01 1.12e-06  9.45e+01     0s
 117   1.57179664e+07  2.39960206e+07  7.85e-01 8.90e-07  9.38e+01     0s
 118   1.58308501e+07  2.40497168e+07  7.75e-01 2.37e-06  9.50e+01     0s
 119   1.59245260e+07  2.41424243e+07  7.69e-01 2.05e-08  9.94e+01     0s
 120   1.60112936e+07  2.44086320e+07  7.61e-01 2.16e-06  9.75e+01     0s
 121   1.61572132e+07  2.48039792e+07  7.49e-01 9.50e-07  9.47e+01     0s
 122   1.67809586e+07  2.48755105e+07  6.96e-01 9.48e-07  8.94e+01     0s
 123   1.68197222e+07  2.54898242e+07  6.93e-01 1.09e-06  8.68e+01     0s
 124   1.73274127e+07  2.52635523e+07  6.53e-01 3.82e-06  8.34e+01     0s
 125   1.76427485e+07  2.56612116e+07  6.29e-01 2.97e-05  6.72e+01     0s
 126   1.78288706e+07  2.60522815e+07  6.15e-01 2.93e-05  6.56e+01     0s
 127   1.78450816e+07  2.61793331e+07  6.14e-01 2.87e-05  6.49e+01     0s
 128   1.78853343e+07  2.62954920e+07  6.11e-01 2.84e-05  6.48e+01     0s
 129   1.82941030e+07  2.64701837e+07  5.83e-01 3.08e-05  6.36e+01     0s
 130   1.85290658e+07  2.65601673e+07  5.67e-01 1.91e-05  5.99e+01     0s
 131   1.88980401e+07  2.64848022e+07  5.41e-01 1.82e-05  6.21e+01     0s
 132   1.97534467e+07  2.65472688e+07  4.83e-01 1.42e-05  5.87e+01     0s
 133   2.00803654e+07  2.64440286e+07  4.60e-01 1.98e-06  6.31e+01     0s
 134   2.05162685e+07  2.62998883e+07  4.30e-01 1.62e-05  8.71e+01     0s
 135   2.05890674e+07  2.63742832e+07  4.25e-01 5.31e-07  8.65e+01     0s
 136   2.08897718e+07  2.65289533e+07  4.06e-01 1.08e-06  8.78e+01     0s
 137   2.13850958e+07  2.64497367e+07  3.74e-01 3.02e-05  8.79e+01     0s
 138   2.14322179e+07  2.71203881e+07  3.71e-01 4.23e-06  6.70e+01     0s
 139   2.15826356e+07  2.75009799e+07  3.62e-01 1.08e-05  6.33e+01     0s
 140   2.20803385e+07  2.77286657e+07  3.34e-01 1.58e-05  6.24e+01     0s
 141   2.22875008e+07  2.77908347e+07  3.22e-01 2.98e-05  5.70e+01     0s
 142   2.23588810e+07  2.78203176e+07  3.18e-01 8.72e-06  5.27e+01     0s
 143   2.26170400e+07  2.78456508e+07  3.04e-01 8.12e-06  4.95e+01     0s
 144   2.33407384e+07  2.78821498e+07  2.63e-01 3.33e-05  4.32e+01     0s
 145   2.33748669e+07  2.80139166e+07  2.61e-01 2.88e-05  3.94e+01     0s
 146   2.39586396e+07  2.80293427e+07  2.29e-01 2.61e-05  3.73e+01     0s
 147   2.45084714e+07  2.80413753e+07  1.99e-01 8.71e-05  2.88e+01     0s
 148   2.45480004e+07  2.81027314e+07  1.97e-01 7.82e-05  2.54e+01     0s
 149   2.52456972e+07  2.80991224e+07  1.59e-01 1.01e-04  2.29e+01     0s
 150   2.61379139e+07  2.81179811e+07  1.11e-01 1.25e-04  1.78e+01     0s
 151   2.61823247e+07  2.81447459e+07  1.08e-01 1.73e-04  1.33e+01     0s
 152   2.62125664e+07  2.81532448e+07  1.07e-01 1.77e-04  1.30e+01     0s
 153   2.62215219e+07  2.81610117e+07  1.06e-01 1.65e-04  1.27e+01     0s
 154   2.62271269e+07  2.81636502e+07  1.06e-01 1.63e-04  1.27e+01     0s
 155   2.62603962e+07  2.81698488e+07  1.04e-01 1.61e-04  1.25e+01     0s
 156   2.64176585e+07  2.81897087e+07  9.58e-02 7.92e-06  1.18e+01     0s
 157   2.65057888e+07  2.81938697e+07  9.12e-02 7.46e-06  1.15e+01     0s
 158   2.65815845e+07  2.81984540e+07  8.72e-02 7.95e-06  1.12e+01     0s
 159   2.66720683e+07  2.82050731e+07  8.24e-02 1.42e-05  1.05e+01     0s
 160   2.69381662e+07  2.82064073e+07  6.84e-02 1.00e-05  9.60e+00     0s
 161   2.69537327e+07  2.82074863e+07  6.76e-02 9.35e-06  9.51e+00     0s
 162   2.69656931e+07  2.82081177e+07  6.70e-02 9.55e-06  9.47e+00     0s
 163   2.69905090e+07  2.82163401e+07  6.57e-02 6.87e-06  9.01e+00     0s
 164   2.70952495e+07  2.82178383e+07  6.02e-02 9.69e-07  8.76e+00     0s
 165   2.71747289e+07  2.82249551e+07  5.61e-02 2.16e-05  7.86e+00     0s
 166   2.72963703e+07  2.82282679e+07  4.97e-02 2.37e-05  6.92e+00     0s
 167   2.74159997e+07  2.82343683e+07  4.35e-02 4.61e-05  5.26e+00     0s
 168   2.76166123e+07  2.82390090e+07  3.30e-02 3.76e-05  3.84e+00     0s
 169   2.76411735e+07  2.82423266e+07  3.17e-02 1.02e-05  3.38e+00     0s
 170   2.76723156e+07  2.82409620e+07  3.01e-02 1.03e-05  3.35e+00     0s
 171   2.76858945e+07  2.82434197e+07  2.94e-02 8.04e-06  3.16e+00     0s
 172   2.76997522e+07  2.82420772e+07  2.87e-02 8.17e-06  3.16e+00     0s
 173   2.77133256e+07  2.82468278e+07  2.80e-02 9.56e-06  3.02e+00     0s
 174   2.77490573e+07  2.82459252e+07  2.62e-02 3.20e-06  2.98e+00     0s
 175   2.77514638e+07  2.82493905e+07  2.60e-02 2.31e-06  2.87e+00     0s
 176   2.77578370e+07  2.82491953e+07  2.57e-02 2.80e-06  2.84e+00     0s
 177   2.77687660e+07  2.82502771e+07  2.51e-02 2.53e-06  2.75e+00     0s
 178   2.77702316e+07  2.82525934e+07  2.51e-02 2.17e-06  2.73e+00     0s
 179   2.78171492e+07  2.82532238e+07  2.27e-02 1.60e-06  2.61e+00     0s
 180   2.78450285e+07  2.82565209e+07  2.13e-02 1.41e-05  2.23e+00     0s
 181   2.80091866e+07  2.82568114e+07  1.29e-02 1.47e-05  1.81e+00     0s
 182   2.81670029e+07  2.82600152e+07  4.91e-03 3.82e-05  9.39e-01     0s
 183   2.82238479e+07  2.82617915e+07  2.03e-03 2.74e-05  5.18e-01     0s
 184   2.82413953e+07  2.82620053e+07  1.13e-03 2.51e-05  4.03e-01     0s
 185   2.82608829e+07  2.82633896e+07  1.38e-04 5.04e-05  5.29e-02     0s
 186   2.82634389e+07  2.82634946e+07  3.22e-06 5.25e-06  1.82e-03     0s
 187   2.82634985e+07  2.82634986e+07  6.26e-09 2.30e-06  2.64e-06     0s
 188   2.82634986e+07  2.82634986e+07  1.84e-12 2.39e-06  1.93e-11     0s

Barrier solved model in 188 iterations and 0.43 seconds (0.31 work units)
Optimal objective 2.82634986e+07

Crossover time: 0.01 seconds (0.02 work units)

Root relaxation: objective 2.826350e+07, 252 iterations, 0.36 seconds (0.24 work units)

    Nodes    |    Current Node    |     Objective Bounds      |     Work
 Expl Unexpl |  Obj  Depth IntInf | Incumbent    BestBd   Gap | It/Node Time

     0     0 2.8263e+07    0   47 2.9850e+07 2.8263e+07  5.31%     -    0s
     0     0 2.8613e+07    0   47 2.9850e+07 2.8613e+07  4.15%     -    0s
     0     0 2.8714e+07    0   47 2.9850e+07 2.8714e+07  3.80%     -    0s
     0     0 2.8714e+07    0   47 2.9850e+07 2.8714e+07  3.80%     -    0s
     0     0 2.8714e+07    0   40 2.9850e+07 2.8714e+07  3.80%     -    0s
     0     0 2.8714e+07    0   43 2.9850e+07 2.8714e+07  3.80%     -    0s
     0     0 2.8771e+07    0   49 2.9850e+07 2.8771e+07  3.61%     -    0s
     0     0 2.8773e+07    0   43 2.9850e+07 2.8773e+07  3.61%     -    0s
     0     0 2.8773e+07    0   43 2.9850e+07 2.8773e+07  3.61%     -    0s
     0     0 2.8774e+07    0   45 2.9850e+07 2.8774e+07  3.61%     -    0s
     0     0 2.8774e+07    0   45 2.9850e+07 2.8774e+07  3.61%     -    0s
     0     0 2.8775e+07    0   45 2.9850e+07 2.8775e+07  3.60%     -    0s
     0     0 2.8775e+07    0   45 2.9850e+07 2.8775e+07  3.60%     -    0s
     0     0 2.8775e+07    0   43 2.9850e+07 2.8775e+07  3.60%     -    0s
     0     1 2.8775e+07    0   43 2.9850e+07 2.8775e+07  3.60%     -    0s

Cutting planes:
  Gomory: 1
  Cover: 5
  Implied bound: 28
  MIR: 22
  Flow cover: 16
  RLT: 6
  Relax-and-lift: 4

Explored 34 nodes (3187 simplex iterations) in 1.10 seconds (1.34 work units)
Thread count was 10 (of 10 available processors)

Solution count 1: 2.985e+07 

Optimal solution found (tolerance 5.00e-03)
Best objective 2.985000000000e+07, best bound 2.985000000000e+07, gap 0.0000%
