
Gurobi 13.0.3 (mac64[arm]) logging started Sat Sep 26 12:18:26 2026

Set parameter LogFile to value "/Users/ashutosh/Desktop/Two-stage-Model/certainty_results/full/solves/wnw_5_15_80M_phase2.log"
Gurobi Optimizer version 13.0.3 build v13.0.3rc0 (mac64[arm] - Darwin 27.0.0 26A428)

CPU model: Apple M1 Pro
Thread count: 10 physical cores, 10 logical processors, using up to 10 threads

Non-default parameters:
TimeLimit  21600
MIPGap  0.005
Method  2
LogToConsole  0

Optimize a model with 13559 rows, 5548 columns and 38843 nonzeros (Min)
Model fingerprint: 0x784229cf
Model has 724 linear objective coefficients
Variable types: 3498 continuous, 2050 integer (1688 binary)
Coefficient statistics:
  Matrix range     [1e-03, 1e+05]
  Objective range  [2e+04, 1e+05]
  Bounds range     [1e+00, 3e+00]
  RHS range        [1e-02, 8e+07]

Loaded user MIP start with objective 5.6425e+07
MIP start from previous solve did not produce a new incumbent solution

Presolve removed 12235 rows and 4000 columns
Presolve time: 0.04s
Presolved: 1324 rows, 1548 columns, 6178 nonzeros
Found heuristic solution: objective 5.505000e+07
Variable types: 1345 continuous, 203 integer (203 binary)
Root barrier log...

Ordering time: 0.00s

Barrier statistics:
 Dense cols : 4
 AA' NZ     : 9.149e+03
 Factor NZ  : 4.019e+04 (roughly 1 MB of memory)
 Factor Ops : 2.351e+06 (less than 1 second per iteration)
 Threads    : 1

                  Objective                Residual
Iter       Primal          Dual         Primal    Dual     Compl     Time
   0   5.63103604e+07 -4.09567241e+07  4.52e+03 1.83e+03  3.20e+05     0s
   1   5.42062036e+07 -7.49634066e+06  7.07e+02 1.02e+03  5.99e+04     0s
   2   5.41485055e+07  2.97454992e+07  1.30e+02 1.86e+02  1.32e+04     0s
   3   5.41050805e+07  5.01351808e+07  2.42e+01 2.84e+00  1.91e+03     0s
   4   5.40629537e+07  5.33454860e+07  7.05e+00 3.49e-02  3.95e+02     0s
   5   5.40668427e+07  5.36748133e+07  3.92e+00 1.44e-11  2.13e+02     0s
   6   5.40671278e+07  5.39359003e+07  1.14e+00 1.09e-11  6.43e+01     0s
   7   5.40648244e+07  5.39778908e+07  6.19e-01 8.73e-11  3.93e+01     0s
   8   5.40613892e+07  5.40236679e+07  2.79e-01 1.00e-10  1.70e+01     0s
   9   5.40583920e+07  5.40459260e+07  1.15e-01 4.66e-10  6.12e+00     0s
  10   5.40575905e+07  5.40502180e+07  3.66e-02 6.11e-10  2.95e+00     0s
  11   5.40567735e+07  5.40523483e+07  8.60e-03 3.64e-11  1.48e+00     0s
  12   5.40565069e+07  5.40537556e+07  3.26e-03 2.33e-10  8.75e-01     0s
  13   5.40562356e+07  5.40554734e+07  1.95e-04 7.28e-11  2.27e-01     0s
  14   5.40561946e+07  5.40561140e+07  3.98e-05 1.46e-11  2.44e-02     0s
  15   5.40561837e+07  5.40561722e+07  5.26e-06 1.16e-10  3.48e-03     0s
  16   5.40561813e+07  5.40561813e+07  2.16e-06 2.11e-10  5.38e-05     0s
  17   5.40561813e+07  5.40561814e+07  1.89e-06 2.91e-11  8.71e-07     0s
  18   5.40561813e+07  5.40561814e+07  1.88e-06 2.91e-11  4.29e-09     0s

Barrier solved model in 18 iterations and 0.09 seconds (0.09 work units)
Optimal objective 5.40561813e+07

Crossover time: 0.01 seconds (0.01 work units)

Extra simplex iterations after uncrush: 202

Root relaxation: objective 5.405618e+07, 320 iterations, 0.04 seconds (0.04 work units)

    Nodes    |    Current Node    |     Objective Bounds      |     Work
 Expl Unexpl |  Obj  Depth IntInf | Incumbent    BestBd   Gap | It/Node Time

     0     0 5.4056e+07    0   14 5.5050e+07 5.4056e+07  1.81%     -    0s
     0     0 5.5050e+07    0   11 5.5050e+07 5.5050e+07  0.00%     -    0s

Cutting planes:
  Gomory: 6
  Implied bound: 11
  MIR: 6
  Flow cover: 4

Explored 1 nodes (575 simplex iterations) in 0.21 seconds (0.21 work units)
Thread count was 10 (of 10 available processors)

Solution count 2: 5.505e+07 5.6425e+07 

Optimal solution found (tolerance 5.00e-03)
Best objective 5.505000000000e+07, best bound 5.505000000000e+07, gap 0.0000%
