
Gurobi 13.0.3 (mac64[arm]) logging started Sat Sep 26 12:18:27 2026

Set parameter LogFile to value "/Users/ashutosh/Desktop/Two-stage-Model/certainty_results/full/solves/wnw_5_25_0M_phase2.log"
Gurobi Optimizer version 13.0.3 build v13.0.3rc0 (mac64[arm] - Darwin 27.0.0 26A428)

CPU model: Apple M1 Pro
Thread count: 10 physical cores, 10 logical processors, using up to 10 threads

Non-default parameters:
TimeLimit  21600
MIPGap  0.005
Method  2
LogToConsole  0

Optimize a model with 13533 rows, 5548 columns and 38765 nonzeros (Min)
Model fingerprint: 0xae2efc73
Model has 724 linear objective coefficients
Variable types: 3498 continuous, 2050 integer (1688 binary)
Coefficient statistics:
  Matrix range     [1e-03, 1e+05]
  Objective range  [2e+04, 1e+05]
  Bounds range     [1e+00, 3e+00]
  RHS range        [1e-02, 2e+04]

Loaded user MIP start with objective 0
MIP start from previous solve did not produce a new incumbent solution


Explored 0 nodes (0 simplex iterations) in 0.02 seconds (0.02 work units)
Thread count was 1 (of 10 available processors)

Solution count 2: 0 0 

Optimal solution found (tolerance 5.00e-03)
Best objective 0.000000000000e+00, best bound 0.000000000000e+00, gap 0.0000%
