
Gurobi 13.0.3 (mac64[arm]) logging started Sat Sep 26 12:17:30 2026

Set parameter LogFile to value "/Users/ashutosh/Desktop/Two-stage-Model/certainty_results/full/solves/wnw_5_05_40M_phase2.log"
Gurobi Optimizer version 13.0.3 build v13.0.3rc0 (mac64[arm] - Darwin 27.0.0 26A428)

CPU model: Apple M1 Pro
Thread count: 10 physical cores, 10 logical processors, using up to 10 threads

Non-default parameters:
TimeLimit  21600
MIPGap  0.005
Method  2
LogToConsole  0

Optimize a model with 13546 rows, 5548 columns and 38804 nonzeros (Min)
Model fingerprint: 0x946db20f
Model has 724 linear objective coefficients
Variable types: 3498 continuous, 2050 integer (1688 binary)
Coefficient statistics:
  Matrix range     [1e-03, 1e+05]
  Objective range  [2e+04, 1e+05]
  Bounds range     [1e+00, 3e+00]
  RHS range        [1e-02, 4e+07]

Loaded user MIP start with objective 3.99e+07
MIP start from previous solve did not produce a new incumbent solution

Presolve removed 11633 rows and 3845 columns
Presolve time: 0.06s
Presolved: 1913 rows, 1703 columns, 7898 nonzeros
Variable types: 1452 continuous, 251 integer (251 binary)
Root barrier log...

Ordering time: 0.00s

Barrier statistics:
 AA' NZ     : 2.846e+04
 Factor NZ  : 9.045e+04 (roughly 2 MB of memory)
 Factor Ops : 7.824e+06 (less than 1 second per iteration)
 Threads    : 10

                  Objective                Residual
Iter       Primal          Dual         Primal    Dual     Compl     Time
   0   1.22566647e+08 -1.67989461e+08  3.61e+04 9.09e-13  2.47e+06     0s
   1   4.97918922e+07 -1.62965118e+08  1.02e+04 4.31e+03  7.34e+05     0s
   2   1.21140099e+07 -1.24947218e+08  4.69e+02 4.17e+02  6.18e+04     0s
   3   1.17693912e+07 -5.73762851e+07  4.37e+02 1.37e+02  3.86e+04     0s
   4   1.02829797e+07 -4.54453700e+07  2.44e+02 1.03e+02  2.50e+04     0s
   5   1.01005256e+07 -3.41590613e+07  2.05e+02 7.80e+01  2.00e+04     0s
   6   1.06156727e+07 -2.61309140e+07  1.05e+02 6.13e+01  1.34e+04     0s
   7   1.06734876e+07 -5.13972449e+05  6.92e+01 8.98e+00  4.99e+03     0s
   8   1.05157585e+07  5.43260797e+06  2.95e+01 2.85e+00  2.09e+03     0s
   9   1.04142333e+07  8.66973378e+06  1.08e+01 7.76e-01  7.27e+02     0s
  10   1.03747564e+07  9.19516917e+06  6.17e+00 5.33e-01  4.64e+02     0s
  11   1.03620377e+07  9.96242151e+06  4.90e+00 2.86e-01  3.08e+02     0s
  12   1.03601839e+07  1.04937504e+07  3.97e+00 2.23e-01  2.52e+02     0s
  13   1.03735567e+07  1.11148094e+07  3.54e+00 1.92e-01  2.14e+02     0s
  14   1.04028394e+07  1.16559809e+07  3.37e+00 1.84e-01  2.04e+02     0s
  15   1.04425243e+07  1.21277761e+07  3.26e+00 1.78e-01  1.95e+02     0s
  16   1.05133254e+07  1.23672773e+07  3.15e+00 1.73e-01  1.88e+02     0s
  17   1.06738711e+07  1.24392843e+07  2.94e+00 1.69e-01  1.79e+02     0s
  18   1.08856250e+07  1.24813797e+07  2.66e+00 1.62e-01  1.68e+02     0s
  19   1.10414008e+07  1.26537029e+07  2.46e+00 1.23e-01  1.39e+02     0s
  20   1.12682918e+07  1.27756689e+07  2.17e+00 1.14e-01  1.26e+02     0s
  21   1.13725973e+07  1.27699082e+07  2.04e+00 1.07e-01  1.21e+02     0s
  22   1.13943240e+07  1.28035754e+07  2.01e+00 1.06e-01  1.20e+02     0s
  23   1.14422648e+07  1.29086130e+07  1.95e+00 1.04e-01  1.16e+02     0s
  24   1.14656900e+07  1.31315333e+07  1.92e+00 1.01e-01  1.13e+02     0s
  25   1.14687601e+07  1.31805180e+07  1.92e+00 1.01e-01  1.13e+02     0s
  26   1.14793876e+07  1.32339610e+07  1.91e+00 1.01e-01  1.12e+02     0s
  27   1.15529922e+07  1.38013247e+07  1.84e+00 9.72e-02  1.10e+02     0s
  28   1.15997330e+07  1.39411863e+07  1.83e+00 9.68e-02  1.18e+02     0s
  29   1.16791586e+07  1.43149659e+07  1.77e+00 9.02e-02  1.14e+02     0s
  30   1.17147925e+07  1.50324279e+07  1.74e+00 8.86e-02  1.12e+02     0s
  31   1.17498313e+07  1.52632049e+07  1.72e+00 8.81e-02  1.10e+02     0s
  32   1.19646308e+07  1.59883641e+07  1.64e+00 8.33e-02  1.10e+02     0s
  33   1.20087396e+07  1.61531048e+07  1.62e+00 8.01e-02  1.08e+02     0s
  34   1.20308652e+07  1.62143637e+07  1.62e+00 8.00e-02  1.07e+02     0s
  35   1.20364558e+07  1.64755517e+07  1.61e+00 7.98e-02  1.07e+02     0s
  36   1.21326881e+07  1.68360452e+07  1.58e+00 7.93e-02  1.08e+02     0s
  37   1.23788362e+07  1.65833996e+07  1.51e+00 7.60e-02  1.12e+02     0s
  38   1.23905088e+07  1.75075433e+07  1.51e+00 7.55e-02  1.14e+02     0s
  39   1.26025761e+07  1.78131718e+07  1.46e+00 5.69e-02  1.34e+02     0s
  40   1.26652100e+07  1.86431475e+07  1.44e+00 5.64e-02  1.32e+02     0s
  41   1.27218025e+07  1.99927039e+07  1.43e+00 5.54e-02  1.35e+02     0s
  42   1.31271434e+07  1.89159653e+07  1.36e+00 5.06e-02  1.43e+02     0s
  43   1.31491697e+07  1.92618158e+07  1.35e+00 5.00e-02  1.41e+02     0s
  44   1.32273520e+07  1.95578630e+07  1.34e+00 4.90e-02  1.42e+02     0s
  45   8.70036540e+08 -1.67989461e+08  3.61e+05 9.09e-13  2.42e+07     0s
  46   2.17477151e+08 -1.94600567e+08  1.12e+05 4.33e+03  7.62e+06     0s
  47   3.76707732e+07 -2.27333495e+08  6.71e+03 2.55e-11  5.14e+05     0s
  48   1.57384755e+07 -1.12053788e+08  3.75e+02 1.00e-11  5.15e+04     0s
  49   1.53338648e+07 -5.58330950e+07  3.49e+02 1.46e-11  3.34e+04     0s
  50   1.28874576e+07 -3.91425159e+07  2.03e+02 1.91e-11  2.11e+04     0s
  51   1.20648870e+07 -2.78829735e+07  1.31e+02 5.78e-11  1.47e+04     0s
  52   1.16107428e+07 -1.16860237e+07  7.63e+01 4.46e-11  8.20e+03     0s
  53   1.11573467e+07 -3.65286153e+06  4.31e+01 5.16e-11  4.86e+03     0s
  54   1.08413620e+07  2.56222495e+06  2.68e+01 2.34e-11  2.73e+03     0s
  55   1.06353287e+07  6.75559727e+06  1.13e+01 2.18e-11  1.23e+03     0s
  56   1.05145649e+07  9.17972500e+06  7.19e+00 2.55e-10  5.40e+02     0s
  57   1.04804584e+07  9.60553455e+06  5.07e+00 9.05e-11  3.82e+02     0s
  58   1.04570419e+07  1.01394502e+07  3.88e+00 1.24e-10  2.57e+02     0s
  59   1.04632627e+07  1.03846700e+07  3.75e+00 1.75e-10  2.45e+02     0s
  60   1.04650322e+07  1.05886822e+07  3.59e+00 2.62e-10  2.33e+02     0s
  61   1.04729749e+07  1.13183579e+07  3.42e+00 4.66e-10  2.15e+02     0s
  62   1.05009379e+07  1.15843699e+07  3.30e+00 5.82e-10  2.06e+02     0s
  63   1.05465560e+07  1.19783432e+07  3.18e+00 8.15e-10  1.96e+02     0s
  64   1.05869526e+07  1.23586755e+07  3.12e+00 1.14e-09  1.89e+02     0s
  65   1.06831622e+07  1.24134206e+07  2.98e+00 9.31e-10  1.84e+02     0s
  66   1.09312322e+07  1.24789414e+07  2.65e+00 4.10e-09  1.71e+02     0s
  67   1.09889347e+07  1.25306752e+07  2.58e+00 2.20e-09  1.63e+02     0s
  68   1.10726664e+07  1.25610442e+07  2.47e+00 2.79e-09  1.56e+02     0s
  69   1.12371976e+07  1.26217529e+07  2.25e+00 6.40e-09  1.42e+02     0s
  70   1.13055760e+07  1.27210012e+07  2.16e+00 4.77e-09  1.28e+02     0s
  71   1.13443212e+07  1.27474155e+07  2.11e+00 6.52e-09  1.25e+02     0s
  72   1.13846097e+07  1.28064982e+07  2.06e+00 9.55e-09  1.21e+02     0s
  73   1.14449447e+07  1.29035699e+07  1.99e+00 9.90e-09  1.14e+02     0s
  74   1.14503770e+07  1.30342497e+07  1.98e+00 9.08e-09  1.13e+02     0s
  75   1.14689352e+07  1.31340746e+07  1.96e+00 1.14e-08  1.12e+02     0s
  76   1.15047824e+07  1.33398159e+07  1.92e+00 6.98e-09  1.09e+02     0s
  77   1.15097662e+07  1.34985589e+07  1.91e+00 6.29e-09  1.09e+02     0s
  78   1.15138805e+07  1.36761721e+07  1.91e+00 7.92e-09  1.10e+02     0s
  79   1.15639471e+07  1.39399372e+07  1.85e+00 9.31e-10  1.05e+02     0s
  80   1.15885008e+07  1.41888806e+07  1.84e+00 5.12e-09  1.03e+02     0s
  81   1.16873863e+07  1.42117174e+07  1.77e+00 5.18e-09  1.01e+02     0s
  82   1.16940285e+07  1.42991009e+07  1.77e+00 5.24e-09  1.01e+02     0s
  83   1.17052781e+07  1.44787681e+07  1.76e+00 5.15e-09  1.00e+02     0s
  84   1.17386627e+07  1.47515298e+07  1.74e+00 8.61e-09  1.01e+02     0s
  85   1.17909128e+07  1.51203257e+07  1.71e+00 2.26e-08  1.00e+02     0s
  86   1.18757627e+07  1.46525721e+07  1.68e+00 1.65e-08  1.10e+02     0s
  87   1.20119669e+07  1.56449600e+07  1.62e+00 3.63e-08  1.04e+02     0s
  88   1.20914502e+07  1.61383136e+07  1.60e+00 2.75e-08  1.11e+02     0s
  89   1.23458241e+07  1.73523908e+07  1.53e+00 4.24e-08  1.06e+02     0s
  90   1.23876518e+07  1.73908179e+07  1.51e+00 5.40e-08  1.05e+02     0s
  91   1.24659420e+07  1.76128742e+07  1.49e+00 6.98e-08  1.04e+02     0s
  92   1.25166763e+07  1.81812487e+07  1.48e+00 1.02e-07  1.03e+02     0s
  93   1.25536341e+07  1.84963932e+07  1.47e+00 5.03e-08  1.03e+02     0s
  94   1.25935864e+07  1.89109168e+07  1.46e+00 3.63e-08  1.02e+02     0s
  95   1.27042379e+07  1.96805529e+07  1.43e+00 5.40e-08  9.79e+01     0s
  96   1.29172440e+07  2.03993549e+07  1.39e+00 6.80e-08  9.53e+01     0s
  97   1.30536085e+07  2.04775658e+07  1.37e+00 2.36e-07  9.32e+01     0s
  98   1.31563710e+07  2.05232849e+07  1.35e+00 6.82e-07  9.06e+01     0s
  99   1.33122249e+07  2.05699072e+07  1.32e+00 1.03e-06  8.86e+01     0s
 100   1.33520092e+07  2.06148203e+07  1.31e+00 1.16e-06  8.80e+01     0s
 101   1.33818173e+07  2.07525193e+07  1.31e+00 1.04e-06  8.75e+01     0s
 102   1.34098166e+07  2.10644822e+07  1.30e+00 3.37e-07  8.69e+01     0s
 103   1.34546239e+07  2.09721040e+07  1.30e+00 1.11e-07  8.76e+01     0s
 104   1.34881278e+07  2.11893445e+07  1.29e+00 8.94e-08  8.69e+01     0s
 105   1.35155199e+07  2.14278133e+07  1.29e+00 6.14e-07  8.99e+01     0s
 106   1.35865525e+07  2.16311088e+07  1.27e+00 6.89e-08  8.83e+01     0s
 107   1.39437317e+07  2.17589359e+07  1.22e+00 1.83e-07  9.09e+01     0s
 108   1.39772650e+07  2.21256331e+07  1.22e+00 1.72e-07  8.79e+01     0s
 109   1.40405389e+07  2.30599558e+07  1.21e+00 2.22e-07  8.68e+01     0s
 110   1.41450802e+07  2.48009775e+07  1.20e+00 2.07e-07  8.53e+01     0s
 111   1.41533414e+07  2.48073322e+07  1.19e+00 2.03e-07  8.55e+01     0s
 112   1.41615245e+07  2.49635175e+07  1.19e+00 2.37e-07  8.53e+01     0s
 113   1.42202560e+07  2.52956744e+07  1.19e+00 5.40e-08  8.66e+01     0s
 114   1.45067056e+07  2.44897526e+07  1.16e+00 5.02e-06  9.80e+01     0s
 115   1.46305275e+07  2.45187397e+07  1.15e+00 1.98e-08  1.03e+02     0s
 116   1.49558462e+07  2.53299626e+07  1.12e+00 1.19e-06  1.00e+02     0s
 117   1.54848028e+07  2.59376743e+07  1.07e+00 8.65e-06  1.03e+02     0s
 118   1.58058943e+07  2.70668395e+07  1.04e+00 8.88e-06  9.09e+01     0s
 119   1.59352223e+07  2.88503439e+07  1.03e+00 6.15e-07  9.47e+01     0s
 120   1.67146492e+07  2.80386821e+07  9.73e-01 7.54e-07  1.07e+02     0s
 121   1.70385937e+07  2.87260010e+07  9.48e-01 5.82e-06  9.25e+01     0s
 122   1.71511209e+07  3.00441847e+07  9.39e-01 5.57e-07  8.95e+01     0s
 123   1.72768827e+07  3.02976333e+07  9.30e-01 9.54e-07  8.82e+01     0s
 124   1.75140374e+07  3.04253406e+07  9.14e-01 6.46e-07  8.78e+01     0s
 125   1.77206983e+07  3.05144179e+07  9.00e-01 6.72e-07  8.67e+01     0s
 126   1.80111161e+07  3.06450610e+07  8.80e-01 5.03e-06  8.35e+01     0s
 127   1.81213778e+07  3.07587288e+07  8.73e-01 7.91e-06  8.23e+01     0s
 128   1.83050716e+07  3.08448719e+07  8.61e-01 8.06e-06  8.24e+01     0s
 129   1.83448218e+07  3.09158537e+07  8.58e-01 8.19e-06  8.16e+01     0s
 130   1.87037463e+07  3.09826616e+07  8.34e-01 2.85e-07  8.07e+01     0s
 131   1.88113209e+07  3.11148184e+07  8.27e-01 1.13e-06  7.82e+01     0s
 132   1.89926443e+07  3.11906800e+07  8.15e-01 1.12e-06  7.71e+01     0s
 133   1.92887208e+07  3.12648400e+07  7.96e-01 2.73e-06  7.47e+01     0s
 134   1.95836007e+07  3.12821279e+07  7.76e-01 2.71e-06  7.27e+01     0s
 135   1.98090258e+07  3.13382424e+07  7.62e-01 2.49e-06  6.92e+01     0s
 136   1.98472180e+07  3.14236410e+07  7.59e-01 2.62e-06  6.90e+01     0s
 137   2.04492283e+07  3.14303634e+07  7.20e-01 1.18e-05  6.62e+01     0s
 138   2.04691139e+07  3.15471548e+07  7.19e-01 7.90e-07  6.58e+01     0s
 139   2.05467236e+07  3.18369943e+07  7.14e-01 5.51e-07  6.53e+01     0s
 140   2.06156003e+07  3.17592771e+07  7.10e-01 9.52e-07  6.50e+01     0s
 141   2.07301615e+07  3.19637580e+07  7.03e-01 9.09e-07  6.41e+01     0s
 142   2.09882096e+07  3.19890293e+07  6.87e-01 6.72e-06  6.27e+01     0s
 143   2.12666757e+07  3.20081484e+07  6.70e-01 7.70e-06  6.11e+01     0s
 144   2.16252883e+07  3.20216853e+07  6.48e-01 8.46e-06  5.91e+01     0s
 145   2.22140253e+07  3.20437180e+07  6.12e-01 4.41e-06  5.46e+01     0s
 146   2.22941308e+07  3.20740899e+07  6.07e-01 1.21e-05  5.21e+01     0s
 147   2.24307172e+07  3.21084304e+07  5.98e-01 1.19e-05  5.14e+01     0s
 148   2.25012640e+07  3.21834393e+07  5.94e-01 9.26e-06  5.06e+01     0s
 149   2.25232598e+07  3.22904479e+07  5.93e-01 9.65e-06  5.04e+01     0s
 150   2.25445328e+07  3.23828412e+07  5.91e-01 9.74e-06  5.03e+01     0s
 151   2.25841231e+07  3.28919517e+07  5.89e-01 2.27e-07  4.99e+01     0s
 152   2.25953010e+07  3.31494630e+07  5.88e-01 4.84e-08  5.02e+01     0s
 153   2.26087910e+07  3.35851893e+07  5.87e-01 3.28e-07  5.07e+01     0s
 154   2.27983507e+07  3.35647152e+07  5.79e-01 7.64e-07  5.97e+01     0s
 155   2.29846667e+07  3.39072265e+07  5.70e-01 2.29e-06  6.11e+01     0s
 156   2.34382848e+07  3.33273171e+07  5.49e-01 4.88e-06  7.64e+01     0s
 157   2.38637355e+07  3.32086982e+07  5.28e-01 1.03e-05  8.66e+01     0s
 158   2.39867325e+07  3.41984057e+07  5.22e-01 1.96e-06  7.09e+01     0s
 159   2.44886492e+07  3.44646102e+07  5.00e-01 2.48e-06  7.65e+01     0s
 160   2.50484822e+07  3.45685879e+07  4.74e-01 8.29e-06  8.25e+01     0s
 161   2.51591463e+07  3.48330509e+07  4.69e-01 2.47e-06  8.03e+01     0s
 162   2.52637635e+07  3.52785596e+07  4.64e-01 3.97e-06  7.82e+01     0s
 163   2.53216237e+07  3.58886176e+07  4.62e-01 6.67e-06  7.56e+01     0s
 164   2.62723526e+07  3.59518614e+07  4.22e-01 1.01e-05  7.40e+01     0s
 165   2.73520750e+07  3.60013733e+07  3.76e-01 2.83e-05  6.71e+01     0s
 166   2.74996413e+07  3.60287172e+07  3.70e-01 3.24e-05  6.17e+01     0s
 167   2.75362102e+07  3.62223906e+07  3.68e-01 3.81e-05  5.95e+01     0s
 168   2.77614128e+07  3.62728017e+07  3.59e-01 3.72e-05  5.83e+01     0s
 169   2.78747155e+07  3.63373701e+07  3.54e-01 4.28e-05  5.67e+01     0s
 170   2.79222092e+07  3.63843081e+07  3.52e-01 4.06e-05  5.63e+01     0s
 171   2.80087911e+07  3.64169164e+07  3.49e-01 3.81e-05  5.58e+01     0s
 172   2.80882798e+07  3.64682061e+07  3.45e-01 1.19e-05  5.48e+01     0s
 173   2.82481704e+07  3.65232617e+07  3.39e-01 4.29e-06  5.34e+01     0s
 174   2.83572353e+07  3.65539980e+07  3.35e-01 5.29e-06  5.26e+01     0s
 175   2.85500474e+07  3.65849654e+07  3.27e-01 3.93e-06  5.10e+01     0s
 176   2.85964521e+07  3.66165682e+07  3.25e-01 3.98e-06  5.08e+01     0s
 177   2.86271571e+07  3.66434150e+07  3.24e-01 4.19e-06  5.06e+01     0s
 178   2.86500109e+07  3.68639927e+07  3.23e-01 8.20e-07  5.08e+01     0s
 179   2.87002579e+07  3.69634632e+07  3.21e-01 1.71e-07  5.06e+01     0s
 180   3.01977293e+07  3.67038147e+07  2.65e-01 6.74e-06  6.12e+01     0s
 181   3.04234832e+07  3.70188667e+07  2.56e-01 4.46e-05  4.45e+01     0s
 182   3.08063470e+07  3.70904801e+07  2.42e-01 5.82e-06  4.96e+01     0s
 183   3.10649216e+07  3.75296460e+07  2.33e-01 7.93e-05  3.51e+01     0s
 184   3.13667057e+07  3.75628235e+07  2.23e-01 3.50e-06  4.30e+01     0s
 185   3.22886137e+07  3.77128037e+07  1.93e-01 1.25e-05  5.72e+01     0s
 186   3.25368345e+07  3.79720123e+07  1.85e-01 9.44e-05  3.66e+01     0s
 187   3.35654468e+07  3.80669356e+07  1.52e-01 5.73e-06  3.73e+01     0s
 188   3.39507211e+07  3.80902900e+07  1.39e-01 1.01e-04  3.02e+01     0s
 189   3.40145455e+07  3.81309109e+07  1.37e-01 1.28e-04  2.61e+01     0s
 190   3.41548608e+07  3.81992643e+07  1.32e-01 7.51e-05  2.69e+01     0s
 191   3.42597762e+07  3.82249837e+07  1.28e-01 6.03e-05  2.62e+01     0s
 192   3.45225195e+07  3.82315069e+07  1.20e-01 1.06e-06  2.28e+01     0s
 193   3.46775934e+07  3.82321162e+07  1.15e-01 2.11e-05  2.18e+01     0s
 194   3.47494300e+07  3.82393637e+07  1.12e-01 2.62e-05  2.12e+01     0s
 195   3.48141209e+07  3.83377647e+07  1.10e-01 1.67e-05  2.25e+01     0s
 196   3.48722636e+07  3.83784585e+07  1.08e-01 1.63e-05  2.18e+01     0s
 197   3.49514206e+07  3.84837164e+07  1.05e-01 3.26e-06  2.13e+01     0s
 198   3.53433327e+07  3.84820102e+07  9.38e-02 3.04e-06  2.05e+01     0s
 199   3.62934833e+07  3.84208410e+07  6.60e-02 5.82e-05  2.27e+01     0s
 200   3.65032871e+07  3.84568432e+07  5.97e-02 8.52e-05  1.83e+01     0s
 201   3.65190253e+07  3.84624778e+07  5.92e-02 9.75e-06  1.76e+01     0s
 202   3.65296259e+07  3.84734472e+07  5.89e-02 7.61e-06  1.74e+01     0s
 203   3.65442913e+07  3.85034449e+07  5.84e-02 7.82e-06  1.77e+01     0s
 204   3.65679418e+07  3.85493394e+07  5.76e-02 3.53e-06  1.77e+01     0s
 205   3.66230471e+07  3.86341329e+07  5.56e-02 6.47e-06  1.60e+01     0s
 206   3.68288185e+07  3.86305610e+07  5.02e-02 6.93e-07  1.66e+01     0s
 207   3.68890193e+07  3.85884125e+07  4.86e-02 2.94e-05  1.63e+01     0s
 208   3.70069986e+07  3.86495454e+07  4.55e-02 2.87e-05  1.55e+01     0s
 209   3.71565637e+07  3.86517376e+07  4.14e-02 2.55e-05  1.41e+01     0s
 210   3.78339677e+07  3.86613321e+07  2.29e-02 3.07e-04  7.11e+00     0s
 211   3.84229424e+07  3.86657528e+07  6.71e-03 1.40e-04  2.19e+00     0s
 212   3.84964610e+07  3.86670868e+07  4.69e-03 5.64e-05  1.36e+00     1s
 213   3.84996559e+07  3.86673498e+07  4.60e-03 5.10e-05  1.29e+00     1s
 214   3.85073582e+07  3.86678180e+07  4.39e-03 4.88e-05  1.23e+00     1s
 215   3.85369638e+07  3.86678685e+07  3.59e-03 4.67e-05  1.03e+00     1s
 216   3.85439508e+07  3.86680376e+07  3.39e-03 4.07e-05  9.76e-01     1s
 217   3.85455941e+07  3.86695590e+07  3.35e-03 2.78e-05  9.98e-01     1s
 218   3.85460645e+07  3.86693510e+07  3.34e-03 2.77e-05  9.94e-01     1s
 219   3.85470641e+07  3.86761063e+07  3.31e-03 6.63e-06  1.14e+00     1s
 220   3.85482440e+07  3.86767929e+07  3.27e-03 3.35e-07  1.10e+00     1s
 221   3.85487127e+07  3.86780370e+07  3.26e-03 1.30e-06  1.11e+00     1s
 222   3.85500290e+07  3.86779686e+07  3.23e-03 1.32e-06  1.10e+00     1s
 223   3.85827890e+07  3.86783484e+07  2.40e-03 3.90e-06  7.70e-01     1s
 224   3.86475807e+07  3.86783558e+07  7.75e-04 1.25e-05  2.82e-01     1s
 225   3.86563827e+07  3.86783706e+07  5.55e-04 2.63e-05  2.10e-01     1s
 226   3.86619327e+07  3.86785113e+07  4.16e-04 7.97e-05  1.36e-01     1s
 227   3.86722803e+07  3.86785330e+07  1.57e-04 7.26e-05  5.26e-02     1s
 228   3.86780810e+07  3.86785499e+07  1.17e-05 5.37e-05  3.73e-03     1s
 229   3.86785298e+07  3.86785502e+07  5.16e-07 3.90e-05  2.03e-04     1s
 230   3.86785500e+07  3.86785503e+07  8.79e-09 6.82e-05  7.76e-06     1s
 231   3.86785503e+07  3.86785503e+07  2.43e-08 4.90e-05  4.79e-08     1s
 232   3.86785503e+07  3.86785503e+07  1.59e-09 3.92e-05  1.50e-09     1s

Barrier solved model in 232 iterations and 0.54 seconds (0.39 work units)
Optimal objective 3.86785503e+07

Crossover time: 0.01 seconds (0.02 work units)

Root relaxation: objective 3.867855e+07, 203 iterations, 0.47 seconds (0.31 work units)

    Nodes    |    Current Node    |     Objective Bounds      |     Work
 Expl Unexpl |  Obj  Depth IntInf | Incumbent    BestBd   Gap | It/Node Time

     0     0 3.8679e+07    0   12 3.9900e+07 3.8679e+07  3.06%     -    0s
     0     0 3.8679e+07    0   12 3.9900e+07 3.8679e+07  3.06%     -    0s
     0     0 3.9320e+07    0   14 3.9900e+07 3.9320e+07  1.45%     -    0s
     0     0 3.9325e+07    0   14 3.9900e+07 3.9325e+07  1.44%     -    0s
     0     0 3.9339e+07    0   15 3.9900e+07 3.9339e+07  1.41%     -    0s
     0     0 3.9402e+07    0   16 3.9900e+07 3.9402e+07  1.25%     -    0s
     0     0 3.9444e+07    0   17 3.9900e+07 3.9444e+07  1.14%     -    0s
     0     0 3.9449e+07    0   16 3.9900e+07 3.9449e+07  1.13%     -    0s
     0     0 3.9528e+07    0   14 3.9900e+07 3.9528e+07  0.93%     -    0s

Cutting planes:
  Cover: 1
  Implied bound: 6
  MIR: 15
  Flow cover: 4
  RLT: 5
  Relax-and-lift: 2

Explored 1 nodes (681 simplex iterations) in 1.01 seconds (0.82 work units)
Thread count was 10 (of 10 available processors)

Solution count 1: 3.99e+07 

Optimal solution found (tolerance 5.00e-03)
Best objective 3.990000000000e+07, best bound 3.990000000000e+07, gap 0.0000%
