
Gurobi 13.0.3 (mac64[arm]) logging started Sat Sep 26 12:17:20 2026

Set parameter LogFile to value "/Users/ashutosh/Desktop/Two-stage-Model/certainty_results/full/solves/wnw_5_05_10M_phase1.log"
Gurobi Optimizer version 13.0.3 build v13.0.3rc0 (mac64[arm] - Darwin 27.0.0 26A428)

CPU model: Apple M1 Pro
Thread count: 10 physical cores, 10 logical processors, using up to 10 threads

Non-default parameters:
TimeLimit  21600
MIPGap  0.005
Method  2
LogToConsole  0

Optimize a model with 13545 rows, 5548 columns and 38141 nonzeros (Min)
Model fingerprint: 0xb4f64e59
Model has 663 linear objective coefficients and an objective constant of 396.859633
Variable types: 3498 continuous, 2050 integer (1688 binary)
Coefficient statistics:
  Matrix range     [1e-03, 1e+05]
  Objective range  [1e+00, 1e+00]
  Bounds range     [1e+00, 3e+00]
  RHS range        [1e-02, 1e+07]

Loaded user MIP start with objective 47.9428
MIP start from previous solve produced solution with objective 47.9428 (0.03s)
MIP start from previous solve produced solution with objective 47.9428 (0.04s)
Loaded MIP start from previous solve with objective 47.9428

Presolve removed 11413 rows and 3819 columns
Presolve time: 0.05s
Presolved: 2132 rows, 1729 columns, 8007 nonzeros
Variable types: 1471 continuous, 258 integer (258 binary)
Root barrier log...

Ordering time: 0.00s

Barrier statistics:
 AA' NZ     : 2.823e+04
 Factor NZ  : 8.757e+04 (roughly 2 MB of memory)
 Factor Ops : 6.701e+06 (less than 1 second per iteration)
 Threads    : 10

                  Objective                Residual
Iter       Primal          Dual         Primal    Dual     Compl     Time
   0  -9.95225112e+05 -4.55857922e+05  3.32e+04 2.68e+00  1.49e+04     0s
   1  -3.90521699e+05 -5.29351191e+05  1.31e+04 9.06e+00  5.96e+03     0s
   2  -1.69469188e+04 -5.09871505e+05  5.77e+02 2.49e-14  3.69e+02     0s
   3  -1.14125605e+03 -1.16658008e+05  4.47e+01 5.68e-14  4.05e+01     0s
   4   7.71599397e+01 -4.72872003e+04  4.49e+00 3.20e-14  1.14e+01     0s
   5   1.76557585e+02 -1.02349896e+04  4.21e-01 2.84e-14  2.31e+00     0s
   6   1.51124418e+02 -3.22258996e+03  8.65e-02 2.49e-14  7.38e-01     0s
   7   9.16816261e+01 -8.65721899e+02  1.45e-02 7.11e-15  2.09e-01     0s
   8   4.32135503e+01 -1.91299914e+02  7.88e-04 3.55e-15  5.10e-02     0s
   9   2.80017303e+01 -9.95836327e+01  2.13e-04 7.11e-15  2.78e-02     0s
  10   2.21526336e+01 -2.62308238e+01  8.31e-05 3.55e-15  1.05e-02     0s
  11   1.80117265e+01  2.88853104e+00  3.01e-05 7.11e-15  3.29e-03     0s
  12   1.55370460e+01  1.06334580e+01  8.91e-06 3.55e-15  1.07e-03     0s
  13   1.49500040e+01  1.30638579e+01  4.21e-06 7.11e-15  4.10e-04     0s
  14   1.45757778e+01  1.39782070e+01  1.28e-06 3.55e-15  1.30e-04     0s
  15   1.44673910e+01  1.42151019e+01  4.59e-07 3.55e-15  5.49e-05     0s
  16   1.44420917e+01  1.43033410e+01  2.83e-07 3.55e-15  3.02e-05     0s
  17   1.44125470e+01  1.43721029e+01  7.90e-08 3.55e-15  8.80e-06     0s
  18   1.44040754e+01  1.43936334e+01  2.85e-08 3.55e-15  2.27e-06     0s
  19   1.44015541e+01  1.43968756e+01  1.32e-08 3.55e-15  1.02e-06     0s
  20   1.43993697e+01  1.43990906e+01  3.04e-10 3.55e-15  6.07e-08     0s
  21   1.43992719e+01  1.43992370e+01  2.16e-10 3.55e-15  7.60e-09     0s
  22   1.43992706e+01  1.43992683e+01  2.21e-10 7.11e-15  5.17e-10     0s

Barrier solved model in 22 iterations and 0.16 seconds (0.14 work units)
Optimal objective 1.43992706e+01

Crossover time: 0.02 seconds (0.03 work units)

Root relaxation: objective 1.439927e+01, 302 iterations, 0.09 seconds (0.06 work units)

    Nodes    |    Current Node    |     Objective Bounds      |     Work
 Expl Unexpl |  Obj  Depth IntInf | Incumbent    BestBd   Gap | It/Node Time

     0     0   14.39927    0   32   47.94284   14.39927  70.0%     -    0s
H    0     0                      23.6801600   14.39927  39.2%     -    0s
     0     0   14.68720    0   26   23.68016   14.68720  38.0%     -    0s
     0     0   14.93314    0   26   23.68016   14.93314  36.9%     -    0s
     0     0   14.93314    0   26   23.68016   14.93314  36.9%     -    0s
     0     0   14.93314    0   25   23.68016   14.93314  36.9%     -    0s
     0     0   14.97368    0   27   23.68016   14.97368  36.8%     -    0s
     0     0   14.98162    0   27   23.68016   14.98162  36.7%     -    0s
     0     0   15.00078    0   27   23.68016   15.00078  36.7%     -    0s
     0     0   15.00580    0   27   23.68016   15.00580  36.6%     -    0s
     0     0   15.00580    0   26   23.68016   15.00580  36.6%     -    0s
H    0     0                      23.6671906   15.00580  36.6%     -    0s
     0     2   15.00580    0   26   23.66719   15.00580  36.6%     -    0s
H   11    16                      23.6671905   15.35962  35.1%   154    0s
H   13    16                      23.6671900   15.42687  34.8%   146    0s
H   21    26                      22.3567927   15.43402  31.0%   150    0s
H   53    74                      20.9764552   15.85883  24.4%   138    0s
H   56    74                      20.3460321   15.85883  22.1%   134    0s
H  108    95                      20.3460320   15.85883  22.1%  95.2    0s
H  177   144                      18.8411037   15.89915  15.6%  84.1    0s
H  244   176                      18.8411036   15.89915  15.6%  80.2    1s
H  246   176                      17.4483943   15.89915  8.88%  80.9    1s
*  371   226              31      17.4477806   16.01867  8.19%  75.0    1s
*  388   230              27      17.2237926   16.01867  7.00%  73.2    1s
*  389   230              27      17.2237917   16.01867  7.00%  73.1    1s
H  494   228                      17.2237917   16.14816  6.25%  72.8    1s
H  686   225                      17.2237913   16.23871  5.72%  72.0    1s
H  762   213                      16.8694677   16.32361  3.24%  72.1    1s
*  792   196              22      16.8677004   16.37741  2.91%  71.8    1s

Cutting planes:
  Learned: 1
  Gomory: 6
  Cover: 10
  Implied bound: 24
  MIR: 28
  StrongCG: 1
  Flow cover: 14
  Relax-and-lift: 1

Explored 1041 nodes (66680 simplex iterations) in 2.04 seconds (4.23 work units)
Thread count was 10 (of 10 available processors)

Solution count 10: 16.8677 16.8695 17.2238 ... 20.346

Optimal solution found (tolerance 5.00e-03)
Best objective 1.686770038104e+01, best bound 1.686770038104e+01, gap 0.0000%
