
Gurobi 13.0.3 (mac64[arm]) logging started Sat Sep 26 12:17:57 2026

Set parameter LogFile to value "/Users/ashutosh/Desktop/Two-stage-Model/certainty_results/full/solves/wnw_5_10_50M_phase2.log"
Gurobi Optimizer version 13.0.3 build v13.0.3rc0 (mac64[arm] - Darwin 27.0.0 26A428)

CPU model: Apple M1 Pro
Thread count: 10 physical cores, 10 logical processors, using up to 10 threads

Non-default parameters:
TimeLimit  21600
MIPGap  0.005
Method  2
LogToConsole  0

Optimize a model with 13558 rows, 5548 columns and 38840 nonzeros (Min)
Model fingerprint: 0xef710498
Model has 724 linear objective coefficients
Variable types: 3498 continuous, 2050 integer (1688 binary)
Coefficient statistics:
  Matrix range     [1e-03, 1e+05]
  Objective range  [2e+04, 1e+05]
  Bounds range     [1e+00, 3e+00]
  RHS range        [1e-02, 5e+07]

Loaded user MIP start with objective 4.965e+07
MIP start from previous solve did not produce a new incumbent solution

Presolve removed 11838 rows and 3893 columns
Presolve time: 0.06s
Presolved: 1720 rows, 1655 columns, 7303 nonzeros
Variable types: 1418 continuous, 237 integer (237 binary)
Root barrier log...

Ordering time: 0.00s

Barrier statistics:
 AA' NZ     : 2.299e+04
 Factor NZ  : 7.874e+04 (roughly 2 MB of memory)
 Factor Ops : 6.929e+06 (less than 1 second per iteration)
 Threads    : 10

                  Objective                Residual
Iter       Primal          Dual         Primal    Dual     Compl     Time
   0   1.22426091e+08 -1.41628466e+08  4.52e+04 9.09e-13  3.00e+06     0s
   1   7.01648238e+07 -1.35820722e+08  1.93e+04 3.76e+03  1.31e+06     0s
   2   2.55032170e+07 -1.17999777e+08  5.69e+02 2.74e+01  7.12e+04     0s
   3   2.31086696e+07 -2.12617880e+06  2.94e+02 1.09e+00  1.88e+04     0s
   4   2.23887770e+07  3.45344253e+06  2.01e+02 6.45e-01  1.26e+04     0s
   5   2.20224772e+07  7.85434095e+06  1.26e+02 3.45e-01  8.08e+03     0s
   6   2.38570560e+07  1.08977709e+07  1.09e+02 2.84e-01  7.32e+03     0s
   7   2.50762225e+07  1.46476004e+07  6.70e+01 1.98e-01  5.11e+03     0s
   8   2.48246892e+07  2.12231277e+07  3.59e+01 1.22e-03  2.12e+03     0s
   9   2.48120845e+07  2.23275186e+07  1.88e+01 1.95e-10  1.23e+03     0s
  10   2.49230865e+07  2.35360145e+07  1.29e+01 4.37e-11  7.73e+02     0s
  11   2.49154325e+07  2.39253951e+07  1.00e+01 2.91e-11  5.87e+02     0s
  12   2.49210342e+07  2.40055806e+07  9.36e+00 1.45e-10  5.47e+02     0s
  13   2.49208882e+07  2.44117844e+07  5.92e+00 6.34e-11  3.41e+02     0s
  14   2.49886728e+07  2.49637460e+07  4.19e+00 2.04e-10  1.92e+02     0s
  15   2.50357146e+07  2.51483431e+07  2.87e+00 2.04e-10  1.37e+02     0s
  16   2.50684163e+07  2.52815591e+07  2.60e+00 1.75e-10  1.25e+02     0s
  17   2.50837772e+07  2.54861050e+07  2.44e+00 3.20e-10  1.14e+02     0s
  18   2.50969268e+07  2.56062689e+07  2.36e+00 4.66e-10  1.10e+02     0s
  19   2.51068376e+07  2.58804553e+07  2.25e+00 2.91e-10  1.06e+02     0s
  20   2.51207153e+07  2.61307971e+07  2.20e+00 5.82e-10  1.09e+02     0s
  21   2.51737723e+07  2.62495564e+07  2.09e+00 5.82e-10  1.03e+02     0s
  22   2.51873302e+07  2.65600091e+07  2.06e+00 1.05e-09  1.03e+02     0s
  23   2.52342599e+07  2.65142913e+07  1.99e+00 1.05e-09  9.86e+01     0s
  24   2.52941993e+07  2.66370890e+07  1.90e+00 5.82e-10  9.34e+01     0s
  25   2.54136608e+07  2.66913333e+07  1.74e+00 2.91e-09  8.57e+01     0s
  26   2.55603681e+07  2.67087758e+07  1.56e+00 3.84e-09  7.82e+01     0s
  27   2.56391773e+07  2.67318498e+07  1.46e+00 4.42e-09  7.31e+01     0s
  28   2.56465355e+07  2.67419871e+07  1.45e+00 3.96e-09  7.22e+01     0s
  29   2.56525705e+07  2.67596631e+07  1.44e+00 3.96e-09  7.14e+01     0s
  30   2.56763901e+07  2.68226397e+07  1.41e+00 3.03e-09  6.96e+01     0s
  31   2.56960032e+07  2.68533905e+07  1.39e+00 2.79e-09  6.84e+01     0s
  32   2.57120922e+07  2.68930652e+07  1.37e+00 2.68e-09  6.71e+01     0s
  33   2.57349396e+07  2.70285086e+07  1.34e+00 3.50e-08  6.56e+01     0s
  34   2.57495206e+07  2.71253392e+07  1.32e+00 3.85e-08  6.43e+01     0s
  35   2.57541665e+07  2.70961849e+07  1.32e+00 3.03e-08  6.40e+01     0s
  36   2.57599437e+07  2.71740183e+07  1.31e+00 3.68e-08  6.39e+01     0s
  37   2.57980554e+07  2.73541929e+07  1.28e+00 4.66e-09  6.11e+01     0s
  38   2.58298145e+07  2.74787075e+07  1.25e+00 2.03e-08  5.93e+01     0s
  39   2.58846015e+07  2.75326149e+07  1.21e+00 7.92e-08  5.73e+01     0s
  40   2.58898645e+07  2.76428564e+07  1.21e+00 5.94e-09  5.70e+01     0s
  41   2.58975677e+07  2.83322789e+07  1.20e+00 6.98e-09  5.99e+01     0s
  42   7.80730986e+08 -1.41628466e+08  4.52e+05 9.09e-13  2.96e+07     0s
  43   7.05562639e+07 -1.87576798e+08  8.65e+04 1.39e+03  5.89e+06     0s
  44   2.23490049e+07 -1.71869188e+08  3.35e+02 1.82e-11  6.93e+04     0s
  45   2.21849502e+07 -1.90042556e+07  2.97e+02 2.73e-11  2.34e+04     0s
  46   2.17594706e+07  3.80289473e+06  2.12e+02 1.15e-10  1.24e+04     0s
  47   2.14716914e+07  1.17252211e+07  1.31e+02 1.09e-11  6.61e+03     0s
  48   2.26753518e+07  1.38192989e+07  1.10e+02 2.76e-11  5.92e+03     0s
  49   2.41298808e+07  1.89979249e+07  6.20e+01 3.14e-10  3.25e+03     0s
  50   2.40870507e+07  1.92107403e+07  3.81e+01 2.87e-10  2.43e+03     0s
  51   2.43108353e+07  2.03735744e+07  2.42e+01 1.69e-10  1.74e+03     0s
  52   2.44278701e+07  2.27534638e+07  2.24e+01 6.46e-11  1.15e+03     0s
  53   2.46139104e+07  2.35389603e+07  1.26e+01 6.91e-11  6.73e+02     0s
  54   2.47187481e+07  2.43836245e+07  8.03e+00 6.12e-11  3.61e+02     0s
  55   2.48524091e+07  2.49287875e+07  4.80e+00 8.92e-11  1.78e+02     0s
  56   2.49885558e+07  2.50132011e+07  3.24e+00 9.97e-11  1.39e+02     0s
  57   2.50394005e+07  2.51700472e+07  2.68e+00 1.02e-10  1.22e+02     0s
  58   2.50656644e+07  2.53177745e+07  2.52e+00 1.16e-10  1.15e+02     0s
  59   2.50722220e+07  2.54671238e+07  2.45e+00 2.33e-10  1.11e+02     0s
  60   2.50762806e+07  2.55732727e+07  2.42e+00 2.33e-10  1.11e+02     0s
  61   2.50837365e+07  2.58783336e+07  2.34e+00 3.49e-10  1.13e+02     0s
  62   2.51085537e+07  2.61280942e+07  2.21e+00 2.33e-10  1.06e+02     0s
  63   2.51316811e+07  2.61903929e+07  2.16e+00 2.33e-10  1.03e+02     0s
  64   2.51435218e+07  2.63949777e+07  2.11e+00 2.33e-10  1.02e+02     0s
  65   2.51792035e+07  2.64523118e+07  2.05e+00 3.49e-10  9.79e+01     0s
  66   2.52760625e+07  2.66422721e+07  1.90e+00 1.28e-09  8.83e+01     0s
  67   2.54317183e+07  2.66746463e+07  1.70e+00 1.75e-09  7.93e+01     0s
  68   2.54609000e+07  2.66875376e+07  1.67e+00 1.75e-09  7.74e+01     0s
  69   2.55041881e+07  2.66980212e+07  1.61e+00 1.28e-09  7.56e+01     0s
  70   2.55977946e+07  2.67057661e+07  1.50e+00 1.40e-09  7.16e+01     0s
  71   2.56131121e+07  2.67707306e+07  1.48e+00 1.51e-09  6.95e+01     0s
  72   2.56501850e+07  2.68171779e+07  1.43e+00 1.75e-09  6.70e+01     0s
  73   2.56774024e+07  2.68560568e+07  1.40e+00 2.21e-09  6.54e+01     0s
  74   2.56937427e+07  2.69629473e+07  1.38e+00 3.49e-09  6.45e+01     0s
  75   2.57200741e+07  2.70832893e+07  1.34e+00 2.33e-09  6.20e+01     0s
  76   2.57292274e+07  2.70590605e+07  1.34e+00 2.33e-09  6.18e+01     0s
  77   2.57272088e+07  2.73599140e+07  1.34e+00 2.10e-09  6.22e+01     0s
  78   2.58058269e+07  2.74528797e+07  1.28e+00 2.56e-09  6.22e+01     0s
  79   2.58445564e+07  2.75238808e+07  1.25e+00 5.12e-09  6.11e+01     0s
  80   2.58568165e+07  2.75310198e+07  1.24e+00 4.89e-09  6.07e+01     0s
  81   2.58656198e+07  2.75421806e+07  1.23e+00 5.12e-09  6.04e+01     0s
  82   2.58734747e+07  2.77380142e+07  1.23e+00 7.22e-09  6.09e+01     0s
  83   2.58773093e+07  2.80047865e+07  1.22e+00 6.05e-09  6.24e+01     0s
  84   2.59051566e+07  2.84350459e+07  1.20e+00 7.45e-09  5.82e+01     0s
  85   2.59155892e+07  2.82974173e+07  1.19e+00 7.92e-09  5.82e+01     0s
  86   2.59248229e+07  2.83555645e+07  1.19e+00 8.61e-09  5.82e+01     0s
  87   2.59419041e+07  2.87547636e+07  1.18e+00 1.72e-08  6.04e+01     0s
  88   2.59793699e+07  2.88380989e+07  1.16e+00 6.05e-09  6.00e+01     0s
  89   2.59932063e+07  2.90183779e+07  1.16e+00 1.91e-08  6.02e+01     0s
  90   2.60099203e+07  2.92627024e+07  1.15e+00 2.40e-08  6.07e+01     0s
  91   2.60381147e+07  2.93468057e+07  1.14e+00 1.82e-08  5.89e+01     0s
  92   2.60532088e+07  2.96421966e+07  1.13e+00 2.51e-08  5.92e+01     0s
  93   2.62064901e+07  2.95973747e+07  1.09e+00 1.49e-08  6.01e+01     0s
  94   2.62281795e+07  2.97259609e+07  1.08e+00 6.71e-08  5.83e+01     0s
  95   2.62435637e+07  2.97492654e+07  1.08e+00 6.38e-08  5.83e+01     0s
  96   2.62857307e+07  2.98834474e+07  1.06e+00 7.12e-08  5.70e+01     0s
  97   2.63167815e+07  2.99687333e+07  1.05e+00 7.45e-08  5.60e+01     0s
  98   2.63224964e+07  3.02263048e+07  1.05e+00 7.12e-08  5.69e+01     0s
  99   2.63353236e+07  3.03009342e+07  1.05e+00 6.75e-08  5.65e+01     0s
 100   2.64595840e+07  3.02161175e+07  1.02e+00 8.34e-08  6.03e+01     0s
 101   2.66097373e+07  3.04973817e+07  9.80e-01 1.60e-07  5.74e+01     0s
 102   2.66169497e+07  3.05623581e+07  9.78e-01 5.03e-08  5.74e+01     0s
 103   2.66600962e+07  3.10052106e+07  9.66e-01 8.66e-08  5.63e+01     0s
 104   2.66815721e+07  3.17022639e+07  9.61e-01 8.75e-08  5.59e+01     0s
 105   2.67000152e+07  3.17926439e+07  9.58e-01 8.85e-08  5.62e+01     0s
 106   2.67012879e+07  3.18584601e+07  9.57e-01 8.85e-08  5.64e+01     0s
 107   2.67043857e+07  3.22431898e+07  9.57e-01 9.03e-08  5.69e+01     0s
 108   2.67826311e+07  3.14906717e+07  9.45e-01 9.59e-08  6.08e+01     0s
 109   2.68258817e+07  3.16549523e+07  9.39e-01 9.87e-08  6.33e+01     0s
 110   2.68355949e+07  3.21507628e+07  9.37e-01 1.03e-07  6.50e+01     0s
 111   2.69427430e+07  3.16473893e+07  9.20e-01 9.69e-08  6.92e+01     0s
 112   2.70060093e+07  3.29205828e+07  9.10e-01 1.79e-07  6.16e+01     0s
 113   2.70314570e+07  3.27787786e+07  9.06e-01 1.59e-07  6.27e+01     0s
 114   2.71346209e+07  3.30520063e+07  8.90e-01 6.45e-08  6.31e+01     0s
 115   2.71853879e+07  3.31971464e+07  8.83e-01 5.20e-07  6.16e+01     0s
 116   2.73244319e+07  3.33205688e+07  8.64e-01 4.60e-07  6.14e+01     0s
 117   2.73490289e+07  3.33287276e+07  8.60e-01 4.60e-07  6.12e+01     0s
 118   2.74551724e+07  3.36036552e+07  8.50e-01 3.79e-07  6.76e+01     0s
 119   2.74900511e+07  3.42468647e+07  8.46e-01 1.74e-07  6.08e+01     0s
 120   2.75854628e+07  3.45934315e+07  8.35e-01 1.50e-07  5.95e+01     0s
 121   2.76608219e+07  3.47189963e+07  8.25e-01 1.53e-07  5.74e+01     0s
 122   2.77281735e+07  3.48394938e+07  8.17e-01 1.54e-07  5.68e+01     0s
 123   2.79619927e+07  3.66571878e+07  7.97e-01 1.49e-07  5.86e+01     0s
 124   2.81010038e+07  3.76161718e+07  7.86e-01 5.12e-07  5.91e+01     0s
 125   2.85243577e+07  3.66705449e+07  7.56e-01 4.68e-06  7.87e+01     0s
 126   2.86086525e+07  3.70555533e+07  7.48e-01 3.52e-07  8.20e+01     0s
 127   2.88363510e+07  3.84557362e+07  7.29e-01 3.99e-07  7.34e+01     0s
 128   2.88512833e+07  3.86320938e+07  7.28e-01 8.57e-08  7.42e+01     0s
 129   2.88650368e+07  3.87256119e+07  7.28e-01 1.62e-07  7.50e+01     0s
 130   2.90742828e+07  3.90364105e+07  7.13e-01 3.02e-06  7.57e+01     0s
 131   2.93672261e+07  3.85125264e+07  6.94e-01 6.31e-06  8.30e+01     0s
 132   2.95530005e+07  3.85075405e+07  6.81e-01 1.23e-07  8.59e+01     0s
 133   2.96753189e+07  3.92252886e+07  6.73e-01 2.54e-06  7.13e+01     0s
 134   2.97887534e+07  3.96859785e+07  6.66e-01 2.12e-07  7.47e+01     0s
 135   3.00721288e+07  3.97245449e+07  6.48e-01 3.71e-06  7.06e+01     0s
 136   3.03141169e+07  3.97237628e+07  6.32e-01 1.87e-06  6.76e+01     0s
 137   3.05775467e+07  4.01293121e+07  6.15e-01 1.99e-06  6.36e+01     0s
 138   3.06928379e+07  4.06395820e+07  6.09e-01 2.67e-06  6.11e+01     0s
 139   3.07464740e+07  4.06948751e+07  6.05e-01 2.69e-06  6.08e+01     0s
 140   3.08533004e+07  4.07204093e+07  5.99e-01 2.99e-06  6.01e+01     0s
 141   3.10702068e+07  4.07896453e+07  5.86e-01 3.24e-06  5.82e+01     0s
 142   3.12240196e+07  4.08241629e+07  5.77e-01 3.91e-06  5.68e+01     0s
 143   3.13168106e+07  4.08365333e+07  5.71e-01 4.37e-06  5.62e+01     0s
 144   3.14798213e+07  4.08507981e+07  5.62e-01 3.25e-06  5.52e+01     0s
 145   3.15382055e+07  4.08845857e+07  5.58e-01 2.09e-06  5.38e+01     0s
 146   3.15523452e+07  4.09672696e+07  5.58e-01 1.71e-06  5.37e+01     0s
 147   3.16457729e+07  4.11391818e+07  5.52e-01 1.79e-06  5.31e+01     0s
 148   3.17523245e+07  4.12764407e+07  5.46e-01 1.13e-06  5.26e+01     0s
 149   3.20621476e+07  4.12889985e+07  5.29e-01 5.10e-07  5.17e+01     0s
 150   3.22165763e+07  4.13098456e+07  5.20e-01 2.02e-06  5.04e+01     0s
 151   3.23156832e+07  4.13288164e+07  5.14e-01 3.12e-06  4.86e+01     0s
 152   3.23289993e+07  4.13923542e+07  5.13e-01 2.81e-06  4.79e+01     0s
 153   3.24653036e+07  4.16065592e+07  5.06e-01 1.52e-06  4.66e+01     0s
 154   3.27130724e+07  4.16275486e+07  4.92e-01 1.87e-06  4.53e+01     0s
 155   3.29656317e+07  4.16393985e+07  4.79e-01 1.11e-06  4.43e+01     0s
 156   3.32445169e+07  4.16497484e+07  4.63e-01 1.02e-06  4.23e+01     0s
 157   3.33962652e+07  4.16616152e+07  4.55e-01 3.41e-06  4.02e+01     0s
 158   3.34341039e+07  4.16852635e+07  4.53e-01 3.24e-06  3.95e+01     0s
 159   3.34529887e+07  4.17554024e+07  4.52e-01 3.23e-06  3.94e+01     0s
 160   3.34803471e+07  4.18744681e+07  4.51e-01 3.14e-06  3.93e+01     0s
 161   3.34918883e+07  4.19888094e+07  4.50e-01 2.61e-08  3.91e+01     0s
 162   3.37322106e+07  4.19018733e+07  4.38e-01 1.58e-06  3.99e+01     0s
 163   3.39628014e+07  4.19857321e+07  4.25e-01 4.38e-06  3.84e+01     0s
 164   3.40167110e+07  4.20275627e+07  4.23e-01 3.27e-06  3.57e+01     0s
 165   3.40934921e+07  4.20801987e+07  4.19e-01 3.24e-06  3.50e+01     0s
 166   3.41375233e+07  4.26250873e+07  4.16e-01 3.52e-06  3.50e+01     0s
 167   3.41485558e+07  4.29799757e+07  4.16e-01 3.47e-06  3.53e+01     0s
 168   3.41804870e+07  4.31217038e+07  4.14e-01 1.42e-07  3.56e+01     0s
 169   3.42214115e+07  4.36713477e+07  4.13e-01 6.18e-07  3.72e+01     0s
 170   3.43565696e+07  4.37328854e+07  4.07e-01 2.24e-08  3.74e+01     0s
 171   3.44238980e+07  4.37785321e+07  4.04e-01 4.17e-07  3.80e+01     0s

Barrier performed 171 iterations in 0.39 seconds (0.29 work units)
Numerical trouble encountered

Model may be infeasible or unbounded.  Consider using the
homogeneous algorithm (through parameter 'BarHomogeneous')

Warning: Markowitz tolerance tightened to 0.0625
Crossover changed status from Numeric to Optimal

Root relaxation: objective 4.821716e+07, 2114 iterations, 0.46 seconds (0.47 work units)

    Nodes    |    Current Node    |     Objective Bounds      |     Work
 Expl Unexpl |  Obj  Depth IntInf | Incumbent    BestBd   Gap | It/Node Time

     0     0 4.8217e+07    0   18 4.9650e+07 4.8217e+07  2.89%     -    0s
     0     0 4.8217e+07    0   18 4.9650e+07 4.8217e+07  2.89%     -    0s
     0     0 4.8896e+07    0   18 4.9650e+07 4.8896e+07  1.52%     -    0s
     0     0 4.8896e+07    0   20 4.9650e+07 4.8896e+07  1.52%     -    0s
     0     0 4.8896e+07    0   20 4.9650e+07 4.8896e+07  1.52%     -    0s
     0     0 4.8896e+07    0   20 4.9650e+07 4.8896e+07  1.52%     -    0s

Cutting planes:
  Gomory: 1
  Cover: 1
  Implied bound: 2
  MIR: 16
  Flow cover: 1
  Relax-and-lift: 1

Explored 1 nodes (3350 simplex iterations) in 0.89 seconds (0.97 work units)
Thread count was 10 (of 10 available processors)

Solution count 1: 4.965e+07 

Optimal solution found (tolerance 5.00e-03)
Best objective 4.965000000000e+07, best bound 4.965000000000e+07, gap 0.0000%
