
Gurobi 13.0.3 (mac64[arm]) logging started Sat Sep 26 12:17:44 2026

Set parameter LogFile to value "/Users/ashutosh/Desktop/Two-stage-Model/certainty_results/full/solves/wnw_5_10_20M_phase2.log"
Gurobi Optimizer version 13.0.3 build v13.0.3rc0 (mac64[arm] - Darwin 27.0.0 26A428)

CPU model: Apple M1 Pro
Thread count: 10 physical cores, 10 logical processors, using up to 10 threads

Non-default parameters:
TimeLimit  21600
MIPGap  0.005
Method  2
LogToConsole  0

Optimize a model with 13558 rows, 5548 columns and 38840 nonzeros (Min)
Model fingerprint: 0x316eb7d0
Model has 724 linear objective coefficients
Variable types: 3498 continuous, 2050 integer (1688 binary)
Coefficient statistics:
  Matrix range     [1e-03, 1e+05]
  Objective range  [2e+04, 1e+05]
  Bounds range     [1e+00, 3e+00]
  RHS range        [1e-02, 2e+07]

Loaded user MIP start with objective 1.9825e+07
MIP start from previous solve did not produce a new incumbent solution

Presolve removed 11350 rows and 3804 columns
Presolve time: 0.06s
Presolved: 2208 rows, 1744 columns, 8552 nonzeros
Variable types: 1484 continuous, 260 integer (260 binary)
Root barrier log...

Ordering time: 0.00s

Barrier statistics:
 AA' NZ     : 3.075e+04
 Factor NZ  : 9.299e+04 (roughly 2 MB of memory)
 Factor Ops : 7.867e+06 (less than 1 second per iteration)
 Threads    : 10

                  Objective                Residual
Iter       Primal          Dual         Primal    Dual     Compl     Time
   0   3.39818464e+08 -1.99466610e+08  1.16e+05 9.09e-13  8.13e+06     0s
   1   1.52550384e+08 -2.34575279e+08  5.41e+04 4.43e+03  3.87e+06     0s
   2   1.62808552e+07 -2.47647993e+08  1.17e+03 1.09e-11  1.39e+05     0s
   3   7.17048993e+06 -3.81496058e+07  1.07e+02 5.46e-11  1.50e+04     0s
   4   2.67509591e+06 -7.72233361e+06  3.60e+01 4.37e-11  3.46e+03     0s
   5   1.45223747e+06 -3.24548351e+06  1.91e+01 3.57e-10  1.59e+03     0s
   6   9.56697095e+05 -9.13664479e+05  1.23e+01 3.78e-10  8.05e+02     0s
   7   7.05419733e+05  2.52925979e+05  8.21e+00 5.82e-10  4.71e+02     0s
   8   7.14295479e+05  8.50619715e+05  7.15e+00 2.15e-09  4.07e+02     0s
   9   7.72869889e+05  2.27924777e+06  6.60e+00 5.06e-09  3.80e+02     0s
  10   8.05456977e+05  2.40436039e+06  6.41e+00 5.82e-09  3.68e+02     0s
  11   9.06908133e+05  2.60116738e+06  5.96e+00 5.36e-09  3.38e+02     0s
  12   9.35299218e+05  2.76432417e+06  5.85e+00 5.59e-09  3.32e+02     0s
  13   1.01542125e+06  2.74957059e+06  5.65e+00 7.10e-09  3.22e+02     0s
  14   1.04984841e+06  2.97702657e+06  5.56e+00 6.52e-09  3.20e+02     0s
  15   1.18639391e+06  3.47270144e+06  5.14e+00 8.15e-09  2.92e+02     0s
  16   1.23341688e+06  3.57554570e+06  5.04e+00 2.21e-09  2.86e+02     0s
  17   1.34136732e+06  3.24822098e+06  4.83e+00 1.86e-09  2.81e+02     0s
  18   1.45555610e+06  3.44042110e+06  4.60e+00 2.44e-09  2.68e+02     0s
  19   1.58226862e+06  4.04999440e+06  4.38e+00 4.42e-09  2.46e+02     0s
  20   1.65103711e+06  4.73853680e+06  4.28e+00 5.82e-09  2.52e+02     0s
  21   1.89589812e+06  5.17091284e+06  3.99e+00 9.31e-09  2.35e+02     0s
  22   1.93158003e+06  5.53930306e+06  3.95e+00 6.29e-09  2.30e+02     0s
  23   2.11437840e+06  5.70432293e+06  3.75e+00 7.22e-09  2.17e+02     0s
  24   2.16555591e+06  5.76592290e+06  3.69e+00 6.98e-09  2.13e+02     0s
  25   2.28528379e+06  5.95963160e+06  3.58e+00 8.38e-09  2.05e+02     0s
  26   2.36475884e+06  6.10427993e+06  3.51e+00 7.92e-09  2.02e+02     0s
  27   2.52984134e+06  6.32712628e+06  3.39e+00 1.28e-08  1.96e+02     0s
  28   2.54359105e+06  6.43623993e+06  3.38e+00 1.68e-08  1.95e+02     0s
  29   2.64856159e+06  6.59828062e+06  3.28e+00 1.77e-08  1.88e+02     0s
  30   2.68305223e+06  7.03402170e+06  3.25e+00 1.98e-08  1.88e+02     0s
  31   2.78155196e+06  7.60079603e+06  3.17e+00 3.26e-08  1.82e+02     0s
  32   2.86170614e+06  7.95560705e+06  3.12e+00 9.08e-09  1.78e+02     0s
  33   3.08731089e+06  8.03886615e+06  3.00e+00 2.00e-08  1.79e+02     0s
  34   3.25674551e+06  8.01026342e+06  2.91e+00 1.12e-08  1.75e+02     0s
  35   3.37669693e+06  7.76078461e+06  2.85e+00 3.07e-08  1.84e+02     0s
  36   3.43027638e+06  8.40303638e+06  2.81e+00 6.45e-08  1.79e+02     0s
  37   3.58214538e+06  8.49082404e+06  2.74e+00 3.52e-08  1.81e+02     0s
  38   3.74161701e+06  8.90064172e+06  2.67e+00 1.91e-08  1.72e+02     0s
  39   3.91636615e+06  8.99722868e+06  2.58e+00 1.40e-08  1.67e+02     0s
  40   4.22011359e+06  9.19081661e+06  2.44e+00 4.42e-08  1.54e+02     0s
  41   4.24892016e+06  9.57991800e+06  2.43e+00 5.38e-08  1.54e+02     0s
  42   4.27487649e+06  9.87351699e+06  2.41e+00 5.68e-08  1.53e+02     0s
  43   4.36256313e+06  9.94091591e+06  2.38e+00 3.07e-08  1.51e+02     0s
  44   3.20727137e+09 -2.01042417e+08  1.16e+06 9.09e-13  8.13e+07     0s
  45   2.87638982e+08 -2.85576900e+08  3.00e+05 2.31e+03  2.17e+07     0s
  46   1.48201161e+07 -3.03010759e+08  1.21e+03 1.91e-11  1.55e+05     0s
  47   8.85593444e+06 -5.62737407e+07  1.41e+02 9.09e-12  2.14e+04     0s
  48   3.18196542e+06 -1.08164122e+07  3.38e+01 1.24e-11  4.19e+03     0s
  49   1.72601409e+06 -4.01136241e+06  1.66e+01 5.06e-10  1.75e+03     0s
  50   1.08494019e+06 -1.35285355e+06  1.00e+01 1.75e-10  8.66e+02     0s
  51   8.62189142e+05 -4.02493361e+05  7.23e+00 7.86e-10  5.77e+02     0s
  52   9.09141058e+05  5.91834426e+05  6.48e+00 7.57e-10  4.85e+02     0s
  53   9.64522054e+05  1.95134821e+06  6.18e+00 3.58e-09  4.42e+02     0s
  54   1.01236271e+06  2.26606834e+06  5.92e+00 3.29e-09  4.22e+02     0s
  55   1.04936652e+06  2.34572659e+06  5.78e+00 3.20e-09  4.12e+02     0s
  56   1.10061442e+06  2.47609429e+06  5.61e+00 2.76e-09  3.98e+02     0s
  57   1.17106243e+06  2.73002306e+06  5.39e+00 2.10e-09  3.79e+02     0s
  58   1.24990740e+06  2.96582849e+06  5.23e+00 3.84e-09  3.70e+02     0s
  59   1.35223136e+06  3.64228653e+06  4.97e+00 5.01e-09  3.41e+02     0s
  60   1.53465938e+06  3.72860258e+06  4.64e+00 4.31e-09  3.14e+02     0s
  61   1.65378553e+06  3.49796745e+06  4.44e+00 5.59e-09  3.12e+02     0s
  62   1.75864241e+06  3.89726997e+06  4.25e+00 5.47e-09  2.96e+02     0s
  63   1.86377841e+06  4.36953557e+06  4.15e+00 3.14e-09  2.99e+02     0s
  64   2.20964916e+06  5.17134944e+06  3.74e+00 4.89e-09  2.65e+02     0s
  65   2.22306007e+06  5.29070138e+06  3.73e+00 2.79e-09  2.60e+02     0s
  66   2.24912263e+06  5.48655523e+06  3.70e+00 4.66e-09  2.55e+02     0s
  67   2.33474511e+06  5.58169108e+06  3.62e+00 6.87e-09  2.49e+02     0s
  68   2.54927832e+06  6.08927325e+06  3.41e+00 7.22e-09  2.29e+02     0s
  69   2.73672045e+06  6.43332392e+06  3.25e+00 1.22e-08  2.16e+02     0s
  70   2.75786548e+06  6.89240570e+06  3.23e+00 1.32e-08  2.09e+02     0s
  71   2.81458990e+06  7.52427499e+06  3.19e+00 1.59e-08  2.06e+02     0s
  72   2.87787642e+06  8.09410083e+06  3.14e+00 1.42e-08  2.03e+02     0s
  73   3.02034596e+06  8.29637907e+06  3.06e+00 1.58e-08  1.97e+02     0s
  74   3.45405527e+06  8.39747293e+06  2.82e+00 1.68e-08  1.85e+02     0s
  75   3.49502496e+06  8.67774225e+06  2.80e+00 2.00e-08  1.81e+02     0s
  76   3.75093317e+06  8.87360095e+06  2.68e+00 2.24e-08  1.76e+02     0s
  77   3.88847817e+06  9.02677006e+06  2.61e+00 1.86e-08  1.70e+02     0s
  78   4.12666592e+06  9.23305787e+06  2.50e+00 3.03e-08  1.60e+02     0s
  79   4.23928843e+06  9.29588699e+06  2.45e+00 2.28e-08  1.55e+02     0s
  80   4.26738799e+06  9.54372163e+06  2.43e+00 2.24e-08  1.55e+02     0s
  81   4.40807698e+06  9.78217121e+06  2.38e+00 2.10e-08  1.58e+02     0s
  82   4.80365881e+06  1.00571844e+07  2.22e+00 5.87e-08  1.49e+02     0s
  83   5.00911807e+06  1.02128983e+07  2.13e+00 1.30e-08  1.42e+02     0s
  84   5.06255708e+06  1.03280580e+07  2.11e+00 3.28e-08  1.39e+02     0s
  85   5.12815479e+06  1.05179194e+07  2.09e+00 3.38e-08  1.37e+02     0s
  86   5.31515065e+06  1.08893979e+07  2.01e+00 3.84e-08  1.31e+02     0s
  87   5.40500350e+06  1.13165434e+07  1.98e+00 6.40e-08  1.29e+02     0s
  88   5.49203434e+06  1.17108214e+07  1.95e+00 6.38e-08  1.28e+02     0s
  89   5.67752456e+06  1.14423447e+07  1.89e+00 5.73e-08  1.24e+02     0s
  90   5.91900189e+06  1.19594921e+07  1.82e+00 6.15e-08  1.16e+02     0s
  91   6.11302945e+06  1.17255485e+07  1.76e+00 1.33e-07  1.18e+02     0s
  92   6.20728446e+06  1.21466562e+07  1.73e+00 1.53e-07  1.18e+02     0s
  93   6.28505782e+06  1.21979633e+07  1.71e+00 1.12e-08  1.16e+02     0s
  94   6.47161323e+06  1.22554060e+07  1.66e+00 1.49e-07  1.12e+02     0s
  95   6.59694690e+06  1.23919014e+07  1.63e+00 1.50e-07  1.10e+02     0s
  96   6.74290044e+06  1.22970342e+07  1.59e+00 1.44e-07  1.09e+02     0s
  97   6.94469967e+06  1.24412819e+07  1.53e+00 8.96e-08  1.04e+02     0s
  98   6.99109454e+06  1.24562333e+07  1.52e+00 1.86e-09  1.04e+02     0s
  99   7.08499853e+06  1.26194365e+07  1.50e+00 6.10e-08  1.02e+02     0s
 100   7.11452805e+06  1.29074119e+07  1.49e+00 2.02e-07  1.00e+02     0s
 101   7.16906805e+06  1.29841800e+07  1.47e+00 1.95e-07  9.82e+01     0s
 102   7.24570548e+06  1.32650793e+07  1.45e+00 2.43e-07  9.87e+01     0s
 103   7.39703251e+06  1.33660637e+07  1.42e+00 2.15e-07  9.66e+01     0s
 104   7.89768997e+06  1.37186470e+07  1.31e+00 5.54e-08  9.34e+01     0s
 105   7.93047061e+06  1.38861331e+07  1.30e+00 1.11e-07  9.02e+01     0s
 106   8.08520629e+06  1.40948016e+07  1.27e+00 9.50e-08  8.66e+01     0s
 107   8.29458842e+06  1.42491819e+07  1.23e+00 9.69e-08  8.20e+01     0s
 108   8.37482204e+06  1.44879655e+07  1.21e+00 8.66e-08  8.01e+01     0s
 109   8.79948998e+06  1.45194223e+07  1.13e+00 9.50e-08  7.65e+01     0s
 110   9.54602801e+06  1.43880050e+07  9.89e-01 1.83e-07  7.52e+01     0s
 111   9.71992323e+06  1.45518417e+07  9.55e-01 3.00e-07  6.36e+01     0s
 112   9.83828892e+06  1.45858839e+07  9.33e-01 2.09e-07  6.09e+01     0s
 113   1.00872299e+07  1.45962582e+07  8.86e-01 2.48e-07  5.70e+01     0s
 114   1.02987619e+07  1.48103252e+07  8.45e-01 7.88e-07  5.20e+01     0s
 115   1.04394334e+07  1.49214100e+07  8.18e-01 7.40e-07  4.97e+01     0s
 116   1.06498549e+07  1.49061062e+07  7.81e-01 6.71e-07  4.82e+01     0s
 117   1.10226984e+07  1.49549494e+07  7.15e-01 8.48e-07  4.45e+01     0s
 118   1.10977842e+07  1.49794873e+07  7.01e-01 7.70e-07  4.22e+01     0s
 119   1.12886031e+07  1.50011499e+07  6.68e-01 1.04e-06  3.94e+01     0s
 120   1.13331430e+07  1.50417669e+07  6.60e-01 1.34e-06  3.79e+01     0s
 121   1.13532318e+07  1.51320339e+07  6.56e-01 1.31e-06  3.77e+01     0s
 122   1.13646339e+07  1.52626284e+07  6.54e-01 1.34e-06  3.77e+01     0s
 123   1.14215842e+07  1.52486518e+07  6.45e-01 3.07e-08  3.75e+01     0s
 124   1.14278306e+07  1.53417313e+07  6.43e-01 9.31e-10  3.73e+01     0s
 125   1.15010681e+07  1.55920726e+07  6.31e-01 3.26e-08  3.75e+01     0s
 126   1.15928192e+07  1.55633667e+07  6.18e-01 8.38e-08  3.77e+01     0s
 127   1.15987495e+07  1.57660915e+07  6.17e-01 7.45e-08  3.79e+01     0s
 128   1.17524414e+07  1.58753056e+07  5.95e-01 8.10e-08  3.68e+01     0s
 129   1.18128547e+07  1.59031317e+07  5.86e-01 1.31e-07  3.59e+01     0s
 130   1.19827023e+07  1.59141832e+07  5.63e-01 2.08e-07  3.49e+01     0s
 131   1.20141738e+07  1.59202905e+07  5.58e-01 1.51e-07  3.45e+01     0s
 132   1.20398157e+07  1.59335988e+07  5.55e-01 1.15e-07  3.41e+01     0s
 133   1.20570499e+07  1.59534226e+07  5.52e-01 6.52e-09  3.40e+01     0s
 134   1.21076633e+07  1.59800832e+07  5.45e-01 6.24e-08  3.37e+01     0s
 135   1.22065847e+07  1.60237414e+07  5.32e-01 2.96e-07  3.28e+01     0s
 136   1.24460137e+07  1.60013737e+07  4.99e-01 6.56e-07  3.26e+01     0s
 137   1.26105884e+07  1.60852129e+07  4.77e-01 6.85e-07  2.90e+01     0s
 138   1.30390377e+07  1.60672273e+07  4.19e-01 8.11e-06  2.65e+01     0s
 139   1.30644251e+07  1.62323455e+07  4.16e-01 8.04e-06  2.61e+01     0s
 140   1.31377184e+07  1.61062388e+07  4.06e-01 8.04e-06  2.67e+01     0s
 141   1.31979866e+07  1.61807550e+07  3.99e-01 7.72e-06  2.56e+01     0s
 142   1.33859902e+07  1.62532340e+07  3.74e-01 5.55e-07  2.33e+01     0s
 143   1.36985326e+07  1.62583253e+07  3.34e-01 1.05e-06  2.13e+01     0s
 144   1.39748542e+07  1.62619072e+07  2.99e-01 3.44e-07  1.95e+01     0s
 145   1.40262367e+07  1.62736257e+07  2.92e-01 1.51e-06  1.76e+01     0s
 146   1.40422851e+07  1.63025204e+07  2.90e-01 1.84e-06  1.73e+01     0s
 147   1.40531974e+07  1.63638011e+07  2.89e-01 1.89e-06  1.73e+01     0s
 148   1.40809117e+07  1.63795406e+07  2.85e-01 1.51e-06  1.68e+01     0s
 149   1.40942677e+07  1.64452303e+07  2.83e-01 8.29e-08  1.68e+01     0s
 150   1.41288906e+07  1.64286436e+07  2.79e-01 7.08e-08  1.64e+01     0s
 151   1.42984192e+07  1.64492315e+07  2.59e-01 2.44e-07  1.59e+01     0s
 152   1.43136290e+07  1.64666692e+07  2.57e-01 4.89e-07  1.51e+01     0s
 153   1.43182883e+07  1.64886137e+07  2.57e-01 4.89e-07  1.51e+01     0s
 154   1.43530488e+07  1.65248365e+07  2.53e-01 4.95e-07  1.49e+01     0s
 155   1.43811378e+07  1.65052908e+07  2.50e-01 1.24e-06  1.47e+01     0s
 156   1.44116713e+07  1.65566760e+07  2.46e-01 1.79e-07  1.40e+01     0s
 157   1.44629891e+07  1.65786131e+07  2.41e-01 2.79e-07  1.37e+01     0s
 158   1.45095235e+07  1.66063861e+07  2.35e-01 1.62e-07  1.31e+01     0s
 159   1.45185397e+07  1.66136200e+07  2.34e-01 1.62e-07  1.31e+01     0s
 160   1.45405497e+07  1.66424511e+07  2.32e-01 1.88e-07  1.29e+01     0s
 161   1.45995235e+07  1.66719636e+07  2.26e-01 6.89e-08  1.38e+01     0s
 162   1.46179087e+07  1.66672934e+07  2.24e-01 1.36e-07  1.39e+01     0s
 163   1.46423179e+07  1.67161549e+07  2.22e-01 3.48e-07  1.35e+01     0s
 164   1.46677013e+07  1.67429352e+07  2.19e-01 1.45e-07  1.33e+01     0s
 165   1.47234410e+07  1.67681615e+07  2.13e-01 2.33e-07  1.29e+01     0s
 166   1.47654684e+07  1.67547437e+07  2.09e-01 1.23e-07  1.28e+01     0s
 167   1.47929072e+07  1.67766090e+07  2.06e-01 4.71e-07  1.22e+01     0s
 168   1.48046618e+07  1.67991590e+07  2.05e-01 1.42e-06  1.19e+01     0s
 169   1.49304783e+07  1.68115206e+07  1.92e-01 1.51e-06  1.14e+01     0s
 170   1.50008734e+07  1.68336814e+07  1.85e-01 1.23e-06  1.08e+01     0s
 171   1.50081144e+07  1.68412958e+07  1.84e-01 1.74e-06  1.06e+01     0s
 172   1.51926347e+07  1.68414376e+07  1.66e-01 1.64e-06  9.88e+00     0s
 173   1.52278751e+07  1.68477780e+07  1.62e-01 9.95e-07  9.26e+00     0s
 174   1.52299912e+07  1.68613608e+07  1.62e-01 9.76e-07  9.31e+00     0s
 175   1.53146025e+07  1.68652040e+07  1.54e-01 9.76e-07  9.49e+00     0s
 176   1.53603111e+07  1.68740414e+07  1.50e-01 7.99e-07  9.10e+00     0s
 177   1.53671816e+07  1.68760243e+07  1.49e-01 1.86e-08  9.06e+00     0s
 178   1.54025612e+07  1.68817095e+07  1.45e-01 2.94e-07  8.78e+00     0s
 179   1.54357651e+07  1.68993162e+07  1.42e-01 1.39e-06  8.53e+00     0s
 180   1.54438972e+07  1.69066733e+07  1.41e-01 1.47e-06  8.48e+00     0s
 181   1.54455891e+07  1.69515772e+07  1.41e-01 1.46e-06  8.43e+00     0s
 182   1.54619058e+07  1.69353877e+07  1.40e-01 8.57e-08  8.73e+00     0s
 183   1.55721940e+07  1.68986493e+07  1.30e-01 4.12e-07  9.36e+00     0s
 184   1.56006053e+07  1.69156288e+07  1.27e-01 1.40e-07  9.23e+00     0s
 185   1.56151972e+07  1.69467631e+07  1.26e-01 5.22e-08  9.25e+00     0s
 186   1.56900618e+07  1.70015905e+07  1.19e-01 2.36e-06  9.53e+00     0s
 187   1.57031575e+07  1.70517084e+07  1.18e-01 4.10e-07  9.38e+00     0s
 188   1.57073414e+07  1.70438521e+07  1.17e-01 2.79e-08  9.43e+00     0s
 189   1.57979640e+07  1.70503598e+07  1.11e-01 8.57e-07  1.18e+01     0s
 190   1.58642654e+07  1.70737494e+07  1.05e-01 2.65e-06  1.02e+01     0s
 191   1.60983179e+07  1.71000830e+07  8.55e-02 6.69e-06  8.01e+00     0s
 192   1.64645117e+07  1.70970383e+07  5.49e-02 2.66e-06  7.25e+00     0s
 193   1.64830745e+07  1.71051194e+07  5.34e-02 8.81e-07  6.17e+00     0s
 194   1.64885186e+07  1.71132341e+07  5.29e-02 9.76e-07  5.97e+00     0s
 195   1.64934861e+07  1.71428961e+07  5.25e-02 9.88e-07  5.92e+00     0s
 196   1.65033303e+07  1.71462050e+07  5.17e-02 9.87e-07  5.88e+00     0s
 197   1.65484214e+07  1.71543433e+07  4.82e-02 4.49e-07  5.62e+00     0s
 198   1.66964425e+07  1.71505469e+07  3.66e-02 6.83e-06  4.73e+00     0s
 199   1.68468835e+07  1.71517363e+07  2.49e-02 1.85e-05  3.86e+00     0s
 200   1.70632652e+07  1.71597953e+07  8.00e-03 1.17e-05  1.69e+00     0s
 201   1.71520615e+07  1.71644427e+07  1.07e-03 4.82e-06  3.60e-01     0s
 202   1.71656425e+07  1.71657402e+07  8.72e-06 4.65e-06  3.56e-03     0s
 203   1.71657472e+07  1.71657513e+07  3.29e-07 2.92e-06  4.87e-05     0s
 204   1.71657514e+07  1.71657514e+07  4.40e-11 3.10e-06  4.35e-09     0s

Barrier solved model in 204 iterations and 0.45 seconds (0.34 work units)
Optimal objective 1.71657514e+07

Crossover time: 0.01 seconds (0.02 work units)

Root relaxation: objective 1.716575e+07, 284 iterations, 0.38 seconds (0.27 work units)

    Nodes    |    Current Node    |     Objective Bounds      |     Work
 Expl Unexpl |  Obj  Depth IntInf | Incumbent    BestBd   Gap | It/Node Time

     0     0 1.7166e+07    0   38 1.9825e+07 1.7166e+07  13.4%     -    0s
     0     0 1.7166e+07    0   38 1.9825e+07 1.7166e+07  13.4%     -    0s
     0     0 1.7468e+07    0   38 1.9825e+07 1.7468e+07  11.9%     -    0s
     0     0 1.7626e+07    0   38 1.9825e+07 1.7626e+07  11.1%     -    0s
     0     0 1.7667e+07    0   39 1.9825e+07 1.7667e+07  10.9%     -    0s
     0     0 1.7667e+07    0   39 1.9825e+07 1.7667e+07  10.9%     -    0s
     0     0 1.7720e+07    0   40 1.9825e+07 1.7720e+07  10.6%     -    0s
     0     0 1.7749e+07    0   40 1.9825e+07 1.7749e+07  10.5%     -    0s
     0     0 1.7756e+07    0   42 1.9825e+07 1.7756e+07  10.4%     -    0s
     0     0 1.7756e+07    0   42 1.9825e+07 1.7756e+07  10.4%     -    0s
     0     0 1.7756e+07    0   42 1.9825e+07 1.7756e+07  10.4%     -    0s
     0     2 1.7756e+07    0   42 1.9825e+07 1.7756e+07  10.4%     -    0s

Cutting planes:
  Cover: 5
  Implied bound: 50
  MIR: 39
  Flow cover: 30
  RLT: 1
  Relax-and-lift: 1

Explored 1126 nodes (110468 simplex iterations) in 3.36 seconds (7.64 work units)
Thread count was 10 (of 10 available processors)

Solution count 1: 1.9825e+07 

Optimal solution found (tolerance 5.00e-03)
Best objective 1.982500000000e+07, best bound 1.982500000000e+07, gap 0.0000%
