
Gurobi 13.0.3 (mac64[arm]) logging started Sat Sep 26 12:17:28 2026

Set parameter LogFile to value "/Users/ashutosh/Desktop/Two-stage-Model/certainty_results/full/solves/wnw_5_05_30M_phase2.log"
Gurobi Optimizer version 13.0.3 build v13.0.3rc0 (mac64[arm] - Darwin 27.0.0 26A428)

CPU model: Apple M1 Pro
Thread count: 10 physical cores, 10 logical processors, using up to 10 threads

Non-default parameters:
TimeLimit  21600
MIPGap  0.005
Method  2
LogToConsole  0

Optimize a model with 13546 rows, 5548 columns and 38804 nonzeros (Min)
Model fingerprint: 0x4486415a
Model has 724 linear objective coefficients
Variable types: 3498 continuous, 2050 integer (1688 binary)
Coefficient statistics:
  Matrix range     [1e-03, 1e+05]
  Objective range  [2e+04, 1e+05]
  Bounds range     [1e+00, 3e+00]
  RHS range        [1e-02, 3e+07]

Loaded user MIP start with objective 2.9975e+07
MIP start from previous solve did not produce a new incumbent solution

Presolve removed 11413 rows and 3819 columns
Presolve time: 0.06s
Presolved: 2133 rows, 1729 columns, 8361 nonzeros
Variable types: 1471 continuous, 258 integer (258 binary)
Root barrier log...

Ordering time: 0.00s

Barrier statistics:
 AA' NZ     : 2.869e+04
 Factor NZ  : 8.505e+04 (roughly 2 MB of memory)
 Factor Ops : 6.153e+06 (less than 1 second per iteration)
 Threads    : 10

                  Objective                Residual
Iter       Primal          Dual         Primal    Dual     Compl     Time
   0   1.94107248e+08 -1.83942301e+08  6.15e+04 9.09e-13  4.29e+06     0s
   1   7.01341174e+07 -1.98392216e+08  2.04e+04 4.83e+03  1.47e+06     0s
   2   9.53167615e+06 -1.90718662e+08  5.06e+02 3.75e+01  7.71e+04     0s
   3   4.23195405e+06 -2.06253050e+07  8.30e+01 9.58e-01  8.79e+03     0s
   4   2.01054202e+06 -6.06799147e+06  3.62e+01 1.64e-01  2.87e+03     0s
   5   9.90245092e+05 -2.97122901e+06  1.75e+01 7.16e-02  1.36e+03     0s
   6   7.28195924e+05 -9.26993836e+05  1.27e+01 2.35e-02  7.30e+02     0s
   7   5.28595975e+05  3.51809780e+04  8.82e+00 1.05e-02  4.49e+02     0s
   8   5.13451783e+05  5.88570204e+05  7.93e+00 8.82e-03  4.19e+02     0s
   9   6.04106904e+05  1.64612454e+06  6.95e+00 6.63e-03  3.66e+02     0s
  10   6.52674627e+05  2.03445430e+06  6.67e+00 6.07e-03  3.50e+02     0s
  11   7.46507466e+05  2.53745955e+06  6.22e+00 5.62e-03  3.23e+02     0s
  12   7.90366320e+05  2.75136745e+06  6.07e+00 5.41e-03  3.15e+02     0s
  13   8.43737810e+05  2.94731652e+06  5.91e+00 5.23e-03  3.06e+02     0s
  14   1.03324874e+06  3.40848230e+06  5.51e+00 4.82e-03  2.88e+02     0s
  15   1.12609385e+06  3.58657625e+06  5.32e+00 4.20e-03  2.89e+02     0s
  16   1.35867667e+06  4.04099441e+06  4.91e+00 3.82e-03  2.66e+02     0s
  17   1.45510788e+06  4.12417669e+06  4.75e+00 3.62e-03  2.57e+02     0s
  18   1.60133040e+06  4.25861760e+06  4.50e+00 3.42e-03  2.42e+02     0s
  19   1.65184906e+06  4.41451052e+06  4.42e+00 3.28e-03  2.36e+02     0s
  20   1.69255480e+06  5.05599814e+06  4.35e+00 3.03e-03  2.34e+02     0s
  21   1.73480542e+06  5.32357656e+06  4.29e+00 2.93e-03  2.31e+02     0s
  22   1.81742189e+06  5.46339016e+06  4.21e+00 2.89e-03  2.30e+02     0s
  23   1.85960220e+06  5.90718697e+06  4.16e+00 2.65e-03  2.29e+02     0s
  24   1.95083571e+06  6.50406636e+06  4.05e+00 2.54e-03  2.23e+02     0s
  25   2.13509970e+06  6.72624097e+06  3.86e+00 2.49e-03  2.08e+02     0s
  26   2.24642762e+06  6.79151204e+06  3.77e+00 2.44e-03  2.03e+02     0s
  27   2.36113671e+06  6.93773576e+06  3.68e+00 2.30e-03  1.97e+02     0s
  28   2.44492249e+06  7.37161290e+06  3.61e+00 2.21e-03  1.93e+02     0s
  29   2.62975042e+06  7.69160929e+06  3.47e+00 2.08e-03  1.85e+02     0s
  30   2.76865745e+06  8.13663298e+06  3.38e+00 2.02e-03  1.81e+02     0s
  31   2.80749111e+06  8.28139411e+06  3.35e+00 2.00e-03  1.80e+02     0s
  32   2.85996929e+06  8.56105333e+06  3.32e+00 1.97e-03  1.78e+02     0s
  33   2.96590840e+06  8.83440548e+06  3.26e+00 1.90e-03  1.74e+02     0s
  34   3.15960148e+06  9.08095502e+06  3.17e+00 1.84e-03  1.72e+02     0s
  35   3.17919817e+06  9.56769167e+06  3.16e+00 1.76e-03  1.70e+02     0s
  36   3.29762975e+06  9.94685059e+06  3.10e+00 1.70e-03  1.66e+02     0s
  37   3.61951592e+06  1.00811840e+07  2.95e+00 1.65e-03  1.59e+02     0s
  38   3.72095118e+06  1.01162191e+07  2.91e+00 1.56e-03  1.55e+02     0s
  39   3.80167621e+06  1.06528508e+07  2.87e+00 1.40e-03  1.53e+02     0s
  40   3.94187875e+06  1.10538011e+07  2.81e+00 1.38e-03  1.47e+02     0s
  41   4.14478234e+06  1.12465916e+07  2.73e+00 1.35e-03  1.43e+02     0s
  42   4.22044470e+06  1.14091811e+07  2.70e+00 1.31e-03  1.40e+02     0s
  43   4.38182927e+06  1.14624957e+07  2.64e+00 1.29e-03  1.38e+02     0s
  44   4.41806604e+06  1.17078192e+07  2.63e+00 1.23e-03  1.36e+02     0s
  45   4.51759179e+06  1.22489535e+07  2.59e+00 1.19e-03  1.33e+02     0s
  46   4.60173493e+06  1.25264940e+07  2.57e+00 1.16e-03  1.31e+02     0s
  47   4.80170862e+06  1.24690192e+07  2.50e+00 1.07e-03  1.28e+02     0s
  48   4.99309487e+06  1.24504061e+07  2.44e+00 9.06e-04  1.25e+02     0s
  49   5.10780441e+06  1.30066728e+07  2.41e+00 8.88e-04  1.23e+02     0s
  50   5.31844928e+06  1.31034955e+07  2.34e+00 8.62e-04  1.20e+02     0s
  51   5.33655053e+06  1.33282391e+07  2.34e+00 8.37e-04  1.19e+02     0s
  52   5.37599553e+06  1.34740689e+07  2.33e+00 8.32e-04  1.19e+02     0s
  53   5.60587525e+06  1.34483592e+07  2.27e+00 6.84e-04  1.21e+02     0s
  54   5.89110283e+06  1.35674882e+07  2.19e+00 6.04e-04  1.22e+02     0s
  55   6.22145632e+06  1.40892916e+07  2.11e+00 5.78e-04  1.30e+02     0s
  56   6.27105791e+06  1.42188551e+07  2.10e+00 4.94e-04  1.38e+02     0s
  57   6.72301056e+06  1.39832763e+07  2.02e+00 3.37e-04  1.61e+02     0s
  58   7.09943905e+06  1.46180869e+07  1.92e+00 5.98e-05  1.52e+02     0s
  59   7.34209756e+06  1.50215518e+07  1.87e+00 1.32e-06  1.46e+02     0s
  60   7.42363198e+06  1.51873519e+07  1.85e+00 8.07e-07  1.39e+02     0s
  61   7.60888860e+06  1.54497157e+07  1.81e+00 1.75e-07  1.33e+02     0s
  62   8.14815897e+06  1.56574757e+07  1.68e+00 9.69e-08  1.21e+02     0s
  63   8.45726642e+06  1.57220762e+07  1.61e+00 8.75e-08  1.16e+02     0s
  64   8.49503011e+06  1.58080278e+07  1.60e+00 7.73e-08  1.15e+02     0s
  65   8.53497495e+06  1.59354040e+07  1.59e+00 8.01e-08  1.14e+02     0s
  66   8.68271240e+06  1.63446150e+07  1.56e+00 2.88e-07  1.11e+02     0s
  67   8.84397357e+06  1.67684987e+07  1.52e+00 5.59e-09  1.05e+02     0s
  68   9.15729113e+06  1.69966655e+07  1.46e+00 4.63e-07  1.01e+02     0s
  69   9.19183884e+06  1.70670665e+07  1.46e+00 5.20e-07  1.00e+02     0s
  70   9.23176348e+06  1.72062483e+07  1.45e+00 4.84e-08  9.79e+01     0s
  71   9.35755916e+06  1.73055412e+07  1.43e+00 2.16e-07  9.62e+01     0s
  72   9.53123341e+06  1.75274311e+07  1.40e+00 5.90e-07  9.35e+01     0s
  73   9.78815362e+06  1.77016703e+07  1.35e+00 1.26e-06  8.98e+01     0s
  74   9.87353836e+06  1.77607210e+07  1.34e+00 1.03e-06  8.84e+01     0s
  75   1.02065261e+07  1.77829437e+07  1.28e+00 8.08e-07  8.54e+01     0s
  76   1.02557590e+07  1.78031363e+07  1.28e+00 1.07e-06  8.43e+01     0s
  77   1.03301547e+07  1.78660683e+07  1.26e+00 8.01e-07  8.22e+01     0s
  78   1.04196313e+07  1.79452430e+07  1.25e+00 1.05e-06  8.08e+01     0s
  79   1.04485612e+07  1.80386758e+07  1.24e+00 1.10e-06  8.05e+01     0s
  80   1.04694004e+07  1.82105335e+07  1.24e+00 9.83e-07  8.05e+01     0s
  81   1.04838912e+07  1.83020459e+07  1.24e+00 1.31e-07  8.06e+01     0s
  82   1.66915991e+09 -1.83942301e+08  6.15e+05 9.09e-13  4.24e+07     0s
  83   8.62288308e+08 -2.19555605e+08  3.35e+05 5.54e+03  2.47e+07     0s
  84   1.78266273e+08 -2.96280553e+08  5.45e+04 2.00e-11  4.20e+06     0s
  85   2.15161877e+07 -2.80637951e+08  4.38e+02 3.69e+00  9.84e+04     0s
  86   1.39554021e+07 -6.91027145e+07  1.07e+02 1.46e-11  2.34e+04     0s
  87   7.42637435e+06 -2.29479876e+07  4.33e+01 3.64e-11  8.16e+03     0s
  88   3.71292724e+06 -7.67275307e+06  1.92e+01 8.00e-11  3.05e+03     0s
  89   2.22848511e+06 -2.55513334e+06  1.12e+01 1.46e-10  1.40e+03     0s
  90   1.87992856e+06 -1.30274242e+06  9.26e+00 3.35e-10  1.04e+03     0s
  91   1.56050330e+06 -2.21787077e+05  7.19e+00 1.19e-09  7.54e+02     0s
  92   1.58584844e+06  1.01203854e+06  6.52e+00 2.27e-09  6.56e+02     0s
  93   1.63172207e+06  1.80146176e+06  6.32e+00 1.51e-09  6.30e+02     0s
  94   1.68956801e+06  2.04970805e+06  5.84e+00 1.63e-09  5.84e+02     0s
  95   1.74092007e+06  2.41227987e+06  5.58e+00 2.10e-09  5.53e+02     0s
  96   1.86457950e+06  2.72751039e+06  5.41e+00 1.63e-09  5.49e+02     0s
  97   1.91653481e+06  2.95422810e+06  5.24e+00 2.10e-09  5.28e+02     0s
  98   1.96978260e+06  3.23669909e+06  5.09e+00 1.40e-09  5.07e+02     0s
  99   2.02392114e+06  3.71421978e+06  4.95e+00 3.96e-09  4.78e+02     0s
 100   2.06579921e+06  3.90584491e+06  4.87e+00 5.12e-09  4.64e+02     0s
 101   2.12962780e+06  4.15597085e+06  4.73e+00 5.12e-09  4.44e+02     0s
 102   2.22345898e+06  4.41037207e+06  4.53e+00 5.47e-09  4.23e+02     0s
 103   2.31044583e+06  4.86351254e+06  4.34e+00 8.15e-09  4.02e+02     0s
 104   2.41902377e+06  5.11096848e+06  4.15e+00 7.92e-09  3.82e+02     0s
 105   2.51710142e+06  5.69404657e+06  4.01e+00 1.05e-08  3.64e+02     0s
 106   2.62218872e+06  6.48100969e+06  3.89e+00 1.09e-08  3.52e+02     0s
 107   2.73340069e+06  6.58133690e+06  3.79e+00 1.28e-08  3.43e+02     0s
 108   2.77619697e+06  6.82289919e+06  3.76e+00 1.40e-08  3.40e+02     0s
 109   2.89324407e+06  7.01012532e+06  3.65e+00 1.26e-08  3.29e+02     0s
 110   3.06988626e+06  7.51864201e+06  3.48e+00 2.10e-09  3.08e+02     0s
 111   3.14250424e+06  8.07302015e+06  3.43e+00 1.45e-07  3.04e+02     0s
 112   3.36064110e+06  8.80699777e+06  3.28e+00 3.03e-07  2.89e+02     0s
 113   3.50007969e+06  8.95890592e+06  3.20e+00 1.63e-07  2.82e+02     0s
 114   3.56664641e+06  9.62950431e+06  3.16e+00 7.92e-09  2.78e+02     0s
 115   3.75856626e+06  9.93213182e+06  3.06e+00 1.26e-08  2.67e+02     0s
 116   4.09450448e+06  1.00086509e+07  2.90e+00 7.75e-08  2.55e+02     0s
 117   4.18823536e+06  1.00678125e+07  2.86e+00 2.92e-07  2.49e+02     0s
 118   4.21177045e+06  1.03338926e+07  2.85e+00 4.91e-07  2.47e+02     0s
 119   4.24661273e+06  1.05501157e+07  2.83e+00 5.72e-07  2.46e+02     0s
 120   4.44527240e+06  1.08858629e+07  2.75e+00 3.26e-09  2.37e+02     0s
 121   4.56215717e+06  1.11514975e+07  2.70e+00 7.34e-07  2.34e+02     0s
 122   4.69602726e+06  1.16066224e+07  2.65e+00 5.90e-07  2.29e+02     0s
 123   4.91464392e+06  1.16269367e+07  2.57e+00 4.50e-07  2.22e+02     0s
 124   5.02276337e+06  1.22671086e+07  2.53e+00 1.32e-07  2.14e+02     0s
 125   5.33266192e+06  1.23607101e+07  2.43e+00 1.05e-07  2.09e+02     0s
 126   5.34727633e+06  1.24368874e+07  2.43e+00 1.03e-07  2.08e+02     0s
 127   5.39038602e+06  1.26631313e+07  2.41e+00 4.28e-08  2.06e+02     0s
 128   5.57920516e+06  1.28815247e+07  2.35e+00 2.10e-08  2.02e+02     0s
 129   5.64279310e+06  1.29334051e+07  2.34e+00 7.45e-08  2.00e+02     0s
 130   5.67884612e+06  1.34109089e+07  2.32e+00 2.88e-07  1.99e+02     0s
 131   6.02234063e+06  1.35714731e+07  2.23e+00 1.96e-08  1.92e+02     0s
 132   6.11853995e+06  1.37319164e+07  2.20e+00 3.26e-08  1.88e+02     0s
 133   6.23420427e+06  1.39676703e+07  2.17e+00 2.37e-08  1.85e+02     0s
 134   6.31022755e+06  1.40666167e+07  2.15e+00 2.00e-08  1.84e+02     0s
 135   6.46131064e+06  1.39900640e+07  2.11e+00 2.24e-07  1.84e+02     0s
 136   6.47878987e+06  1.43817617e+07  2.10e+00 9.87e-08  1.81e+02     0s
 137   6.66033400e+06  1.45355099e+07  2.06e+00 7.87e-08  1.78e+02     0s
 138   6.81195485e+06  1.46081955e+07  2.02e+00 3.86e-07  1.76e+02     0s
 139   6.94613507e+06  1.46628219e+07  1.99e+00 2.45e-07  1.75e+02     0s
 140   7.08158233e+06  1.47245097e+07  1.96e+00 1.49e-08  1.74e+02     0s
 141   7.55744906e+06  1.49286122e+07  1.85e+00 9.41e-08  1.68e+02     0s
 142   7.74668762e+06  1.51841362e+07  1.80e+00 3.21e-06  1.57e+02     0s
 143   7.95750380e+06  1.53373417e+07  1.76e+00 2.81e-06  1.57e+02     0s
 144   8.45883853e+06  1.53969687e+07  1.64e+00 4.08e-06  1.46e+02     0s
 145   8.49720210e+06  1.54523750e+07  1.63e+00 8.38e-09  1.45e+02     0s
 146   8.77454997e+06  1.55488474e+07  1.57e+00 6.53e-07  1.41e+02     0s
 147   8.88712298e+06  1.57295081e+07  1.54e+00 1.53e-07  1.36e+02     0s
 148   8.97711801e+06  1.59455105e+07  1.52e+00 1.40e-07  1.34e+02     0s
 149   9.11432582e+06  1.63181492e+07  1.49e+00 1.68e-07  1.30e+02     0s
 150   9.25508717e+06  1.68087424e+07  1.47e+00 5.29e-07  1.28e+02     0s
 151   9.53993930e+06  1.71008240e+07  1.42e+00 1.96e-06  1.23e+02     0s
 152   9.68374950e+06  1.73436101e+07  1.39e+00 1.47e-06  1.24e+02     0s
 153   9.97126954e+06  1.75149143e+07  1.34e+00 4.45e-07  1.21e+02     0s
 154   1.01526039e+07  1.75488543e+07  1.31e+00 7.81e-07  1.19e+02     0s
 155   1.03092114e+07  1.76132660e+07  1.28e+00 1.47e-06  1.16e+02     0s
 156   1.04117229e+07  1.76530323e+07  1.27e+00 5.65e-06  1.13e+02     0s
 157   1.05532918e+07  1.77866233e+07  1.24e+00 4.36e-06  1.08e+02     0s
 158   1.07336906e+07  1.80294919e+07  1.21e+00 1.60e-07  1.05e+02     0s
 159   1.08349820e+07  1.83556437e+07  1.20e+00 1.76e-07  1.02e+02     0s
 160   1.09875110e+07  1.85716410e+07  1.17e+00 1.93e-07  9.96e+01     0s
 161   1.11896361e+07  1.86260479e+07  1.14e+00 2.82e-07  9.73e+01     0s
 162   1.12289806e+07  1.87688429e+07  1.14e+00 2.24e-07  9.62e+01     0s
 163   1.12843034e+07  1.88552754e+07  1.13e+00 5.04e-07  9.54e+01     0s
 164   1.13748606e+07  1.89668612e+07  1.12e+00 5.37e-07  9.69e+01     0s
 165   1.14254264e+07  1.91545550e+07  1.11e+00 3.82e-08  9.61e+01     0s
 166   1.14803952e+07  1.92086178e+07  1.10e+00 4.28e-08  9.58e+01     0s
 167   1.15887264e+07  1.94591594e+07  1.09e+00 1.25e-06  9.42e+01     0s
 168   1.16522118e+07  1.95289950e+07  1.08e+00 6.15e-08  9.42e+01     0s
 169   1.17169897e+07  1.96085939e+07  1.07e+00 6.61e-08  9.36e+01     0s
 170   1.19268252e+07  1.97931527e+07  1.04e+00 1.54e-07  9.09e+01     0s
 171   1.19380710e+07  1.98759914e+07  1.04e+00 5.44e-07  9.08e+01     0s
 172   1.19651004e+07  1.99506451e+07  1.04e+00 4.96e-07  9.00e+01     0s
 173   1.19811694e+07  2.06291494e+07  1.04e+00 1.66e-07  9.02e+01     0s
 174   1.20406905e+07  2.10533684e+07  1.03e+00 4.27e-07  9.15e+01     0s
 175   1.23347076e+07  2.08692838e+07  1.00e+00 1.73e-07  1.04e+02     0s
 176   1.25727349e+07  2.20373761e+07  9.79e-01 1.83e-07  9.84e+01     0s
 177   1.32882257e+07  2.14445924e+07  9.12e-01 6.26e-06  1.17e+02     0s
 178   1.35909608e+07  2.26604942e+07  8.83e-01 1.96e-06  1.04e+02     0s
 179   1.36144772e+07  2.26808876e+07  8.81e-01 3.73e-09  1.04e+02     0s
 180   1.37872472e+07  2.31823848e+07  8.66e-01 3.99e-07  1.04e+02     0s
 181   1.44157529e+07  2.33598540e+07  8.29e-01 5.49e-06  1.48e+02     0s
 182   1.50341772e+07  2.46545810e+07  7.77e-01 3.16e-05  1.12e+02     0s
 183   1.52703892e+07  2.48685519e+07  7.58e-01 6.55e-06  9.92e+01     0s
 184   1.54020426e+07  2.50547619e+07  7.49e-01 6.50e-06  9.80e+01     0s
 185   1.58535293e+07  2.55300021e+07  7.16e-01 5.04e-06  9.12e+01     0s
 186   1.66272107e+07  2.52965180e+07  6.60e-01 3.81e-06  9.38e+01     0s
 187   1.75038775e+07  2.55702968e+07  5.96e-01 5.88e-05  7.78e+01     0s
 188   1.75346270e+07  2.58110729e+07  5.94e-01 1.48e-06  7.12e+01     0s
 189   1.77207944e+07  2.58846326e+07  5.81e-01 1.21e-06  6.97e+01     0s
 190   1.78968070e+07  2.59430781e+07  5.69e-01 1.27e-06  6.79e+01     0s
 191   1.81454493e+07  2.60043306e+07  5.52e-01 3.59e-06  6.53e+01     0s
 192   1.82683893e+07  2.60193755e+07  5.43e-01 4.97e-06  6.43e+01     0s
 193   1.83369171e+07  2.60272889e+07  5.39e-01 8.27e-06  6.37e+01     0s
 194   1.83981218e+07  2.60541861e+07  5.35e-01 1.71e-05  6.43e+01     0s
 195   1.86033081e+07  2.61243849e+07  5.21e-01 2.88e-06  6.15e+01     0s
 196   1.86709766e+07  2.62641664e+07  5.17e-01 1.12e-05  6.08e+01     0s
 197   1.90704940e+07  2.64101695e+07  4.91e-01 1.04e-05  5.45e+01     0s
 198   1.91087529e+07  2.64283428e+07  4.88e-01 9.76e-06  5.34e+01     0s
 199   1.91803444e+07  2.65229276e+07  4.83e-01 1.22e-05  5.18e+01     0s
 200   1.97494332e+07  2.65308645e+07  4.46e-01 2.58e-05  4.85e+01     0s
 201   1.97868397e+07  2.65631861e+07  4.44e-01 7.22e-05  4.68e+01     0s
 202   1.98608938e+07  2.66360864e+07  4.39e-01 8.07e-05  4.62e+01     0s
 203   1.99563480e+07  2.66656091e+07  4.33e-01 7.94e-05  4.58e+01     0s
 204   2.01328064e+07  2.66859007e+07  4.22e-01 7.64e-05  4.53e+01     0s
 205   2.01784549e+07  2.67492458e+07  4.19e-01 9.83e-06  4.42e+01     0s
 206   2.03561494e+07  2.67884827e+07  4.08e-01 8.75e-06  4.31e+01     0s
 207   2.05288500e+07  2.68190862e+07  3.97e-01 5.86e-06  4.19e+01     0s
 208   2.07390941e+07  2.68466287e+07  3.84e-01 6.94e-06  4.02e+01     0s
 209   2.13330452e+07  2.68772115e+07  3.48e-01 4.71e-05  3.60e+01     0s
 210   2.19060280e+07  2.69006623e+07  3.12e-01 5.73e-06  2.87e+01     0s
 211   2.19791920e+07  2.69208799e+07  3.08e-01 5.41e-06  2.80e+01     0s
 212   2.20083263e+07  2.69485430e+07  3.06e-01 5.60e-06  2.75e+01     0s
 213   2.20471773e+07  2.69848847e+07  3.03e-01 5.63e-06  2.72e+01     0s
 214   2.21086934e+07  2.69733795e+07  3.00e-01 5.54e-06  2.63e+01     0s
 215   2.21419906e+07  2.70190611e+07  2.98e-01 5.31e-06  2.59e+01     0s
 216   2.21495473e+07  2.70241564e+07  2.97e-01 5.30e-06  2.59e+01     0s
 217   2.22377138e+07  2.70262949e+07  2.92e-01 5.30e-06  2.55e+01     0s
 218   2.24679415e+07  2.70674061e+07  2.78e-01 6.06e-06  2.49e+01     0s
 219   2.25720010e+07  2.71149892e+07  2.72e-01 3.30e-06  2.43e+01     0s
 220   2.25753317e+07  2.72778885e+07  2.72e-01 3.41e-06  2.42e+01     0s
 221   2.26011833e+07  2.75936487e+07  2.70e-01 1.99e-06  2.42e+01     0s
 222   2.26116026e+07  2.75083292e+07  2.70e-01 2.76e-07  2.49e+01     0s
 223   2.26469174e+07  2.77642649e+07  2.68e-01 1.34e-07  2.53e+01     0s
 224   2.27552146e+07  2.80308579e+07  2.63e-01 5.35e-06  2.76e+01     0s
 225   2.32036236e+07  2.74352040e+07  2.41e-01 7.47e-06  3.93e+01     0s
 226   2.33488018e+07  2.78912831e+07  2.34e-01 3.90e-05  3.10e+01     0s
 227   2.33881256e+07  2.80091491e+07  2.32e-01 2.69e-06  2.82e+01     0s
 228   2.34588026e+07  2.80822549e+07  2.29e-01 2.61e-06  2.80e+01     0s
 229   2.36244890e+07  2.81680747e+07  2.22e-01 7.09e-06  3.34e+01     0s
 230   2.43023596e+07  2.76581814e+07  1.92e-01 3.70e-05  7.14e+01     0s
 231   2.45038876e+07  2.78268119e+07  1.82e-01 1.29e-06  6.42e+01     0s
 232   2.46895747e+07  2.79455810e+07  1.74e-01 1.22e-05  5.82e+01     0s
 233   2.47200123e+07  2.79826373e+07  1.72e-01 7.44e-06  5.64e+01     0s
 234   2.47519772e+07  2.80603595e+07  1.71e-01 1.69e-05  5.50e+01     0s
 235   2.48108980e+07  2.81022916e+07  1.68e-01 2.04e-05  5.40e+01     0s
 236   2.48741009e+07  2.81554178e+07  1.65e-01 2.22e-05  5.30e+01     0s
 237   2.49106468e+07  2.82053583e+07  1.63e-01 1.94e-05  5.24e+01     0s
 238   2.49439585e+07  2.83222836e+07  1.61e-01 2.25e-05  5.18e+01     0s
 239   2.50346732e+07  2.84875385e+07  1.57e-01 2.79e-05  4.98e+01     0s
 240   2.52317247e+07  2.85153485e+07  1.48e-01 2.85e-05  4.85e+01     0s
 241   2.59076981e+07  2.85422529e+07  1.19e-01 2.64e-05  4.42e+01     1s
 242   2.66410993e+07  2.85694094e+07  8.81e-02 3.12e-05  3.65e+01     1s
 243   2.68406540e+07  2.85851124e+07  7.95e-02 2.71e-05  3.24e+01     1s
 244   2.70395839e+07  2.86002160e+07  7.10e-02 2.90e-05  2.84e+01     1s
 245   2.70823406e+07  2.86485790e+07  6.92e-02 1.37e-05  2.09e+01     1s
 246   2.71388791e+07  2.86913753e+07  6.68e-02 1.25e-05  1.98e+01     1s
 247   2.72324499e+07  2.86994621e+07  6.30e-02 1.20e-05  1.91e+01     1s
 248   2.72679937e+07  2.87061784e+07  6.15e-02 1.23e-05  1.83e+01     1s
 249   2.73641143e+07  2.87110504e+07  5.76e-02 1.12e-05  1.74e+01     1s
 250   2.74026487e+07  2.87168361e+07  5.60e-02 1.32e-05  1.64e+01     1s
 251   2.74608665e+07  2.87221619e+07  5.36e-02 1.18e-05  1.53e+01     1s
 252   2.75456229e+07  2.87347599e+07  5.01e-02 1.35e-05  1.37e+01     1s
 253   2.76592177e+07  2.87382369e+07  4.55e-02 1.38e-05  1.30e+01     1s
 254   2.76878185e+07  2.87446256e+07  4.43e-02 1.32e-05  1.23e+01     1s
 255   2.77100257e+07  2.87455191e+07  4.34e-02 1.30e-05  1.21e+01     1s
 256   2.77733563e+07  2.87474784e+07  4.09e-02 1.21e-05  1.16e+01     1s
 257   2.78591252e+07  2.87503921e+07  3.74e-02 9.47e-06  1.09e+01     1s
 258   2.78988536e+07  2.87577458e+07  3.58e-02 8.77e-06  9.48e+00     1s
 259   2.79248284e+07  2.87586444e+07  3.48e-02 8.95e-06  9.27e+00     1s
 260   2.79604166e+07  2.87606627e+07  3.33e-02 8.12e-06  8.90e+00     1s
 261   2.80035970e+07  2.87605055e+07  3.16e-02 8.77e-06  8.62e+00     1s
 262   2.80543404e+07  2.87631971e+07  2.96e-02 1.15e-05  8.24e+00     1s
 263   2.81665031e+07  2.87688317e+07  2.50e-02 8.70e-06  6.32e+00     1s
 264   2.82773651e+07  2.87728277e+07  2.06e-02 1.14e-05  5.27e+00     1s
 265   2.84624214e+07  2.87800768e+07  1.31e-02 1.97e-05  3.14e+00     1s
 266   2.84676958e+07  2.87811775e+07  1.29e-02 1.88e-05  2.91e+00     1s
 267   2.84790004e+07  2.87833863e+07  1.25e-02 2.35e-05  2.53e+00     1s
 268   2.84891262e+07  2.87839487e+07  1.21e-02 2.32e-05  2.46e+00     1s
 269   2.85023699e+07  2.87843479e+07  1.15e-02 2.44e-05  2.36e+00     1s
 270   2.85064497e+07  2.87846522e+07  1.14e-02 2.36e-05  2.31e+00     1s
 271   2.85134396e+07  2.87849949e+07  1.11e-02 2.16e-05  2.25e+00     1s
 272   2.85216812e+07  2.87859696e+07  1.07e-02 2.16e-05  2.16e+00     1s
 273   2.85320695e+07  2.87868919e+07  1.03e-02 1.65e-05  2.06e+00     1s
 274   2.85380751e+07  2.87877262e+07  1.01e-02 1.65e-05  1.98e+00     1s
 275   2.85478125e+07  2.87879138e+07  9.71e-03 1.60e-05  1.93e+00     1s
 276   2.85813439e+07  2.87881634e+07  8.38e-03 1.35e-05  1.76e+00     1s
 277   2.86682603e+07  2.87891374e+07  4.93e-03 8.52e-06  1.19e+00     1s
 278   2.86793573e+07  2.87895636e+07  4.49e-03 1.19e-05  1.06e+00     1s
 279   2.86845290e+07  2.87899355e+07  4.28e-03 9.19e-06  9.63e-01     1s
 280   2.86872101e+07  2.87902386e+07  4.18e-03 9.55e-06  8.90e-01     1s
 281   2.86895122e+07  2.87914874e+07  4.08e-03 1.22e-05  8.20e-01     1s
 282   2.86915848e+07  2.87918787e+07  4.00e-03 1.19e-05  7.97e-01     1s
 283   2.86928016e+07  2.87945318e+07  3.95e-03 1.06e-05  7.84e-01     1s
 284   2.87499505e+07  2.87948944e+07  1.78e-03 1.03e-05  5.78e-01     1s
 285   2.87944776e+07  2.87963665e+07  9.36e-05 3.68e-05  1.35e-01     1s
 286   2.87961040e+07  2.87968438e+07  3.15e-05 1.13e-05  2.28e-02     1s
 287   2.87969165e+07  2.87969225e+07  2.61e-07 1.23e-05  2.08e-04     1s
 288   2.87969232e+07  2.87969232e+07  2.38e-09 3.69e-06  3.75e-07     1s
 289   2.87969232e+07  2.87969232e+07  9.09e-13 3.30e-06  3.56e-11     1s

Barrier solved model in 289 iterations and 0.57 seconds (0.41 work units)
Optimal objective 2.87969232e+07

Crossover time: 0.01 seconds (0.02 work units)

Root relaxation: objective 2.879692e+07, 236 iterations, 0.50 seconds (0.35 work units)

    Nodes    |    Current Node    |     Objective Bounds      |     Work
 Expl Unexpl |  Obj  Depth IntInf | Incumbent    BestBd   Gap | It/Node Time

     0     0 2.8797e+07    0    9 2.9975e+07 2.8797e+07  3.93%     -    0s
     0     0 2.9189e+07    0    6 2.9975e+07 2.9189e+07  2.62%     -    0s
     0     0 2.9235e+07    0   13 2.9975e+07 2.9235e+07  2.47%     -    0s
     0     0 2.9252e+07    0   21 2.9975e+07 2.9252e+07  2.41%     -    0s
     0     0 2.9255e+07    0   20 2.9975e+07 2.9255e+07  2.40%     -    0s
     0     0 2.9255e+07    0   13 2.9975e+07 2.9255e+07  2.40%     -    0s
     0     0 2.9255e+07    0   13 2.9975e+07 2.9255e+07  2.40%     -    0s
     0     0 2.9255e+07    0   13 2.9975e+07 2.9255e+07  2.40%     -    0s
     0     0 2.9255e+07    0   12 2.9975e+07 2.9255e+07  2.40%     -    0s
     0     0 2.9273e+07    0   12 2.9975e+07 2.9273e+07  2.34%     -    1s
     0     0 2.9273e+07    0   12 2.9975e+07 2.9273e+07  2.34%     -    1s
     0     2 2.9273e+07    0   12 2.9975e+07 2.9273e+07  2.34%     -    1s

Cutting planes:
  Gomory: 1
  Implied bound: 8
  MIR: 10
  Flow cover: 5
  RLT: 2
  Relax-and-lift: 2

Explored 16 nodes (1674 simplex iterations) in 1.23 seconds (1.19 work units)
Thread count was 10 (of 10 available processors)

Solution count 1: 2.9975e+07 

Optimal solution found (tolerance 5.00e-03)
Best objective 2.997500000000e+07, best bound 2.997500000000e+07, gap 0.0000%
