
Gurobi 13.0.3 (mac64[arm]) logging started Sat Sep 26 12:18:03 2026

Set parameter LogFile to value "/Users/ashutosh/Desktop/Two-stage-Model/certainty_results/full/solves/wnw_5_15_10M_phase2.log"
Gurobi Optimizer version 13.0.3 build v13.0.3rc0 (mac64[arm] - Darwin 27.0.0 26A428)

CPU model: Apple M1 Pro
Thread count: 10 physical cores, 10 logical processors, using up to 10 threads

Non-default parameters:
TimeLimit  21600
MIPGap  0.005
Method  2
LogToConsole  0

Optimize a model with 13559 rows, 5548 columns and 38843 nonzeros (Min)
Model fingerprint: 0xdb932f99
Model has 724 linear objective coefficients
Variable types: 3498 continuous, 2050 integer (1688 binary)
Coefficient statistics:
  Matrix range     [1e-03, 1e+05]
  Objective range  [2e+04, 1e+05]
  Bounds range     [1e+00, 3e+00]
  RHS range        [1e-02, 1e+07]

Loaded user MIP start with objective 9.9e+06
MIP start from previous solve did not produce a new incumbent solution

Presolve removed 11344 rows and 3803 columns
Presolve time: 0.06s
Presolved: 2215 rows, 1745 columns, 8571 nonzeros
Variable types: 1486 continuous, 259 integer (259 binary)
Root barrier log...

Ordering time: 0.00s

Barrier statistics:
 AA' NZ     : 3.110e+04
 Factor NZ  : 9.214e+04 (roughly 2 MB of memory)
 Factor Ops : 7.095e+06 (less than 1 second per iteration)
 Threads    : 10

                  Objective                Residual
Iter       Primal          Dual         Primal    Dual     Compl     Time
   0   2.80785351e+08 -1.88725365e+08  9.64e+04 9.09e-13  6.74e+06     0s
   1   1.30108170e+08 -2.25577228e+08  4.68e+04 4.33e+03  3.32e+06     0s
   2   2.20496343e+07 -2.32813763e+08  4.25e+03 1.09e-11  3.51e+05     0s
   3   8.72318256e+06 -9.59629713e+07  2.33e+02 1.00e-11  3.61e+04     0s
   4   3.41587720e+06 -2.41302632e+07  5.54e+01 1.09e-11  8.18e+03     0s
   5   1.62788375e+06 -8.20316140e+06  2.36e+01 1.38e-10  2.87e+03     0s
   6   9.44545513e+05 -3.26944767e+06  1.28e+01 1.09e-10  1.30e+03     0s
   7   5.90326338e+05 -9.59115194e+05  7.49e+00 4.51e-10  6.04e+02     0s
   8   5.45976619e+05 -1.09426738e+05  5.73e+00 5.24e-10  4.33e+02     0s
   9   6.02271612e+05  5.14565731e+05  5.24e+00 1.28e-09  3.82e+02     0s
  10   6.11984464e+05  7.90417809e+05  5.11e+00 1.40e-09  3.65e+02     0s
  11   7.33659748e+05  1.03710883e+06  4.78e+00 2.33e-09  3.58e+02     0s
  12   7.71530297e+05  1.13746780e+06  4.50e+00 3.09e-09  3.38e+02     0s
  13   7.77886557e+05  1.24873290e+06  4.42e+00 3.38e-09  3.28e+02     0s
  14   9.78152431e+05  2.00247875e+06  3.89e+00 4.31e-09  3.16e+02     0s
  15   1.05187976e+06  2.37129673e+06  3.69e+00 1.14e-08  2.95e+02     0s
  16   1.13667620e+06  2.44683073e+06  3.50e+00 1.08e-08  2.82e+02     0s
  17   1.21562683e+06  2.56523335e+06  3.34e+00 1.65e-08  2.70e+02     0s
  18   1.30978089e+06  2.59478480e+06  3.17e+00 1.33e-08  2.61e+02     0s
  19   1.43522467e+06  2.79648614e+06  2.96e+00 3.21e-08  2.37e+02     0s
  20   1.53856527e+06  3.00780690e+06  2.79e+00 3.45e-08  2.23e+02     0s
  21   1.70436929e+06  3.21418638e+06  2.56e+00 3.49e-08  2.06e+02     0s
  22   1.77312046e+06  3.35903177e+06  2.47e+00 2.13e-08  1.98e+02     0s
  23   1.83280091e+06  3.49883251e+06  2.40e+00 1.91e-08  1.90e+02     0s
  24   1.88354765e+06  3.69536901e+06  2.34e+00 4.05e-08  1.81e+02     0s
  25   2.05055925e+06  4.17216830e+06  2.18e+00 6.08e-08  1.71e+02     0s
  26   2.23605794e+06  4.30987457e+06  2.03e+00 1.17e-07  1.59e+02     0s
  27   2.34799946e+06  4.55417860e+06  1.94e+00 8.85e-08  1.49e+02     0s
  28   2.45768729e+06  4.70173950e+06  1.86e+00 5.84e-08  1.41e+02     0s
  29   2.53528695e+06  4.78021581e+06  1.81e+00 5.40e-08  1.36e+02     0s
  30   2.64916984e+06  4.83012574e+06  1.72e+00 6.26e-08  1.27e+02     0s
  31   2.73915398e+06  4.87002502e+06  1.66e+00 3.52e-08  1.22e+02     0s
  32   2.81233991e+06  4.86953944e+06  1.61e+00 4.17e-08  1.21e+02     0s
  33   3.12772535e+06  5.23781324e+06  1.42e+00 2.69e-07  9.99e+01     0s
  34   3.18957085e+06  5.33708357e+06  1.38e+00 3.15e-07  9.58e+01     0s
  35   3.35027772e+06  5.24095724e+06  1.29e+00 3.51e-07  9.27e+01     0s
  36   3.38245095e+06  5.28691127e+06  1.27e+00 3.00e-07  8.94e+01     0s
  37   3.45701552e+06  5.41770141e+06  1.22e+00 5.19e-07  8.03e+01     0s
  38   3.48932085e+06  5.46198422e+06  1.20e+00 5.10e-07  7.81e+01     0s
  39   3.55921676e+06  5.56353486e+06  1.16e+00 7.27e-07  7.47e+01     0s
  40   3.59804712e+06  5.68746226e+06  1.14e+00 6.54e-07  7.18e+01     0s
  41   3.62901525e+06  5.72805030e+06  1.13e+00 6.56e-07  7.00e+01     0s
  42   3.86418482e+06  5.75480560e+06  1.01e+00 4.62e-07  6.50e+01     0s
  43   3.92064612e+06  5.78802108e+06  9.81e-01 6.01e-08  6.07e+01     0s
  44   3.95666518e+06  5.83599017e+06  9.63e-01 6.89e-08  5.94e+01     0s
  45   4.01630829e+06  5.90035005e+06  9.34e-01 7.22e-08  5.74e+01     0s
  46   4.04759579e+06  5.98994566e+06  9.19e-01 7.59e-08  5.62e+01     0s
  47   4.06712187e+06  6.01176573e+06  9.10e-01 7.59e-08  5.57e+01     0s
  48   4.12419753e+06  6.12277380e+06  8.85e-01 7.22e-08  5.39e+01     0s
  49   4.18536845e+06  6.17638172e+06  8.59e-01 4.89e-08  5.15e+01     0s
  50   4.23119597e+06  6.22614089e+06  8.39e-01 7.92e-08  5.02e+01     0s
  51   4.24732538e+06  6.24212434e+06  8.33e-01 6.61e-08  4.98e+01     0s
  52   4.29607315e+06  6.31369406e+06  8.13e-01 3.54e-08  4.83e+01     0s
  53   4.34461524e+06  6.38123969e+06  7.93e-01 2.65e-08  4.70e+01     0s
  54   4.36252067e+06  6.52578832e+06  7.86e-01 6.80e-08  4.66e+01     0s
  55   4.42445179e+06  6.63313879e+06  7.68e-01 9.03e-08  4.77e+01     0s
  56   4.58659558e+06  6.58135720e+06  7.16e-01 8.15e-08  4.59e+01     0s
  57   4.75756989e+06  6.73290491e+06  6.59e-01 1.92e-07  3.88e+01     0s
  58   4.86547509e+06  6.75448898e+06  6.25e-01 1.17e-06  3.61e+01     0s
  59   4.88651774e+06  6.84770822e+06  6.18e-01 7.44e-07  3.38e+01     0s
  60   4.91213952e+06  6.88798308e+06  6.10e-01 7.45e-07  3.31e+01     0s
  61   4.94130340e+06  6.94148140e+06  6.02e-01 6.42e-07  3.30e+01     0s
  62   5.07886215e+06  6.93877698e+06  5.61e-01 7.04e-07  2.91e+01     0s
  63   5.09409576e+06  6.99585419e+06  5.55e-01 9.78e-09  2.79e+01     0s
  64   5.10652356e+06  7.03904785e+06  5.52e-01 1.44e-08  2.77e+01     0s
  65   5.12494292e+06  7.14188875e+06  5.46e-01 1.58e-07  2.73e+01     0s
  66   5.14396106e+06  7.22530169e+06  5.41e-01 2.99e-07  2.71e+01     0s
  67   5.20160213e+06  7.21473443e+06  5.27e-01 3.89e-07  2.64e+01     0s
  68   5.35437281e+06  7.21387805e+06  4.87e-01 1.02e-07  2.47e+01     0s
  69   5.38021671e+06  7.23642639e+06  4.81e-01 6.24e-08  2.36e+01     0s
  70   5.48725235e+06  7.24378909e+06  4.53e-01 5.45e-08  2.22e+01     0s
  71   5.51430813e+06  7.25500401e+06  4.46e-01 5.45e-08  2.21e+01     0s
  72   5.53967489e+06  7.28955625e+06  4.40e-01 7.08e-08  2.17e+01     0s
  73   5.58133372e+06  7.32346253e+06  4.29e-01 4.00e-08  2.09e+01     0s
  74   5.75015744e+06  7.30018131e+06  3.88e-01 2.93e-07  1.95e+01     0s
  75   5.82863614e+06  7.31026357e+06  3.69e-01 1.24e-07  1.86e+01     0s
  76   5.84421774e+06  7.31545425e+06  3.65e-01 1.28e-07  1.84e+01     0s
  77   5.84613422e+06  7.32302330e+06  3.65e-01 1.28e-07  1.83e+01     0s
  78   5.85131511e+06  7.34631861e+06  3.64e-01 1.29e-07  1.85e+01     0s
  79   5.91608845e+06  7.37229703e+06  3.49e-01 6.43e-08  1.80e+01     0s
  80   5.96524754e+06  7.43918250e+06  3.38e-01 8.29e-07  1.69e+01     0s
  81   6.54895965e+06  7.43332469e+06  2.08e-01 2.01e-06  1.33e+01     0s
  82   7.02788833e+06  7.46150415e+06  1.01e-01 5.84e-06  6.39e+00     0s
  83   7.04184524e+06  7.46924132e+06  9.74e-02 4.23e-06  5.24e+00     0s
  84   7.06383200e+06  7.47377564e+06  9.25e-02 4.28e-06  4.86e+00     0s
  85   7.08832935e+06  7.48238612e+06  8.71e-02 3.46e-06  4.46e+00     0s
  86   7.21191167e+06  7.48368471e+06  6.02e-02 9.56e-06  3.15e+00     0s
  87   7.35264424e+06  7.48591389e+06  2.97e-02 1.43e-06  1.79e+00     0s
  88   7.37064687e+06  7.48777254e+06  2.58e-02 9.36e-06  1.30e+00     0s
  89   7.44838416e+06  7.48907212e+06  8.92e-03 5.72e-06  4.09e-01     0s
  90   7.47839700e+06  7.48909926e+06  2.41e-03 5.29e-06  1.68e-01     0s
  91   7.48483224e+06  7.48939000e+06  1.01e-03 6.87e-06  5.50e-02     0s
  92   7.48944899e+06  7.48944652e+06  6.30e-06 5.65e-06  6.98e-03     0s
  93   7.48946630e+06  7.48947561e+06  2.36e-06 7.72e-07  4.21e-04     0s
  94   7.48947687e+06  7.48947691e+06  9.75e-09 5.68e-07  8.19e-07     0s
  95   7.48947691e+06  7.48947691e+06  4.48e-13 3.87e-07  9.45e-12     0s

Barrier solved model in 95 iterations and 0.31 seconds (0.21 work units)
Optimal objective 7.48947691e+06

Crossover time: 0.01 seconds (0.01 work units)

Root relaxation: objective 7.489477e+06, 331 iterations, 0.24 seconds (0.14 work units)

    Nodes    |    Current Node    |     Objective Bounds      |     Work
 Expl Unexpl |  Obj  Depth IntInf | Incumbent    BestBd   Gap | It/Node Time

     0     0 7489476.91    0   40 9900000.00 7489476.91  24.3%     -    0s
     0     0 8026705.59    0   34 9900000.00 8026705.59  18.9%     -    0s
     0     0 8026705.59    0   34 9900000.00 8026705.59  18.9%     -    0s
     0     0 8026705.59    0   34 9900000.00 8026705.59  18.9%     -    0s
     0     0 8048766.77    0   34 9900000.00 8048766.77  18.7%     -    0s
     0     0 8055357.59    0   39 9900000.00 8055357.59  18.6%     -    0s
     0     0 8222542.56    0   40 9900000.00 8222542.56  16.9%     -    0s
     0     0 8222542.56    0   40 9900000.00 8222542.56  16.9%     -    0s
     0     0 8250726.93    0   44 9900000.00 8250726.93  16.7%     -    0s
     0     0 8264871.55    0   43 9900000.00 8264871.55  16.5%     -    0s
     0     0 8264871.55    0   43 9900000.00 8264871.55  16.5%     -    0s
     0     0 8264871.55    0   40 9900000.00 8264871.55  16.5%     -    0s
     0     0 8264871.55    0   40 9900000.00 8264871.55  16.5%     -    0s
     0     0 8264871.55    0   39 9900000.00 8264871.55  16.5%     -    0s
     0     2 8264871.55    0   39 9900000.00 8264871.55  16.5%     -    0s

Cutting planes:
  Learned: 1
  Gomory: 6
  Cover: 5
  Implied bound: 30
  MIR: 25
  Flow cover: 32
  RLT: 3

Explored 1192 nodes (93050 simplex iterations) in 3.11 seconds (7.07 work units)
Thread count was 10 (of 10 available processors)

Solution count 1: 9.9e+06 

Optimal solution found (tolerance 5.00e-03)
Best objective 9.900000000000e+06, best bound 9.900000000000e+06, gap 0.0000%
