
Gurobi 13.0.3 (mac64[arm]) logging started Sat Sep 26 12:18:27 2026

Set parameter LogFile to value "/Users/ashutosh/Desktop/Two-stage-Model/certainty_results/full/solves/wnw_5_25_0M_phase1.log"
Gurobi Optimizer version 13.0.3 build v13.0.3rc0 (mac64[arm] - Darwin 27.0.0 26A428)

CPU model: Apple M1 Pro
Thread count: 10 physical cores, 10 logical processors, using up to 10 threads

Non-default parameters:
TimeLimit  21600
MIPGap  0.005
Method  2
LogToConsole  0

Optimize a model with 13532 rows, 5548 columns and 38102 nonzeros (Min)
Model fingerprint: 0x47586a5f
Model has 663 linear objective coefficients and an objective constant of 396.859633
Variable types: 3498 continuous, 2050 integer (1688 binary)
Coefficient statistics:
  Matrix range     [1e-03, 1e+05]
  Objective range  [1e+00, 1e+00]
  Bounds range     [1e+00, 3e+00]
  RHS range        [1e-02, 2e+04]

Presolve removed 12807 rows and 4430 columns
Presolve time: 0.02s
Presolved: 725 rows, 1118 columns, 3719 nonzeros
Variable types: 982 continuous, 136 integer (136 binary)
Found heuristic solution: objective 86.6049000
Root barrier log...

Ordering time: 0.00s

Barrier statistics:
 AA' NZ     : 4.981e+03
 Factor NZ  : 1.948e+04 (roughly 1 MB of memory)
 Factor Ops : 7.463e+05 (less than 1 second per iteration)
 Threads    : 1

                  Objective                Residual
Iter       Primal          Dual         Primal    Dual     Compl     Time
   0  -2.06770536e+04 -1.22244071e+05  1.04e+02 2.70e+00  3.80e+02     0s
   1  -1.43660520e+03 -5.55984491e+04  7.86e+00 1.78e-14  4.46e+01     0s
   2   6.96020038e+01 -1.04561495e+04  6.46e-01 1.12e-12  5.44e+00     0s
   3   1.64341045e+02 -1.79956280e+03  3.74e-02 2.66e-13  8.47e-01     0s
   4   1.09529053e+02 -1.10751207e+02  5.19e-07 2.49e-14  9.21e-02     0s
   5   6.15039228e+01  8.85333269e+00  1.01e-07 3.55e-15  2.20e-02     0s
   6   5.10676734e+01  2.18000841e+01  4.41e-08 3.55e-15  1.22e-02     0s
   7   4.69273478e+01  3.56150363e+01  1.83e-08 3.55e-15  4.73e-03     0s
   8   4.49935496e+01  3.94680244e+01  8.40e-09 3.55e-15  2.31e-03     0s
   9   4.40642492e+01  4.16502477e+01  2.09e-09 5.05e-15  1.01e-03     0s
  10   4.38039482e+01  4.28376199e+01  1.15e-09 3.55e-15  4.04e-04     0s
  11   4.37859651e+01  4.29295746e+01  1.06e-09 3.55e-15  3.58e-04     0s
  12   4.35711461e+01  4.31805916e+01  4.06e-10 3.55e-15  1.63e-04     0s
  13   4.34854638e+01  4.33695777e+01  1.98e-10 3.55e-15  4.85e-05     0s
  14   4.34202692e+01  4.33910612e+01  3.14e-10 3.55e-15  1.22e-05     0s
  15   4.34043757e+01  4.34041617e+01  2.52e-10 3.55e-15  8.95e-08     0s
  16   4.34043351e+01  4.34043349e+01  5.44e-09 7.11e-15  9.19e-11     0s

Barrier solved model in 16 iterations and 0.06 seconds (0.06 work units)
Optimal objective 4.34043351e+01

Crossover time: 0.00 seconds (0.00 work units)

Root relaxation: objective 4.340434e+01, 52 iterations, 0.02 seconds (0.02 work units)

    Nodes    |    Current Node    |     Objective Bounds      |     Work
 Expl Unexpl |  Obj  Depth IntInf | Incumbent    BestBd   Gap | It/Node Time

     0     0   43.40434    0    3   86.60490   43.40434  49.9%     -    0s
H    0     0                      86.5188600   43.40434  49.8%     -    0s
H    0     0                      86.5188600   43.40434  49.8%     -    0s
H    0     0                      43.4076841   43.40434  0.01%     -    0s

Explored 1 nodes (52 simplex iterations) in 0.08 seconds (0.08 work units)
Thread count was 10 (of 10 available processors)

Solution count 3: 43.4077 86.5189 86.6049 

Optimal solution found (tolerance 5.00e-03)
Best objective 4.340768410576e+01, best bound 4.340433507329e+01, gap 0.0077%
