This is pdfTeX, Version 3.141592653-2.6-1.40.27 (TeX Live 2025) (preloaded format=pdflatex 2025.3.8)  26 SEP 2026 23:51
entering extended mode
 restricted \write18 enabled.
 file:line:error style messages enabled.
 %&-line parsing enabled.
**/Users/ashutosh/Desktop/Two-stage-Model/main.tex
(/Users/ashutosh/Desktop/Two-stage-Model/main.tex
LaTeX2e <2024-11-01> patch level 2
L3 programming layer <2025-01-18>
(/usr/local/texlive/2025/texmf-dist/tex/latex/elsarticle/elsarticle.cls
Document Class: elsarticle 2025/01/11, 3.4c: Elsevier Ltd
(/usr/local/texlive/2025/texmf-dist/tex/latex/base/fontenc.sty
Package: fontenc 2021/04/29 v2.0v Standard LaTeX package
) (/usr/local/texlive/2025/texmf-dist/tex/latex/l3kernel/expl3.sty
Package: expl3 2025-01-18 L3 programming layer (loader) 
 (/usr/local/texlive/2025/texmf-dist/tex/latex/l3backend/l3backend-pdftex.def
File: l3backend-pdftex.def 2024-05-08 L3 backend support: PDF output (pdfTeX)
\l__color_backend_stack_int=\count196
\l__pdf_internal_box=\box52
)) (/usr/local/texlive/2025/texmf-dist/tex/latex/l3packages/xparse/xparse.sty
Package: xparse 2024-08-16 L3 Experimental document command parser
) (/usr/local/texlive/2025/texmf-dist/tex/latex/etoolbox/etoolbox.sty
Package: etoolbox 2025/02/11 v2.5l e-TeX tools for LaTeX (JAW)
\etb@tempcnta=\count197
)
\@bls=\dimen141
 (/usr/local/texlive/2025/texmf-dist/tex/latex/base/article.cls
Document Class: article 2024/06/29 v1.4n Standard LaTeX document class
(/usr/local/texlive/2025/texmf-dist/tex/latex/base/size12.clo
File: size12.clo 2024/06/29 v1.4n Standard LaTeX file (size option)
)
\c@part=\count198
\c@section=\count199
\c@subsection=\count266
\c@subsubsection=\count267
\c@paragraph=\count268
\c@subparagraph=\count269
\c@figure=\count270
\c@table=\count271
\abovecaptionskip=\skip49
\belowcaptionskip=\skip50
\bibindent=\dimen142
) (/usr/local/texlive/2025/texmf-dist/tex/latex/graphics/graphicx.sty
Package: graphicx 2021/09/16 v1.2d Enhanced LaTeX Graphics (DPC,SPQR)
 (/usr/local/texlive/2025/texmf-dist/tex/latex/graphics/keyval.sty
Package: keyval 2022/05/29 v1.15 key=value parser (DPC)
\KV@toks@=\toks17
) (/usr/local/texlive/2025/texmf-dist/tex/latex/graphics/graphics.sty
Package: graphics 2024/08/06 v1.4g Standard LaTeX Graphics (DPC,SPQR)
 (/usr/local/texlive/2025/texmf-dist/tex/latex/graphics/trig.sty
Package: trig 2023/12/02 v1.11 sin cos tan (DPC)
) (/usr/local/texlive/2025/texmf-dist/tex/latex/graphics-cfg/graphics.cfg
File: graphics.cfg 2016/06/04 v1.11 sample graphics configuration
)
Package graphics Info: Driver file: pdftex.def on input line 106.
 (/usr/local/texlive/2025/texmf-dist/tex/latex/graphics-def/pdftex.def
File: pdftex.def 2024/04/13 v1.2c Graphics/color driver for pdftex
))
\Gin@req@height=\dimen143
\Gin@req@width=\dimen144
)
\c@tnote=\count272
\c@fnote=\count273
\c@cnote=\count274
\c@ead=\count275
\c@elsarticle@author=\count276
\@eadauthor=\toks18
\c@affn=\count277
\absbox=\box53
\elsarticlehighlightsbox=\box54
\elsarticlegrabsbox=\box55
\keybox=\box56
\Columnwidth=\dimen145
\space@left=\dimen146
\els@boxa=\box57
\els@boxb=\box58
\leftMargin=\dimen147
\@enLab=\toks19
\@sep=\skip51
\@@sep=\skip52
 (./main.spl) (/usr/local/texlive/2025/texmf-dist/tex/latex/natbib/natbib.sty
Package: natbib 2010/09/13 8.31b (PWD, AO)
\bibhang=\skip53
\bibsep=\skip54
LaTeX Info: Redefining \cite on input line 694.
\c@NAT@ctr=\count278
)
\splwrite=\write3
\openout3 = `main.spl'.

\appnamewidth=\dimen148
) (/usr/local/texlive/2025/texmf-dist/tex/latex/amsfonts/amssymb.sty
Package: amssymb 2013/01/14 v3.01 AMS font symbols
 (/usr/local/texlive/2025/texmf-dist/tex/latex/amsfonts/amsfonts.sty
Package: amsfonts 2013/01/14 v3.01 Basic AMSFonts support
\@emptytoks=\toks20
\symAMSa=\mathgroup4
\symAMSb=\mathgroup5
LaTeX Font Info:    Redeclaring math symbol \hbar on input line 98.
LaTeX Font Info:    Overwriting math alphabet `\mathfrak' in version `bold'
(Font)                  U/euf/m/n --> U/euf/b/n on input line 106.
)) (/usr/local/texlive/2025/texmf-dist/tex/latex/tools/enumerate.sty
Package: enumerate 2023/07/04 v3.00 enumerate extensions (DPC)
\@enLab=\toks21
) (/usr/local/texlive/2025/texmf-dist/tex/latex/xcolor/xcolor.sty
Package: xcolor 2024/09/29 v3.02 LaTeX color extensions (UK)
 (/usr/local/texlive/2025/texmf-dist/tex/latex/graphics-cfg/color.cfg
File: color.cfg 2016/01/02 v1.6 sample color configuration
)
Package xcolor Info: Driver file: pdftex.def on input line 274.
 (/usr/local/texlive/2025/texmf-dist/tex/latex/graphics/mathcolor.ltx)
Package xcolor Info: Model `cmy' substituted by `cmy0' on input line 1349.
Package xcolor Info: Model `hsb' substituted by `rgb' on input line 1353.
Package xcolor Info: Model `RGB' extended on input line 1365.
Package xcolor Info: Model `HTML' substituted by `rgb' on input line 1367.
Package xcolor Info: Model `Hsb' substituted by `hsb' on input line 1368.
Package xcolor Info: Model `tHsb' substituted by `hsb' on input line 1369.
Package xcolor Info: Model `HSB' substituted by `hsb' on input line 1370.
Package xcolor Info: Model `Gray' substituted by `gray' on input line 1371.
Package xcolor Info: Model `wave' substituted by `hsb' on input line 1372.
) (/usr/local/texlive/2025/texmf-dist/tex/latex/fancyhdr/fancyhdr.sty
Package: fancyhdr 2025/02/07 v5.2 Extensive control of page headers and footers
\f@nch@headwidth=\skip55
\f@nch@offset@elh=\skip56
\f@nch@offset@erh=\skip57
\f@nch@offset@olh=\skip58
\f@nch@offset@orh=\skip59
\f@nch@offset@elf=\skip60
\f@nch@offset@erf=\skip61
\f@nch@offset@olf=\skip62
\f@nch@offset@orf=\skip63
\f@nch@height=\skip64
\f@nch@footalignment=\skip65
\f@nch@widthL=\skip66
\f@nch@widthC=\skip67
\f@nch@widthR=\skip68
\@temptokenb=\toks22
) (/usr/local/texlive/2025/texmf-dist/tex/latex/url/url.sty
\Urlmuskip=\muskip17
Package: url 2013/09/16  ver 3.4  Verb mode for urls, etc.
) (/usr/local/texlive/2025/texmf-dist/tex/latex/amsmath/amsmath.sty
Package: amsmath 2024/11/05 v2.17t AMS math features
\@mathmargin=\skip69

For additional information on amsmath, use the `?' option.
(/usr/local/texlive/2025/texmf-dist/tex/latex/amsmath/amstext.sty
Package: amstext 2021/08/26 v2.01 AMS text
 (/usr/local/texlive/2025/texmf-dist/tex/latex/amsmath/amsgen.sty
File: amsgen.sty 1999/11/30 v2.0 generic functions
\@emptytoks=\toks23
\ex@=\dimen149
)) (/usr/local/texlive/2025/texmf-dist/tex/latex/amsmath/amsbsy.sty
Package: amsbsy 1999/11/29 v1.2d Bold Symbols
\pmbraise@=\dimen150
) (/usr/local/texlive/2025/texmf-dist/tex/latex/amsmath/amsopn.sty
Package: amsopn 2022/04/08 v2.04 operator names
)
\inf@bad=\count279
LaTeX Info: Redefining \frac on input line 233.
\uproot@=\count280
\leftroot@=\count281
LaTeX Info: Redefining \overline on input line 398.
LaTeX Info: Redefining \colon on input line 409.
\classnum@=\count282
\DOTSCASE@=\count283
LaTeX Info: Redefining \ldots on input line 495.
LaTeX Info: Redefining \dots on input line 498.
LaTeX Info: Redefining \cdots on input line 619.
\Mathstrutbox@=\box59
\strutbox@=\box60
LaTeX Info: Redefining \big on input line 721.
LaTeX Info: Redefining \Big on input line 722.
LaTeX Info: Redefining \bigg on input line 723.
LaTeX Info: Redefining \Bigg on input line 724.
\big@size=\dimen151
LaTeX Font Info:    Redeclaring font encoding OML on input line 742.
LaTeX Font Info:    Redeclaring font encoding OMS on input line 743.
\macc@depth=\count284
LaTeX Info: Redefining \bmod on input line 904.
LaTeX Info: Redefining \pmod on input line 909.
LaTeX Info: Redefining \smash on input line 939.
LaTeX Info: Redefining \relbar on input line 969.
LaTeX Info: Redefining \Relbar on input line 970.
\c@MaxMatrixCols=\count285
\dotsspace@=\muskip18
\c@parentequation=\count286
\dspbrk@lvl=\count287
\tag@help=\toks24
\row@=\count288
\column@=\count289
\maxfields@=\count290
\andhelp@=\toks25
\eqnshift@=\dimen152
\alignsep@=\dimen153
\tagshift@=\dimen154
\tagwidth@=\dimen155
\totwidth@=\dimen156
\lineht@=\dimen157
\@envbody=\toks26
\multlinegap=\skip70
\multlinetaggap=\skip71
\mathdisplay@stack=\toks27
LaTeX Info: Redefining \[ on input line 2953.
LaTeX Info: Redefining \] on input line 2954.
) (/usr/local/texlive/2025/texmf-dist/tex/latex/tools/array.sty
Package: array 2024/10/17 v2.6g Tabular extension package (FMi)
\col@sep=\dimen158
\ar@mcellbox=\box61
\extrarowheight=\dimen159
\NC@list=\toks28
\extratabsurround=\skip72
\backup@length=\skip73
\ar@cellbox=\box62
) (/usr/local/texlive/2025/texmf-dist/tex/latex/subfig/subfig.sty
Package: subfig 2005/06/28 ver: 1.3 subfig package
 (/usr/local/texlive/2025/texmf-dist/tex/latex/caption/caption3.sty
Package: caption3 2023/07/31 v2.4d caption3 kernel (AR)
\caption@tempdima=\dimen160
\captionmargin=\dimen161
\caption@leftmargin=\dimen162
\caption@rightmargin=\dimen163
\caption@width=\dimen164
\caption@indent=\dimen165
\caption@parindent=\dimen166
\caption@hangindent=\dimen167
Package caption Info: elsarticle document class detected.
 (/usr/local/texlive/2025/texmf-dist/tex/latex/caption/caption-elsarticle.sto
File: caption-elsarticle.sto 2020/08/22 v2.0 Adaption of the caption package to the elsarticle document class (AR)
))
\c@KVtest=\count291
\sf@farskip=\skip74
\sf@captopadj=\dimen168
\sf@capskip=\skip75
\sf@nearskip=\skip76
\c@subfigure=\count292
\c@subfigure@save=\count293
\c@lofdepth=\count294
\c@subtable=\count295
\c@subtable@save=\count296
\c@lotdepth=\count297
\sf@top=\skip77
\sf@bottom=\skip78
) (/usr/local/texlive/2025/texmf-dist/tex/latex/optidef/optidef.sty
Package: optidef 2019/04/23 - version=3.1, Package for defining optimization problems
 (/usr/local/texlive/2025/texmf-dist/tex/latex/environ/environ.sty
Package: environ 2014/05/04 v0.3 A new way to define environments
 (/usr/local/texlive/2025/texmf-dist/tex/latex/trimspaces/trimspaces.sty
Package: trimspaces 2009/09/17 v1.1 Trim spaces around a token list
)) (/usr/local/texlive/2025/texmf-dist/tex/latex/mathtools/mathtools.sty
Package: mathtools 2024/10/04 v1.31 mathematical typesetting tools
 (/usr/local/texlive/2025/texmf-dist/tex/latex/tools/calc.sty
Package: calc 2023/07/08 v4.3 Infix arithmetic (KKT,FJ)
\calc@Acount=\count298
\calc@Bcount=\count299
\calc@Adimen=\dimen169
\calc@Bdimen=\dimen170
\calc@Askip=\skip79
\calc@Bskip=\skip80
LaTeX Info: Redefining \setlength on input line 80.
LaTeX Info: Redefining \addtolength on input line 81.
\calc@Ccount=\count300
\calc@Cskip=\skip81
) (/usr/local/texlive/2025/texmf-dist/tex/latex/mathtools/mhsetup.sty
Package: mhsetup 2021/03/18 v1.4 programming setup (MH)
)
\g_MT_multlinerow_int=\count301
\l_MT_multwidth_dim=\dimen171
\origjot=\skip82
\l_MT_shortvdotswithinadjustabove_dim=\dimen172
\l_MT_shortvdotswithinadjustbelow_dim=\dimen173
\l_MT_above_intertext_sep=\dimen174
\l_MT_below_intertext_sep=\dimen175
\l_MT_above_shortintertext_sep=\dimen176
\l_MT_below_shortintertext_sep=\dimen177
\xmathstrut@box=\box63
\xmathstrut@dim=\dimen178
) (/usr/local/texlive/2025/texmf-dist/tex/latex/xifthen/xifthen.sty
Package: xifthen 2015/11/05 v1.4.0 Extended ifthen features
 (/usr/local/texlive/2025/texmf-dist/tex/latex/base/ifthen.sty
Package: ifthen 2024/03/16 v1.1e Standard LaTeX ifthen package (DPC)
) (/usr/local/texlive/2025/texmf-dist/tex/latex/ifmtarg/ifmtarg.sty
Package: ifmtarg 2018/04/16 v1.2b check for an empty argument
))
\widthInit=\skip83
) (/usr/local/texlive/2025/texmf-dist/tex/latex/geometry/geometry.sty
Package: geometry 2020/01/02 v5.9 Page Geometry
 (/usr/local/texlive/2025/texmf-dist/tex/generic/iftex/ifvtex.sty
Package: ifvtex 2019/10/25 v1.7 ifvtex legacy package. Use iftex instead.
 (/usr/local/texlive/2025/texmf-dist/tex/generic/iftex/iftex.sty
Package: iftex 2024/12/12 v1.0g TeX engine tests
))
\Gm@cnth=\count302
\Gm@cntv=\count303
\c@Gm@tempcnt=\count304
\Gm@bindingoffset=\dimen179
\Gm@wd@mp=\dimen180
\Gm@odd@mp=\dimen181
\Gm@even@mp=\dimen182
\Gm@layoutwidth=\dimen183
\Gm@layoutheight=\dimen184
\Gm@layouthoffset=\dimen185
\Gm@layoutvoffset=\dimen186
\Gm@dimlist=\toks29
) (/usr/local/texlive/2025/texmf-dist/tex/latex/enumitem/enumitem.sty
Package: enumitem 2025/02/06 v3.11 Customized lists
\labelindent=\skip84
\enit@outerparindent=\dimen187
\enit@toks=\toks30
\enit@inbox=\box64
\enit@count@id=\count305
\enitdp@description=\count306
) (/usr/local/texlive/2025/texmf-dist/tex/latex/setspace/setspace.sty
Package: setspace 2022/12/04 v6.7b set line spacing
) (./main.aux)
\openout1 = `main.aux'.

LaTeX Font Info:    Checking defaults for OML/cmm/m/it on input line 18.
LaTeX Font Info:    ... okay on input line 18.
LaTeX Font Info:    Checking defaults for OMS/cmsy/m/n on input line 18.
LaTeX Font Info:    ... okay on input line 18.
LaTeX Font Info:    Checking defaults for OT1/cmr/m/n on input line 18.
LaTeX Font Info:    ... okay on input line 18.
LaTeX Font Info:    Checking defaults for T1/cmr/m/n on input line 18.
LaTeX Font Info:    ... okay on input line 18.
LaTeX Font Info:    Checking defaults for TS1/cmr/m/n on input line 18.
LaTeX Font Info:    ... okay on input line 18.
LaTeX Font Info:    Checking defaults for OMX/cmex/m/n on input line 18.
LaTeX Font Info:    ... okay on input line 18.
LaTeX Font Info:    Checking defaults for U/cmr/m/n on input line 18.
LaTeX Font Info:    ... okay on input line 18.
 (/usr/local/texlive/2025/texmf-dist/tex/context/base/mkii/supp-pdf.mkii
[Loading MPS to PDF converter (version 2006.09.02).]
\scratchcounter=\count307
\scratchdimen=\dimen188
\scratchbox=\box65
\nofMPsegments=\count308
\nofMParguments=\count309
\everyMPshowfont=\toks31
\MPscratchCnt=\count310
\MPscratchDim=\dimen189
\MPnumerator=\count311
\makeMPintoPDFobject=\count312
\everyMPtoPDFconversion=\toks32
) (/usr/local/texlive/2025/texmf-dist/tex/latex/epstopdf-pkg/epstopdf-base.sty
Package: epstopdf-base 2020-01-24 v2.11 Base part for package epstopdf
Package epstopdf-base Info: Redefining graphics rule for `.eps' on input line 485.
 (/usr/local/texlive/2025/texmf-dist/tex/latex/latexconfig/epstopdf-sys.cfg
File: epstopdf-sys.cfg 2010/07/13 v1.3 Configuration of (r)epstopdf for TeX Live
))
Package caption Info: Begin \AtBeginDocument code.
Package caption Info: subfig package v1.3 is loaded.
Package caption Info: End \AtBeginDocument code.

*geometry* driver: auto-detecting
*geometry* detected driver: pdftex
*geometry* verbose mode - [ preamble ] result:
* driver: pdftex
* paper: <default>
* layout: <same size as paper>
* layoutoffset:(h,v)=(0.0pt,0.0pt)
* modes: 
* h-part:(L,W,R)=(72.26999pt, 469.75502pt, 72.26999pt)
* v-part:(T,H,B)=(72.26999pt, 650.43001pt, 72.26999pt)
* \paperwidth=614.295pt
* \paperheight=794.96999pt
* \textwidth=469.75502pt
* \textheight=650.43001pt
* \oddsidemargin=0.0pt
* \evensidemargin=0.0pt
* \topmargin=-37.0pt
* \headheight=12.0pt
* \headsep=25.0pt
* \topskip=12.0pt
* \footskip=30.0pt
* \marginparwidth=44.0pt
* \marginparsep=10.0pt
* \columnsep=10.0pt
* \skip\footins=24.0pt
* \hoffset=0.0pt
* \voffset=0.0pt
* \mag=1000
* \@twocolumnfalse
* \@twosidefalse
* \@mparswitchfalse
* \@reversemarginfalse
* (1in=72.27pt=25.4mm, 1cm=28.453pt)

LaTeX Font Info:    Trying to load font information for U+msa on input line 48.
(/usr/local/texlive/2025/texmf-dist/tex/latex/amsfonts/umsa.fd
File: umsa.fd 2013/01/14 v3.01 AMS symbols A
)
LaTeX Font Info:    Trying to load font information for U+msb on input line 48.
 (/usr/local/texlive/2025/texmf-dist/tex/latex/amsfonts/umsb.fd
File: umsb.fd 2013/01/14 v3.01 AMS symbols B
)

Package natbib Warning: Citation `billion_nerc' on page 1 undefined on input line 52.


Package natbib Warning: Citation `NERC2018' on page 1 undefined on input line 52.



[1


{/usr/local/texlive/2025/texmf-var/fonts/map/pdftex/updmap/pdftex.map}{/usr/local/texlive/2025/texmf-dist/fonts/enc/dvips/cm-super/cm-super-t1.enc}]

[2]

Package natbib Warning: Citation `NERC2018' on page 3 undefined on input line 66.


LaTeX Warning: Reference `lit_review' on page 3 undefined on input line 68.


LaTeX Warning: Reference `model' on page 3 undefined on input line 68.


LaTeX Warning: Reference `per-storm-model' on page 3 undefined on input line 68.


LaTeX Warning: Reference `case_study' on page 3 undefined on input line 68.


LaTeX Warning: Reference `results' on page 3 undefined on input line 68.


LaTeX Warning: Reference `conclusions' on page 3 undefined on input line 68.


Package natbib Warning: Citation `framework_grid_resilience' on page 3 undefined on input line 71.


Package natbib Warning: Citation `AHMADIAN2020106977' on page 3 undefined on input line 71.


Package natbib Warning: Citation `Panteli_metrics' on page 3 undefined on input line 71.


Package natbib Warning: Citation `hosseini2016review' on page 3 undefined on input line 71.


Package natbib Warning: Citation `golan_dimensions_2026' on page 3 undefined on input line 71.


Package natbib Warning: Citation `Panteli_framework' on page 3 undefined on input line 71.


Package natbib Warning: Citation `WINKLER2010323' on page 3 undefined on input line 71.


Package natbib Warning: Citation `framework_5' on page 3 undefined on input line 71.



[3]

Package natbib Warning: Citation `MA2022108072' on page 4 undefined on input line 76.


Package natbib Warning: Citation `seth_2021' on page 4 undefined on input line 76.


Package natbib Warning: Citation `Panteli_boosting' on page 4 undefined on input line 76.


Package natbib Warning: Citation `Staid2014' on page 4 undefined on input line 76.


Package natbib Warning: Citation `kyoung_paper' on page 4 undefined on input line 76.


Package natbib Warning: Citation `SOUTO2022107545' on page 4 undefined on input line 76.


Package natbib Warning: Citation `9470975' on page 4 undefined on input line 76.


Package natbib Warning: Citation `roald_power_2023' on page 4 undefined on input line 79.


Package natbib Warning: Citation `9470975' on page 4 undefined on input line 79.


Package natbib Warning: Citation `9842364' on page 4 undefined on input line 79.


Package natbib Warning: Citation `7540988' on page 4 undefined on input line 79.


Package natbib Warning: Citation `Coffrin2011' on page 4 undefined on input line 81.


Package natbib Warning: Citation `Panteli_boosting' on page 4 undefined on input line 81.


Package natbib Warning: Citation `9695371' on page 4 undefined on input line 86.


Package natbib Warning: Citation `SAHIN2025110892' on page 4 undefined on input line 86.



[4]

Package natbib Warning: Citation `Mohadese' on page 5 undefined on input line 88.


Package natbib Warning: Citation `10287582' on page 5 undefined on input line 88.


Package natbib Warning: Citation `Mohadese' on page 5 undefined on input line 88.


Package natbib Warning: Citation `10287582' on page 5 undefined on input line 88.


Package natbib Warning: Citation `9916992' on page 5 undefined on input line 88.


Package natbib Warning: Citation `austgen_iise_2025' on page 5 undefined on input line 88.


Package natbib Warning: Citation `yip_ieee_access_mobile' on page 5 undefined on input line 88.


Package natbib Warning: Citation `Mohadese' on page 5 undefined on input line 88.


Package natbib Warning: Citation `10287582' on page 5 undefined on input line 88.


Package natbib Warning: Citation `SOUTO2022107545' on page 5 undefined on input line 90.


Package natbib Warning: Citation `SOUTO2022107545' on page 5 undefined on input line 90.


Package natbib Warning: Citation `WANG2025111202' on page 5 undefined on input line 90.


Package natbib Warning: Citation `SONG11523060' on page 5 undefined on input line 90.


Package natbib Warning: Citation `SONG11006430' on page 5 undefined on input line 90.



[5]

[6]

LaTeX Warning: Reference `case_study' on page 7 undefined on input line 100.



[7]

LaTeX Warning: Reference `tc_so' on page 8 undefined on input line 114.


LaTeX Warning: Reference `SO_model' on page 8 undefined on input line 114.


LaTeX Warning: Reference `tc_so' on page 8 undefined on input line 114.


LaTeX Warning: Reference `per-storm-model' on page 8 undefined on input line 114.


LaTeX Warning: Reference `case_study' on page 8 undefined on input line 114.


LaTeX Warning: Reference `tradeoff' on page 8 undefined on input line 114.



[8]

LaTeX Warning: Reference `per-storm-model' on page 9 undefined on input line 124.



[9]

LaTeX Warning: Reference `fig:schematic_only' on page 10 undefined on input line 202.



[10]

LaTeX Warning: Reference `fig:damage_scenario' on page 11 undefined on input line 205.



[11]

Package natbib Warning: Citation `9842364' on page 12 undefined on input line 211.


Package natbib Warning: Citation `Coffrin2011' on page 12 undefined on input line 211.


Package natbib Warning: Citation `austgen_impacts_2025' on page 12 undefined on input line 211.


LaTeX Warning: File `figures/new_schematic.pdf' not found on input line 217.


/Users/ashutosh/Desktop/Two-stage-Model/main.tex:217: Package pdftex.def Error: File `figures/new_schematic.pdf' not found: using draft setting.

See the pdftex.def package documentation for explanation.
Type  H <return>  for immediate help.
 ...                                              
                                                  
l.217 ...0.9\textwidth]{figures/new_schematic.pdf}
                                                  
Try typing  <return>  to proceed.
If that doesn't work, type  X <return>  to quit.


LaTeX Warning: File `two-stage.png' not found on input line 223.


/Users/ashutosh/Desktop/Two-stage-Model/main.tex:223: Package pdftex.def Error: File `two-stage.png' not found: using draft setting.

See the pdftex.def package documentation for explanation.
Type  H <return>  for immediate help.
 ...                                              
                                                  
l.223 ...phics[width=0.9\textwidth]{two-stage.png}
                                                  
Try typing  <return>  to proceed.
If that doesn't work, type  X <return>  to quit.



[12]

[13]

LaTeX Warning: Reference `SO_problem' on page 14 undefined on input line 301.


LaTeX Warning: Reference `budget_constraint' on page 14 undefined on input line 312.


LaTeX Warning: Reference `constraint_tighetening' on page 14 undefined on input line 312.


LaTeX Warning: Reference `SO_defination' on page 14 undefined on input line 315.



[14]

LaTeX Warning: Reference `objective' on page 15 undefined on input line 339.


LaTeX Warning: Reference `linking_1' on page 15 undefined on input line 339.


LaTeX Warning: Reference `linking_2' on page 15 undefined on input line 339.


LaTeX Warning: Reference `other_z' on page 15 undefined on input line 339.


LaTeX Warning: Reference `flexible_generation' on page 15 undefined on input line 341.


LaTeX Warning: Reference `supply_demand' on page 15 undefined on input line 341.


LaTeX Warning: Reference `capacity_constraint' on page 15 undefined on input line 341.


LaTeX Warning: Reference `edge_operational_1' on page 15 undefined on input line 341.


LaTeX Warning: Reference `edge_operational_2' on page 15 undefined on input line 341.


LaTeX Warning: Reference `phase_angle_constraint' on page 15 undefined on input line 341.


LaTeX Warning: Reference `flow_balance' on page 15 undefined on input line 342.


LaTeX Warning: Reference `phase_side_constraint' on page 15 undefined on input line 342.


LaTeX Warning: Reference `reference_bus' on page 15 undefined on input line 343.



[15]

LaTeX Warning: Reference `eq:robust_feasible' on page 16 undefined on input line 377.


LaTeX Warning: Reference `eq:equal_load_shed' on page 16 undefined on input line 377.



[16]

LaTeX Warning: Reference `uncertain prob' on page 17 undefined on input line 383.


LaTeX Warning: Reference `sensitivity' on page 17 undefined on input line 383.


Package natbib Warning: Citation `MEOW' on page 17 undefined on input line 387.


Package natbib Warning: Citation `activsg2000' on page 17 undefined on input line 387.


Package natbib Warning: Citation `gurobi' on page 17 undefined on input line 389.


LaTeX Warning: File `figures/MEOW.pdf' not found on input line 395.


/Users/ashutosh/Desktop/Two-stage-Model/main.tex:395: Package pdftex.def Error: File `figures/MEOW.pdf' not found: using draft setting.

See the pdftex.def package documentation for explanation.
Type  H <return>  for immediate help.
 ...                                              
                                                  
l.395 ...ip,width=0.5\textwidth]{figures/MEOW.pdf}
                                                  
Try typing  <return>  to proceed.
If that doesn't work, type  X <return>  to quit.


LaTeX Warning: Reference `fig:MEOW' on page 17 undefined on input line 402.


LaTeX Warning: Reference `linking_1' on page 17 undefined on input line 402.


LaTeX Warning: Reference `linking_2' on page 17 undefined on input line 402.



[17]

[18]

LaTeX Warning: Reference `overview' on page 19 undefined on input line 404.


LaTeX Warning: Reference `tradeoff' on page 19 undefined on input line 404.


LaTeX Warning: Reference `sensitivity' on page 19 undefined on input line 411.



[19]

LaTeX Warning: Reference `tab:grid_before_and_after' on page 20 undefined on input line 415.


LaTeX Warning: Reference `fig:grid_reduction' on page 20 undefined on input line 415.


Package natbib Warning: Citation `HIFLD_Electric_Substations' on page 20 undefined on input line 415.

<figures/grid.pdf, id=81, 819.06pt x 361.35pt>
File: figures/grid.pdf Graphic file (type pdf)
<use figures/grid.pdf>
Package pdftex.def Info: figures/grid.pdf  used on input line 420.
(pdftex.def)             Requested size: 328.82707pt x 145.07227pt.

LaTeX Warning: Reference `vssevpi' on page 20 undefined on input line 450.


LaTeX Warning: Reference `uncertain prob' on page 20 undefined on input line 452.


LaTeX Warning: Reference `sensitivity' on page 20 undefined on input line 452.


LaTeX Warning: Reference `tradeoff' on page 20 undefined on input line 452.


LaTeX Warning: Reference `optimalbudget' on page 20 undefined on input line 452.



[20{/usr/local/texlive/2025/texmf-dist/fonts/enc/dvips/cm-super/cm-super-ts1.enc}]

LaTeX Warning: Reference `fig:16_scenarios_bounds' on page 21 undefined on input line 457.


LaTeX Warning: Reference `budget_constraint' on page 21 undefined on input line 457.


LaTeX Warning: Reference `budget_constraint' on page 21 undefined on input line 457.


LaTeX Warning: Reference `supply_demand' on page 21 undefined on input line 457.


LaTeX Warning: Reference `fig:16_scenarios_bounds' on page 21 undefined on input line 457.



[21 <./figures/grid.pdf>]

LaTeX Warning: Reference `fig:16_scenarios_bounds' on page 22 undefined on input line 460.


LaTeX Warning: Reference `ev' on page 22 undefined on input line 465.


LaTeX Warning: Reference `ev' on page 22 undefined on input line 467.


LaTeX Warning: Reference `fig:16_scenarios_bounds' on page 22 undefined on input line 469.



[22]
<figures/bounds.pdf, id=109, 289.08pt x 289.08pt>
File: figures/bounds.pdf Graphic file (type pdf)
<use figures/bounds.pdf>
Package pdftex.def Info: figures/bounds.pdf  used on input line 487.
(pdftex.def)             Requested size: 151.41653pt x 144.54pt.

Overfull \hbox (10.4886pt too wide) in paragraph at lines 487--488
[][] 
 []

<figures/robust_decision_bounds.pdf, id=111, 289.08pt x 289.08pt>
File: figures/robust_decision_bounds.pdf Graphic file (type pdf)
<use figures/robust_decision_bounds.pdf>
Package pdftex.def Info: figures/robust_decision_bounds.pdf  used on input line 494.
(pdftex.def)             Requested size: 151.41653pt x 144.54pt.

Overfull \hbox (10.4886pt too wide) in paragraph at lines 494--495
 [][] 
 []


LaTeX Warning: File `figures/TLSC_s10_h6_v1000.png' not found on input line 501.


/Users/ashutosh/Desktop/Two-stage-Model/main.tex:501: Package pdftex.def Error: File `figures/TLSC_s10_h6_v1000.png' not found: using draft setting.

See the pdftex.def package documentation for explanation.
Type  H <return>  for immediate help.
 ...                                              
                                                  
l.501 ...ght=1.5in]{figures/TLSC_s10_h6_v1000.png}
                                                  
Try typing  <return>  to proceed.
If that doesn't work, type  X <return>  to quit.


Overfull \hbox (3.64673pt too wide) in paragraph at lines 501--502
 [][] 
 []



[23 <./figures/bounds.pdf> <./figures/robust_decision_bounds.pdf>]

LaTeX Warning: Reference `RO_model' on page 24 undefined on input line 534.


LaTeX Warning: Reference `fig:robust_bound' on page 24 undefined on input line 534.



[24]

LaTeX Warning: Reference `dro_equivalence' on page 25 undefined on input line 536.


LaTeX Warning: Reference `uncertain prob' on page 25 undefined on input line 540.



[25]

LaTeX Warning: Reference `vssevpi' on page 26 undefined on input line 542.


LaTeX Warning: Reference `fig:certainty' on page 26 undefined on input line 565.


LaTeX Warning: Reference `tab:sensitivity' on page 26 undefined on input line 565.



[26]
Overfull \hbox (23.26082pt too wide) in paragraph at lines 587--589
 [][][] 
 []



[27]

LaTeX Warning: Reference `fig:slow_storm' on page 28 undefined on input line 593.


LaTeX Warning: Reference `tab:sensitivity' on page 28 undefined on input line 593.


LaTeX Warning: Reference `tradeoff' on page 28 undefined on input line 593.


LaTeX Warning: Reference `dro_equivalence' on page 28 undefined on input line 593.


LaTeX Warning: Reference `overview' on page 28 undefined on input line 593.


LaTeX Warning: Reference `uncertain prob' on page 28 undefined on input line 595.


LaTeX Warning: Reference `vssevpi' on page 28 undefined on input line 607.


LaTeX Warning: Reference `overview' on page 28 undefined on input line 607.


LaTeX Warning: Reference `z_of_i' on page 28 undefined on input line 607.


LaTeX Warning: Reference `budget_section' on page 28 undefined on input line 607.


LaTeX Warning: Reference `fig:loadshedcostforgivenparams' on page 28 undefined on input line 607.


LaTeX Warning: Reference `fig:16_scenarios_bounds' on page 28 undefined on input line 607.



[28]

LaTeX Warning: Reference `fig:totaldisastermanagementcostforgivenparams' on page 29 undefined on input line 616.


LaTeX Warning: Reference `vssevpi' on page 29 undefined on input line 616.


LaTeX Warning: Reference `tdmc' on page 29 undefined on input line 616.



[29]

LaTeX Warning: File `figures/TDMC_s10_h6_v250.png' not found on input line 620.


/Users/ashutosh/Desktop/Two-stage-Model/main.tex:620: Package pdftex.def Error: File `figures/TDMC_s10_h6_v250.png' not found: using draft setting.

See the pdftex.def package documentation for explanation.
Type  H <return>  for immediate help.
 ...                                              
                                                  
l.620 ...ight=1.3in]{figures/TDMC_s10_h6_v250.png}
                                                  
Try typing  <return>  to proceed.
If that doesn't work, type  X <return>  to quit.


LaTeX Warning: File `figures/TDMC_s10_h6_v500.png' not found on input line 621.


/Users/ashutosh/Desktop/Two-stage-Model/main.tex:621: Package pdftex.def Error: File `figures/TDMC_s10_h6_v500.png' not found: using draft setting.

See the pdftex.def package documentation for explanation.
Type  H <return>  for immediate help.
 ...                                              
                                                  
l.621 ...ight=1.3in]{figures/TDMC_s10_h6_v500.png}
                                                  
Try typing  <return>  to proceed.
If that doesn't work, type  X <return>  to quit.


LaTeX Warning: File `figures/TDMC_s10_h6_v1000.png' not found on input line 622.


/Users/ashutosh/Desktop/Two-stage-Model/main.tex:622: Package pdftex.def Error: File `figures/TDMC_s10_h6_v1000.png' not found: using draft setting.

See the pdftex.def package documentation for explanation.
Type  H <return>  for immediate help.
 ...                                              
                                                  
l.622 ...ght=1.3in]{figures/TDMC_s10_h6_v1000.png}
                                                  
Try typing  <return>  to proceed.
If that doesn't work, type  X <return>  to quit.


LaTeX Warning: Reference `fig:nearoptimaltdmcvoll' on page 30 undefined on input line 627.


LaTeX Warning: Reference `overview' on page 30 undefined on input line 627.


LaTeX Warning: Reference `fig:totaldisastermanagementcostforgivenparams' on page 30 undefined on input line 627.



[30]

LaTeX Warning: File `figures/TDMC_s10_h6_voll_optI.png' not found on input line 631.


/Users/ashutosh/Desktop/Two-stage-Model/main.tex:631: Package pdftex.def Error: File `figures/TDMC_s10_h6_voll_optI.png' not found: using draft setting.

See the pdftex.def package documentation for explanation.
Type  H <return>  for immediate help.
 ...                                              
                                                  
l.631 ...2.0in]{figures/TDMC_s10_h6_voll_optI.png}
                                                  
Try typing  <return>  to proceed.
If that doesn't work, type  X <return>  to quit.


LaTeX Warning: File `figures/TDMC_s10_h24_voll_optI.png' not found on input line 632.


/Users/ashutosh/Desktop/Two-stage-Model/main.tex:632: Package pdftex.def Error: File `figures/TDMC_s10_h24_voll_optI.png' not found: using draft setting.

See the pdftex.def package documentation for explanation.
Type  H <return>  for immediate help.
 ...                                              
                                                  
l.632 ....0in]{figures/TDMC_s10_h24_voll_optI.png}
                                                  
Try typing  <return>  to proceed.
If that doesn't work, type  X <return>  to quit.


Package natbib Warning: Citation `ercot_voll' on page 31 undefined on input line 639.



[31]

[32]
No file main.bbl.

LaTeX Warning: Reference `fig:nearoptimaltdmcvoll' on page 33 undefined on input line 672.



[33]

LaTeX Warning: Reference `vssevpi' on page 34 undefined on input line 682.


LaTeX Warning: File `figures/voll_quick_ytitle.png' not found on input line 687.


/Users/ashutosh/Desktop/Two-stage-Model/main.tex:687: Package pdftex.def Error: File `figures/voll_quick_ytitle.png' not found: using draft setting.

See the pdftex.def package documentation for explanation.
Type  H <return>  for immediate help.
 ...                                              
                                                  
l.687 ...ght=1.4in]{figures/voll_quick_ytitle.png}
                                                  
Try typing  <return>  to proceed.
If that doesn't work, type  X <return>  to quit.


LaTeX Warning: File `figures/voll_quick_part1.png' not found on input line 688.


/Users/ashutosh/Desktop/Two-stage-Model/main.tex:688: Package pdftex.def Error: File `figures/voll_quick_part1.png' not found: using draft setting.

See the pdftex.def package documentation for explanation.
Type  H <return>  for immediate help.
 ...                                              
                                                  
l.688 ...ight=1.4in]{figures/voll_quick_part1.png}
                                                  
Try typing  <return>  to proceed.
If that doesn't work, type  X <return>  to quit.


LaTeX Warning: File `figures/voll_quick_part2.png' not found on input line 689.


/Users/ashutosh/Desktop/Two-stage-Model/main.tex:689: Package pdftex.def Error: File `figures/voll_quick_part2.png' not found: using draft setting.

See the pdftex.def package documentation for explanation.
Type  H <return>  for immediate help.
 ...                                              
                                                  
l.689 ...ight=1.4in]{figures/voll_quick_part2.png}
                                                  
Try typing  <return>  to proceed.
If that doesn't work, type  X <return>  to quit.


LaTeX Warning: File `figures/voll_quick_xtitle.png' not found on input line 690.


/Users/ashutosh/Desktop/Two-stage-Model/main.tex:690: Package pdftex.def Error: File `figures/voll_quick_xtitle.png' not found: using draft setting.

See the pdftex.def package documentation for explanation.
Type  H <return>  for immediate help.
 ...                                              
                                                  
l.690 ...ght=0.2in]{figures/voll_quick_xtitle.png}
                                                  
Try typing  <return>  to proceed.
If that doesn't work, type  X <return>  to quit.


LaTeX Warning: Reference `fig:voll_quick' on page 34 undefined on input line 695.


LaTeX Warning: Reference `fig:nearoptimaltdmcvoll' on page 34 undefined on input line 695.



[34]

LaTeX Warning: Reference `fig:para_analysis' on page 35 undefined on input line 697.


LaTeX Warning: File `figures/parametric_analysis_chart.png' not found on input line 702.


/Users/ashutosh/Desktop/Two-stage-Model/main.tex:702: Package pdftex.def Error: File `figures/parametric_analysis_chart.png' not found: using draft setting.

See the pdftex.def package documentation for explanation.
Type  H <return>  for immediate help.
 ...                                              
                                                  
l.702 ...n]{figures/parametric_analysis_chart.png}
                                                  
Try typing  <return>  to proceed.
If that doesn't work, type  X <return>  to quit.


LaTeX Warning: File `figures/parametric_analysis_legend.png' not found on input line 703.


/Users/ashutosh/Desktop/Two-stage-Model/main.tex:703: Package pdftex.def Error: File `figures/parametric_analysis_legend.png' not found: using draft setting.

See the pdftex.def package documentation for explanation.
Type  H <return>  for immediate help.
 ...                                              
                                                  
l.703 ...]{figures/parametric_analysis_legend.png}
                                                  
Try typing  <return>  to proceed.
If that doesn't work, type  X <return>  to quit.


Package natbib Warning: There were undefined citations.



[35] (./main.aux)
 ***********
LaTeX2e <2024-11-01> patch level 2
L3 programming layer <2025-01-18>
 ***********


LaTeX Warning: There were undefined references.


LaTeX Warning: Label(s) may have changed. Rerun to get cross-references right.

 ) 
Here is how much of TeX's memory you used:
 8504 strings out of 473190
 145392 string characters out of 5715801
 555160 words of memory out of 5000000
 31633 multiletter control sequences out of 15000+600000
 574046 words of font info for 75 fonts, out of 8000000 for 9000
 1141 hyphenation exceptions out of 8191
 72i,13n,79p,3835b,374s stack positions out of 10000i,1000n,20000p,200000b,200000s
</usr/local/texlive/2025/texmf-dist/fonts/type1/public/amsfonts/cm/cmex10.pfb></usr/local/texlive/2025/texmf-dist/fonts/type1/public/amsfonts/cm/cmmi10.pfb></usr/local/texlive/2025/texmf-dist/fonts/type1/public/amsfonts/cm/cmmi12.pfb></usr/local/texlive/2025/texmf-dist/fonts/type1/public/amsfonts/cm/cmmi6.pfb></usr/local/texlive/2025/texmf-dist/fonts/type1/public/amsfonts/cm/cmmi7.pfb></usr/local/texlive/2025/texmf-dist/fonts/type1/public/amsfonts/cm/cmmi8.pfb></usr/local/texlive/2025/texmf-dist/fonts/type1/public/amsfonts/cm/cmr10.pfb></usr/local/texlive/2025/texmf-dist/fonts/type1/public/amsfonts/cm/cmr12.pfb></usr/local/texlive/2025/texmf-dist/fonts/type1/public/amsfonts/cm/cmr8.pfb></usr/local/texlive/2025/texmf-dist/fonts/type1/public/amsfonts/cm/cmsy10.pfb></usr/local/texlive/2025/texmf-dist/fonts/type1/public/amsfonts/cm/cmsy7.pfb></usr/local/texlive/2025/texmf-dist/fonts/type1/public/amsfonts/cm/cmsy8.pfb></usr/local/texlive/2025/texmf-dist/fonts/type1/public/lm/lmss10.pfb></usr/local/texlive/2025/texmf-dist/fonts/type1/public/amsfonts/symbols/msbm10.pfb></usr/local/texlive/2025/texmf-dist/fonts/type1/public/cm-super/sfbx1200.pfb></usr/local/texlive/2025/texmf-dist/fonts/type1/public/cm-super/sfrm0800.pfb></usr/local/texlive/2025/texmf-dist/fonts/type1/public/cm-super/sfrm1000.pfb></usr/local/texlive/2025/texmf-dist/fonts/type1/public/cm-super/sfrm1200.pfb></usr/local/texlive/2025/texmf-dist/fonts/type1/public/cm-super/sfrm1728.pfb></usr/local/texlive/2025/texmf-dist/fonts/type1/public/cm-super/sfti0700.pfb></usr/local/texlive/2025/texmf-dist/fonts/type1/public/cm-super/sfti1000.pfb></usr/local/texlive/2025/texmf-dist/fonts/type1/public/cm-super/sfti1200.pfb></usr/local/texlive/2025/texmf-dist/fonts/type1/public/cm-super/sftt1200.pfb>
Output written on main.pdf (35 pages, 2740052 bytes).
PDF statistics:
 259 PDF objects out of 1000 (max. 8388607)
 164 compressed objects within 2 object streams
 0 named destinations out of 1000 (max. 500000)
 34 words of extra memory for PDF output out of 10000 (max. 10000000)

