
Gurobi 13.0.3 (mac64[arm]) logging started Sat Sep 26 14:16:34 2026

Set parameter LogFile to value "/Users/ashutosh/Desktop/Two-stage-Model/slow_storm_results/full/solves/slow_10M.log"
Gurobi Optimizer version 13.0.3 build v13.0.3rc0 (mac64[arm] - Darwin 27.0.0 26A428)

CPU model: Apple M1 Pro
Thread count: 10 physical cores, 10 logical processors, using up to 10 threads

Non-default parameters:
TimeLimit  21600
MIPGap  0.005
Method  2
LogToConsole  0

Optimize a model with 158931 rows, 58612 columns and 442916 nonzeros (Min)
Model fingerprint: 0xdc53c665
Model has 7956 linear objective coefficients and an objective constant of 396.859633
Variable types: 41976 continuous, 16636 integer (16274 binary)
Coefficient statistics:
  Matrix range     [1e-03, 1e+05]
  Objective range  [6e-02, 1e-01]
  Bounds range     [1e+00, 3e+00]
  RHS range        [1e-02, 1e+07]

Warning: Completing partial solution with 15912 unfixed non-continuous variables out of 16636
User MIP start produced solution with objective 22.6578 (1.29s)
User MIP start produced solution with objective 22.6454 (1.96s)
User MIP start produced solution with objective 22.6383 (1.97s)
User MIP start produced solution with objective 22.6308 (2.05s)
User MIP start produced solution with objective 22.6308 (2.07s)
Loaded user MIP start with objective 22.6308
Processed MIP start in 2.07 seconds (2.28 work units)

Presolve removed 133639 rows and 37953 columns
Presolve time: 0.86s
Presolved: 25292 rows, 20659 columns, 95215 nonzeros
Variable types: 17748 continuous, 2911 integer (2845 binary)
Root barrier log...

Ordering time: 0.28s

Barrier statistics:
 Dense cols : 37
 AA' NZ     : 3.335e+05
 Factor NZ  : 2.343e+06 (roughly 40 MB of memory)
 Factor Ops : 8.755e+08 (less than 1 second per iteration)
 Threads    : 10

                  Objective                Residual
Iter       Primal          Dual         Primal    Dual     Compl     Time
   0  -1.49062685e+06 -4.78251327e+05  6.68e+04 3.36e-01  2.75e+03     3s
   1  -9.05563480e+05 -5.10100348e+05  4.06e+04 1.84e+00  1.69e+03     3s
   2  -4.68479975e+05 -7.30144850e+05  2.10e+04 7.99e-13  8.94e+02     3s
   3  -6.88288003e+04 -6.54920429e+05  3.10e+03 3.78e-13  1.40e+02     3s
   4  -8.51435170e+03 -4.50884719e+05  3.92e+02 4.11e-14  2.34e+01     3s
   5  -1.71375147e+03 -1.80826278e+05  8.65e+01 8.38e-14  5.95e+00     3s
   6  -5.30904731e+02 -8.89118256e+04  3.34e+01 5.37e-14  2.40e+00     4s
   7   4.91486725e+00 -3.28898211e+04  8.87e+00 1.28e-14  7.40e-01     4s
   8   1.53776514e+02 -8.06208221e+03  1.18e+00 2.93e-14  1.59e-01     4s
   9   1.40688367e+02 -2.23063778e+03  2.32e-01 1.18e-14  4.40e-02     4s
  10   7.91224270e+01 -4.05339722e+02  3.11e-02 2.22e-15  8.86e-03     4s
  11   4.27807402e+01 -1.18959746e+02  7.00e-03 8.88e-16  2.95e-03     4s
  12   3.38289439e+01 -4.72561300e+01  4.08e-03 4.44e-16  1.48e-03     4s
  13   2.83116707e+01 -2.50936120e+01  2.45e-03 8.88e-16  9.74e-04     4s
  14   2.61225302e+01 -5.53004456e+00  1.85e-03 4.44e-16  5.77e-04     4s
  15   2.40112198e+01  2.94372211e+00  1.38e-03 4.44e-16  3.84e-04     4s
  16   2.26512110e+01  3.55183917e+00  1.07e-03 8.88e-16  3.48e-04     4s
  17   2.13457662e+01  5.84304475e+00  7.28e-04 4.44e-16  2.83e-04     4s
  18   2.05544370e+01  7.70981379e+00  5.47e-04 4.44e-16  2.34e-04     4s
  19   1.98046897e+01  1.21831034e+01  3.78e-04 4.44e-16  1.39e-04     4s
  20   1.88914699e+01  1.43509431e+01  1.87e-04 4.44e-16  8.28e-05     4s
  21   1.85464139e+01  1.59125079e+01  1.16e-04 8.88e-16  4.80e-05     4s
  22   1.83087028e+01  1.68871897e+01  6.87e-05 4.44e-16  2.59e-05     4s
  23   1.81484024e+01  1.72477230e+01  3.74e-05 4.44e-16  1.64e-05     4s
  24   1.81050607e+01  1.75250040e+01  2.94e-05 4.44e-16  1.06e-05     4s
  25   1.80911972e+01  1.75859103e+01  2.67e-05 4.44e-16  9.21e-06     4s
  26   1.80552210e+01  1.76794221e+01  2.04e-05 4.44e-16  6.85e-06     4s
  27   1.80261962e+01  1.77639039e+01  1.53e-05 4.44e-16  4.78e-06     4s
  28   1.80080495e+01  1.77901519e+01  1.20e-05 4.44e-16  3.97e-06     4s
  29   1.79809812e+01  1.78355438e+01  7.07e-06 8.88e-16  2.65e-06     4s
  30   1.79600139e+01  1.78863476e+01  3.29e-06 4.44e-16  1.34e-06     4s
  31   1.79514093e+01  1.79174865e+01  1.87e-06 4.44e-16  6.19e-07     4s
  32   1.79472789e+01  1.79270885e+01  1.20e-06 4.44e-16  3.68e-07     4s
  33   1.79433347e+01  1.79319371e+01  5.86e-07 4.44e-16  2.08e-07     4s
  34   1.79414182e+01  1.79366948e+01  2.92e-07 4.44e-16  8.62e-08     5s
  35   1.79409523e+01  1.79377955e+01  2.25e-07 7.36e-16  5.76e-08     5s
  36   1.79405309e+01  1.79379701e+01  1.65e-07 4.44e-16  4.67e-08     5s
  37   1.79399121e+01  1.79387081e+01  8.18e-08 3.27e-15  2.20e-08     5s
  38   1.79397040e+01  1.79390290e+01  5.00e-08 1.63e-15  1.23e-08     5s
  39   1.79395555e+01  1.79391234e+01  2.74e-08 1.17e-15  7.88e-09     5s
  40   1.79393841e+01  1.79393476e+01  5.68e-09 8.88e-16  6.66e-10     5s
  41   1.79393727e+01  1.79393665e+01  1.74e-09 1.60e-14  1.13e-10     5s
  42   1.79393697e+01  1.79393669e+01  1.50e-07 2.42e-13  5.00e-11     5s

Barrier solved model in 42 iterations and 4.88 seconds (5.08 work units)
Optimal objective 1.79393697e+01


Root crossover log...

       0 DPushes remaining with DInf 5.3265191e-03                 5s

    2743 PPushes remaining with PInf 3.1401591e-02                 5s
       0 PPushes remaining with PInf 0.0000000e+00                 6s

  Push phase complete: Pinf 0.0000000e+00, Dinf 3.2123889e-03      6s


Root simplex log...

Iteration    Objective       Primal Inf.    Dual Inf.      Time
    5185    1.7939367e+01   0.000000e+00   3.212389e-03      6s
    5229    1.7939367e+01   0.000000e+00   0.000000e+00      6s
Crossover time: 0.67 seconds (1.22 work units)
    5230    1.7939367e+01   0.000000e+00   0.000000e+00      6s

Extra simplex iterations after uncrush: 1

Root relaxation: objective 1.793937e+01, 5230 iterations, 2.64 seconds (2.76 work units)

    Nodes    |    Current Node    |     Objective Bounds      |     Work
 Expl Unexpl |  Obj  Depth IntInf | Incumbent    BestBd   Gap | It/Node Time

     0     0   17.93937    0  615   22.63082   17.93937  20.7%     -    6s
     0     0   19.42598    0  619   22.63082   19.42598  14.2%     -   11s
     0     0   19.47319    0  629   22.63082   19.47319  14.0%     -   13s
     0     0   19.48755    0  628   22.63082   19.48755  13.9%     -   13s
     0     0   19.48791    0  628   22.63082   19.48791  13.9%     -   14s
     0     0   19.48791    0  628   22.63082   19.48791  13.9%     -   14s
     0     0   19.96678    0  539   22.63082   19.96678  11.8%     -   17s
     0     0   19.98551    0  502   22.63082   19.98551  11.7%     -   18s
     0     0   19.98594    0  532   22.63082   19.98594  11.7%     -   19s
     0     0   19.98606    0  531   22.63082   19.98606  11.7%     -   19s
     0     0   20.12583    0  471   22.63082   20.12583  11.1%     -   21s
H    0     0                      22.6304102   20.15622  10.9%     -   23s
     0     0   20.15622    0  671   22.63041   20.15622  10.9%     -   24s
     0     0   20.16915    0  648   22.63041   20.16915  10.9%     -   24s
     0     0   20.17142    0  670   22.63041   20.17142  10.9%     -   24s
     0     0   20.17171    0  662   22.63041   20.17171  10.9%     -   25s
     0     0   20.24079    0  466   22.63041   20.24079  10.6%     -   27s
     0     0   20.24837    0  468   22.63041   20.24837  10.5%     -   28s
     0     0   20.24873    0  468   22.63041   20.24873  10.5%     -   28s
     0     0   20.25966    0  497   22.63041   20.25966  10.5%     -   29s
     0     0   20.26424    0  427   22.63041   20.26424  10.5%     -   30s
     0     0   20.26431    0  424   22.63041   20.26431  10.5%     -   30s
     0     0   20.26896    0  521   22.63041   20.26896  10.4%     -   30s
     0     0   20.26946    0  447   22.63041   20.26946  10.4%     -   31s
     0     0   20.27024    0  431   22.63041   20.27024  10.4%     -   31s
     0     0   20.27034    0  430   22.63041   20.27034  10.4%     -   32s
     0     0   20.27153    0  540   22.63041   20.27153  10.4%     -   33s
     0     0   20.27157    0  542   22.63041   20.27157  10.4%     -   33s
     0     0   20.27228    0  536   22.63041   20.27228  10.4%     -   33s
     0     0   20.27275    0  534   22.63041   20.27275  10.4%     -   33s
     0     0   20.27276    0  536   22.63041   20.27276  10.4%     -   34s
     0     0   20.27276    0  536   22.63041   20.27276  10.4%     -   34s
     0     0   20.27276    0  509   22.63041   20.27276  10.4%     -   35s
H    0     0                      22.6303014   20.27276  10.4%     -   37s
     0     2   20.27276    0  509   22.63030   20.27276  10.4%     -   38s
     1     4   21.43914    1  363   22.63030   20.27276  10.4%  3453   40s
H    9    16                      22.6303014   20.63256  8.83%  1339   43s
    15    26   21.78813    4  570   22.63030   20.64177  8.79%  1296   46s
    35    69   22.11975    6  540   22.63030   20.64267  8.78%  1635   52s
    93   108   22.21439   13  448   22.63030   20.64267  8.78%   900   59s
   111   116   22.26575   14  434   22.63030   20.64267  8.78%   928   63s
   127   132     cutoff   14        22.63030   20.64267  8.78%   998   67s
   170   163   22.32797   16  397   22.63030   20.64267  8.78%   878   70s
   239   202   22.60714   20  340   22.63030   20.65503  8.73%   767   75s
   263   218   21.06470    7  424   22.63030   20.65503  8.73%   784   82s
   285   236   21.08301    9  457   22.63030   20.65503  8.73%   815   87s
   320   262   21.23785   12  388   22.63030   20.65503  8.73%   820   90s
   385   330   21.33081   15  283   22.63030   20.76377  8.25%   779   96s
   448   376   21.56472   16  199   22.63030   20.76377  8.25%   743  101s
   501   404     cutoff   21        22.63030   20.76377  8.25%   739  107s
   530   422   21.90674   20  146   22.63030   20.80060  8.09%   742  110s
   584   471   21.81761   23  310   22.63030   20.80060  8.09%   753  116s
   620   498   21.83178   24  300   22.63030   20.80060  8.09%   739  120s
H  685   512                      22.6300247   20.87205  7.77%   727  122s
H  689   512                      22.6300197   20.87205  7.77%   726  122s
   691   532   22.00139   28  159   22.63002   20.87205  7.77%   727  127s
   735   543   22.31404   33  145   22.63002   20.87901  7.74%   734  133s
   764   570   22.40001   34  139   22.63002   20.87901  7.74%   752  137s
   813   580     cutoff   38        22.63002   20.87901  7.74%   748  142s
   859   604   21.68521   10  417   22.63002   20.99877  7.21%   748  148s
H  890   613                      22.6300195   20.99877  7.21%   779  153s
H  892   613                      22.6300192   20.99877  7.21%   781  153s
H  907   613                      22.6298979   20.99940  7.21%   790  153s
   914   624   21.96052   14  494   22.62990   20.99940  7.21%   793  157s
   955   626   22.34540   13  454   22.62990   21.01261  7.15%   797  163s
   981   625   22.17071   15  474   22.62990   21.07421  6.87%   818  171s
  1002   640   22.23657   16  425   22.62990   21.07667  6.86%   844  175s
H 1004   640                      22.6298970   21.07667  6.86%   844  175s
  1032   661   22.38210   16  249   22.62990   21.07667  6.86%   843  181s
  1073   679   22.40118   17  335   22.62990   21.07667  6.86%   862  186s
H 1105   707                      22.6298556   21.08418  6.83%   867  191s
  1144   737   21.97333   16  354   22.62986   21.08520  6.83%   874  197s
  1210   780   22.33104   19  206   22.62986   21.10996  6.72%   864  202s
  1289   777     cutoff   25        22.62986   21.11846  6.68%   849  211s
  1310   784   21.26040   12  410   22.62986   21.11846  6.68%   850  220s
H 1314   784                      22.6298556   21.11846  6.68%   847  220s
  1329   789   21.32136   13  313   22.62986   21.11846  6.68%   849  227s
  1354   804   21.42652   14  314   22.62986   21.13500  6.61%   846  234s
H 1373   819                      22.6298556   21.14472  6.56%   845  242s
H 1374   819                      22.6298555   21.14472  6.56%   845  242s
H 1394   851                      22.6298555   21.14472  6.56%   846  249s
  1461   881   21.83524   15  330   22.62986   21.14472  6.56%   835  257s
  1505   897   21.95622   16  169   22.62986   21.14472  6.56%   837  265s
  1553   921   22.13334   17  291   22.62986   21.14472  6.56%   841  272s
  1589   978   22.37193   22  128   22.62986   21.16883  6.46%   846  280s
  1675  1001   22.54766   22  176   22.62986   21.17289  6.44%   830  287s
  1752  1004     cutoff   23        22.62986   21.17289  6.44%   828  297s
  1769  1008   22.52744    9  329   22.62986   21.17289  6.44%   831  306s
  1795  1002     cutoff   10        22.62986   21.17289  6.44%   833  317s
H 1807  1001                      22.6205858   21.17289  6.40%   836  317s
  1828  1031   21.39209   20  277   22.62059   21.17289  6.40%   840  328s
  1906  1068   22.29904   31  123   22.62059   21.19540  6.30%   853  336s
  1981  1065     cutoff   32        22.62059   21.21145  6.23%   873  347s
  2070  1088     cutoff   20        22.62059   21.22306  6.18%   883  357s
  2160  1108   22.46124   20  198   22.62059   21.26152  6.01%   891  370s
  2259  1135   21.80929   20  228   22.62059   21.28594  5.90%   901  381s
  2344  1167   21.89701   17  278   22.62059   21.28594  5.90%   915  391s
  2445  1188     cutoff   26        22.62059   21.31279  5.78%   922  406s
  2542  1215   22.17013   15  258   22.62059   21.32370  5.73%   932  417s
  2653  1249     cutoff   20        22.62059   21.34026  5.66%   941  431s
  2778  1298   22.28890   20  182   22.62059   21.36096  5.57%   944  442s
  2912  1291     cutoff   23        22.62059   21.37310  5.51%   945  456s
H 2918  1291                      22.6205718   21.37310  5.51%   946  456s
H 2929  1291                      22.6205690   21.37310  5.51%   947  456s
  2963  1314     cutoff   23        22.62057   21.38397  5.47%   948  469s
  3076  1331   22.54074   18  298   22.62057   21.38397  5.47%   957  485s
  3201  1368   22.34044   21  168   22.62057   21.38397  5.47%   965  499s
  3338  1390   22.17940   23  164   22.62057   21.44091  5.21%   969  515s
  3481  1434   22.04545   11  346   22.62057   21.46611  5.10%   974  529s
  3631  1455     cutoff   13        22.62057   21.47735  5.05%   979  545s
  3780  1518   21.89226   15  344   22.62057   21.49559  4.97%   990  562s
H 3974  1518                      22.6205690   21.52976  4.82%   990  630s
H 3974  1518                      22.6205690   21.52976  4.82%   990  653s
H 3974  1518                      22.6205690   21.52976  4.82%   990  661s
  3975  1519   21.83178   25  509   22.62057   21.52976  4.82%   990  698s
  3977  1520   22.18146   16  579   22.62057   21.52976  4.82%   989  703s
  3978  1521   21.68958   22  449   22.62057   21.52976  4.82%   989  710s
  3982  1524   22.11082   27  358   22.62057   21.52976  4.82%   988  717s
  3984  1525   22.44369   33  344   22.62057   21.52976  4.82%   987  721s
  3987  1527   22.32664   22  344   22.62057   21.52976  4.82%   987  728s
  3989  1531   21.52976   16  364   22.62057   21.52976  4.82%   993  732s
  3995  1539     cutoff   18        22.62057   21.52976  4.82%   994  737s
  4003  1535   21.52976   19  520   22.62057   21.52976  4.82%   996  743s
  4013  1546   21.52976   20  472   22.62057   21.52976  4.82%  1004  749s
  4030  1553   21.52976   22  462   22.62057   21.52976  4.82%  1008  756s
  4049  1557   21.94336   21  446   22.62057   21.52976  4.82%  1013  761s
  4064  1570   21.59769   23  460   22.62057   21.52976  4.82%  1016  766s
  4082  1576   21.75331   25  404   22.62057   21.52976  4.82%  1020  771s
  4098  1590   21.83276   26  257   22.62057   21.52976  4.82%  1024  775s
  4141  1603   22.13615   28  342   22.62057   21.52976  4.82%  1025  782s
H 4143  1525                      22.6205689   21.52976  4.82%  1024  782s
  4164  1534   22.10340   28  376   22.62057   21.52976  4.82%  1025  786s
  4189  1538   22.10479   29  373   22.62057   21.52976  4.82%  1023  790s
  4241  1560   22.32238   33  144   22.62057   21.52976  4.82%  1021  797s
  4295  1564   22.45643   36  151   22.62057   21.52976  4.82%  1017  802s
  4326  1561   22.54608   39   93   22.62057   21.52976  4.82%  1013  806s
H 4345  1482                      22.6205689   21.52976  4.82%  1011  806s
  4358  1486     cutoff   39        22.62057   21.52976  4.82%  1011  811s
  4389  1482   22.36233   26  333   22.62057   21.52976  4.82%  1010  819s
  4409  1478   22.39727   27  345   22.62057   21.52976  4.82%  1009  827s
  4423  1480   22.43213   28  299   22.62057   21.52976  4.82%  1010  834s
  4438  1473   22.49856   29  221   22.62057   21.52976  4.82%  1009  841s
  4459  1459     cutoff   30        22.62057   21.52976  4.82%  1007  849s
  4488  1458   22.15420   31  142   22.62057   21.52976  4.82%  1007  858s
  4502  1462   22.17731   32  137   22.62057   21.52976  4.82%  1009  865s
H 4511  1390                      22.6205685   21.52976  4.82%  1009  865s
  4518  1403   22.24386   33  133   22.62057   21.52976  4.82%  1009  871s
  4548  1390   22.39625   35  122   22.62057   21.52976  4.82%  1007  876s
  4576  1395   22.11000   35  137   22.62057   21.52976  4.82%  1008  883s
  4610  1392   22.53866   38  129   22.62057   21.52976  4.82%  1008  889s
  4643  1392     cutoff   41        22.62057   21.54336  4.76%  1006  895s
  4683  1398   22.42634   31  267   22.62057   21.64537  4.31%  1005  900s
  4723  1398   22.56719   35  158   22.62057   21.64537  4.31%  1003  906s
  4774  1395   22.35873   23  374   22.62057   21.64537  4.31%  1001  912s
  4824  1404   22.47814   26  305   22.62057   21.64537  4.31%  1000  917s
  4875  1391   22.58576   32  181   22.62057   21.70056  4.07%   997  924s
  4934  1374   22.54735   29  220   22.62057   21.72499  3.96%   996  931s
  4977  1384   22.39600   28  220   22.62057   21.72499  3.96%   998  938s
  5031  1376     cutoff   33        22.62057   21.77565  3.74%   997  944s
  5095  1373     cutoff   28        22.62057   21.80493  3.61%   995  951s
  5161  1349     cutoff   28        22.62057   21.80493  3.61%   991  959s
  5226  1339   22.35205   31  171   22.62057   21.84256  3.44%   992  967s
  5291  1329   22.33897   28  365   22.62057   21.87765  3.28%   992  975s
  5352  1317   22.52513   30  231   22.62057   21.87899  3.28%   994  984s
  5408  1300   22.41860   29  127   22.62057   21.90523  3.16%   996  995s
  5427  1292     cutoff   30        22.62057   21.90534  3.16%   997 1006s
H 5430  1225                      22.6111604   21.90534  3.12%   997 1006s
  5447  1223   22.49713   29  201   22.61116   21.91338  3.09%   997 1015s
  5532  1191   22.55730   32  191   22.61116   21.91338  3.09%   996 1026s
  5620  1172   22.46748   26  287   22.61116   21.93785  2.98%   996 1037s
  5685  1159     cutoff   29        22.61116   21.93785  2.98%  1000 1047s
  5797  1137   22.43120   28  357   22.61116   21.99430  2.73%   997 1058s
  5887  1111     cutoff   30        22.61116   22.01051  2.66%   997 1069s
  5985  1071   22.28039   31  273   22.61116   22.02707  2.58%   998 1082s
  6072  1052   22.57481   31  186   22.61116   22.05195  2.47%  1001 1093s
  6212  1019   22.48787   32  129   22.61116   22.07534  2.37%   998 1105s
  6397   973     cutoff   32        22.61116   22.09891  2.27%   988 1117s
  6523   946     cutoff   34        22.61116   22.11280  2.20%   987 1132s
H 6566   869                      22.6111602   22.11280  2.20%   986 1132s
  6648   824   22.44078   31  271   22.61116   22.13492  2.11%   985 1146s
  6797   786   22.47082   30  200   22.61116   22.14821  2.05%   984 1159s
  7001   707     cutoff   32        22.61116   22.17745  1.92%   976 1173s
  7161   628     cutoff   28        22.61116   22.20896  1.78%   975 1188s
  7316   515     cutoff   39        22.61116   22.24057  1.64%   976 1203s
  7496   420     cutoff   31        22.61116   22.26861  1.51%   976 1219s
  7740   351     cutoff   33        22.61116   22.30358  1.36%   970 1236s
H 7925   351                      22.6111602   22.31981  1.29%   964 1236s
  7954   248     cutoff   38        22.61116   22.34621  1.17%   964 1254s
  8257   137     cutoff   36        22.61116   22.41227  0.88%   955 1270s
  8681   237     cutoff   34        22.61116   22.48648  0.55%   933 1276s
* 8775   237             124      22.6111599   22.48648  0.55%   924 1276s

Cutting planes:
  Learned: 30
  Gomory: 15
  Cover: 99
  Implied bound: 741
  Projected implied bound: 105
  Clique: 46
  MIR: 596
  StrongCG: 2
  Flow cover: 350
  Zero half: 4
  RLT: 68
  Relax-and-lift: 138
  BQP: 20
  PSD: 1

Explored 9387 nodes (8183991 simplex iterations) in 1276.98 seconds (3386.46 work units)
Thread count was 10 (of 10 available processors)

Solution count 10: 22.6112 22.6112 22.6112 ... 22.6206

Optimal solution found (tolerance 5.00e-03)
Best objective 2.261115988384e+01, best bound 2.261102288553e+01, gap 0.0006%
