
Gurobi 13.0.3 (mac64[arm]) logging started Sat Sep 26 13:43:42 2026

Set parameter LogFile to value "/Users/ashutosh/Desktop/Two-stage-Model/slow_storm_results/full/solves/slow_60M.log"
Gurobi Optimizer version 13.0.3 build v13.0.3rc0 (mac64[arm] - Darwin 27.0.0 26A428)

CPU model: Apple M1 Pro
Thread count: 10 physical cores, 10 logical processors, using up to 10 threads

Non-default parameters:
TimeLimit  21600
MIPGap  0.005
Method  2
LogToConsole  0

Optimize a model with 158931 rows, 58612 columns and 442916 nonzeros (Min)
Model fingerprint: 0x9de7eb33
Model has 7956 linear objective coefficients and an objective constant of 396.859633
Variable types: 41976 continuous, 16636 integer (16274 binary)
Coefficient statistics:
  Matrix range     [1e-03, 1e+05]
  Objective range  [6e-02, 1e-01]
  Bounds range     [1e+00, 3e+00]
  RHS range        [1e-02, 6e+07]

Warning: Completing partial solution with 15912 unfixed non-continuous variables out of 16636
Processing user MIP start: 0 nodes explored in subMIP, total elapsed time 120s
User MIP start produced solution with objective 0.60684 (119.92s)
User MIP start produced solution with objective 0.60684 (119.93s)
Loaded user MIP start with objective 0.60684
Processing MIP start from previous solve: 0 nodes explored in subMIP, total elapsed time 120s
MIP start from previous solve did not produce a new incumbent solution
Processed MIP start in 120.05 seconds (1.22 work units)

Presolve removed 135169 rows and 38331 columns
Presolve time: 1.02s
Presolved: 23762 rows, 20281 columns, 90517 nonzeros
Variable types: 17455 continuous, 2826 integer (2762 binary)
Root barrier log...

Ordering time: 0.24s

Barrier statistics:
 Dense cols : 32
 AA' NZ     : 2.806e+05
 Factor NZ  : 1.924e+06 (roughly 30 MB of memory)
 Factor Ops : 6.120e+08 (less than 1 second per iteration)
 Threads    : 10

                  Objective                Residual
Iter       Primal          Dual         Primal    Dual     Compl     Time
   0  -6.80256406e+05 -4.34415618e+05  2.87e+04 3.36e-01  1.23e+03   121s
   1  -3.90074613e+05 -4.56236960e+05  1.64e+04 1.66e+00  7.22e+02   121s
   2  -1.70774464e+05 -5.99471598e+05  7.21e+03 6.48e-13  3.25e+02   122s
   3  -1.21048800e+04 -4.84254887e+05  5.18e+02 3.23e-13  3.19e+01   122s
   4  -4.41056163e+02 -2.08900335e+05  2.69e+01 1.11e-13  4.94e+00   122s
   5   1.33367245e+02 -6.48821390e+04  2.54e+00 6.48e-14  1.29e+00   122s
   6   1.71128017e+02 -1.04620505e+04  1.36e-01 9.91e-15  2.03e-01   122s
   7   1.30533557e+02 -3.65275615e+03  3.35e-02 3.11e-15  7.21e-02   122s
   8   9.37394049e+01 -1.30895593e+03  1.18e-02 1.78e-15  2.67e-02   122s
   9   5.77061564e+01 -4.03133828e+02  4.66e-03 1.78e-15  8.78e-03   122s
  10   3.24631283e+01 -1.79383776e+02  2.18e-03 8.88e-16  4.03e-03   122s
  11   1.48533328e+01 -9.01059611e+01  8.09e-04 8.88e-16  2.00e-03   122s
  12   4.87754208e+00 -2.25511916e+01  1.62e-04 5.55e-16  5.22e-04   122s
  13   3.66638905e+00 -7.21882876e+00  1.14e-04 4.44e-16  2.07e-04   122s
  14   2.81793979e+00 -4.83478442e+00  8.28e-05 4.44e-16  1.46e-04   122s
  15   2.25984295e+00 -2.62495220e+00  6.34e-05 4.44e-16  9.30e-05   122s
  16   1.56047063e+00 -4.66198589e-01  4.13e-05 8.88e-16  3.86e-05   122s
  17   9.86108621e-01 -1.17622383e-01  2.35e-05 4.44e-16  2.10e-05   122s
  18   6.45782167e-01  1.95456863e-02  1.13e-05 4.44e-16  1.19e-05   122s
  19   5.25310160e-01  1.78829707e-01  6.99e-06 8.88e-16  6.60e-06   122s
  20   4.70490970e-01  2.39307692e-01  5.19e-06 4.44e-16  4.40e-06   122s
  21   4.17696423e-01  2.75817208e-01  3.29e-06 8.88e-16  2.70e-06   122s
  22   3.98441356e-01  2.99516524e-01  2.63e-06 8.88e-16  1.88e-06   122s
  23   3.80451636e-01  3.10003785e-01  2.01e-06 4.44e-16  1.34e-06   122s
  24   3.72563887e-01  3.15025468e-01  1.71e-06 4.44e-16  1.10e-06   122s
  25   3.51733215e-01  3.18918350e-01  9.12e-07 4.44e-16  6.25e-07   122s
  26   3.45860248e-01  3.23458541e-01  6.87e-07 8.88e-16  4.27e-07   122s
  27   3.39540594e-01  3.24415961e-01  4.44e-07 8.88e-16  2.88e-07   122s
  28   3.35756946e-01  3.25680273e-01  2.99e-07 8.88e-16  1.92e-07   122s
  29   3.32525225e-01  3.26509624e-01  1.76e-07 4.44e-16  1.15e-07   122s
  30   3.30261672e-01  3.27015620e-01  9.14e-08 4.44e-16  6.19e-08   122s
  31   3.28760515e-01  3.27543172e-01  3.26e-08 4.44e-16  2.32e-08   122s
  32   3.28621057e-01  3.27703151e-01  2.71e-08 4.44e-16  1.75e-08   122s
  33   3.28263276e-01  3.27718812e-01  1.35e-08 6.52e-15  1.04e-08   122s
  34   3.28100122e-01  3.27854184e-01  7.15e-09 3.84e-14  4.69e-09   122s
  35   3.27949297e-01  3.27881714e-01  1.59e-09 1.48e-14  1.29e-09   122s
  36   3.27916776e-01  3.27893112e-01  2.10e-09 2.52e-14  4.51e-10   122s
  37   3.27904248e-01  3.27902664e-01  1.22e-09 6.09e-14  3.01e-11   122s
  38   3.27903846e-01  3.27903793e-01  1.89e-09 1.06e-14  1.01e-12   122s

Barrier solved model in 38 iterations and 122.09 seconds (3.58 work units)
Optimal objective 3.27903846e-01


Root crossover log...

    2736 DPushes remaining with DInf 1.4000783e-02               122s
       0 DPushes remaining with DInf 5.7104069e-03               122s

    4878 PPushes remaining with PInf 2.0440100e+01               122s
       0 PPushes remaining with PInf 3.0800000e-02               123s

  Push phase complete: Pinf 3.0800000e-02, Dinf 1.5685800e-02    123s


Root simplex log...

Iteration    Objective       Primal Inf.    Dual Inf.      Time
    5818    3.2790383e-01   0.000000e+00   1.568580e-02    123s
    6042    3.2790383e-01   0.000000e+00   0.000000e+00    123s
Crossover time: 0.84 seconds (1.21 work units)
    6042    3.2790383e-01   0.000000e+00   0.000000e+00    123s

Root relaxation: objective 3.279038e-01, 6042 iterations, 1.86 seconds (2.32 work units)

    Nodes    |    Current Node    |     Objective Bounds      |     Work
 Expl Unexpl |  Obj  Depth IntInf | Incumbent    BestBd   Gap | It/Node Time

     0     0    0.32790    0  240    0.60684    0.32790  46.0%     -  124s
     0     0    0.41002    0  198    0.60684    0.41002  32.4%     -  193s
     0     0    0.41420    0  193    0.60684    0.41420  31.7%     -  195s
H    0     0                       0.5946731    0.42896  27.9%     -  200s
     0     0    0.42962    0  228    0.59467    0.42962  27.8%     -  201s
     0     0    0.43041    0  214    0.59467    0.43041  27.6%     -  202s
     0     0    0.43172    0  226    0.59467    0.43172  27.4%     -  205s
     0     0    0.43233    0  226    0.59467    0.43233  27.3%     -  404s
     0     0    0.43279    0  215    0.59467    0.43279  27.2%     -  405s
     0     0    0.43283    0  214    0.59467    0.43283  27.2%     -  405s
     0     0    0.43285    0  215    0.59467    0.43285  27.2%     -  406s
     0     0    0.43286    0  215    0.59467    0.43286  27.2%     -  407s
     0     0    0.43290    0  226    0.59467    0.43290  27.2%     -  408s
     0     0    0.43293    0  223    0.59467    0.43293  27.2%     -  408s
     0     0    0.43333    0  219    0.59467    0.43333  27.1%     -  409s
     0     0    0.43339    0  216    0.59467    0.43339  27.1%     -  409s
     0     0    0.43344    0  234    0.59467    0.43344  27.1%     -  409s
     0     0    0.43349    0  217    0.59467    0.43349  27.1%     -  627s
     0     0    0.43350    0  249    0.59467    0.43350  27.1%     -  627s
     0     0    0.43351    0  251    0.59467    0.43351  27.1%     -  628s
     0     0    0.43352    0  250    0.59467    0.43352  27.1%     -  628s
     0     0    0.43352    0  250    0.59467    0.43352  27.1%     -  629s
     0     0    0.43352    0  199    0.59467    0.43352  27.1%     -  630s
     0     2    0.43352    0  199    0.59467    0.43352  27.1%     -  633s
     3     4     cutoff    2         0.59467    0.43352  27.1%  1285 1518s
     7     8    0.47177    3  178    0.59467    0.43423  27.0%  1869 1523s
    11    12    0.48918    4  204    0.59467    0.43448  26.9%  1538 1527s
    19    21    0.57414    5  173    0.59467    0.43510  26.8%  1602 1779s
    29    22     cutoff    6         0.59467    0.43541  26.8%  1600 1782s
    45    30    0.46751    7  148    0.59467    0.43813  26.3%  1461 1785s
    76    60    0.46953   10  152    0.59467    0.43813  26.3%  1257 1792s
    97    76    0.47071   15  108    0.59467    0.43813  26.3%  1252 1795s
   150   116    0.48001   20  106    0.59467    0.43813  26.3%  1064 1800s
H  187   119                       0.5946731    0.43813  26.3%   997 1802s
   206   118    0.58190   20  105    0.59467    0.43828  26.3%   990 1805s
   252   141    0.50767   23   97    0.59467    0.43828  26.3%  1007 1810s
H  276   165                       0.5921081    0.43828  26.0%   977 1812s
H  298   174                       0.5921081    0.43828  26.0%   936 1813s
H  300   174                       0.5921081    0.43828  26.0%   932 1813s
H  306   174                       0.5921048    0.43828  26.0%   919 1813s
   310   194    0.54890   28  117    0.59210    0.43828  26.0%   918 1815s
H  385   223                       0.5844131    0.43828  25.0%   842 1818s
   390   238     cutoff   33         0.58441    0.43828  25.0%   840 1820s
   465   260    0.49491   11  194    0.58441    0.44748  23.4%   788 1825s
   549   261     cutoff   13         0.58441    0.44792  23.4%   815 1832s
   577   262    0.54098   13  153    0.58441    0.45043  22.9%   877 1837s
   630   302    0.56208   21  131    0.58441    0.45668  21.9%   901 1843s
   690   311    0.52136   10  128    0.58441    0.46855  19.8%   883 1846s
   750   302     cutoff   14         0.58441    0.46963  19.6%   915 1853s
H  760   302                       0.5844131    0.47024  19.5%   931 1853s
   776   304    0.55256   12  123    0.58441    0.47024  19.5%   937 1855s
   833   304     cutoff    9         0.58441    0.48085  17.7%   955 1861s
   868   306    0.51149   19  160    0.58441    0.48085  17.7%   960 1865s
   969   309    0.54152   11  154    0.58441    0.50217  14.1%   962 1873s
H  973   309                       0.5844131    0.50447  13.7%   964 1873s
H  993   309                       0.5844131    0.50447  13.7%   961 1873s
  1011   323     cutoff   12         0.58441    0.50447  13.7%   958 1878s
  1100   331    0.54655   14  142    0.58441    0.50767  13.1%   931 1882s
  1149   317     cutoff   16         0.58441    0.50767  13.1%   932 1886s
H 1157   317                       0.5703394    0.51133  10.3%   937 1886s
  1205   306     cutoff   12         0.57034    0.51254  10.1%   939 1891s
  1244   285    0.53799    8  182    0.57034    0.51951  8.91%   957 1896s
  1289   274    0.54174    9  162    0.57034    0.51999  8.83%   972 1900s
  1354   261    0.55945    6  127    0.57034    0.52536  7.89%   974 1905s
H 1469   238                       0.5703394    0.53523  6.16%   975 1909s
  1478   205     cutoff   24         0.57034    0.53523  6.16%   975 1914s
  1550   166    0.55082    8  197    0.57034    0.54090  5.16%   988 1919s
  1611    94     cutoff   19         0.57034    0.54710  4.08%   995 1926s
  1695    21     cutoff   36         0.57034    0.55542  2.62%   995 1932s
H 1699    21                       0.5703394    0.55542  2.62%   995 1932s

Cutting planes:
  Learned: 68
  Gomory: 13
  Cover: 67
  Implied bound: 534
  Clique: 14
  MIR: 361
  StrongCG: 10
  Flow cover: 95
  Inf proof: 1
  Zero half: 4
  RLT: 84
  Relax-and-lift: 101
  BQP: 34
  PSD: 6

Explored 1771 nodes (1767591 simplex iterations) in 1932.52 seconds (451.59 work units)
Thread count was 10 (of 10 available processors)

Solution count 10: 0.570339 0.570339 0.570339 ... 0.592108

Optimal solution found (tolerance 5.00e-03)
Best objective 5.703393742711e-01, best bound 5.703393742711e-01, gap 0.0000%
