
Gurobi 13.0.3 (mac64[arm]) logging started Sat Sep 26 13:18:44 2026

Set parameter LogFile to value "/Users/ashutosh/Desktop/Two-stage-Model/slow_storm_results/full/solves/slow_50M.log"
Gurobi Optimizer version 13.0.3 build v13.0.3rc0 (mac64[arm] - Darwin 27.0.0 26A428)

CPU model: Apple M1 Pro
Thread count: 10 physical cores, 10 logical processors, using up to 10 threads

Non-default parameters:
TimeLimit  21600
MIPGap  0.005
Method  2
LogToConsole  0

Optimize a model with 158931 rows, 58612 columns and 442916 nonzeros (Min)
Model fingerprint: 0x4824e380
Model has 7956 linear objective coefficients and an objective constant of 396.859633
Variable types: 41976 continuous, 16636 integer (16274 binary)
Coefficient statistics:
  Matrix range     [1e-03, 1e+05]
  Objective range  [6e-02, 1e-01]
  Bounds range     [1e+00, 3e+00]
  RHS range        [1e-02, 5e+07]

Warning: Completing partial solution with 15912 unfixed non-continuous variables out of 16636
User MIP start produced solution with objective 2.48672 (0.87s)
User MIP start produced solution with objective 2.48672 (0.88s)
Loaded user MIP start with objective 2.48672
MIP start from previous solve did not produce a new incumbent solution

Presolve removed 133639 rows and 37953 columns
Presolve time: 1.01s
Presolved: 25292 rows, 20659 columns, 95215 nonzeros
Variable types: 17748 continuous, 2911 integer (2845 binary)
Root barrier log...

Ordering time: 0.28s

Barrier statistics:
 Dense cols : 37
 AA' NZ     : 3.335e+05
 Factor NZ  : 2.343e+06 (roughly 40 MB of memory)
 Factor Ops : 8.755e+08 (less than 1 second per iteration)
 Threads    : 10

                  Objective                Residual
Iter       Primal          Dual         Primal    Dual     Compl     Time
   0  -6.43607003e+05 -4.77513923e+05  2.88e+04 3.36e-01  1.19e+03     2s
   1  -3.67967489e+05 -5.04843321e+05  1.65e+04 1.85e+00  7.02e+02     2s
   2  -1.78505958e+05 -6.73299024e+05  8.01e+03 2.85e-13  3.46e+02     2s
   3  -2.76392547e+04 -5.25184114e+05  1.25e+03 1.48e-13  5.95e+01     3s
   4  -1.80111151e+03 -3.08811969e+05  8.99e+01 1.07e-13  8.82e+00     3s
   5   7.10399641e+01 -1.01275988e+05  6.33e+00 4.82e-14  1.98e+00     3s
   6   1.84656877e+02 -1.25969791e+04  5.97e-01 7.95e-15  2.37e-01     3s
   7   1.58454664e+02 -5.34892624e+03  1.52e-01 3.31e-15  1.01e-01     3s
   8   1.32055133e+02 -2.58937452e+03  6.65e-02 1.78e-15  4.97e-02     3s
   9   9.11770111e+01 -1.26697572e+03  1.86e-02 8.88e-16  2.47e-02     3s
  10   4.83418928e+01 -7.01818698e+02  2.96e-03 8.88e-16  1.37e-02     3s
  11   2.42005059e+01 -1.65629150e+02  6.77e-04 8.88e-16  3.45e-03     3s
  12   1.22816681e+01 -6.55358483e+01  2.59e-04 6.66e-16  1.42e-03     3s
  13   1.03966041e+01 -2.54490496e+01  2.07e-04 8.88e-16  6.52e-04     3s
  14   7.31260523e+00 -1.05016503e+01  1.32e-04 8.88e-16  3.24e-04     3s
  15   4.85209974e+00 -3.09841511e+00  7.60e-05 4.44e-16  1.45e-04     3s
  16   3.56768954e+00 -3.87896130e-01  4.82e-05 4.44e-16  7.20e-05     3s
  17   2.73045734e+00  3.99465660e-01  2.98e-05 4.44e-16  4.24e-05     3s
  18   2.32239618e+00  8.53612074e-01  2.09e-05 4.44e-16  2.67e-05     3s
  19   2.21228669e+00  9.25378035e-01  1.88e-05 4.44e-16  2.34e-05     3s
  20   1.88906291e+00  1.14746490e+00  1.18e-05 8.88e-16  1.35e-05     3s
  21   1.84303121e+00  1.20632262e+00  1.07e-05 8.88e-16  1.16e-05     3s
  22   1.82703598e+00  1.23364752e+00  1.03e-05 4.44e-16  1.08e-05     3s
  23   1.70884011e+00  1.31100377e+00  7.50e-06 8.88e-16  7.24e-06     3s
  24   1.56607183e+00  1.35210046e+00  4.11e-06 8.88e-16  3.90e-06     3s
  25   1.55019213e+00  1.37416938e+00  3.73e-06 4.44e-16  3.21e-06     3s
  26   1.45875197e+00  1.37951923e+00  1.52e-06 4.44e-16  1.44e-06     3s
  27   1.45220864e+00  1.38380562e+00  1.36e-06 4.44e-16  1.25e-06     3s
  28   1.43615476e+00  1.38666925e+00  9.55e-07 4.44e-16  9.01e-07     3s
  29   1.42387002e+00  1.38896237e+00  6.58e-07 8.88e-16  6.36e-07     3s
  30   1.41346414e+00  1.39283530e+00  4.04e-07 8.88e-16  3.76e-07     3s
  31   1.41134453e+00  1.39317422e+00  3.53e-07 4.44e-16  3.31e-07     3s
  32   1.40802255e+00  1.39437003e+00  2.76e-07 8.88e-16  2.49e-07     3s
  33   1.40630535e+00  1.39486664e+00  2.34e-07 8.88e-16  2.08e-07     3s
  34   1.39981664e+00  1.39607911e+00  7.41e-08 4.44e-16  6.81e-08     3s
  35   1.39881875e+00  1.39644210e+00  5.07e-08 4.44e-16  4.33e-08     3s
  36   1.39840033e+00  1.39653849e+00  4.10e-08 4.44e-16  3.39e-08     3s
  37   1.39827108e+00  1.39654198e+00  3.79e-08 1.61e-13  3.15e-08     3s
  38   1.39690960e+00  1.39661102e+00  4.66e-09 4.19e-14  5.44e-09     3s
  39   1.39668613e+00  1.39667773e+00  7.23e-10 2.06e-14  1.53e-10     3s
  40   1.39668442e+00  1.39668349e+00  2.87e-09 2.36e-14  1.70e-11     3s

Barrier solved model in 40 iterations and 3.24 seconds (3.92 work units)
Optimal objective 1.39668442e+00

Crossover time: 0.61 seconds (0.65 work units)

Root relaxation: objective 1.396684e+00, 7643 iterations, 1.85 seconds (2.05 work units)

    Nodes    |    Current Node    |     Objective Bounds      |     Work
 Expl Unexpl |  Obj  Depth IntInf | Incumbent    BestBd   Gap | It/Node Time

     0     0    1.39668    0  288    2.48672    1.39668  43.8%     -    5s
     0     0    1.81538    0  399    2.48672    1.81538  27.0%     -   13s
     0     0    1.84051    0  357    2.48672    1.84051  26.0%     -   15s
H    0     0                       2.4867198    1.95195  21.5%     -   18s
     0     0    1.95195    0  368    2.48672    1.95195  21.5%     -   18s
     0     0    1.96453    0  403    2.48672    1.96453  21.0%     -   19s
     0     0    1.99003    0  390    2.48672    1.99003  20.0%     -   22s
     0     0    1.99237    0  388    2.48672    1.99237  19.9%     -   25s
     0     0    1.99290    0  398    2.48672    1.99290  19.9%     -   26s
     0     0    1.99417    0  349    2.48672    1.99417  19.8%     -   27s
     0     0    1.99419    0  350    2.48672    1.99419  19.8%     -   27s
     0     0    2.00192    0  392    2.48672    2.00192  19.5%     -   29s
     0     0    2.00348    0  348    2.48672    2.00348  19.4%     -   31s
     0     0    2.00499    0  353    2.48672    2.00499  19.4%     -   31s
     0     0    2.00501    0  354    2.48672    2.00501  19.4%     -   31s
     0     0    2.00717    0  355    2.48672    2.00717  19.3%     -   32s
     0     0    2.00718    0  354    2.48672    2.00718  19.3%     -   35s
     0     0    2.00797    0  372    2.48672    2.00797  19.3%     -   35s
     0     0    2.00798    0  318    2.48672    2.00798  19.3%     -   37s
     0     0    2.00848    0  419    2.48672    2.00848  19.2%     -   38s
     0     0    2.00920    0  406    2.48672    2.00920  19.2%     -   40s
     0     0    2.00920    0  404    2.48672    2.00920  19.2%     -   40s
     0     0    2.00961    0  425    2.48672    2.00961  19.2%     -   41s
     0     0    2.00967    0  389    2.48672    2.00967  19.2%     -   41s
     0     0    2.01015    0  382    2.48672    2.01015  19.2%     -   42s
     0     0    2.01015    0  381    2.48672    2.01015  19.2%     -   42s
     0     0    2.01042    0  346    2.48672    2.01042  19.2%     -   43s
     0     0    2.01045    0  358    2.48672    2.01045  19.2%     -   43s
     0     0    2.01075    0  366    2.48672    2.01075  19.1%     -   44s
     0     0    2.01075    0  366    2.48672    2.01075  19.1%     -   45s
     0     0    2.01075    0  314    2.48672    2.01075  19.1%     -   46s
     0     2    2.01075    0  314    2.48672    2.01075  19.1%     -   46s
     3     8    2.03621    2  239    2.48672    2.01182  19.1%  2155   50s
    15    24    2.30147    4  284    2.48672    2.01219  19.1%  2396   60s
    35    43    2.46671    6  321    2.48672    2.01614  18.9%  3001   66s
    49    53    2.47171    7  274    2.48672    2.01614  18.9%  2531   71s
    81    95     cutoff   12         2.48672    2.02025  18.8%  2041   77s
   112   110    2.03001    5  383    2.48672    2.02025  18.8%  1686   80s
   159   156    2.03485    7  378    2.48672    2.02025  18.8%  1332   89s
   179   169    2.03589    8  271    2.48672    2.02025  18.8%  1361   92s
   194   185    2.04620    9  282    2.48672    2.02025  18.8%  1371   95s
H  195   185                       2.4867198    2.02025  18.8%  1364   95s
   232   213    2.05557   11  248    2.48672    2.02025  18.8%  1347  101s
H  253   221                       2.4800683    2.02025  18.5%  1384  104s
   258   229    2.06456   13  216    2.48007    2.02025  18.5%  1398  109s
   270   244    2.07004   14  218    2.48007    2.02025  18.5%  1443  113s
   285   254    2.08221   15  219    2.48007    2.02025  18.5%  1455  115s
   321   320    2.09004   21  215    2.48007    2.02025  18.5%  1399  121s
   391   357    2.11023   25  196    2.48007    2.02025  18.5%  1233  127s
H  397   357                       2.4690066    2.02025  18.2%  1223  127s
   411   396    2.18747   23  219    2.46901    2.02596  17.9%  1214  130s
   489   445    2.23460   25  199    2.46901    2.02596  17.9%  1126  137s
   527   458    2.16562   27  174    2.46901    2.02596  17.9%  1105  141s
   552   485    2.28560   26  190    2.46901    2.02607  17.9%  1102  146s
   581   515    2.32522   28  122    2.46901    2.02607  17.9%  1115  150s
H  601   515                       2.3344375    2.02607  13.2%  1119  150s
   615   511    2.31921   28  156    2.33444    2.02607  13.2%  1109  156s
   639   521 infeasible   30         2.33444    2.02919  13.1%  1138  161s
   662   537    2.33396   29  120    2.33444    2.03148  13.0%  1171  166s
   682   557    2.04196    6  249    2.33444    2.03148  13.0%  1190  171s
   703   575    2.08709    8  270    2.33444    2.03148  13.0%  1213  178s
   726   569    2.16863   10  206    2.33444    2.03148  13.0%  1233  183s
   767   549    2.20677   11  266    2.33444    2.03148  13.0%  1214  189s
   792   563    2.21305   12  268    2.33444    2.03148  13.0%  1220  194s
   828   574    2.21720   13  334    2.33444    2.03148  13.0%  1213  200s
   872   548    2.22791   15  341    2.33444    2.03148  13.0%  1195  207s
   922   554    2.27696   19  261    2.33444    2.03589  12.8%  1188  215s
   964   566     cutoff   23         2.33444    2.03668  12.8%  1195  221s
  1030   541    2.15587   11  170    2.33444    2.03901  12.7%  1177  229s
  1063   562     cutoff   16         2.33444    2.03901  12.7%  1204  235s
  1104   578     cutoff   15         2.33444    2.03901  12.7%  1201  243s
  1142   610    2.26329   16  193    2.33444    2.04098  12.6%  1215  249s
  1194   621    2.32839   23  133    2.33444    2.04098  12.6%  1212  260s
  1245   648    2.14753    9  221    2.33444    2.04543  12.4%  1216  268s
  1283   678    2.22120   10  169    2.33444    2.04543  12.4%  1233  277s
H 1330   697                       2.3344375    2.04543  12.4%  1239  287s
H 1362   697                       2.3344375    2.05557  11.9%  1254  287s
  1369   726 infeasible   10         2.33444    2.05557  11.9%  1271  297s
H 1422   726                       2.3344375    2.05774  11.9%  1250  297s
  1432   751     cutoff   12         2.33444    2.05774  11.9%  1259  307s
  1501   772    2.24121   20  124    2.33444    2.06457  11.6%  1259  318s
  1539   796    2.28508   28  128    2.33444    2.06457  11.6%  1274  328s
  1605   799    2.30083   12  107    2.33444    2.07004  11.3%  1282  342s
  1621   814    2.30459   13  108    2.33444    2.07052  11.3%  1292  355s
  1656   823     cutoff   14         2.33444    2.07052  11.3%  1294  370s
  1683   844    2.30527   15   64    2.33444    2.07052  11.3%  1296  381s
  1716   855    2.30545   16   97    2.33444    2.07052  11.3%  1288  393s
  1735   873    2.31063   17   95    2.33444    2.07052  11.3%  1290  407s
  1768   887     cutoff   18         2.33444    2.07052  11.3%  1291  420s
  1805   897    2.20821   21  192    2.33444    2.07290  11.2%  1292  436s
  1817   905    2.24363   22  160    2.33444    2.07290  11.2%  1289  448s
  1848   923    2.31206   23  140    2.33444    2.07290  11.2%  1286  460s
  1903   924    2.24708   10  177    2.33444    2.07290  11.2%  1282  477s
  1948   946    2.25223   11  177    2.33444    2.08274  10.8%  1298  492s
  2027   988    2.30293   20  187    2.33444    2.08274  10.8%  1303  507s
  2113  1014     cutoff   21         2.33444    2.08366  10.7%  1314  523s
H 2204  1029                       2.3344375    2.08977  10.5%  1324  539s
  2287  1050    2.20313   15  268    2.33444    2.08977  10.5%  1339  555s
  2383  1063     cutoff   17         2.33444    2.10776  9.71%  1355  569s
  2472  1096     cutoff   14         2.33444    2.11063  9.59%  1379  587s
  2586  1115    2.20737   17  108    2.33444    2.12488  8.98%  1388  603s
  2645  1146    2.27880   18   92    2.33444    2.12488  8.98%  1395  622s
  2748  1166    2.24611   11  157    2.33444    2.13489  8.55%  1397  640s
  2849  1168     cutoff   21         2.33444    2.13489  8.55%  1413  658s
  2928  1169     cutoff   19         2.33444    2.15012  7.90%  1433  677s
  3019  1188     cutoff   22         2.33444    2.15653  7.62%  1464  697s
  3158  1177     cutoff   23         2.33444    2.15902  7.51%  1478  716s
  3251  1168    2.26632   14   88    2.33444    2.16296  7.35%  1504  738s
  3373  1157    2.32271   13  169    2.33444    2.17258  6.93%  1510  762s
  3471  1162    2.24288   14  181    2.33444    2.17960  6.63%  1542  784s
  3618  1165    2.25666   21  138    2.33444    2.18691  6.32%  1553  808s
  3764  1157    2.30609   29   86    2.33444    2.19329  6.05%  1568  832s
  3927  1159    2.32440    9  207    2.33444    2.19810  5.84%  1579  858s
  4103  1153    2.24190    5  327    2.33444    2.20244  5.65%  1584  885s
  4282  1150     cutoff   27         2.33444    2.20839  5.40%  1584  911s
  4445  1158    2.29831   23  121    2.33444    2.21565  5.09%  1606  940s
  4692  1180    2.31354   34   93    2.33444    2.21950  4.92%  1606  969s
  4945  1196     cutoff   28         2.33444    2.22274  4.78%  1602  999s
  5243  1224     cutoff   39         2.33444    2.23127  4.42%  1592 1030s
  5569  1191    2.31342    5  164    2.33444    2.23635  4.20%  1576 1063s
  5836  1179     cutoff   32         2.33444    2.24189  3.96%  1584 1095s
  6166  1151     cutoff   17         2.33444    2.25002  3.62%  1574 1130s
  6580  1117     cutoff   27         2.33444    2.25908  3.23%  1556 1167s
  7024  1045     cutoff   21         2.33444    2.26609  2.93%  1534 1204s
  7580   870     cutoff   14         2.33444    2.27682  2.47%  1499 1242s
  8180   564     cutoff   30         2.33444    2.28795  1.99%  1463 1280s
  8978   119    2.33390   18  220    2.33444    2.29813  1.56%  1404 1491s
  9818     0     cutoff   17         2.33444    2.31874  0.67%  1346 1497s

Cutting planes:
  Learned: 133
  Gomory: 48
  Cover: 108
  Implied bound: 987
  Clique: 33
  MIR: 676
  StrongCG: 23
  Flow cover: 177
  Zero half: 9
  Mod-K: 1
  RLT: 166
  Relax-and-lift: 253
  BQP: 43
  PSD: 2

Explored 10002 nodes (13331081 simplex iterations) in 1497.53 seconds (3174.24 work units)
Thread count was 10 (of 10 available processors)

Solution count 8: 2.33444 2.33444 2.33444 ... 2.48672

Optimal solution found (tolerance 5.00e-03)
Best objective 2.334437474571e+00, best bound 2.334437474571e+00, gap 0.0000%
