
Gurobi 13.0.3 (mac64[arm]) logging started Sat Sep 26 15:41:30 2026

Set parameter LogFile to value "/Users/ashutosh/Desktop/Two-stage-Model/slow_storm_results/full/solves/slow_30M.log"
Gurobi Optimizer version 13.0.3 build v13.0.3rc0 (mac64[arm] - Darwin 27.0.0 26A428)

CPU model: Apple M1 Pro
Thread count: 10 physical cores, 10 logical processors, using up to 10 threads

Non-default parameters:
TimeLimit  21600
MIPGap  0.005
Method  2
LogToConsole  0

Optimize a model with 158931 rows, 58612 columns and 442916 nonzeros (Min)
Model fingerprint: 0x2e733419
Model has 7956 linear objective coefficients and an objective constant of 396.859633
Variable types: 41976 continuous, 16636 integer (16274 binary)
Coefficient statistics:
  Matrix range     [1e-03, 1e+05]
  Objective range  [6e-02, 1e-01]
  Bounds range     [1e+00, 3e+00]
  RHS range        [1e-02, 3e+07]

Warning: Completing partial solution with 15912 unfixed non-continuous variables out of 16636
User MIP start produced solution with objective 8.47709 (0.72s)
User MIP start produced solution with objective 8.47709 (0.73s)
Loaded user MIP start with objective 8.47709
MIP start from previous solve did not produce a new incumbent solution

Presolve removed 133639 rows and 37953 columns
Presolve time: 0.94s
Presolved: 25292 rows, 20659 columns, 95215 nonzeros
Variable types: 17748 continuous, 2911 integer (2845 binary)
Root barrier log...

Ordering time: 0.25s

Barrier statistics:
 Dense cols : 37
 AA' NZ     : 3.335e+05
 Factor NZ  : 2.343e+06 (roughly 40 MB of memory)
 Factor Ops : 8.755e+08 (less than 1 second per iteration)
 Threads    : 10

                  Objective                Residual
Iter       Primal          Dual         Primal    Dual     Compl     Time
   0  -1.85943654e+06 -4.78251431e+05  8.33e+04 3.36e-01  3.43e+03     2s
   1  -1.13765148e+06 -5.22274682e+05  5.10e+04 1.84e+00  2.15e+03     2s
   2  -4.96467866e+05 -8.73911684e+05  2.23e+04 4.39e-13  1.02e+03     2s
   3  -3.11016695e+04 -7.32658308e+05  1.40e+03 2.50e-13  7.49e+01     2s
   4  -1.06985028e+03 -3.39310169e+05  5.74e+01 6.00e-14  8.34e+00     2s
   5  -1.10505981e+02 -1.08071326e+05  1.45e+01 3.62e-14  2.28e+00     2s
   6   1.62549330e+02 -3.29668039e+04  1.57e+00 1.10e-14  6.23e-01     2s
   7   1.65068237e+02 -6.39228164e+03  1.84e-01 8.88e-15  1.20e-01     2s
   8   1.27464027e+02 -2.90261744e+03  5.37e-02 7.11e-15  5.53e-02     2s
   9   7.31129207e+01 -1.24452511e+03  1.75e-03 2.66e-15  2.40e-02     2s
  10   3.22494949e+01 -1.67591006e+02  1.55e-04 8.88e-16  3.64e-03     2s
  11   2.08819430e+01 -6.89405661e+01  7.86e-05 8.88e-16  1.63e-03     2s
  12   1.44481231e+01 -3.17943289e+01  3.91e-05 4.44e-16  8.41e-04     2s
  13   1.07697930e+01 -1.38186247e+01  1.94e-05 4.44e-16  4.47e-04     2s
  14   8.95029932e+00 -9.33954338e-01  1.06e-05 4.44e-16  1.80e-04     2s
  15   7.56778831e+00  1.94170365e+00  4.62e-06 4.44e-16  1.02e-04     2s
  16   7.18381161e+00  3.97119501e+00  3.01e-06 4.44e-16  5.84e-05     2s
  17   6.88946422e+00  5.16316879e+00  1.82e-06 8.88e-16  3.14e-05     2s
  18   6.73159120e+00  5.65710782e+00  1.23e-06 8.88e-16  1.95e-05     3s
  19   6.65498338e+00  5.92514283e+00  9.41e-07 8.88e-16  1.33e-05     3s
  20   6.59051314e+00  6.06707747e+00  6.79e-07 8.88e-16  9.52e-06     3s
  21   6.52226550e+00  6.21000435e+00  3.98e-07 8.88e-16  5.68e-06     3s
  22   6.49415977e+00  6.30234658e+00  2.83e-07 8.97e-16  3.49e-06     3s
  23   6.45629025e+00  6.37383320e+00  1.33e-07 1.57e-15  1.50e-06     3s
  24   6.43616969e+00  6.39722334e+00  5.53e-08 3.00e-15  7.09e-07     3s
  25   6.43328518e+00  6.40685746e+00  4.41e-08 2.04e-15  4.81e-07     3s
  26   6.42875494e+00  6.41239648e+00  2.67e-08 2.10e-15  2.98e-07     3s
  27   6.42572853e+00  6.41674763e+00  1.57e-08 1.69e-15  1.63e-07     3s
  28   6.42397001e+00  6.41895568e+00  8.81e-09 1.93e-15  9.12e-08     3s
  29   6.42360344e+00  6.42021043e+00  7.42e-09 2.05e-15  6.17e-08     3s
  30   6.42256586e+00  6.42091156e+00  3.56e-09 2.11e-15  3.01e-08     3s
  31   6.42214639e+00  6.42125604e+00  1.92e-09 1.76e-15  1.62e-08     3s
  32   6.42180064e+00  6.42146941e+00  5.81e-10 1.22e-15  6.03e-09     3s
  33   6.42177282e+00  6.42160376e+00  4.71e-10 7.25e-15  3.08e-09     3s
  34   6.42167894e+00  6.42164798e+00  8.60e-10 1.34e-13  5.63e-10     3s
  35   6.42165214e+00  6.42165139e+00  4.18e-10 3.24e-13  1.37e-11     3s

Barrier solved model in 35 iterations and 2.88 seconds (3.68 work units)
Optimal objective 6.42165214e+00

Crossover time: 0.72 seconds (1.08 work units)

Extra simplex iterations after uncrush: 2

Root relaxation: objective 6.421652e+00, 7675 iterations, 1.84 seconds (2.30 work units)

    Nodes    |    Current Node    |     Objective Bounds      |     Work
 Expl Unexpl |  Obj  Depth IntInf | Incumbent    BestBd   Gap | It/Node Time

     0     0    6.42165    0  384    8.47709    6.42165  24.2%     -    5s
     0     0    7.20501    0  425    8.47709    7.20501  15.0%     -   10s
     0     0    7.30279    0  414    8.47709    7.30279  13.9%     -   14s
     0     0    7.31125    0  409    8.47709    7.31125  13.8%     -   14s
     0     0    7.33263    0  449    8.47709    7.33263  13.5%     -   15s
     0     0    7.33270    0  447    8.47709    7.33270  13.5%     -   15s
     0     0    7.52519    0  465    8.47709    7.52519  11.2%     -   18s
H    0     0                       8.4242350    7.52776  10.6%     -   19s
     0     0    7.55679    0  446    8.42423    7.55679  10.3%     -   20s
     0     0    7.56517    0  456    8.42423    7.56517  10.2%     -   20s
     0     0    7.56737    0  455    8.42423    7.56737  10.2%     -   21s
     0     0    7.56753    0  470    8.42423    7.56753  10.2%     -   21s
     0     0    7.62171    0  515    8.42423    7.62171  9.53%     -   24s
     0     0    7.62353    0  524    8.42423    7.62353  9.50%     -   26s
     0     0    7.62415    0  533    8.42423    7.62415  9.50%     -   26s
     0     0    7.62416    0  533    8.42423    7.62416  9.50%     -   26s
     0     0    7.64445    0  545    8.42423    7.64445  9.26%     -   28s
     0     0    7.65033    0  529    8.42423    7.65033  9.19%     -   30s
     0     0    7.65045    0  516    8.42423    7.65045  9.19%     -   30s
     0     0    7.65436    0  514    8.42423    7.65436  9.14%     -   31s
     0     0    7.65436    0  515    8.42423    7.65436  9.14%     -   32s
     0     0    7.65457    0  514    8.42423    7.65457  9.14%     -   32s
     0     0    7.65457    0  514    8.42423    7.65457  9.14%     -   32s
     0     0    7.65457    0  512    8.42423    7.65457  9.14%     -   33s
     0     0    7.65457    0  512    8.42423    7.65457  9.14%     -   33s
     0     0    7.65464    0  514    8.42423    7.65464  9.14%     -   33s
     0     0    7.65464    0  514    8.42423    7.65464  9.14%     -   33s
     0     0    7.65464    0  446    8.42423    7.65464  9.14%     -   35s
     0     2    7.65464    0  446    8.42423    7.65464  9.14%     -   39s
     1     4    7.65845    1  428    8.42423    7.65464  9.14%   420   40s
     7    16    8.02764    3  427    8.42423    7.70357  8.55%  1888   45s
    25    33    8.17415    5  504    8.42423    7.72532  8.30%  2335   52s
    44    46    8.19031    6  491    8.42423    7.72545  8.29%  2148   55s
   105    94    8.29234    8  512    8.42423    7.73251  8.21%  1274   61s
   134   122    8.31839   10  501    8.42423    7.73251  8.21%  1332   67s
   162   145    8.31720   11  334    8.42423    7.73251  8.21%  1365   73s
   174   175    8.31996   12  320    8.42423    7.73251  8.21%  1376   75s
   247   228     cutoff   19         8.42423    7.73251  8.21%  1151   81s
   297   277     cutoff   20         8.42423    7.73251  8.21%  1056   86s
   354   312    8.17321   24  287    8.42423    7.73251  8.21%  1041   91s
H  365   312                       8.4242350    7.73251  8.21%  1030   91s
   390   350    8.23991   26  256    8.42423    7.73251  8.21%  1021   96s
   416   375    8.37862   29  238    8.42423    7.73251  8.21%  1041  100s
   468   395     cutoff   29         8.42423    7.73251  8.21%  1051  107s
   497   410    8.19274   37  265    8.42423    7.73384  8.20%  1062  110s
   553   450    8.37502   43  227    8.42423    7.73384  8.20%  1078  116s
   596   467     cutoff   28         8.42423    7.73404  8.19%  1062  121s
   628   485    8.08170   11  330    8.42423    7.73437  8.19%  1064  126s
H  647   485                       8.4242350    7.73437  8.19%  1065  126s
H  651   485                       8.4242350    7.73437  8.19%  1071  126s
   690   531    8.26706   13  449    8.42423    7.74202  8.10%  1056  136s
   725   539    8.28668   14  409    8.42423    7.74202  8.10%  1060  140s
   790   579    8.40273   18  336    8.42423    7.74381  8.08%  1052  147s
   822   591    8.41226   19  348    8.42423    7.74393  8.08%  1046  153s
   858   603     cutoff   21         8.42423    7.74393  8.08%  1049  157s
H  894   612                       8.4242350    7.74488  8.06%  1060  164s
   919   623    8.10088   17  299    8.42423    7.74602  8.05%  1081  169s
   938   644    8.13793   19  281    8.42423    7.74602  8.05%  1101  174s
   971   646    8.32476   25  184    8.42423    7.74824  8.02%  1108  181s
  1005   648     cutoff   30         8.42423    7.75445  7.95%  1123  188s
  1037   656    7.88876    6  416    8.42423    7.75705  7.92%  1156  194s
  1059   668    8.11820    9  285    8.42423    7.78448  7.59%  1198  200s
  1093   675    8.19536   14  327    8.42423    7.78475  7.59%  1211  206s
  1112   695     cutoff   16         8.42423    7.79448  7.48%  1233  213s
  1154   724    8.25031   16  291    8.42423    7.79448  7.48%  1243  220s
  1202   724    8.37449   23  267    8.42423    7.79491  7.47%  1251  227s
  1270   728     cutoff    9         8.42423    7.79610  7.46%  1255  234s
  1317   752    8.00192   12  317    8.42423    7.79610  7.46%  1262  244s
H 1363   761                       8.4242350    7.80833  7.31%  1274  252s
  1397   784    8.26103   19  291    8.42423    7.80833  7.31%  1283  260s
  1448   802    8.41003   28  213    8.42423    7.81962  7.18%  1298  269s
  1492   822    8.29621   17  345    8.42423    7.81962  7.18%  1309  276s
  1541   825    8.36138   19  298    8.42423    7.82242  7.14%  1318  286s
  1591   847    8.40603   21  260    8.42423    7.82242  7.14%  1333  294s
  1656   883    8.06609   13  279    8.42423    7.82242  7.14%  1338  304s
  1716   893    8.25615   16  201    8.42423    7.85352  6.77%  1342  315s
  1786   930    8.29549   19  320    8.42423    7.85352  6.77%  1355  325s
  1860   958     cutoff   20         8.42423    7.86290  6.66%  1358  335s
H 1870   956                       8.4157206    7.86874  6.50%  1361  335s
* 1923   924              54       8.3949812    7.86874  6.27%  1344  335s
  1948   928    8.12687   13  226    8.39498    7.86941  6.26%  1357  346s
  2006   936    8.33312   20  277    8.39498    7.87348  6.21%  1367  358s
  2018   941    8.34043   21  278    8.39498    7.87549  6.19%  1375  370s
H 2023   939                       8.3932000    7.87549  6.17%  1375  370s
  2037   955    8.34945   22  295    8.39320    7.87549  6.17%  1378  383s
  2097   961     cutoff   25         8.39320    7.87679  6.15%  1395  395s
  2151   980    8.29865   26  306    8.39320    7.88235  6.09%  1417  408s
  2223   983    8.16633   15  189    8.39320    7.88235  6.09%  1426  420s
  2286   998    8.31590   19  238    8.39320    7.89613  5.92%  1446  434s
  2359  1020    8.22322   62  155    8.39320    7.91112  5.74%  1464  448s
  2460  1039    8.26577   36  266    8.39320    7.92168  5.62%  1466  463s
  2540  1053     cutoff   39         8.39320    7.93061  5.51%  1471  477s
  2614  1062     cutoff   13         8.39320    7.93284  5.48%  1490  492s
  2711  1074    8.30607    8  243    8.39320    7.93579  5.45%  1506  508s
  2799  1087    8.24212    9  338    8.39320    7.95629  5.21%  1524  525s
  2890  1091     cutoff   15         8.39320    7.95668  5.20%  1536  544s
  2906  1094    8.16119    7  332    8.39320    7.96942  5.05%  1541  561s
  2923  1096    8.17921    8  305    8.39320    7.96942  5.05%  1545  579s
  2940  1100    8.29078    9  249    8.39320    7.96942  5.05%  1551  595s
H 2945  1100                       8.3932000    7.96942  5.05%  1551  595s
  2956  1108    8.34741   10  237    8.39320    7.96942  5.05%  1553  612s
H 2973  1106                       8.3897754    7.96942  5.01%  1553  612s
  2984  1105    8.36008   11  270    8.38978    7.96942  5.01%  1554  630s
  3108  1127     cutoff   26         8.38978    7.96942  5.01%  1566  649s
  3250  1181    8.09027   16  298    8.38978    7.98302  4.85%  1570  668s
  3405  1205     cutoff   20         8.38978    8.00021  4.64%  1572  688s
  3552  1207    8.20831   15  409    8.38978    8.00863  4.54%  1570  708s
  3683  1207    8.32016   24  307    8.38978    8.01578  4.46%  1580  730s
  3805  1217    8.20415   20  361    8.38978    8.02060  4.40%  1599  753s
  3952  1221    8.18190   13  400    8.38978    8.02697  4.32%  1611  776s
H 4109  1242                       8.3883734    8.02896  4.28%  1618  805s
H 4124  1242                       8.3883687    8.03563  4.21%  1619  805s
H 4145  1242                       8.3883660    8.03743  4.18%  1622  805s
H 4153  1242                       8.3883538    8.03743  4.18%  1624  805s
H 4193  1242                       8.3883527    8.03967  4.16%  1621  805s
H 4205  1242                       8.3883524    8.03967  4.16%  1622  805s
  4237  1254     cutoff   15         8.38835    8.04453  4.10%  1630  830s
  4451  1267     cutoff   31         8.38835    8.05123  4.02%  1632  856s
  4607  1274     cutoff   19         8.38835    8.05725  3.95%  1644  883s
  4775  1290     cutoff   17         8.38835    8.06472  3.86%  1657  911s
  4970  1308     cutoff   20         8.38835    8.07101  3.78%  1669  939s
  5185  1320     cutoff   17         8.38835    8.08090  3.67%  1668  970s
H 5196  1320                       8.3883524    8.08090  3.67%  1670  970s
  5365  1322     cutoff   23         8.38835    8.08965  3.56%  1679 1006s
  5562  1350     cutoff   11         8.38835    8.09700  3.47%  1688 1039s
  5808  1335    8.20480   16  309    8.38835    8.10208  3.41%  1686 1074s
  6043  1334     cutoff   14         8.38835    8.10923  3.33%  1693 1109s
H 6078  1334                       8.3883518    8.10923  3.33%  1692 1109s
H 6117  1334                       8.3883514    8.10923  3.33%  1699 1109s
H 6281  1334                       8.3883511    8.12370  3.16%  1702 1109s
  6298  1326    8.28851   41  235    8.38835    8.12370  3.16%  1704 1145s
H 6436  1326                       8.3883510    8.12681  3.12%  1705 1145s
  6572  1349     cutoff   16         8.38835    8.14263  2.93%  1718 1184s
  6923  1316     cutoff   25         8.38835    8.15151  2.82%  1716 1224s
H 6951  1316                       8.3883506    8.15286  2.81%  1718 1224s
  7213  1263     cutoff   54         8.38835    8.16818  2.62%  1729 1267s
  7525  1254    8.32779   14  196    8.38835    8.17890  2.50%  1742 1311s
  7880  1183     cutoff   13         8.38835    8.20009  2.24%  1749 1359s
H 7883  1183                       8.3883506    8.20009  2.24%  1749 1359s
  8104  1139     cutoff   17         8.38835    8.21076  2.12%  1763 1407s
  8489  1167     cutoff   29         8.38835    8.22808  1.91%  1770 1458s
  9086  1155    8.30582   21  256    8.38835    8.24865  1.67%  1747 1511s
  9662  1022    8.32010   20  187    8.38835    8.26463  1.47%  1725 1564s
 10133   813     cutoff   16         8.38835    8.28378  1.25%  1734 1619s
 10635   519     cutoff   17         8.38835    8.30619  0.98%  1744 1677s
 11341   210     cutoff   25         8.38835    8.33140  0.68%  1726 1735s

Cutting planes:
  Learned: 148
  Gomory: 56
  Cover: 129
  Implied bound: 1444
  Clique: 41
  MIR: 731
  StrongCG: 16
  Flow cover: 222
  Inf proof: 1
  Zero half: 18
  RLT: 109
  Relax-and-lift: 215
  BQP: 38
  PSD: 1

Explored 12164 nodes (20648237 simplex iterations) in 1735.82 seconds (4741.27 work units)
Thread count was 10 (of 10 available processors)

Solution count 10: 8.38835 8.38835 8.38835 ... 8.38835

Optimal solution found (tolerance 5.00e-03)
Best objective 8.388350576582e+00, best bound 8.354375327579e+00, gap 0.4050%
