
Gurobi 13.0.3 (mac64[arm]) logging started Sat Sep 26 13:00:03 2026

Set parameter LogFile to value "/Users/ashutosh/Desktop/Two-stage-Model/slow_storm_results/full/solves/slow_40M.log"
Gurobi Optimizer version 13.0.3 build v13.0.3rc0 (mac64[arm] - Darwin 27.0.0 26A428)

CPU model: Apple M1 Pro
Thread count: 10 physical cores, 10 logical processors, using up to 10 threads

Non-default parameters:
TimeLimit  21600
MIPGap  0.005
Method  2
LogToConsole  0

Optimize a model with 158931 rows, 58612 columns and 442916 nonzeros (Min)
Model fingerprint: 0x0a079a14
Model has 7956 linear objective coefficients and an objective constant of 396.859633
Variable types: 41976 continuous, 16636 integer (16274 binary)
Coefficient statistics:
  Matrix range     [1e-03, 1e+05]
  Objective range  [6e-02, 1e-01]
  Bounds range     [1e+00, 3e+00]
  RHS range        [1e-02, 4e+07]

Warning: Completing partial solution with 15912 unfixed non-continuous variables out of 16636
User MIP start produced solution with objective 4.98852 (0.75s)
User MIP start produced solution with objective 4.98852 (0.76s)
Loaded user MIP start with objective 4.98852
MIP start from previous solve did not produce a new incumbent solution

Presolve removed 133639 rows and 37953 columns
Presolve time: 1.01s
Presolved: 25292 rows, 20659 columns, 95215 nonzeros
Variable types: 17748 continuous, 2911 integer (2845 binary)
Root barrier log...

Ordering time: 0.27s

Barrier statistics:
 Dense cols : 37
 AA' NZ     : 3.335e+05
 Factor NZ  : 2.343e+06 (roughly 40 MB of memory)
 Factor Ops : 8.755e+08 (less than 1 second per iteration)
 Threads    : 10

                  Objective                Residual
Iter       Primal          Dual         Primal    Dual     Compl     Time
   0  -1.57183219e+06 -4.78123847e+05  7.04e+04 3.36e-01  2.90e+03     2s
   1  -9.55519807e+05 -5.18430971e+05  4.28e+04 1.84e+00  1.80e+03     2s
   2  -4.29219356e+05 -7.65010406e+05  1.93e+04 1.64e-12  8.39e+02     2s
   3  -4.50681186e+04 -6.37763988e+05  2.03e+03 1.53e-13  9.60e+01     2s
   4  -7.80841376e+02 -3.94163721e+05  4.46e+01 1.92e-13  8.87e+00     2s
   5   1.24267051e+02 -9.52968506e+04  4.16e+00 5.54e-14  1.82e+00     2s
   6   1.82177885e+02 -1.73379275e+04  4.87e-01 1.76e-14  3.22e-01     2s
   7   1.55709452e+02 -6.07041648e+03  9.33e-02 6.34e-15  1.14e-01     2s
   8   1.18336543e+02 -1.81063339e+03  2.63e-02 1.78e-15  3.51e-02     2s
   9   7.43768071e+01 -6.45952934e+02  9.44e-03 1.33e-15  1.31e-02     2s
  10   3.33657594e+01 -2.26329605e+02  1.92e-03 8.88e-16  4.73e-03     2s
  11   2.27507638e+01 -1.13141644e+02  1.14e-03 5.55e-16  2.47e-03     3s
  12   2.00579532e+01 -7.56848729e+01  9.15e-04 8.88e-16  1.74e-03     3s
  13   1.12282456e+01 -3.29429193e+01  3.71e-04 4.44e-16  8.04e-04     3s
  14   6.58773365e+00 -9.80334386e+00  1.26e-04 8.88e-16  2.98e-04     3s
  15   4.86971737e+00 -1.58476892e+00  5.13e-05 4.44e-16  1.17e-04     3s
  16   4.18014621e+00  1.10332881e+00  2.54e-05 8.88e-16  5.60e-05     3s
  17   3.97640967e+00  1.34797750e+00  1.80e-05 8.88e-16  4.78e-05     3s
  18   3.82858183e+00  1.66180804e+00  1.26e-05 8.88e-16  3.94e-05     3s
  19   3.70177781e+00  2.55864980e+00  8.11e-06 8.88e-16  2.08e-05     3s
  20   3.56673587e+00  2.98880277e+00  3.26e-06 1.22e-15  1.05e-05     3s
  21   3.50133100e+00  3.23040767e+00  1.16e-06 8.46e-16  4.93e-06     3s
  22   3.48555727e+00  3.29634795e+00  6.77e-07 1.59e-15  3.44e-06     3s
  23   3.47478673e+00  3.37974455e+00  3.49e-07 1.23e-15  1.73e-06     3s
  24   3.46646743e+00  3.43003860e+00  1.06e-07 1.24e-15  6.63e-07     3s
  25   3.46566962e+00  3.44452440e+00  8.59e-08 1.52e-15  3.85e-07     3s
  26   3.46412897e+00  3.45123212e+00  4.77e-08 1.95e-15  2.35e-07     3s
  27   3.46306120e+00  3.45833676e+00  2.02e-08 1.93e-15  8.60e-08     3s
  28   3.46230914e+00  3.46136399e+00  2.34e-09 8.54e-15  1.72e-08     3s
  29   3.46226027e+00  3.46179118e+00  1.46e-09 2.82e-14  8.53e-09     3s
  30   3.46221983e+00  3.46197847e+00  2.93e-09 2.69e-14  4.39e-09     3s
  31   3.46219569e+00  3.46207883e+00  8.23e-10 1.24e-14  2.13e-09     3s
  32   3.46218773e+00  3.46214968e+00  2.18e-09 2.21e-12  6.92e-10     3s
  33   3.46218222e+00  3.46216481e+00  7.80e-10 1.54e-12  3.17e-10     3s
  34   3.46218114e+00  3.46217144e+00  2.06e-09 3.37e-12  1.77e-10     3s
  35   3.46218002e+00  3.46217564e+00  1.66e-09 5.08e-12  7.96e-11     3s
  36   3.46217916e+00  3.46217812e+00  1.57e-08 8.97e-13  1.89e-11     3s

Barrier solved model in 36 iterations and 3.04 seconds (3.64 work units)
Optimal objective 3.46217916e+00

Crossover time: 0.42 seconds (0.42 work units)

Root relaxation: objective 3.462179e+00, 5015 iterations, 1.61 seconds (1.67 work units)

    Nodes    |    Current Node    |     Objective Bounds      |     Work
 Expl Unexpl |  Obj  Depth IntInf | Incumbent    BestBd   Gap | It/Node Time

     0     0    3.46218    0  330    4.98852    3.46218  30.6%     -    5s
     0     0    4.16886    0  411    4.98852    4.16886  16.4%     -   13s
     0     0    4.19833    0  400    4.98852    4.19833  15.8%     -   15s
     0     0    4.21981    0  395    4.98852    4.21981  15.4%     -   15s
     0     0    4.21982    0  395    4.98852    4.21982  15.4%     -   15s
H    0     0                       4.9885194    4.30469  13.7%     -   20s
     0     0    4.30469    0  453    4.98852    4.30469  13.7%     -   20s
     0     0    4.31481    0  464    4.98852    4.31481  13.5%     -   22s
     0     0    4.31664    0  463    4.98852    4.31664  13.5%     -   23s
     0     0    4.31808    0  475    4.98852    4.31808  13.4%     -   23s
     0     0    4.31817    0  471    4.98852    4.31817  13.4%     -   23s
     0     0    4.33101    0  361    4.98852    4.33101  13.2%     -   25s
     0     0    4.33185    0  353    4.98852    4.33185  13.2%     -   29s
     0     0    4.33191    0  353    4.98852    4.33191  13.2%     -   29s
     0     0    4.33191    0  353    4.98852    4.33191  13.2%     -   29s
     0     0    4.33610    0  421    4.98852    4.33610  13.1%     -   30s
     0     0    4.33611    0  429    4.98852    4.33611  13.1%     -   30s
     0     0    4.33614    0  434    4.98852    4.33614  13.1%     -   31s
     0     0    4.33616    0  445    4.98852    4.33616  13.1%     -   31s
     0     0    4.33629    0  445    4.98852    4.33629  13.1%     -   31s
     0     0    4.33635    0  448    4.98852    4.33635  13.1%     -   32s
     0     0    4.33709    0  453    4.98852    4.33709  13.1%     -   32s
     0     0    4.33709    0  453    4.98852    4.33709  13.1%     -   33s
     0     0    4.33709    0  354    4.98852    4.33709  13.1%     -   34s
     0     2    4.33709    0  354    4.98852    4.33709  13.1%     -   39s
     1     4    4.33896    1  356    4.98852    4.33709  13.1%   638   40s
     7    16    4.77217    3  415    4.98852    4.34287  12.9%  2979   46s
    15    20    4.78849    4  362    4.98852    4.34942  12.8%  2765   51s
    40    64    4.93099    8  273    4.98852    4.35132  12.8%  2292   58s
    75    82    4.95572   13  261    4.98852    4.35134  12.8%  1540   60s
   106   119    4.95686   15  229    4.98852    4.35134  12.8%  1330   66s
   133   137    4.96432   20  204    4.98852    4.35134  12.8%  1170   70s
   175   164    4.96705   21  202    4.98852    4.35134  12.8%  1030   76s
   194   171    4.97603   24  195    4.98852    4.35134  12.8%  1067   80s
   215   184     cutoff   25         4.98852    4.35134  12.8%  1230   88s
   225   189     cutoff   25         4.98852    4.35134  12.8%  1293   94s
   237   201    4.67902   14  235    4.98852    4.35134  12.8%  1366   98s
   251   212    4.69215   15  215    4.98852    4.35134  12.8%  1343  103s
   269   220    4.69654   16  213    4.98852    4.35134  12.8%  1335  108s
   279   227    4.70793   17  165    4.98852    4.35134  12.8%  1384  112s
   290   237    4.71144   18  186    4.98852    4.35134  12.8%  1420  118s
   304   252    4.71658   19  203    4.98852    4.35134  12.8%  1451  121s
   323   263    4.72265   20  188    4.98852    4.35287  12.7%  1416  125s
H  326   263                       4.9644222    4.35287  12.3%  1408  125s
H  337   282                       4.9607868    4.35287  12.3%  1410  129s
H  351   282                       4.9534919    4.35287  12.1%  1402  129s
   353   321    4.74832   23  146    4.95349    4.35287  12.1%  1404  132s
   396   341    4.80994   29  145    4.95349    4.35287  12.1%  1339  136s
H  419   341                       4.9530931    4.35287  12.1%  1305  136s
H  421   360                       4.9530931    4.35287  12.1%  1303  140s
H  438   360                       4.9530931    4.36812  11.8%  1290  140s
   451   394    4.84709   38   88    4.95309    4.36812  11.8%  1285  146s
   537   453    4.92831   56   48    4.95309    4.36944  11.8%  1229  153s
   580   495    4.52941   16  305    4.95309    4.36944  11.8%  1223  158s
   639   530    4.55446   17  352    4.95309    4.36944  11.8%  1180  163s
   694   567    4.75452   18  421    4.95309    4.36988  11.8%  1153  168s
   748   589    4.78180   19  382    4.95309    4.36988  11.8%  1125  172s
   795   606    4.79374   20  435    4.95309    4.36988  11.8%  1111  178s
   838   631    4.80292   21  388    4.95309    4.36988  11.8%  1117  183s
   877   651     cutoff   26         4.95309    4.36988  11.8%  1126  188s
   907   671     cutoff   25         4.95309    4.36988  11.8%  1147  194s
   947   712     cutoff   47         4.95309    4.37909  11.6%  1146  201s
  1004   786    4.68930   17  349    4.95309    4.37909  11.6%  1145  206s
  1092   828    4.73824   18  418    4.95309    4.39464  11.3%  1099  214s
  1171   866    4.80168   19  398    4.95309    4.39464  11.3%  1070  221s
* 1215   765             118       4.8957250    4.39490  10.2%  1081  221s
  1219   761     cutoff   21         4.89572    4.39490  10.2%  1080  230s
H 1224   761                       4.8957250    4.39490  10.2%  1084  230s
  1246   764     cutoff   19         4.89572    4.39490  10.2%  1097  238s
  1276   770     cutoff   15         4.89572    4.40204  10.1%  1117  247s
  1310   783    4.55184    8  254    4.89572    4.40204  10.1%  1146  254s
  1339   789    4.56961    9  246    4.89572    4.40204  10.1%  1155  261s
  1376   801    4.73831   12  309    4.89572    4.42039  9.71%  1178  273s
  1404   822    4.74768   14  216    4.89572    4.42643  9.59%  1208  282s
  1435   827    4.84059   20  159    4.89572    4.44244  9.26%  1237  296s
  1448   837    4.86240   21  157    4.89572    4.44244  9.26%  1250  312s
  1460   851    4.87377   22  144    4.89572    4.44244  9.26%  1265  324s
  1476   865    4.89161   23  173    4.89572    4.44244  9.26%  1276  338s
  1493   869     cutoff   24         4.89572    4.44244  9.26%  1280  354s
  1513   873    4.63131   18  337    4.89572    4.44244  9.26%  1290  369s
H 1517   857                       4.8848256    4.44244  9.06%  1289  369s
H 1529   870                       4.8814345    4.44244  8.99%  1295  378s
H 1552   869                       4.8809669    4.44244  8.98%  1303  378s
H 1580   865                       4.8800525    4.44244  8.97%  1301  378s
  1598   882 infeasible   24         4.88005    4.44244  8.97%  1299  387s
H 1603   882                       4.8798947    4.49542  7.88%  1299  387s
H 1608   881                       4.8793986    4.49542  7.87%  1307  387s
H 1633   881                       4.8793843    4.49542  7.87%  1324  387s
  1644   953    4.78386   23  451    4.87938    4.49542  7.87%  1329  398s
H 1651   953                       4.8792070    4.49542  7.87%  1330  398s
  1748   994     cutoff   36         4.87921    4.49542  7.87%  1314  411s
H 1820   751                       4.8267850    4.52468  6.26%  1318  411s
  1837   748    4.75619   16  332    4.82678    4.52468  6.26%  1314  425s
  1893   768     cutoff   17         4.82678    4.52468  6.26%  1342  439s
  1974   815    4.73824   17  471    4.82678    4.52468  6.26%  1350  450s
  2070   821     cutoff   19         4.82678    4.53502  6.04%  1353  461s
  2136   860    4.78736   18  310    4.82678    4.54261  5.89%  1370  473s
  2226   943    4.78791   20  285    4.82678    4.55851  5.56%  1380  484s
  2373   964    4.78630   10  418    4.82678    4.57026  5.31%  1354  496s
  2470   971     cutoff   12         4.82678    4.57147  5.29%  1357  509s
  2552   981    4.69417   12  355    4.82678    4.58148  5.08%  1373  524s
  2631   971     cutoff   18         4.82678    4.58526  5.00%  1400  538s
H 2681   839                       4.8078475    4.58642  4.61%  1419  538s
  2699   838    4.79557   14  334    4.80785    4.59061  4.52%  1426  555s
  2776   834     cutoff   12         4.80785    4.59425  4.44%  1449  573s
H 2778   834                       4.8078475    4.59425  4.44%  1449  573s
H 2787   834                       4.8078474    4.59429  4.44%  1455  573s
  2822   827     cutoff   30         4.80785    4.59554  4.42%  1464  590s
  2889   838    4.67668   10  329    4.80785    4.59772  4.37%  1486  606s
  2987   829     cutoff   14         4.80785    4.60934  4.13%  1495  623s
  3056   823    4.72781   13  336    4.80785    4.61437  4.02%  1526  640s
  3132   825     cutoff   18         4.80785    4.61687  3.97%  1547  662s
  3238   833    4.69935   27  170    4.80785    4.62272  3.85%  1569  681s
  3377   821    4.78075   17  402    4.80785    4.63319  3.63%  1574  704s
  3486   838     cutoff   23         4.80785    4.63792  3.53%  1592  724s
  3656   869     cutoff   15         4.80785    4.64458  3.40%  1588  748s
  3867   964     cutoff   26         4.80785    4.65589  3.16%  1571  772s
H 3868   934                       4.8042838    4.65589  3.09%  1570  772s
  4114   965     cutoff    9         4.80428    4.65953  3.01%  1535  795s
  4404   964    4.78630   23  123    4.80428    4.66350  2.93%  1498  819s
H 4619  1009                       4.8042837    4.66913  2.81%  1491  845s
H 4665   903                       4.7896883    4.66963  2.51%  1482  845s
  4860   902    4.74911   22   96    4.78969    4.67302  2.44%  1463  873s
  5143   957     cutoff   38         4.78969    4.68113  2.27%  1442  897s
  5513   954    4.74074   18  184    4.78969    4.68904  2.10%  1405  923s
H 5842   890                       4.7876969    4.70028  1.83%  1390  953s
H 6066   890                       4.7876969    4.70198  1.79%  1369  953s
  6198   890     cutoff   18         4.78770    4.70927  1.64%  1369  985s
  6605   830     cutoff   36         4.78770    4.71830  1.45%  1347 1018s
  7061   737    4.76065   26  173    4.78770    4.72745  1.26%  1323 1054s
  7538   566     cutoff   25         4.78770    4.73552  1.09%  1303 1089s
  7999   222     cutoff   36         4.78770    4.74971  0.79%  1280 1121s

Cutting planes:
  Learned: 96
  Gomory: 50
  Cover: 64
  Implied bound: 776
  Clique: 46
  MIR: 529
  StrongCG: 11
  Flow cover: 148
  Inf proof: 1
  Zero half: 11
  RLT: 130
  Relax-and-lift: 253
  BQP: 31
  PSD: 2

Explored 8630 nodes (10748074 simplex iterations) in 1121.51 seconds (2548.48 work units)
Thread count was 10 (of 10 available processors)

Solution count 10: 4.7877 4.7877 4.7877 ... 4.82678

Optimal solution found (tolerance 5.00e-03)
Best objective 4.787696868860e+00, best bound 4.763967496829e+00, gap 0.4956%
