
Gurobi 13.0.3 (mac64[arm]) logging started Sat Sep 26 14:37:51 2026

Set parameter LogFile to value "/Users/ashutosh/Desktop/Two-stage-Model/slow_storm_results/full/solves/slow_20M.log"
Gurobi Optimizer version 13.0.3 build v13.0.3rc0 (mac64[arm] - Darwin 27.0.0 26A428)

CPU model: Apple M1 Pro
Thread count: 10 physical cores, 10 logical processors, using up to 10 threads

Non-default parameters:
TimeLimit  21600
MIPGap  0.005
Method  2
LogToConsole  0

Optimize a model with 158931 rows, 58612 columns and 442916 nonzeros (Min)
Model fingerprint: 0x9a0ec35c
Model has 7956 linear objective coefficients and an objective constant of 396.859633
Variable types: 41976 continuous, 16636 integer (16274 binary)
Coefficient statistics:
  Matrix range     [1e-03, 1e+05]
  Objective range  [6e-02, 1e-01]
  Bounds range     [1e+00, 3e+00]
  RHS range        [1e-02, 2e+07]

Warning: Completing partial solution with 15912 unfixed non-continuous variables out of 16636
User MIP start produced solution with objective 14.1864 (1.25s)
User MIP start produced solution with objective 14.1864 (1.26s)
Loaded user MIP start with objective 14.1864
MIP start from previous solve did not produce a new incumbent solution
Processed MIP start in 1.34 seconds (1.56 work units)

Presolve removed 133639 rows and 37953 columns
Presolve time: 0.85s
Presolved: 25292 rows, 20659 columns, 95215 nonzeros
Variable types: 17748 continuous, 2911 integer (2845 binary)
Root barrier log...

Ordering time: 0.24s

Barrier statistics:
 Dense cols : 37
 AA' NZ     : 3.335e+05
 Factor NZ  : 2.343e+06 (roughly 40 MB of memory)
 Factor Ops : 8.755e+08 (less than 1 second per iteration)
 Threads    : 10

                  Objective                Residual
Iter       Primal          Dual         Primal    Dual     Compl     Time
   0  -1.83700925e+06 -4.78251382e+05  8.23e+04 3.36e-01  3.39e+03     3s
   1  -1.12366459e+06 -5.24536995e+05  5.04e+04 1.84e+00  2.12e+03     3s
   2  -4.91406352e+05 -8.72644933e+05  2.20e+04 6.72e-13  1.01e+03     3s
   3  -7.97158777e+04 -7.43121146e+05  3.58e+03 4.33e-13  1.72e+02     3s
   4  -1.14127788e+04 -5.17294711e+05  5.21e+02 1.48e-13  3.10e+01     3s
   5  -1.20756008e+03 -2.01672934e+05  6.32e+01 6.36e-14  5.74e+00     3s
   6   3.38756670e+01 -9.60048335e+04  8.00e+00 2.42e-14  1.94e+00     3s
   7   1.84313277e+02 -8.72692818e+03  5.13e-01 5.63e-15  1.66e-01     3s
   8   1.48699902e+02 -3.16721463e+03  8.94e-02 2.22e-15  6.07e-02     3s
   9   1.07208450e+02 -1.36019021e+03  2.40e-02 8.88e-16  2.67e-02     3s
  10   8.25948642e+01 -7.63389639e+02  1.24e-02 8.88e-16  1.54e-02     3s
  11   5.23786843e+01 -4.60305840e+02  4.22e-03 4.44e-16  9.33e-03     3s
  12   3.80878891e+01 -1.65013163e+02  2.10e-03 4.44e-16  3.70e-03     3s
  13   2.47255998e+01 -7.70096847e+01  8.96e-04 4.44e-16  1.85e-03     3s
  14   1.84323345e+01 -4.20951266e+01  3.94e-04 4.44e-16  1.10e-03     3s
  15   1.56373390e+01 -2.58314507e+01  2.16e-04 4.44e-16  7.55e-04     3s
  16   1.39296775e+01 -1.45267633e+01  1.21e-04 4.44e-16  5.18e-04     3s
  17   1.31064234e+01 -7.91524127e+00  8.32e-05 4.44e-16  3.82e-04     3s
  18   1.21784951e+01  3.48216349e+00  4.40e-05 4.44e-16  1.58e-04     3s
  19   1.15474419e+01  6.99925382e+00  2.14e-05 4.44e-16  8.28e-05     3s
  20   1.12443588e+01  8.81166468e+00  1.19e-05 4.44e-16  4.43e-05     3s
  21   1.11738692e+01  9.41278437e+00  9.78e-06 4.44e-16  3.20e-05     3s
  22   1.10936331e+01  9.84580131e+00  7.27e-06 4.44e-16  2.27e-05     3s
  23   1.09811910e+01  1.01819847e+01  3.98e-06 8.88e-16  1.45e-05     3s
  24   1.09467919e+01  1.04883529e+01  3.03e-06 4.44e-16  8.34e-06     3s
  25   1.08948605e+01  1.05868825e+01  1.59e-06 1.09e-15  5.60e-06     3s
  26   1.08708548e+01  1.06822905e+01  9.39e-07 4.44e-16  3.43e-06     3s
  27   1.08576904e+01  1.07246691e+01  5.78e-07 6.68e-16  2.42e-06     3s
  28   1.08476272e+01  1.07774046e+01  3.23e-07 4.44e-16  1.28e-06     3s
  29   1.08447274e+01  1.07861482e+01  2.56e-07 6.13e-16  1.07e-06     3s
  30   1.08407717e+01  1.08065834e+01  1.62e-07 7.74e-16  6.22e-07     3s
  31   1.08389930e+01  1.08174037e+01  1.22e-07 9.14e-16  3.93e-07     3s
  32   1.08370520e+01  1.08254886e+01  7.80e-08 5.60e-16  2.10e-07     3s
  33   1.08349637e+01  1.08301578e+01  3.24e-08 4.44e-16  8.75e-08     3s
  34   1.08339616e+01  1.08315297e+01  1.04e-08 4.62e-16  4.42e-08     3s
  35   1.08337963e+01  1.08327564e+01  6.63e-09 1.44e-15  1.89e-08     3s
  36   1.08336716e+01  1.08330297e+01  4.31e-09 8.12e-16  1.17e-08     3s
  37   1.08335579e+01  1.08331602e+01  2.19e-09 8.88e-16  7.24e-09     3s
  38   1.08334804e+01  1.08332878e+01  9.29e-10 8.88e-16  3.50e-09     3s
  39   1.08334201e+01  1.08333998e+01  1.98e-09 3.80e-14  3.70e-10     3s
  40   1.08334127e+01  1.08334120e+01  7.38e-09 2.48e-14  1.31e-11     3s

Barrier solved model in 40 iterations and 3.34 seconds (4.21 work units)
Optimal objective 1.08334127e+01

Crossover time: 0.40 seconds (0.55 work units)

Root relaxation: objective 1.083341e+01, 4994 iterations, 1.55 seconds (1.92 work units)

    Nodes    |    Current Node    |     Objective Bounds      |     Work
 Expl Unexpl |  Obj  Depth IntInf | Incumbent    BestBd   Gap | It/Node Time

     0     0   10.83341    0  584   14.18638   10.83341  23.6%     -    4s
     0     0   11.85938    0  472   14.18638   11.85938  16.4%     -    8s
     0     0   11.94188    0  513   14.18638   11.94188  15.8%     -   10s
     0     0   11.97470    0  517   14.18638   11.97470  15.6%     -   11s
     0     0   11.98128    0  515   14.18638   11.98128  15.5%     -   11s
     0     0   11.98130    0  518   14.18638   11.98130  15.5%     -   11s
     0     0   12.16034    0  489   14.18638   12.16034  14.3%     -   13s
     0     0   12.19233    0  489   14.18638   12.19233  14.1%     -   16s
     0     0   12.20060    0  475   14.18638   12.20060  14.0%     -   16s
     0     0   12.20117    0  448   14.18638   12.20117  14.0%     -   16s
     0     0   12.20117    0  448   14.18638   12.20117  14.0%     -   17s
     0     0   12.28984    0  533   14.18638   12.28984  13.4%     -   19s
     0     0   12.31538    0  495   14.18638   12.31538  13.2%     -   20s
     0     0   12.33003    0  531   14.18638   12.33003  13.1%     -   21s
     0     0   12.33354    0  663   14.18638   12.33354  13.1%     -   21s
     0     0   12.33402    0  541   14.18638   12.33402  13.1%     -   21s
     0     0   12.33404    0  537   14.18638   12.33404  13.1%     -   22s
     0     0   12.36754    0  460   14.18638   12.36754  12.8%     -   24s
     0     0   12.37650    0  436   14.18638   12.37650  12.8%     -   26s
     0     0   12.37847    0  433   14.18638   12.37847  12.7%     -   26s
     0     0   12.37847    0  437   14.18638   12.37847  12.7%     -   26s
     0     0   12.38772    0  409   14.18638   12.38772  12.7%     -   27s
     0     0   12.38846    0  414   14.18638   12.38846  12.7%     -   28s
     0     0   12.39006    0  411   14.18638   12.39006  12.7%     -   29s
     0     0   12.39007    0  411   14.18638   12.39007  12.7%     -   29s
     0     0   12.39394    0  415   14.18638   12.39394  12.6%     -   29s
     0     0   12.39501    0  428   14.18638   12.39501  12.6%     -   29s
     0     0   12.39510    0  417   14.18638   12.39510  12.6%     -   29s
     0     0   12.39528    0  415   14.18638   12.39528  12.6%     -   30s
     0     0   12.39536    0  417   14.18638   12.39536  12.6%     -   31s
     0     0   12.39862    0  461   14.18638   12.39862  12.6%     -   32s
     0     0   12.39890    0  436   14.18638   12.39890  12.6%     -   32s
     0     0   12.39895    0  456   14.18638   12.39895  12.6%     -   33s
     0     0   12.39895    0  456   14.18638   12.39895  12.6%     -   33s
     0     0   12.39895    0  457   14.18638   12.39895  12.6%     -   33s
     0     0   12.39895    0  457   14.18638   12.39895  12.6%     -   33s
     0     0   12.39895    0  433   14.18638   12.39895  12.6%     -   34s
H    0     2                      14.1863845   12.39895  12.6%     -   36s
     0     2   12.39895    0  433   14.18638   12.39895  12.6%     -   36s
     3     8   13.43151    2  614   14.18638   12.52551  11.7%  3124   42s
     7    13     cutoff    3        14.18638   12.53200  11.7%  2252   49s
    14    19   12.53365    4  358   14.18638   12.53365  11.7%  1741   55s
    24    46   13.65380    5  533   14.18638   12.53365  11.7%  2642   62s
    55    64   13.65584    6  530   14.18638   12.53487  11.6%  1729   66s
    73    91   13.67249   11  492   14.18638   12.53487  11.6%  1553   70s
   120   128   13.69319   19  390   14.18638   12.53487  11.6%  1334   77s
   139   147   13.86232   18  400   14.18638   12.53487  11.6%  1326   80s
H  144   147                      14.1863845   12.53487  11.6%  1312   80s
   171   168   13.88986   21  420   14.18638   12.53487  11.6%  1363   87s
   195   196   13.91721   22  388   14.18638   12.53487  11.6%  1352   92s
   211   203   14.09481   24  422   14.18638   12.53487  11.6%  1344   96s
   224   211     cutoff   24        14.18638   12.53487  11.6%  1381  101s
   253   244     cutoff   25        14.18638   12.53487  11.6%  1395  106s
   297   303   14.14455   30  358   14.18638   12.53487  11.6%  1284  111s
   352   350     cutoff   33        14.18638   12.54648  11.6%  1144  117s
   393   386   12.80131    7  526   14.18638   12.54648  11.6%  1084  120s
   478   454   12.95198   10  360   14.18638   12.54648  11.6%  1006  127s
   517   471   13.06785   13  256   14.18638   12.54648  11.6%   990  130s
   577   511   13.32773   16  277   14.18638   12.54969  11.5%   976  137s
   602   537   13.47658   20  267   14.18638   12.54969  11.5%   994  140s
   673   605   13.89238   28  194   14.18638   12.54969  11.5%   969  148s
   711   629   14.05730   30  174   14.18638   12.54969  11.5%   958  151s
   756   673   12.83447   14  253   14.18638   12.54978  11.5%   952  156s
   808   739   13.11821   16  455   14.18638   12.54978  11.5%   926  160s
   884   794   13.15252   17  439   14.18638   12.55566  11.5%   879  165s
   962   840   13.29997   19  322   14.18638   12.55566  11.5%   844  170s
  1102   894   13.88549   24  282   14.18638   12.58978  11.3%   811  178s
  1149   921     cutoff   26        14.18638   12.58978  11.3%   806  184s
H 1150   921                      14.1863845   12.58978  11.3%   805  184s
H 1158   921                      14.1863845   12.58978  11.3%   808  184s
H 1160   921                      14.1863845   12.58978  11.3%   809  184s
  1184   943     cutoff   32        14.18638   12.60144  11.2%   816  189s
  1218   982   14.04766   32  192   14.18638   12.60144  11.2%   821  194s
  1269  1000     cutoff   40        14.18638   12.60144  11.2%   825  199s
  1317  1018   13.37165   16  391   14.18638   12.60144  11.2%   831  204s
H 1347  1009                      14.1708609   12.60144  11.1%   833  204s
  1375  1020   13.40969   18  367   14.17086   12.60144  11.1%   835  211s
H 1426  1008                      14.1511271   12.60144  11.0%   841  211s
  1429  1044   13.52913   22  427   14.15113   12.60144  11.0%   842  218s
H 1495  1063                      14.1511271   12.60144  11.0%   848  224s
H 1513  1063                      14.1511270   12.60144  11.0%   856  224s
  1542  1081     cutoff   29        14.15113   12.64032  10.7%   857  232s
  1582  1097   14.10265   30  225   14.15113   12.68900  10.3%   880  239s
  1616  1135   14.01149   54  214   14.15113   12.68918  10.3%   894  245s
  1668  1192   13.22633   23  353   14.15113   12.69952  10.3%   907  251s
  1742  1249   13.54681   29  389   14.15113   12.69952  10.3%   897  258s
  1819  1290     cutoff   44        14.15113   12.69952  10.3%   896  265s
  1886  1341   13.23782   21  458   14.15113   12.70570  10.2%   901  273s
  1961  1384   13.55848   26  339   14.15113   12.70570  10.2%   904  280s
  2034  1436   13.95226   33  188   14.15113   12.70570  10.2%   902  288s
  2151  1461     cutoff   37        14.15113   12.70570  10.2%   895  296s
  2255  1504   13.55384   28  309   14.15113   12.71988  10.1%   886  306s
  2328  1545     cutoff   28        14.15113   12.72956  10.0%   895  315s
  2401  1546   13.70526   30  433   14.15113   12.72956  10.0%   899  400s
  2403  1547   13.46096   34  617   14.15113   12.72956  10.0%   898  406s
  2404  1548   13.28903   29  416   14.15113   12.72956  10.0%   898  414s
  2405  1549   14.11906   90  430   14.15113   12.72956  10.0%   898  415s
  2407  1550   13.13727    9  423   14.15113   12.72956  10.0%   897  421s
  2409  1551   14.09512   81  460   14.15113   12.72956  10.0%   896  425s
  2413  1554   13.47723   15  412   14.15113   12.72956  10.0%   895  434s
  2414  1555   12.77279   15  418   14.15113   12.72956  10.0%   894  435s
  2419  1558   13.83585   38  427   14.15113   12.72956  10.0%   893  441s
  2422  1560   13.66113   26  426   14.15113   12.72956  10.0%   891  448s
  2424  1564   13.02314   11  411   14.15113   12.72956  10.0%   906  454s
  2426  1568   13.65484   12  441   14.15113   12.72956  10.0%   907  458s
  2430  1574   13.78156   13  459   14.15113   12.72956  10.0%   911  463s
  2438  1582   13.84719   14  455   14.15113   12.72956  10.0%   921  469s
  2448  1586     cutoff   15        14.15113   12.72956  10.0%   933  475s
  2461  1598   13.73747   17  504   14.15113   12.72956  10.0%   948  483s
  2484  1599   14.00837   19  420   14.15113   12.72956  10.0%   960  489s
  2504  1600   14.05299   22  383   14.15113   12.72956  10.0%   972  495s
  2522  1607   14.07525   23  385   14.15113   12.72956  10.0%   980  500s
  2546  1609     cutoff   24        14.15113   12.72956  10.0%   983  505s
  2565  1613   13.43992   20  438   14.15113   12.72956  10.0%   988  510s
  2604  1628   13.56452   23  314   14.15113   12.72956  10.0%   993  518s
  2626  1632   13.81647   25  320   14.15113   12.72956  10.0%   995  522s
  2643  1645   13.71022   26  367   14.15113   12.73165  10.0%   997  526s
  2666  1655   13.82859   29  369   14.15113   12.73165  10.0%   997  533s
  2689  1676   13.87435   31  288   14.15113   12.73165  10.0%   996  537s
  2723  1679   13.79961   29  271   14.15113   12.73165  10.0%   994  544s
H 2736  1595                      14.1511270   12.73165  10.0%   993  544s
  2741  1602   14.03654   33  205   14.15113   12.73165  10.0%   993  547s
  2763  1616     cutoff   35        14.15113   12.76199  9.82%   994  552s
  2797  1625   14.02521   36  243   14.15113   12.76199  9.82%   990  556s
  2819  1629   14.05826   38  318   14.15113   12.76199  9.82%   990  560s
  2846  1635   14.07851   44  185   14.15113   12.76199  9.82%   987  565s
  2871  1644   14.14415   47  128   14.15113   12.78825  9.63%   987  570s
  2913  1639   13.19226   19  284   14.15113   12.81763  9.42%   983  576s
H 2916  1564                      14.0483782   12.81763  8.76%   983  576s
  2936  1569   13.22256   20  235   14.04838   12.81763  8.76%   982  581s
  2965  1580   13.42161   23  218   14.04838   12.84091  8.60%   982  586s
H 2999  1502                      14.0483782   12.84091  8.60%   980  595s
  3012  1504   13.69771   28  268   14.04838   12.87791  8.33%   982  603s
  3023  1510   13.76301   30  212   14.04838   12.87791  8.33%   982  614s
  3040  1510   13.91878   36  227   14.04838   12.87791  8.33%   980  624s
  3056  1511     cutoff   41        14.04838   12.91024  8.10%   980  634s
  3072  1514   13.18498   24  301   14.04838   12.91024  8.10%   982  645s
  3087  1520   13.31993   28  292   14.04838   12.95955  7.75%   983  655s
  3104  1525   13.41095   33  243   14.04838   12.95955  7.75%   982  664s
  3115  1534   13.51137   35  240   14.04838   12.95955  7.75%   982  672s
H 3136  1477                      14.0483782   12.95955  7.75%   980  682s
H 3142  1411                      13.9761603   12.95955  7.27%   979  682s
  3159  1421     cutoff   45        13.97616   12.98419  7.10%   979  690s
  3212  1453   13.44737   19  310   13.97616   12.98419  7.10%   981  698s
H 3283  1402                      13.9665576   12.98419  7.03%   975  706s
  3343  1395   13.68042   28  219   13.96656   12.98419  7.03%   966  714s
  3410  1368   13.89413   37  208   13.96656   13.04314  6.61%   965  723s
  3471  1375   13.15396   23  227   13.96656   13.04314  6.61%   968  733s
  3526  1399   13.33178   26  262   13.96656   13.04485  6.60%   973  741s
  3600  1417   13.78484   29  258   13.96656   13.04630  6.59%   972  750s
  3673  1428   13.77350   37  199   13.96656   13.04630  6.59%   973  759s
  3756  1430   13.77446   39  189   13.96656   13.05706  6.51%   972  768s
  3833  1427   13.78432   31  187   13.96656   13.05706  6.51%   977  780s
  3906  1419     cutoff   35        13.96656   13.05706  6.51%   985  790s
  3969  1448   13.44481   20  204   13.96656   13.05706  6.51%   995  801s
H 4064  1339                      13.9412565   13.07536  6.21%   996  814s
  4077  1419   13.73787   34  100   13.94126   13.07536  6.21%   998  826s
  4194  1442   13.92125   68   22   13.94126   13.08147  6.17%   988  836s
* 4333  1355             103      13.9411895   13.08147  6.17%   977  848s
  4439  1368   13.39696   30  347   13.94119   13.08147  6.17%   981  861s
  4551  1370   13.88137   42  191   13.94119   13.08881  6.11%   983  876s
  4685  1417   13.37979   19  290   13.94119   13.09963  6.04%   988  889s
  4834  1429   13.88629   26  316   13.94119   13.11702  5.91%   982  903s
  5005  1411   13.89723   22  336   13.94119   13.11702  5.91%   979  918s
  5116  1423   13.71986   28  157   13.94119   13.11702  5.91%   985  932s
  5274  1439   13.63923   37  244   13.94119   13.17885  5.47%   985  948s
H 5459  1354                      13.8884471   13.17885  5.11%   981  969s
  5603  1398     cutoff   48        13.88845   13.18634  5.06%   976  986s
  5770  1445   13.73805   31  228   13.88845   13.19151  5.02%   977 1003s
  5955  1512   13.42037   24  190   13.88845   13.21472  4.85%   977 1022s
  6144  1581   13.63074   26  307   13.88845   13.21691  4.84%   978 1041s
  6308  1661   13.61029   20  201   13.88845   13.22606  4.77%   983 1060s
H 6492  1681                      13.8712861   13.22945  4.63%   986 1083s
H 6505  1681                      13.8712338   13.22945  4.63%   987 1083s
H 6517  1678                      13.8703595   13.22945  4.62%   987 1083s
  6632  1729   13.62983   28  213   13.87036   13.23649  4.57%   986 1103s
  6834  1809     cutoff   26        13.87036   13.23911  4.55%   987 1125s
  7056  1869   13.65637   26  244   13.87036   13.25514  4.44%   984 1148s
  7279  1947   13.66965   29  265   13.87036   13.26395  4.37%   990 1171s
H 7523  1941                      13.8684683   13.27087  4.31%   993 1198s
H 7531  1941                      13.8684192   13.27087  4.31%   994 1198s
H 7537  1905                      13.8495425   13.27087  4.18%   994 1198s
  7550  1958     cutoff   40        13.84954   13.27087  4.18%   996 1224s
  7782  2006   13.53427   30  181   13.84954   13.28815  4.05%  1004 1250s
  8037  2092   13.83120   25  162   13.84954   13.29315  4.02%  1011 1276s
  8314  2147     cutoff   31        13.84954   13.30194  3.95%  1013 1303s
H 8587  2198                      13.8495425   13.30457  3.93%  1021 1334s
  8804  2293   13.63069   25  255   13.84954   13.31498  3.86%  1020 1363s
  9119  2361   13.83501   36  201   13.84954   13.32373  3.80%  1021 1397s
  9406  2461   13.43113   16  347   13.84954   13.33077  3.75%  1028 1429s
  9596  2461   13.71143   26  233   13.84954   13.33482  3.72%  1029 1430s
  9754  2548   13.70651   40  153   13.84954   13.33945  3.68%  1028 1464s
 10089  2638     cutoff   34        13.84954   13.34784  3.62%  1031 1501s
 10463  2732     cutoff   36        13.84954   13.35604  3.56%  1034 1541s
 10887  2803   13.60620   34  264   13.84954   13.36865  3.47%  1037 1579s
 11191  2897   13.63850   28  207   13.84954   13.37833  3.40%  1045 1618s
 11625  2967     cutoff   27        13.84954   13.38399  3.36%  1045 1661s
 12026  3018     cutoff   31        13.84954   13.39368  3.29%  1047 1702s
 12407  3037     cutoff   25        13.84954   13.39852  3.26%  1054 1747s
H12840  3044                      13.8493721   13.41040  3.17%  1061 1793s
 12890  3083   13.68154   31  275   13.84937   13.41528  3.13%  1063 1840s
 13374  3138     cutoff   25        13.84937   13.42623  3.06%  1068 1888s
H13845  3179                      13.8493575   13.43808  2.97%  1066 1940s
 14236  3257   13.62917   35  160   13.84936   13.44083  2.95%  1077 1992s
 14823  3306   13.65326   30  244   13.84936   13.45577  2.84%  1077 2046s
 15460  3360   13.64375   29  239   13.84936   13.46179  2.80%  1076 2105s
H15618  3360                      13.8493574   13.46410  2.78%  1079 2105s
 16004  3414     cutoff   31        13.84936   13.47948  2.67%  1082 2163s
 16638  3462   13.69700   31  252   13.84936   13.48911  2.60%  1083 2231s
 17387  3476   13.72850   26  215   13.84936   13.50546  2.48%  1079 2284s
 17967  3468     cutoff   25        13.84936   13.51368  2.42%  1081 2340s
 18558  3483   13.70679   32  266   13.84936   13.52716  2.33%  1090 2400s
 19265  3477     cutoff   41        13.84936   13.53857  2.24%  1093 2461s
 19938  3496   13.64724   31  150   13.84936   13.54458  2.20%  1094 2526s
H20156  3496                      13.8493573   13.54458  2.20%  1093 2526s
 20240  3506   13.70982   20  332   13.84936   13.54458  2.20%  1093 2595s
 20931  3511     cutoff   37        13.84936   13.55858  2.10%  1093 2668s
 21730  3455   13.74550   28  156   13.84936   13.57355  1.99%  1093 2744s
 22488  3362   13.76062   30  200   13.84936   13.58373  1.92%  1095 2824s
 23319  3288   13.82722   32  179   13.84936   13.59760  1.82%  1099 2905s
 24225  3138     cutoff   30        13.84936   13.61029  1.73%  1101 2990s
 25143  2989     cutoff   29        13.84936   13.62558  1.62%  1103 3078s
 26163  2834   13.82692   35  217   13.84936   13.63853  1.52%  1104 3170s
 27214  2627   13.78100   28  180   13.84936   13.65246  1.42%  1107 3263s
 28243  2358     cutoff   25        13.84936   13.66291  1.35%  1112 3361s
 29292  2073     cutoff   22        13.84936   13.68238  1.21%  1117 3454s
 30365  1684     cutoff   43        13.84936   13.69600  1.11%  1121 3547s
 31391  1263     cutoff   31        13.84936   13.72164  0.92%  1125 3640s
 32471   766     cutoff   31        13.84936   13.74194  0.78%  1129 3732s
 33560    93   13.84768   27  187   13.84936   13.76741  0.59%  1130 3817s

Cutting planes:
  Learned: 33
  Gomory: 28
  Cover: 45
  Implied bound: 524
  Projected implied bound: 42
  Clique: 39
  MIR: 542
  Mixing: 4
  StrongCG: 15
  Flow cover: 1055
  Inf proof: 2
  Zero half: 9
  RLT: 86
  Relax-and-lift: 92
  BQP: 17
  PSD: 7

Explored 35058 nodes (39080300 simplex iterations) in 3818.79 seconds (10813.47 work units)
Thread count was 10 (of 10 available processors)

Solution count 10: 13.8494 13.8494 13.8494 ... 13.8704

Optimal solution found (tolerance 5.00e-03)
Best objective 1.384935748068e+01, best bound 1.383239321330e+01, gap 0.1225%
