Set parameter Username
Set parameter LicenseID to value 2867316
Academic license - for non-commercial use only - expires 2027-09-24
[full] fixed-plan vectors ready (0s)
Set parameter LogToConsole to value 0
[slow] model over 12 scenarios, weights {'w_5_05': 0.125, 'w_5_10': 0.0625, 'w_5_15': 0.0625, 'wnw_5_05': 0.125, 'wnw_5_10': 0.0625, 'wnw_5_15': 0.0625, 'nw_5_05': 0.125, 'nw_5_10': 0.0625, 'nw_5_15': 0.0625, 'nnw_5_05': 0.125, 'nnw_5_10': 0.0625, 'nnw_5_15': 0.0625}
[slow] $10M: L*_slow=22.6112 gap=0.00% t=1277s
[slow] $20M: L*_slow=13.8494 gap=0.12% t=3819s
[slow] $30M: L*_slow=8.3884 gap=0.41% t=1736s
[full] slow re-solves done (6834s)
Set parameter LogToConsole to value 0
[eval] SLOW_10M: uniform=22.2846 t=3s
[eval] SLOW_20M: uniform=13.6593 t=1s
[eval] SLOW_30M: uniform=8.3881 t=1s
/Users/ashutosh/Desktop/Two-stage-Model/Revision_work/slow_storm/slow_report.py:149: FutureWarning: The behavior of DataFrame concatenation with empty or all-NA entries is deprecated. In a future version, this will no longer exclude empty or all-NA columns when determining the result dtypes. To retain the old behavior, exclude the relevant entries before the concat operation.
  return pd.Series(jac)
 budget    L_SO_star  L_SO_star_gap  L_SO_xbar        L0_xSO    L_slow_xSO        L0_xRO    L_slow_xRO   max_xRO  L_RO_star    L0_xMV  L_slow_xMV       WS_slow   L_star_slow  L0_xslow  L_star_slow_solver  slow_gap  delta_mis  delta_mis_pct  delta_rev  risk_shift  jaccard_slow_vs_so
      0 4.462125e+01       0.000017  44.620605  4.462061e+01  4.645392e+01  4.462061e+01  4.645392e+01 56.034613  56.034613 44.620605   46.453921  4.645644e+01  4.645392e+01 44.620605        4.645510e+01  0.003627   0.000000       0.000000   0.000000    1.833316            1.000000
     10 2.220144e+01       0.017708  31.212185  2.220200e+01  2.263053e+01  2.345128e+01  2.405713e+01 25.790948  25.811729 31.212185   32.924879  1.476931e+01  2.261129e+01 22.284593        2.261116e+01  0.000006   0.019235       0.085069   0.082596    0.409294            1.000000
     20 1.374453e+01       0.047076  26.404120  1.374453e+01  1.418638e+01  1.512784e+01  1.515694e+01 15.703523  15.705609 26.404120   28.398696  6.960547e+00  1.384949e+01 13.659318        1.384936e+01  0.001225   0.336898       2.432568  -0.085216    0.104953            0.892857
     30 8.302299e+00       0.000000  23.523906  8.302299e+00  8.477090e+00  8.765967e+00  9.001882e+00  9.915172   9.915172 23.523906   26.006376  3.126096e+00  8.388351e+00  8.388079        8.388351e+00  0.004050   0.088739       1.057883   0.085780    0.086052            0.972222
     40 4.796114e+00       0.003465  22.004056  4.796114e+00  4.988519e+00  4.996731e+00  5.024078e+00  5.256550   5.256550 22.004056   24.433833  1.079772e+00  4.787697e+00  4.878058        4.787697e+00  0.004956   0.200822       4.194553   0.081944   -0.008418            0.955556
     50 2.351514e+00       0.000129  21.178435  2.351514e+00  2.486720e+00  2.468297e+00  2.497341e+00  2.537650   2.537650 21.178435   23.662955  1.979737e-01  2.334437e+00  2.488921        2.334437e+00  0.000000   0.152282       6.523306   0.137407   -0.017076            0.925926
     60 6.042750e-01       0.000000  21.152050  6.042750e-01  6.068400e-01  6.042750e-01  6.068400e-01  0.617100   0.617100 21.147045   23.636605  7.301250e-03  5.703394e-01  0.746591        5.703394e-01  0.000000   0.036501       6.399808   0.142316   -0.033936            0.966102
     70 2.082000e-02       0.000000  21.152049  2.082000e-02  2.082000e-02  2.082000e-02  2.082000e-02  0.020820   0.020820 21.147045   23.636605 -3.410605e-13  1.691625e-02  0.199440        1.691625e-02  0.000000   0.003904      23.076923   0.178620   -0.003904            0.969697
     80 1.023182e-12       0.000000  21.152049 -2.670525e-16 -2.670525e-16 -2.670525e-16 -2.670525e-16  0.000000   0.000000 21.147045   23.636605 -3.410605e-13 -2.670525e-16  0.183825        1.136868e-13  0.000000   0.000000            NaN   0.183825    0.000000            0.986111
[full] validation: 116/117 checks passed
EXIT 0
